
> indiios-monorepo@1.54.0 test
> vitest --run


 RUN  v4.0.18 /Volumes/X SSD 2025/Users/narrowchannel/Desktop/indiiOS-Clean

(node:34486) Warning: `--localstorage-file` was provided without a valid path
(Use `node --trace-warnings ...` to show where the warning was created)
(node:34488) Warning: `--localstorage-file` was provided without a valid path
(Use `node --trace-warnings ...` to show where the warning was created)
(node:34485) Warning: `--localstorage-file` was provided without a valid path
(Use `node --trace-warnings ...` to show where the warning was created)
(node:34483) Warning: `--localstorage-file` was provided without a valid path
(Use `node --trace-warnings ...` to show where the warning was created)
(node:34489) Warning: `--localstorage-file` was provided without a valid path
(Use `node --trace-warnings ...` to show where the warning was created)
(node:34487) Warning: `--localstorage-file` was provided without a valid path
(Use `node --trace-warnings ...` to show where the warning was created)
(node:34484) Warning: `--localstorage-file` was provided without a valid path
(Use `node --trace-warnings ...` to show where the warning was created)
(node:34490) Warning: `--localstorage-file` was provided without a valid path
(Use `node --trace-warnings ...` to show where the warning was created)
(node:34491) Warning: `--localstorage-file` was provided without a valid path
(Use `node --trace-warnings ...` to show where the warning was created)
stdout | packages/renderer/src/services/image/EditingService.test.ts > EditingService > editImage > should return an image result from the Direct SDK pipeline
[EditingService] editImage called — using Direct SDK path {
  hasMask: false,
  hasReference: false,
  model: undefined,
  useSemanticMap: false
}

stdout | packages/renderer/src/services/image/EditingService.test.ts > EditingService > editImage > should propagate thought signatures from direct SDK
[EditingService] editImage called — using Direct SDK path {
  hasMask: false,
  hasReference: false,
  model: undefined,
  useSemanticMap: false
}

stdout | packages/renderer/src/services/image/EditingService.test.ts > EditingService > editImage > should return null when direct SDK returns null
[EditingService] editImage called — using Direct SDK path {
  hasMask: false,
  hasReference: false,
  model: undefined,
  useSemanticMap: false
}

stdout | packages/renderer/src/services/image/EditingService.test.ts > EditingService > editImage > should pass forceHighFidelity to direct SDK
[EditingService] editImage called — using Direct SDK path {
  hasMask: false,
  hasReference: false,
  model: undefined,
  useSemanticMap: false
}

stdout | packages/renderer/src/services/image/EditingService.test.ts > EditingService > editImage > should pass mask data to direct SDK when provided
[EditingService] editImage called — using Direct SDK path {
  hasMask: true,
  hasReference: false,
  model: undefined,
  useSemanticMap: false
}

stdout | packages/renderer/src/services/image/EditingService.test.ts > EditingService > batchEdit > should process multiple images and track progress
[EditingService] editImage called — using Direct SDK path {
  hasMask: false,
  hasReference: false,
  model: undefined,
  useSemanticMap: false
}

stdout | packages/renderer/src/services/image/EditingService.test.ts > EditingService > batchEdit > should process multiple images and track progress
[EditingService] editImage called — using Direct SDK path {
  hasMask: false,
  hasReference: false,
  model: undefined,
  useSemanticMap: false
}

stdout | packages/renderer/src/services/image/EditingService.test.ts > EditingService > batchEdit > should capture failures individually without stopping batch
[EditingService] editImage called — using Direct SDK path {
  hasMask: false,
  hasReference: false,
  model: undefined,
  useSemanticMap: false
}

stdout | packages/renderer/src/services/image/EditingService.test.ts > EditingService > batchEdit > should capture failures individually without stopping batch
[EditingService] editImage called — using Direct SDK path {
  hasMask: false,
  hasReference: false,
  model: undefined,
  useSemanticMap: false
}

stdout | packages/renderer/src/services/image/EditingService.test.ts > EditingService > withRetry > should retry on resource-exhausted errors
[EditingService] editImage called — using Direct SDK path {
  hasMask: false,
  hasReference: false,
  model: undefined,
  useSemanticMap: false
}

objc[34485]: Class GNotificationCenterDelegate is implemented in both /Volumes/X SSD 2025/Users/narrowchannel/Desktop/indiiOS-Clean/node_modules/canvas/build/Release/libgio-2.0.0.dylib (0x1051584b8) and /Volumes/X SSD 2025/Users/narrowchannel/Desktop/indiiOS-Clean/node_modules/@img/sharp-libvips-darwin-arm64/lib/libvips-cpp.8.17.3.dylib (0x13eddd978). This may cause spurious casting failures and mysterious crashes. One of the duplicates must be removed or renamed.
stdout | packages/renderer/src/services/ai/__tests__/ChaosVerification.test.ts > ChaosVerification > FirebaseAIService Race Conditions > should NOT coalesce requests with different multimodal data
[FirebaseAIService] App Check Debug: { DEV: true, debugToken: undefined, key: undefined }
[FirebaseAIService] Fallback Mode Initialization: {
  foundKey: true,
  source: 'env.VITE_API_KEY',
  keyPrefix: 'AIzaSyBx...'
}
[FirebaseAIService] Initialized with direct Gemini SDK (fallback mode)
[FirebaseAIService] App Check Debug: { DEV: true, debugToken: undefined, key: undefined }
[FirebaseAIService] Fallback Mode Initialization: {
  foundKey: true,
  source: 'env.VITE_API_KEY',
  keyPrefix: 'AIzaSyBx...'
}
[FirebaseAIService] Initialized with direct Gemini SDK (fallback mode)

stderr | packages/renderer/src/services/ai/__tests__/ChaosVerification.test.ts > ChaosVerification > FirebaseAIService Race Conditions > should NOT coalesce requests with different multimodal data
[FirebaseAIService] DEV mode detected without Debug Token. Disabling App Check.
[FirebaseAIService] App Check not configured, using direct Gemini SDK fallback
[FirebaseAIService] DEV mode detected without Debug Token. Disabling App Check.
[FirebaseAIService] App Check not configured, using direct Gemini SDK fallback

stdout | packages/renderer/src/services/ai/__tests__/ChaosVerification.test.ts > ChaosVerification > FirebaseAIService Race Conditions > should NOT coalesce requests with different multimodal data
[FallbackClient] Model "gemini-3-flash-preview" is not available on the Developer API. Using fallback model "gemini-2.5-flash" instead.
[FallbackClient] Model "gemini-3-flash-preview" is not available on the Developer API. Using fallback model "gemini-2.5-flash" instead.

stdout | packages/renderer/src/modules/publishing/PublishingDashboard.test.tsx
[DistributorService] Registered adapter: DistroKid
[DistributorService] Registered adapter: TuneCore
[DistributorService] Registered adapter: CDBaby
[DistributorService] Registered adapter: Symphonic

stdout | packages/renderer/src/core/components/MobileNav.responsive.test.tsx
[DistributorService] Registered adapter: DistroKid
[DistributorService] Registered adapter: TuneCore
[DistributorService] Registered adapter: CDBaby
[DistributorService] Registered adapter: Symphonic

stderr | packages/renderer/src/services/image/EditingService.test.ts > EditingService > editVideo > should return deprecation error
[EditingService] editVideo is deprecated - Gemini cannot edit videos. Use VideoGenerationService instead.

 ✓ packages/renderer/src/services/image/EditingService.test.ts (9 tests) 1415ms
       ✓ should return an image result from the Direct SDK pipeline  407ms
       ✓ should retry on resource-exhausted errors  1001ms
stdout | packages/renderer/src/services/ai/__tests__/ChaosVerification.test.ts > ChaosVerification > FirebaseAIService Race Conditions > should handle AI Generation Timeout via AbortSignal
[FallbackClient] Model "gemini-3-flash-preview" is not available on the Developer API. Using fallback model "gemini-2.5-flash" instead.

stderr | packages/renderer/src/services/ai/__tests__/ChaosVerification.test.ts > ChaosVerification > FirebaseAIService Race Conditions > should handle AI Generation Timeout via AbortSignal
[FallbackClient] generateContent FAILED: {
  model: 'gemini-2.5-flash',
  rawMessage: '{"error":{"code":400,"message":"Unable to process input image. Please retry or report in https://developers.generativeai.google/guide/troubleshooting","status":"INVALID_ARGUMENT"}}',
  status: 400,
  code: undefined,
  stack: 'ApiError: {"error":{"code":400,"message":"Unable to process input image. Please retry or report in https://developers.generativeai.google/guide/troubleshooting","status":"INVALID_ARGUMENT"}}\n' +
    '    at throwErrorIfNotOK (file:///Volumes/X%20SSD%202025/Users/narrowchannel/Desktop/indiiOS-Clean/node_modules/@google/genai/dist/node/index.mjs:13341:30)\n' +
    '    at processTicksAndRejections (node:internal/process/task_queues:104:5)'
}

stderr | packages/renderer/src/services/ai/__tests__/ChaosVerification.test.ts > ChaosVerification > FirebaseAIService Race Conditions > should handle AI Generation Timeout via AbortSignal
[CircuitBreaker] Non-recoverable error bypassing breaker (AppException(INTERNAL_ERROR, retryable=false)): AI Bad Request — invalid model or request configuration. {"error":{"code":400,"message":"Unable to process input image. Please retry or report in https://developers.generativeai.google/guide/troubleshooting","status":"INVALID_ARGUMENT"}}

stdout | packages/renderer/src/services/ai/__tests__/ChaosVerification.test.ts > ChaosVerification > FirebaseAIService Race Conditions > should handle AI Generation Timeout via AbortSignal
[FallbackClient] Model "gemini-3-flash-preview" is not available on the Developer API. Using fallback model "gemini-2.5-flash" instead.

stderr | packages/renderer/src/services/ai/__tests__/ChaosVerification.test.ts > ChaosVerification > FirebaseAIService Race Conditions > should handle AI Generation Timeout via AbortSignal
[FallbackClient] generateContent FAILED: {
  model: 'gemini-2.5-flash',
  rawMessage: '{"error":{"code":400,"message":"Unable to process input image. Please retry or report in https://developers.generativeai.google/guide/troubleshooting","status":"INVALID_ARGUMENT"}}',
  status: 400,
  code: undefined,
  stack: 'ApiError: {"error":{"code":400,"message":"Unable to process input image. Please retry or report in https://developers.generativeai.google/guide/troubleshooting","status":"INVALID_ARGUMENT"}}\n' +
    '    at throwErrorIfNotOK (file:///Volumes/X%20SSD%202025/Users/narrowchannel/Desktop/indiiOS-Clean/node_modules/@google/genai/dist/node/index.mjs:13341:30)\n' +
    '    at processTicksAndRejections (node:internal/process/task_queues:104:5)'
}

stderr | packages/renderer/src/services/ai/__tests__/ChaosVerification.test.ts > ChaosVerification > FirebaseAIService Race Conditions > should handle AI Generation Timeout via AbortSignal
[CircuitBreaker] Non-recoverable error bypassing breaker (AppException(INTERNAL_ERROR, retryable=false)): AI Bad Request — invalid model or request configuration. {"error":{"code":400,"message":"Unable to process input image. Please retry or report in https://developers.generativeai.google/guide/troubleshooting","status":"INVALID_ARGUMENT"}}

stderr | packages/renderer/src/services/ai/__tests__/ChaosVerification.test.ts > ChaosVerification > FirebaseAIService Race Conditions > should handle AI Generation Timeout via AbortSignal
[CircuitBreaker] Failure 1/5 in CLOSED state. Error: AI Request timed out

stderr | packages/renderer/src/services/ai/__tests__/ChaosVerification.test.ts > ChaosVerification > FirebaseAIService Race Conditions > should succeed after retry for transient 503 errors
[FirebaseAIService] Transient error, retrying in 1195ms... (Attempt 1/3)

stdout | packages/renderer/src/core/components/SidebarNavigation.test.tsx
[FreezeDiagnostic] Freezing Agent "marketing" tools schema...
[FreezeDiagnostic] Agent "marketing" tools schema is now IMMUTABLE.

stdout | packages/renderer/src/core/components/SidebarNavigation.test.tsx
[FreezeDiagnostic] Freezing Agent "social" tools schema...
[FreezeDiagnostic] Agent "social" tools schema is now IMMUTABLE.

stdout | packages/renderer/src/core/components/SidebarNavigation.test.tsx
[FreezeDiagnostic] Freezing Agent "road" tools schema...
[FreezeDiagnostic] Agent "road" tools schema is now IMMUTABLE.

 ✓ packages/renderer/src/services/ai/__tests__/ChaosVerification.test.ts (7 tests) 1762ms
       ✓ should handle AI Generation Timeout via AbortSignal  501ms
       ✓ should succeed after retry for transient 503 errors  1199ms
stdout | packages/renderer/src/core/components/SidebarNavigation.test.tsx
[FreezeDiagnostic] Freezing Agent "licensing" tools schema...
[FreezeDiagnostic] Agent "licensing" tools schema is now IMMUTABLE.

stdout | packages/renderer/src/core/components/SidebarNavigation.test.tsx
[FreezeDiagnostic] Freezing Agent "security" tools schema...
[FreezeDiagnostic] Agent "security" tools schema is now IMMUTABLE.

stdout | packages/renderer/src/core/components/SidebarNavigation.test.tsx
[FreezeDiagnostic] Freezing Agent "devops" tools schema...
[FreezeDiagnostic] Agent "devops" tools schema is now IMMUTABLE.

(node:34551) Warning: `--localstorage-file` was provided without a valid path
(Use `node --trace-warnings ...` to show where the warning was created)
stdout | packages/renderer/src/core/components/SidebarNavigation.test.tsx
[FreezeDiagnostic] Freezing Agent "music" tools schema...
[FreezeDiagnostic] Agent "music" tools schema is now IMMUTABLE.

stdout | packages/renderer/src/core/components/SidebarNavigation.test.tsx
[FreezeDiagnostic] Freezing Agent "marketing" tools schema...
[FreezeDiagnostic] Agent "marketing" tools schema is now IMMUTABLE.
[FreezeDiagnostic] Freezing Agent "legal" tools schema...
[FreezeDiagnostic] Agent "legal" tools schema is now IMMUTABLE.
[FreezeDiagnostic] Freezing Agent "finance" tools schema...
[FreezeDiagnostic] Agent "finance" tools schema is now IMMUTABLE.
[FreezeDiagnostic] Freezing Agent "producer" tools schema...
[FreezeDiagnostic] Agent "producer" tools schema is now IMMUTABLE.
[FreezeDiagnostic] Freezing Agent "director" tools schema...
[FreezeDiagnostic] Agent "director" tools schema is now IMMUTABLE.
[FreezeDiagnostic] Freezing Agent "screenwriter" tools schema...
[FreezeDiagnostic] Agent "screenwriter" tools schema is now IMMUTABLE.
[FreezeDiagnostic] Freezing Agent "video" tools schema...
[FreezeDiagnostic] Agent "video" tools schema is now IMMUTABLE.
[FreezeDiagnostic] Freezing Agent "social" tools schema...
[FreezeDiagnostic] Agent "social" tools schema is now IMMUTABLE.
[FreezeDiagnostic] Freezing Agent "publicist" tools schema...
[FreezeDiagnostic] Agent "publicist" tools schema is now IMMUTABLE.
[FreezeDiagnostic] Freezing Agent "road" tools schema...
[FreezeDiagnostic] Agent "road" tools schema is now IMMUTABLE.
[FreezeDiagnostic] Freezing Agent "publishing" tools schema...
[FreezeDiagnostic] Agent "publishing" tools schema is now IMMUTABLE.
[FreezeDiagnostic] Freezing Agent "licensing" tools schema...
[FreezeDiagnostic] Agent "licensing" tools schema is now IMMUTABLE.
[FreezeDiagnostic] Freezing Agent "brand" tools schema...
[FreezeDiagnostic] Agent "brand" tools schema is now IMMUTABLE.
[FreezeDiagnostic] Freezing Agent "devops" tools schema...
[FreezeDiagnostic] Agent "devops" tools schema is now IMMUTABLE.
[FreezeDiagnostic] Freezing Agent "security" tools schema...
[FreezeDiagnostic] Agent "security" tools schema is now IMMUTABLE.
[FreezeDiagnostic] Freezing Agent "distribution" tools schema...
[FreezeDiagnostic] Agent "distribution" tools schema is now IMMUTABLE.
[FreezeDiagnostic] Freezing Agent "music" tools schema...
[FreezeDiagnostic] Agent "music" tools schema is now IMMUTABLE.

 ❯ packages/renderer/src/modules/creative/components/CreativeDaisychain12.interaction.test.tsx (1 test | 1 failed) 1108ms
     × completes the 12-click journey: Gallery -> Canvas -> Refine -> Builder -> Tag -> Showroom -> Preset -> Product -> Generate -> Animate -> Canvas 1106ms
stdout | packages/renderer/src/core/components/SidebarNavigation.test.tsx
[AgentRegistry] Pre-warming Generalist agent...
[AgentRegistry] Loading agent 'generalist'...

 ✓ packages/renderer/src/modules/publishing/PublishingDashboard.test.tsx (8 tests) 1336ms
     ✓ renders release cards and handles bulk selection  344ms
     ✓ executes bulk archive with toast promise  323ms
stderr | packages/firebase/src/__tests__/triggerLongFormVideoJob.quota.test.ts > triggerLongFormVideoJob (Ledger Quota Checks) > 💸 HALTS "Free Tier" user when daily limit is breached (The "Hard Limit")
[LongFormVideoJob] Error: HttpsError: Daily video generation limit reached for free tier (5/day).
    at /Volumes/X SSD 2025/Users/narrowchannel/Desktop/indiiOS-Clean/packages/firebase/src/index.ts:509:27
    at processTicksAndRejections (node:internal/process/task_queues:104:5) {
  code: 'resource-exhausted'
}

stderr | packages/firebase/src/__tests__/triggerLongFormVideoJob.quota.test.ts > triggerLongFormVideoJob (Ledger Quota Checks) > 💸 blocks "Free Tier" users from "Pro" duration jobs (Subscription Gate)
[LongFormVideoJob] Error: HttpsError: Video duration 600s exceeds free tier limit of 480s.
    at /Volumes/X SSD 2025/Users/narrowchannel/Desktop/indiiOS-Clean/packages/firebase/src/index.ts:494:23
    at processTicksAndRejections (node:internal/process/task_queues:104:5)
    at /Volumes/X SSD 2025/Users/narrowchannel/Desktop/indiiOS-Clean/packages/firebase/src/__tests__/triggerLongFormVideoJob.quota.test.ts:317:9
    at file:///Volumes/X%20SSD%202025/Users/narrowchannel/Desktop/indiiOS-Clean/node_modules/@vitest/runner/dist/index.js:915:20 {
  code: 'resource-exhausted'
}

 ✓ packages/firebase/src/__tests__/triggerLongFormVideoJob.quota.test.ts (3 tests) 4487ms
(node:34566) Warning: `--localstorage-file` was provided without a valid path
(Use `node --trace-warnings ...` to show where the warning was created)
stdout | packages/renderer/src/core/components/SidebarNavigation.test.tsx
🌐 i18next is maintained with support from Locize — consider powering your project with managed localization (AI, CDN, integrations): https://locize.com 💙
i18next: languageChanged en-US
i18next: initialized {
  debug: true,
  initAsync: true,
  ns: [ 'translation' ],
  defaultNS: [ 'translation' ],
  fallbackLng: [ 'en' ],
  fallbackNS: false,
  supportedLngs: false,
  nonExplicitSupportedLngs: false,
  load: 'all',
  preload: false,
  simplifyPluralSuffix: true,
  keySeparator: '.',
  nsSeparator: ':',
  pluralSeparator: '_',
  contextSeparator: '_',
  partialBundledLanguages: false,
  saveMissing: false,
  updateMissing: false,
  saveMissingTo: 'fallback',
  saveMissingPlurals: true,
  missingKeyHandler: false,
  missingInterpolationHandler: false,
  postProcess: false,
  postProcessPassResolved: false,
  returnNull: false,
  returnEmptyString: true,
  returnObjects: false,
  joinArrays: false,
  returnedObjectHandler: false,
  parseMissingKeyHandler: false,
  appendNamespaceToMissingKey: false,
  appendNamespaceToCIMode: false,
  overloadTranslationOptionHandler: [Function: overloadTranslationOptionHandler],
  interpolation: {
    escapeValue: false,
    format: [Function: bound format],
    prefix: '{{',
    suffix: '}}',
    formatSeparator: ',',
    unescapePrefix: '-',
    nestingPrefix: '$t(',
    nestingSuffix: ')',
    nestingOptionsSeparator: ',',
    maxReplaces: 1000,
    skipOnVariables: true
  },
  cacheInBuiltFormats: true,
  resources: { en: { translation: [Object] }, es: { translation: [Object] } },
  detection: {
    order: [ 'querystring', 'localStorage', 'navigator' ],
    caches: [ 'localStorage' ],
    lookupQuerystring: 'lng',
    lookupLocalStorage: 'indiiOS_language',
    lookupCookie: 'i18next',
    lookupSessionStorage: 'i18nextLng',
    excludeCacheFor: [ 'cimode' ],
    convertDetectedLanguage: [Function: convertDetectedLanguage]
  },
  ignoreJSONStructure: true
}

 ✓ packages/renderer/src/core/components/MobileNav.responsive.test.tsx (5 tests) 1918ms
     ✓ navigates when an item is clicked  539ms
     ✓ closes drawer when clicking X button  613ms
     ✓ closes drawer when clicking backdrop  549ms
(node:34567) Warning: `--localstorage-file` was provided without a valid path
(Use `node --trace-warnings ...` to show where the warning was created)
stdout | packages/renderer/src/core/components/MobileNav.a11y.test.tsx
[DistributorService] Registered adapter: DistroKid
[DistributorService] Registered adapter: TuneCore
[DistributorService] Registered adapter: CDBaby
[DistributorService] Registered adapter: Symphonic

 ✓ packages/renderer/src/modules/marketing/components/BrandManager.test.tsx (4 tests) 614ms
     ✓ switches tabs correctly  444ms
(node:34574) Warning: `--localstorage-file` was provided without a valid path
(Use `node --trace-warnings ...` to show where the warning was created)
stdout | packages/renderer/src/core/components/SidebarNavigation.test.tsx > Sidebar Navigation Integration > renders correct dashboard for Brand Manager
[RemoteRelay] 🔐 Setting up auth listener...
[RemoteRelay/Firestore] ⚡ Hook enabled state: false
[RemoteRelay/Firestore] 🔍 Command listener effect triggered, enabled=false
[RemoteRelay/Firestore] ⏸️ Not enabled — skipping command listener

stdout | packages/renderer/src/core/components/SidebarNavigation.test.tsx > Sidebar Navigation Integration > renders correct dashboard for Brand Manager
[AssetObserver] Initializing Creative Asset Observer... 

 ❯ packages/renderer/src/core/store/slices/Keeper_Persistence.test.ts (3 tests | 1 failed) 5956ms
     × should persist conversation history to SessionService when adding a message 5112ms
     ✓ should persist cleared history to SessionService  305ms
     ✓ should persist message updates (e.g. streaming chunks) to SessionService  537ms
 ✓ packages/renderer/src/modules/agent/services/VenueScoutService.test.ts (8 tests) 1014ms
       ✓ should update venue with enriched data  1005ms
stdout | packages/renderer/src/core/components/SidebarNavigation.test.tsx > Sidebar Navigation Integration > renders correct dashboard for Campaign Manager
[RemoteRelay] 🔐 Setting up auth listener...
[RemoteRelay/Firestore] ⚡ Hook enabled state: false
[RemoteRelay/Firestore] 🔍 Command listener effect triggered, enabled=false
[RemoteRelay/Firestore] ⏸️ Not enabled — skipping command listener

stdout | packages/renderer/src/core/components/SidebarNavigation.test.tsx > Sidebar Navigation Integration > renders correct dashboard for Campaign Manager
[AssetObserver] Initializing Creative Asset Observer... 

stdout | packages/renderer/src/core/components/SidebarNavigation.test.tsx > Sidebar Navigation Integration > renders correct dashboard for Publicist
[RemoteRelay] 🔐 Setting up auth listener...
[RemoteRelay/Firestore] ⚡ Hook enabled state: false
[RemoteRelay/Firestore] 🔍 Command listener effect triggered, enabled=false
[RemoteRelay/Firestore] ⏸️ Not enabled — skipping command listener

stdout | packages/renderer/src/core/components/SidebarNavigation.test.tsx > Sidebar Navigation Integration > renders correct dashboard for Publicist
[AssetObserver] Initializing Creative Asset Observer... 

(node:34576) Warning: `--localstorage-file` was provided without a valid path
(Use `node --trace-warnings ...` to show where the warning was created)
stdout | packages/renderer/src/core/components/SidebarNavigation.test.tsx > Sidebar Navigation Integration > renders correct dashboard for Publicist
[AlwaysOnMemoryEngine] Stopped.
[AlwaysOnMemoryEngine] Started for user test-uid. Consolidation every 30m.

stderr | packages/renderer/src/core/components/MobileNav.a11y.test.tsx > ♿ MobileNav Accessibility > should have no accessibility violations in open state
Warning: React does not recognize the `dragConstraints` prop on a DOM element. If you intentionally want it to appear in the DOM as a custom attribute, spell it as lowercase `dragconstraints` instead. If you accidentally passed it from a parent component, remove it from the DOM element.
    at div
    at div (/Volumes/X SSD 2025/Users/narrowchannel/Desktop/indiiOS-Clean/packages/renderer/src/core/components/MobileNav.a11y.test.tsx:7:13)
    at div
    at AnimatePresence (/Volumes/X SSD 2025/Users/narrowchannel/Desktop/indiiOS-Clean/packages/renderer/src/core/components/MobileNav.a11y.test.tsx:13:23)
    at MobileNav (/Volumes/X SSD 2025/Users/narrowchannel/Desktop/indiiOS-Clean/packages/renderer/src/core/components/MobileNav.tsx:30:41)
Warning: React does not recognize the `dragElastic` prop on a DOM element. If you intentionally want it to appear in the DOM as a custom attribute, spell it as lowercase `dragelastic` instead. If you accidentally passed it from a parent component, remove it from the DOM element.
    at div
    at div (/Volumes/X SSD 2025/Users/narrowchannel/Desktop/indiiOS-Clean/packages/renderer/src/core/components/MobileNav.a11y.test.tsx:7:13)
    at div
    at AnimatePresence (/Volumes/X SSD 2025/Users/narrowchannel/Desktop/indiiOS-Clean/packages/renderer/src/core/components/MobileNav.a11y.test.tsx:13:23)
    at MobileNav (/Volumes/X SSD 2025/Users/narrowchannel/Desktop/indiiOS-Clean/packages/renderer/src/core/components/MobileNav.tsx:30:41)

stdout | packages/renderer/src/core/components/SidebarNavigation.test.tsx > Sidebar Navigation Integration > renders correct dashboard for Publishing
[RemoteRelay] 🔐 Setting up auth listener...
[RemoteRelay/Firestore] ⚡ Hook enabled state: false
[RemoteRelay/Firestore] 🔍 Command listener effect triggered, enabled=false
[RemoteRelay/Firestore] ⏸️ Not enabled — skipping command listener

stdout | packages/renderer/src/core/components/SidebarNavigation.test.tsx > Sidebar Navigation Integration > renders correct dashboard for Publishing
[AssetObserver] Initializing Creative Asset Observer... 
[AlwaysOnMemoryEngine] Already running for this user.

stdout | packages/renderer/src/core/components/SidebarNavigation.test.tsx > Sidebar Navigation Integration > renders correct dashboard for Finance
[RemoteRelay] 🔐 Setting up auth listener...
[RemoteRelay/Firestore] ⚡ Hook enabled state: false
[RemoteRelay/Firestore] 🔍 Command listener effect triggered, enabled=false
[RemoteRelay/Firestore] ⏸️ Not enabled — skipping command listener

stdout | packages/renderer/src/core/components/SidebarNavigation.test.tsx > Sidebar Navigation Integration > renders correct dashboard for Finance
[AssetObserver] Initializing Creative Asset Observer... 
[AlwaysOnMemoryEngine] Already running for this user.

(node:34580) Warning: `--localstorage-file` was provided without a valid path
(Use `node --trace-warnings ...` to show where the warning was created)
stdout | packages/renderer/src/core/components/SidebarNavigation.test.tsx > Sidebar Navigation Integration > renders correct dashboard for Licensing
[RemoteRelay] 🔐 Setting up auth listener...
[RemoteRelay/Firestore] ⚡ Hook enabled state: false
[RemoteRelay/Firestore] 🔍 Command listener effect triggered, enabled=false
[RemoteRelay/Firestore] ⏸️ Not enabled — skipping command listener

stdout | packages/renderer/src/core/components/SidebarNavigation.test.tsx > Sidebar Navigation Integration > renders correct dashboard for Licensing
[AssetObserver] Initializing Creative Asset Observer... 
[AlwaysOnMemoryEngine] Already running for this user.

Not implemented: Window's getComputedStyle() method: with pseudo-elements
Not implemented: Window's getComputedStyle() method: with pseudo-elements
Not implemented: Window's getComputedStyle() method: with pseudo-elements
Not implemented: Window's getComputedStyle() method: with pseudo-elements
Not implemented: Window's getComputedStyle() method: with pseudo-elements
Not implemented: Window's getComputedStyle() method: with pseudo-elements
Not implemented: Window's getComputedStyle() method: with pseudo-elements
Not implemented: Window's getComputedStyle() method: with pseudo-elements
Not implemented: Window's getComputedStyle() method: with pseudo-elements
Not implemented: Window's getComputedStyle() method: with pseudo-elements
Not implemented: Window's getComputedStyle() method: with pseudo-elements
Not implemented: Window's getComputedStyle() method: with pseudo-elements
Not implemented: Window's getComputedStyle() method: with pseudo-elements
Not implemented: Window's getComputedStyle() method: with pseudo-elements
Not implemented: Window's getComputedStyle() method: with pseudo-elements
Not implemented: Window's getComputedStyle() method: with pseudo-elements
Not implemented: Window's getComputedStyle() method: with pseudo-elements
Not implemented: Window's getComputedStyle() method: with pseudo-elements
Not implemented: Window's getComputedStyle() method: with pseudo-elements
Not implemented: Window's getComputedStyle() method: with pseudo-elements
 ✓ packages/renderer/src/core/components/MobileNav.a11y.test.tsx (5 tests) 1230ms
     ✓ should have no accessibility violations in open state  581ms
 ✓ packages/renderer/src/core/store/slices/agentSlice.persistence.test.ts (3 tests) 987ms
     ✓ should persist new messages to SessionService  357ms
     ✓ should persist updated messages to SessionService  317ms
     ✓ should persist cleared history to SessionService  311ms
 ✓ packages/renderer/src/core/components/SidebarNavigation.test.tsx (9 tests) 2504ms
     ✓ renders correct dashboard for Brand Manager  494ms
     ✓ renders correct dashboard for Campaign Manager  559ms
     ✓ renders correct dashboard for Licensing  427ms
(node:34587) Warning: `--localstorage-file` was provided without a valid path
(Use `node --trace-warnings ...` to show where the warning was created)
 ✓ packages/renderer/src/modules/marketing/components/AIGenerateCampaignModal.a11y.test.tsx (9 tests) 1543ms
     ✓ should have no automatically detectable accessibility violations  965ms
(node:34591) Warning: `--localstorage-file` was provided without a valid path
(Use `node --trace-warnings ...` to show where the warning was created)
(node:34592) Warning: `--localstorage-file` was provided without a valid path
(Use `node --trace-warnings ...` to show where the warning was created)
 ✓ packages/renderer/src/modules/merchandise/MerchDesigner.a11y.test.tsx (3 tests) 882ms
     ✓ renders accessible color pickers  437ms
stderr | packages/renderer/src/core/components/CommandBar.a11y.test.tsx > CommandBar Accessibility > should have no accessibility violations in default state
Warning: Received `false` for a non-boolean attribute `initial`.

If you want to write it to the DOM, pass a string instead: initial="false" or initial={value.toString()}.

If you used to conditionally omit it with initial={condition && value}, pass initial={condition ? value : undefined} instead.
    at div
    at /Volumes/X SSD 2025/Users/narrowchannel/Desktop/indiiOS-Clean/packages/renderer/src/core/components/CommandBar.a11y.test.tsx:62:48
    at AnimatePresence (/Volumes/X SSD 2025/Users/narrowchannel/Desktop/indiiOS-Clean/packages/renderer/src/core/components/CommandBar.a11y.test.tsx:68:23)
    at CommandBar (/Volumes/X SSD 2025/Users/narrowchannel/Desktop/indiiOS-Clean/packages/renderer/src/core/components/CommandBar.tsx:33:41)
Warning: Received `true` for a non-boolean attribute `drag`.

If you want to write it to the DOM, pass a string instead: drag="true" or drag={value.toString()}.
    at div
    at /Volumes/X SSD 2025/Users/narrowchannel/Desktop/indiiOS-Clean/packages/renderer/src/core/components/CommandBar.a11y.test.tsx:62:48
    at AnimatePresence (/Volumes/X SSD 2025/Users/narrowchannel/Desktop/indiiOS-Clean/packages/renderer/src/core/components/CommandBar.a11y.test.tsx:68:23)
    at CommandBar (/Volumes/X SSD 2025/Users/narrowchannel/Desktop/indiiOS-Clean/packages/renderer/src/core/components/CommandBar.tsx:33:41)
Warning: React does not recognize the `dragMomentum` prop on a DOM element. If you intentionally want it to appear in the DOM as a custom attribute, spell it as lowercase `dragmomentum` instead. If you accidentally passed it from a parent component, remove it from the DOM element.
    at div
    at /Volumes/X SSD 2025/Users/narrowchannel/Desktop/indiiOS-Clean/packages/renderer/src/core/components/CommandBar.a11y.test.tsx:62:48
    at AnimatePresence (/Volumes/X SSD 2025/Users/narrowchannel/Desktop/indiiOS-Clean/packages/renderer/src/core/components/CommandBar.a11y.test.tsx:68:23)
    at CommandBar (/Volumes/X SSD 2025/Users/narrowchannel/Desktop/indiiOS-Clean/packages/renderer/src/core/components/CommandBar.tsx:33:41)
Warning: React does not recognize the `dragElastic` prop on a DOM element. If you intentionally want it to appear in the DOM as a custom attribute, spell it as lowercase `dragelastic` instead. If you accidentally passed it from a parent component, remove it from the DOM element.
    at div
    at /Volumes/X SSD 2025/Users/narrowchannel/Desktop/indiiOS-Clean/packages/renderer/src/core/components/CommandBar.a11y.test.tsx:62:48
    at AnimatePresence (/Volumes/X SSD 2025/Users/narrowchannel/Desktop/indiiOS-Clean/packages/renderer/src/core/components/CommandBar.a11y.test.tsx:68:23)
    at CommandBar (/Volumes/X SSD 2025/Users/narrowchannel/Desktop/indiiOS-Clean/packages/renderer/src/core/components/CommandBar.tsx:33:41)
Warning: React does not recognize the `dragConstraints` prop on a DOM element. If you intentionally want it to appear in the DOM as a custom attribute, spell it as lowercase `dragconstraints` instead. If you accidentally passed it from a parent component, remove it from the DOM element.
    at div
    at /Volumes/X SSD 2025/Users/narrowchannel/Desktop/indiiOS-Clean/packages/renderer/src/core/components/CommandBar.a11y.test.tsx:62:48
    at AnimatePresence (/Volumes/X SSD 2025/Users/narrowchannel/Desktop/indiiOS-Clean/packages/renderer/src/core/components/CommandBar.a11y.test.tsx:68:23)
    at CommandBar (/Volumes/X SSD 2025/Users/narrowchannel/Desktop/indiiOS-Clean/packages/renderer/src/core/components/CommandBar.tsx:33:41)

(node:34601) Warning: `--localstorage-file` was provided without a valid path
(Use `node --trace-warnings ...` to show where the warning was created)
(node:34600) Warning: `--localstorage-file` was provided without a valid path
(Use `node --trace-warnings ...` to show where the warning was created)
 ✓ packages/renderer/src/components/kokonutui/ai-input-search.test.tsx (8 tests) 1216ms
     ✓ handles the full Send lifecycle: Type -> Enable -> Click -> Submit -> Reset  613ms
(node:34602) Warning: `--localstorage-file` was provided without a valid path
(Use `node --trace-warnings ...` to show where the warning was created)
 ✓ packages/renderer/src/core/components/CommandBar.a11y.test.tsx (4 tests) 1108ms
     ✓ should have no accessibility violations in default state  639ms
(node:34605) Warning: `--localstorage-file` was provided without a valid path
(Use `node --trace-warnings ...` to show where the warning was created)
 ✓ packages/renderer/src/modules/distribution/components/__tests__/QCVisualizer.test.tsx (5 tests) 1115ms
     ✓ should run demo mode when not in Electron  884ms
 ✓ packages/renderer/src/core/components/Toast.test.tsx (3 tests) 319ms
stderr | packages/renderer/src/modules/video/components/DailyItem.a11y.test.tsx > Access: DailyItem Accessibility > is compliant with WCAG standards (axe-core)
Couldn't load preload assets:  Error: Preload assets timed out.
    at Timeout._onTimeout (/Volumes/X SSD 2025/Users/narrowchannel/Desktop/indiiOS-Clean/node_modules/jest-axe/node_modules/axe-core/axe.js:19546:25)
    at listOnTimeout (node:internal/timers:605:17)
    at processTimers (node:internal/timers:541:7)

 ✓ packages/renderer/src/modules/video/components/DailyItem.a11y.test.tsx (4 tests) 10253ms
     ✓ is compliant with WCAG standards (axe-core)  10214ms
stderr | packages/renderer/src/modules/video/VideoWorkflow.pulse-error.test.tsx
THREE.WARNING: Multiple instances of Three.js being imported.

stderr | packages/renderer/src/modules/video/VideoWorkflow.pulse.test.tsx
THREE.WARNING: Multiple instances of Three.js being imported.

(node:34617) Warning: `--localstorage-file` was provided without a valid path
(Use `node --trace-warnings ...` to show where the warning was created)
(node:34618) Warning: `--localstorage-file` was provided without a valid path
(Use `node --trace-warnings ...` to show where the warning was created)
stdout | packages/renderer/src/modules/creative/components/whisk/__tests__/WhiskDropZone.test.tsx
[DistributorService] Registered adapter: DistroKid
[DistributorService] Registered adapter: TuneCore
[DistributorService] Registered adapter: CDBaby
[DistributorService] Registered adapter: Symphonic

stdout | packages/renderer/src/services/agent/specialists/verification.test.ts
[FreezeDiagnostic] Freezing Agent "marketing" tools schema...
[FreezeDiagnostic] Agent "marketing" tools schema is now IMMUTABLE.

stdout | packages/renderer/src/modules/video/VideoWorkflow.pulse-error.test.tsx > Pulse: Video Workflow Error Handling > handles immediate API failures gracefully
[VideoGeneration] Prompt selection: {
  promptOverride: '"A glitchy failure simulation..."',
  localPrompt: '(empty)',
  globalPrompt: '(empty)',
  selected: '"A glitchy failure simulation..."'
}
[VideoGeneration] 🔇 Audio suppression enabled — negative prompt augmented

stderr | packages/renderer/src/modules/video/VideoWorkflow.pulse-error.test.tsx > Pulse: Video Workflow Error Handling > handles immediate API failures gracefully
[VideoGeneration] handleGenerate() failed: {
  errorMessage: 'Network Error: API Unreachable',
  errorType: 'Error',
  errorStack: 'Error: Network Error: API Unreachable\n' +
    '    at /Volumes/X SSD 2025/Users/narrowchannel/Desktop/indiiOS-Clean/packages/renderer/src/modules/video/VideoWorkflow.pulse-error.test.tsx:205:39\n' +
    '    at /Volumes/X SSD 2025/Users/narrowchannel/Desktop/indiiOS-Clean/node_modules/@testing-library/react/dist/act-compat.js:48:24\n' +
    '    at act (/Volumes/X SSD 2025/Users/narrowchannel/Desktop/indiiOS-Clean/node_modules/react/cjs/react.development.js:2512:16)\n' +
    '    at Proxy.<anonymous> (/Volumes/X SSD 2025/Users/narrow'
}

stdout | packages/renderer/src/services/agent/specialists/verification.test.ts
[FreezeDiagnostic] Freezing Agent "social" tools schema...
[FreezeDiagnostic] Agent "social" tools schema is now IMMUTABLE.

stdout | packages/renderer/src/services/agent/specialists/verification.test.ts
[FreezeDiagnostic] Freezing Agent "road" tools schema...
[FreezeDiagnostic] Agent "road" tools schema is now IMMUTABLE.

stdout | packages/renderer/src/modules/video/VideoWorkflow.pulse.test.tsx > Pulse: Video Workflow Long Form Generation > manages the "Queuing -> Processing -> Success" feedback loop
[VideoGeneration] Prompt selection: {
  promptOverride: '"A long cinematic journey..."',
  localPrompt: '(empty)',
  globalPrompt: '(empty)',
  selected: '"A long cinematic journey..."'
}
[VideoGeneration] 🔇 Audio suppression enabled — negative prompt augmented

stdout | packages/renderer/src/services/agent/specialists/verification.test.ts
[FreezeDiagnostic] Freezing Agent "licensing" tools schema...
[FreezeDiagnostic] Agent "licensing" tools schema is now IMMUTABLE.

stdout | packages/renderer/src/services/agent/specialists/verification.test.ts
[FreezeDiagnostic] Freezing Agent "security" tools schema...
[FreezeDiagnostic] Agent "security" tools schema is now IMMUTABLE.

stdout | packages/renderer/src/services/agent/specialists/verification.test.ts
[FreezeDiagnostic] Freezing Agent "devops" tools schema...
[FreezeDiagnostic] Agent "devops" tools schema is now IMMUTABLE.

stdout | packages/renderer/src/services/agent/specialists/verification.test.ts
[FreezeDiagnostic] Freezing Agent "music" tools schema...
[FreezeDiagnostic] Agent "music" tools schema is now IMMUTABLE.

stdout | packages/renderer/src/services/agent/specialists/verification.test.ts
[FreezeDiagnostic] Freezing Agent "marketing" tools schema...
[FreezeDiagnostic] Agent "marketing" tools schema is now IMMUTABLE.
[FreezeDiagnostic] Freezing Agent "legal" tools schema...
[FreezeDiagnostic] Agent "legal" tools schema is now IMMUTABLE.
[FreezeDiagnostic] Freezing Agent "finance" tools schema...
[FreezeDiagnostic] Agent "finance" tools schema is now IMMUTABLE.
[FreezeDiagnostic] Freezing Agent "producer" tools schema...
[FreezeDiagnostic] Agent "producer" tools schema is now IMMUTABLE.
[FreezeDiagnostic] Freezing Agent "director" tools schema...
[FreezeDiagnostic] Agent "director" tools schema is now IMMUTABLE.
[FreezeDiagnostic] Freezing Agent "screenwriter" tools schema...
[FreezeDiagnostic] Agent "screenwriter" tools schema is now IMMUTABLE.
[FreezeDiagnostic] Freezing Agent "video" tools schema...
[FreezeDiagnostic] Agent "video" tools schema is now IMMUTABLE.
[FreezeDiagnostic] Freezing Agent "social" tools schema...
[FreezeDiagnostic] Agent "social" tools schema is now IMMUTABLE.
[FreezeDiagnostic] Freezing Agent "publicist" tools schema...
[FreezeDiagnostic] Agent "publicist" tools schema is now IMMUTABLE.
[FreezeDiagnostic] Freezing Agent "road" tools schema...
[FreezeDiagnostic] Agent "road" tools schema is now IMMUTABLE.
[FreezeDiagnostic] Freezing Agent "publishing" tools schema...
[FreezeDiagnostic] Agent "publishing" tools schema is now IMMUTABLE.
[FreezeDiagnostic] Freezing Agent "licensing" tools schema...
[FreezeDiagnostic] Agent "licensing" tools schema is now IMMUTABLE.
[FreezeDiagnostic] Freezing Agent "brand" tools schema...
[FreezeDiagnostic] Agent "brand" tools schema is now IMMUTABLE.
[FreezeDiagnostic] Freezing Agent "devops" tools schema...
[FreezeDiagnostic] Agent "devops" tools schema is now IMMUTABLE.
[FreezeDiagnostic] Freezing Agent "security" tools schema...
[FreezeDiagnostic] Agent "security" tools schema is now IMMUTABLE.
[FreezeDiagnostic] Freezing Agent "distribution" tools schema...
[FreezeDiagnostic] Agent "distribution" tools schema is now IMMUTABLE.
[FreezeDiagnostic] Freezing Agent "music" tools schema...
[FreezeDiagnostic] Agent "music" tools schema is now IMMUTABLE.

stdout | packages/renderer/src/services/agent/specialists/verification.test.ts > Specialist Agent Fleet Verification > should have registered Marketing Department (marketing)
[AgentRegistry] Loading agent 'marketing'...

stdout | packages/renderer/src/services/agent/specialists/verification.test.ts > Specialist Agent Fleet Verification > should have registered Marketing Department (marketing)
[FreezeDiagnostic] Freezing Agent "marketing" tools schema...
[FreezeDiagnostic] Agent "marketing" tools schema is now IMMUTABLE.

stdout | packages/renderer/src/services/agent/specialists/verification.test.ts > Specialist Agent Fleet Verification > should have registered Marketing Department (marketing)
[AgentRegistry] Agent 'marketing' loaded successfully

stdout | packages/renderer/src/services/agent/specialists/verification.test.ts > Specialist Agent Fleet Verification > Marketing Department should be executable
[RAGAgent] No specific domain knowledge extracted for task.

stdout | packages/renderer/src/services/agent/specialists/verification.test.ts > Specialist Agent Fleet Verification > should have registered Legal Department (legal)
[AgentRegistry] Loading agent 'legal'...

stdout | packages/renderer/src/services/agent/specialists/verification.test.ts > Specialist Agent Fleet Verification > should have registered Legal Department (legal)
[FreezeDiagnostic] Freezing Agent "legal" tools schema...
[FreezeDiagnostic] Agent "legal" tools schema is now IMMUTABLE.

stdout | packages/renderer/src/services/agent/specialists/verification.test.ts > Specialist Agent Fleet Verification > should have registered Legal Department (legal)
[AgentRegistry] Agent 'legal' loaded successfully

stdout | packages/renderer/src/modules/video/VideoWorkflow.pulse-error.test.tsx > Pulse: Video Workflow Error Handling > handles async job failures (e.g. Out of VRAM)
[VideoGeneration] Prompt selection: {
  promptOverride: '"A heavy render..."',
  localPrompt: '(empty)',
  globalPrompt: '(empty)',
  selected: '"A heavy render..."'
}
[VideoGeneration] 🔇 Audio suppression enabled — negative prompt augmented

stderr | packages/renderer/src/modules/video/VideoWorkflow.pulse-error.test.tsx > Pulse: Video Workflow Error Handling > handles async job failures (e.g. Out of VRAM)
[VideoGeneration] handleGenerate() failed: {
  errorMessage: 'CUDA Out of Memory',
  errorType: 'Error',
  errorStack: 'Error: CUDA Out of Memory\n' +
    '    at /Volumes/X SSD 2025/Users/narrowchannel/Desktop/indiiOS-Clean/packages/renderer/src/modules/video/VideoWorkflow.pulse-error.test.tsx:229:72\n' +
    '    at file:///Volumes/X%20SSD%202025/Users/narrowchannel/Desktop/indiiOS-Clean/node_modules/@vitest/runner/dist/index.js:145:11\n' +
    '    at file:///Volumes/X%20SSD%202025/Users/narrowchannel/Desktop/indiiOS-Clean/node_modules/@vitest/runner/dist/index.js:915:26\n' +
    '    at file:///Volumes/X%20SSD%202025/Users/narrowchannel/Desktop/ind'
}

stdout | packages/renderer/src/services/agent/specialists/verification.test.ts > Specialist Agent Fleet Verification > Legal Department should be executable
[RAGAgent] No specific domain knowledge extracted for task.

stdout | packages/renderer/src/services/agent/specialists/verification.test.ts > Specialist Agent Fleet Verification > should have registered Finance Department (finance)
[AgentRegistry] Loading agent 'finance'...

stdout | packages/renderer/src/services/agent/specialists/verification.test.ts > Specialist Agent Fleet Verification > should have registered Finance Department (finance)
[FreezeDiagnostic] Freezing Agent "finance" tools schema...
[FreezeDiagnostic] Agent "finance" tools schema is now IMMUTABLE.

stdout | packages/renderer/src/services/agent/specialists/verification.test.ts > Specialist Agent Fleet Verification > should have registered Finance Department (finance)
[AgentRegistry] Agent 'finance' loaded successfully

stdout | packages/renderer/src/services/agent/specialists/verification.test.ts > Specialist Agent Fleet Verification > Finance Department should be executable
[RAGAgent] No specific domain knowledge extracted for task.

stdout | packages/renderer/src/services/agent/specialists/verification.test.ts > Specialist Agent Fleet Verification > should have registered Producer (producer)
[AgentRegistry] Loading agent 'producer'...

stdout | packages/renderer/src/services/agent/specialists/verification.test.ts > Specialist Agent Fleet Verification > should have registered Producer (producer)
[FreezeDiagnostic] Freezing Agent "producer" tools schema...
[FreezeDiagnostic] Agent "producer" tools schema is now IMMUTABLE.

stdout | packages/renderer/src/services/agent/specialists/verification.test.ts > Specialist Agent Fleet Verification > should have registered Producer (producer)
[AgentRegistry] Agent 'producer' loaded successfully

stdout | packages/renderer/src/services/agent/specialists/verification.test.ts > Specialist Agent Fleet Verification > Producer should be executable
[RAGAgent] No specific domain knowledge extracted for task.

stdout | packages/renderer/src/services/agent/specialists/verification.test.ts > Specialist Agent Fleet Verification > should have registered Creative Director (director)
[AgentRegistry] Loading agent 'director'...

stdout | packages/renderer/src/services/agent/specialists/verification.test.ts > Specialist Agent Fleet Verification > should have registered Creative Director (director)
[FreezeDiagnostic] Freezing Agent "director" tools schema...
[FreezeDiagnostic] Agent "director" tools schema is now IMMUTABLE.

stdout | packages/renderer/src/services/agent/specialists/verification.test.ts > Specialist Agent Fleet Verification > should have registered Creative Director (director)
[AgentRegistry] Agent 'director' loaded successfully

stdout | packages/renderer/src/services/agent/specialists/verification.test.ts > Specialist Agent Fleet Verification > Creative Director should be executable
[RAGAgent] No specific domain knowledge extracted for task.

stdout | packages/renderer/src/services/agent/specialists/verification.test.ts > Specialist Agent Fleet Verification > should have registered Screenwriter (screenwriter)
[AgentRegistry] Loading agent 'screenwriter'...

stdout | packages/renderer/src/services/agent/specialists/verification.test.ts > Specialist Agent Fleet Verification > should have registered Screenwriter (screenwriter)
[FreezeDiagnostic] Freezing Agent "screenwriter" tools schema...
[FreezeDiagnostic] Agent "screenwriter" tools schema is now IMMUTABLE.

stdout | packages/renderer/src/services/agent/specialists/verification.test.ts > Specialist Agent Fleet Verification > should have registered Screenwriter (screenwriter)
[AgentRegistry] Agent 'screenwriter' loaded successfully

stdout | packages/renderer/src/services/agent/specialists/verification.test.ts > Specialist Agent Fleet Verification > Screenwriter should be executable
[RAGAgent] No specific domain knowledge extracted for task.

stdout | packages/renderer/src/services/agent/specialists/verification.test.ts > Specialist Agent Fleet Verification > should have registered Video Department (video)
[AgentRegistry] Loading agent 'video'...

stdout | packages/renderer/src/services/agent/specialists/verification.test.ts > Specialist Agent Fleet Verification > should have registered Video Department (video)
[FreezeDiagnostic] Freezing Agent "video" tools schema...
[FreezeDiagnostic] Agent "video" tools schema is now IMMUTABLE.

stdout | packages/renderer/src/services/agent/specialists/verification.test.ts > Specialist Agent Fleet Verification > should have registered Video Department (video)
[AgentRegistry] Agent 'video' loaded successfully

stdout | packages/renderer/src/services/agent/specialists/verification.test.ts > Specialist Agent Fleet Verification > Video Department should be executable
[RAGAgent] No specific domain knowledge extracted for task.

stdout | packages/renderer/src/services/agent/specialists/verification.test.ts > Specialist Agent Fleet Verification > should have registered Social Media Department (social)
[AgentRegistry] Loading agent 'social'...

stdout | packages/renderer/src/services/agent/specialists/verification.test.ts > Specialist Agent Fleet Verification > should have registered Social Media Department (social)
[FreezeDiagnostic] Freezing Agent "social" tools schema...
[FreezeDiagnostic] Agent "social" tools schema is now IMMUTABLE.

stdout | packages/renderer/src/services/agent/specialists/verification.test.ts > Specialist Agent Fleet Verification > should have registered Social Media Department (social)
[AgentRegistry] Agent 'social' loaded successfully

stdout | packages/renderer/src/services/agent/specialists/verification.test.ts > Specialist Agent Fleet Verification > Social Media Department should be executable
[RAGAgent] No specific domain knowledge extracted for task.

stdout | packages/renderer/src/services/agent/specialists/verification.test.ts > Specialist Agent Fleet Verification > should have registered Publicist (publicist)
[AgentRegistry] Loading agent 'publicist'...

stdout | packages/renderer/src/services/agent/specialists/verification.test.ts > Specialist Agent Fleet Verification > should have registered Publicist (publicist)
[FreezeDiagnostic] Freezing Agent "publicist" tools schema...
[FreezeDiagnostic] Agent "publicist" tools schema is now IMMUTABLE.

stdout | packages/renderer/src/services/agent/specialists/verification.test.ts > Specialist Agent Fleet Verification > should have registered Publicist (publicist)
[AgentRegistry] Agent 'publicist' loaded successfully

stdout | packages/renderer/src/services/agent/specialists/verification.test.ts > Specialist Agent Fleet Verification > Publicist should be executable
[RAGAgent] No specific domain knowledge extracted for task.

stdout | packages/renderer/src/services/agent/specialists/verification.test.ts > Specialist Agent Fleet Verification > should have registered Road Manager (road)
[AgentRegistry] Loading agent 'road'...

stdout | packages/renderer/src/services/agent/specialists/verification.test.ts > Specialist Agent Fleet Verification > should have registered Road Manager (road)
[FreezeDiagnostic] Freezing Agent "road" tools schema...
[FreezeDiagnostic] Agent "road" tools schema is now IMMUTABLE.

stdout | packages/renderer/src/services/agent/specialists/verification.test.ts > Specialist Agent Fleet Verification > should have registered Road Manager (road)
[AgentRegistry] Agent 'road' loaded successfully

stdout | packages/renderer/src/services/agent/specialists/verification.test.ts > Specialist Agent Fleet Verification > Road Manager should be executable
[RAGAgent] No specific domain knowledge extracted for task.

stdout | packages/renderer/src/services/agent/specialists/verification.test.ts > Specialist Agent Fleet Verification > should have registered Publishing Department (publishing)
[AgentRegistry] Loading agent 'publishing'...

stdout | packages/renderer/src/services/agent/specialists/verification.test.ts > Specialist Agent Fleet Verification > should have registered Publishing Department (publishing)
[FreezeDiagnostic] Freezing Agent "publishing" tools schema...
[FreezeDiagnostic] Agent "publishing" tools schema is now IMMUTABLE.

stdout | packages/renderer/src/services/agent/specialists/verification.test.ts > Specialist Agent Fleet Verification > should have registered Publishing Department (publishing)
[AgentRegistry] Agent 'publishing' loaded successfully

stdout | packages/renderer/src/services/agent/specialists/verification.test.ts > Specialist Agent Fleet Verification > Publishing Department should be executable
[RAGAgent] No specific domain knowledge extracted for task.

stdout | packages/renderer/src/services/agent/specialists/verification.test.ts > Specialist Agent Fleet Verification > should have registered Licensing Department (licensing)
[AgentRegistry] Loading agent 'licensing'...

stdout | packages/renderer/src/services/agent/specialists/verification.test.ts > Specialist Agent Fleet Verification > should have registered Licensing Department (licensing)
[FreezeDiagnostic] Freezing Agent "licensing" tools schema...
[FreezeDiagnostic] Agent "licensing" tools schema is now IMMUTABLE.

stdout | packages/renderer/src/services/agent/specialists/verification.test.ts > Specialist Agent Fleet Verification > should have registered Licensing Department (licensing)
[AgentRegistry] Agent 'licensing' loaded successfully

stdout | packages/renderer/src/services/agent/specialists/verification.test.ts > Specialist Agent Fleet Verification > Licensing Department should be executable
[RAGAgent] No specific domain knowledge extracted for task.

stdout | packages/renderer/src/services/agent/specialists/verification.test.ts > Specialist Agent Fleet Verification > should have registered Brand Manager (brand)
[AgentRegistry] Loading agent 'brand'...

stdout | packages/renderer/src/services/agent/specialists/verification.test.ts > Specialist Agent Fleet Verification > should have registered Brand Manager (brand)
[FreezeDiagnostic] Freezing Agent "brand" tools schema...
[FreezeDiagnostic] Agent "brand" tools schema is now IMMUTABLE.

stdout | packages/renderer/src/services/agent/specialists/verification.test.ts > Specialist Agent Fleet Verification > should have registered Brand Manager (brand)
[AgentRegistry] Agent 'brand' loaded successfully

stdout | packages/renderer/src/services/agent/specialists/verification.test.ts > Specialist Agent Fleet Verification > Brand Manager should be executable
[RAGAgent] No specific domain knowledge extracted for task.

stdout | packages/renderer/src/services/agent/specialists/verification.test.ts > Specialist Agent Fleet Verification > should have registered DevOps / SRE (devops)
[AgentRegistry] Loading agent 'devops'...

stdout | packages/renderer/src/services/agent/specialists/verification.test.ts > Specialist Agent Fleet Verification > should have registered DevOps / SRE (devops)
[FreezeDiagnostic] Freezing Agent "devops" tools schema...
[FreezeDiagnostic] Agent "devops" tools schema is now IMMUTABLE.

stdout | packages/renderer/src/services/agent/specialists/verification.test.ts > Specialist Agent Fleet Verification > should have registered DevOps / SRE (devops)
[AgentRegistry] Agent 'devops' loaded successfully

stdout | packages/renderer/src/services/agent/specialists/verification.test.ts > Specialist Agent Fleet Verification > DevOps / SRE should be executable
[RAGAgent] No specific domain knowledge extracted for task.

stdout | packages/renderer/src/services/agent/specialists/verification.test.ts > Specialist Agent Fleet Verification > should have registered Security Guardian (security)
[AgentRegistry] Loading agent 'security'...

stdout | packages/renderer/src/services/agent/specialists/verification.test.ts > Specialist Agent Fleet Verification > should have registered Security Guardian (security)
[FreezeDiagnostic] Freezing Agent "security" tools schema...
[FreezeDiagnostic] Agent "security" tools schema is now IMMUTABLE.

stdout | packages/renderer/src/services/agent/specialists/verification.test.ts > Specialist Agent Fleet Verification > should have registered Security Guardian (security)
[AgentRegistry] Agent 'security' loaded successfully

stdout | packages/renderer/src/services/agent/specialists/verification.test.ts > Specialist Agent Fleet Verification > Security Guardian should be executable
[RAGAgent] No specific domain knowledge extracted for task.

stdout | packages/renderer/src/services/agent/specialists/verification.test.ts > Specialist Agent Fleet Verification > should have registered Distribution Chief (distribution)
[AgentRegistry] Loading agent 'distribution'...

stdout | packages/renderer/src/services/agent/specialists/verification.test.ts > Specialist Agent Fleet Verification > should have registered Distribution Chief (distribution)
[FreezeDiagnostic] Freezing Agent "distribution" tools schema...
[FreezeDiagnostic] Agent "distribution" tools schema is now IMMUTABLE.

stdout | packages/renderer/src/services/agent/specialists/verification.test.ts > Specialist Agent Fleet Verification > should have registered Distribution Chief (distribution)
[AgentRegistry] Agent 'distribution' loaded successfully

stdout | packages/renderer/src/services/agent/specialists/verification.test.ts > Specialist Agent Fleet Verification > Distribution Chief should be executable
[RAGAgent] No specific domain knowledge extracted for task.

stdout | packages/renderer/src/services/agent/specialists/verification.test.ts > Specialist Agent Fleet Verification > should have registered Sonic Director (music)
[AgentRegistry] Loading agent 'music'...

stdout | packages/renderer/src/services/agent/specialists/verification.test.ts > Specialist Agent Fleet Verification > should have registered Sonic Director (music)
[FreezeDiagnostic] Freezing Agent "music" tools schema...
[FreezeDiagnostic] Agent "music" tools schema is now IMMUTABLE.

stdout | packages/renderer/src/services/agent/specialists/verification.test.ts > Specialist Agent Fleet Verification > should have registered Sonic Director (music)
[AgentRegistry] Agent 'music' loaded successfully

stdout | packages/renderer/src/services/agent/specialists/verification.test.ts > Specialist Agent Fleet Verification > Sonic Director should be executable
[RAGAgent] No specific domain knowledge extracted for task.

stdout | packages/renderer/src/services/agent/specialists/verification.test.ts > Specialist Agent Fleet Verification > should verify GeneralistAgent (indii Conductor)
[AgentRegistry] Loading agent 'generalist'...

 ✓ packages/renderer/src/modules/video/VideoWorkflow.pulse.test.tsx (1 test) 1002ms
     ✓ manages the "Queuing -> Processing -> Success" feedback loop  1000ms
(node:34624) Warning: `--localstorage-file` was provided without a valid path
(Use `node --trace-warnings ...` to show where the warning was created)
 ✓ packages/renderer/src/modules/video/VideoWorkflow.pulse-error.test.tsx (2 tests) 1241ms
     ✓ handles immediate API failures gracefully  892ms
     ✓ handles async job failures (e.g. Out of VRAM)  348ms
(node:34622) Warning: `--localstorage-file` was provided without a valid path
(Use `node --trace-warnings ...` to show where the warning was created)
(node:34625) Warning: `--localstorage-file` was provided without a valid path
(Use `node --trace-warnings ...` to show where the warning was created)
stdout | packages/renderer/src/services/agent/specialists/verification.test.ts > Specialist Agent Fleet Verification > should verify GeneralistAgent (indii Conductor)
[AgentRegistry] Agent 'generalist' loaded successfully

 ✓ packages/renderer/src/services/agent/specialists/verification.test.ts (35 tests) 614ms
     ✓ should verify GeneralistAgent (indii Conductor)  492ms
 ✓ packages/renderer/src/modules/creative/components/whisk/__tests__/WhiskDropZone.test.tsx (7 tests) 1037ms
     ✓ shows input when clicking add button  334ms
 ✓ packages/renderer/src/core/components/Sidebar.test.tsx (5 tests) 775ms
     ✓ renders Brand Manager in the Manager section  515ms
(node:34627) Warning: `--localstorage-file` was provided without a valid path
(Use `node --trace-warnings ...` to show where the warning was created)
stdout | packages/renderer/src/core/components/ConversationHistoryList.test.tsx
[DistributorService] Registered adapter: DistroKid
[DistributorService] Registered adapter: TuneCore
[DistributorService] Registered adapter: CDBaby
[DistributorService] Registered adapter: Symphonic

 ✓ packages/renderer/src/modules/social/components/CreatePostModal.test.tsx (2 tests) 494ms
     ✓ should have no accessibility violations  482ms
stderr | packages/renderer/src/modules/merchandise/components/Merchandise.test.tsx > Merchandise Dashboard > StandardMerch renders standard products
Warning: React does not recognize the `fetchPriority` prop on a DOM element. If you intentionally want it to appear in the DOM as a custom attribute, spell it as lowercase `fetchpriority` instead. If you accidentally passed it from a parent component, remove it from the DOM element.
    at img
    at div
    at div
    at StandardMerch

 ✓ packages/renderer/src/modules/merchandise/components/Merchandise.test.tsx (5 tests) 321ms
(node:34637) Warning: `--localstorage-file` was provided without a valid path
(Use `node --trace-warnings ...` to show where the warning was created)
 ✓ packages/renderer/src/modules/marketing/components/AIGenerateCampaignModal.test.tsx (7 tests) 1968ms
     ✓ renders the initial form state correctly  386ms
     ✓ shows loading state and handles successful generation  317ms
     ✓ handles generation errors gracefully  336ms
     ✓ allows regenerating the campaign  303ms
     ✓ calls onSave when Create Campaign is clicked  338ms
(node:34638) Warning: `--localstorage-file` was provided without a valid path
(Use `node --trace-warnings ...` to show where the warning was created)
(node:34639) Warning: `--localstorage-file` was provided without a valid path
(Use `node --trace-warnings ...` to show where the warning was created)
(node:34643) Warning: `--localstorage-file` was provided without a valid path
(Use `node --trace-warnings ...` to show where the warning was created)
(node:34640) Warning: `--localstorage-file` was provided without a valid path
(Use `node --trace-warnings ...` to show where the warning was created)
 ✓ packages/renderer/src/core/components/ConversationHistoryList.test.tsx (6 tests) 939ms
     ✓ should have no accessibility violations  710ms
 ✓ packages/renderer/src/services/ai/__tests__/FirebaseAIService.enhancements.test.ts (9 tests) 586ms
       ✓ should give up after max retries  312ms
stdout | packages/renderer/src/modules/publishing/components/ReleaseWizard.test.tsx
[FreezeDiagnostic] Freezing Agent "marketing" tools schema...
[FreezeDiagnostic] Agent "marketing" tools schema is now IMMUTABLE.

 ✓ packages/renderer/src/components/kokonutui/file-upload.a11y.test.tsx (4 tests) 541ms
     ✓ passes automated axe-core checks  389ms
stdout | packages/renderer/src/modules/publishing/components/ReleaseWizard.test.tsx
[FreezeDiagnostic] Freezing Agent "social" tools schema...
[FreezeDiagnostic] Agent "social" tools schema is now IMMUTABLE.

stdout | packages/renderer/src/modules/publishing/components/ReleaseWizard.test.tsx
[FreezeDiagnostic] Freezing Agent "road" tools schema...
[FreezeDiagnostic] Agent "road" tools schema is now IMMUTABLE.

stdout | packages/renderer/src/modules/publishing/components/ReleaseWizard.test.tsx
[FreezeDiagnostic] Freezing Agent "licensing" tools schema...
[FreezeDiagnostic] Agent "licensing" tools schema is now IMMUTABLE.

stdout | packages/renderer/src/modules/publishing/components/ReleaseWizard.test.tsx
[FreezeDiagnostic] Freezing Agent "security" tools schema...
[FreezeDiagnostic] Agent "security" tools schema is now IMMUTABLE.

stdout | packages/renderer/src/modules/publishing/components/ReleaseWizard.test.tsx
[FreezeDiagnostic] Freezing Agent "devops" tools schema...
[FreezeDiagnostic] Agent "devops" tools schema is now IMMUTABLE.

stdout | packages/renderer/src/modules/publishing/components/ReleaseWizard.test.tsx
[FreezeDiagnostic] Freezing Agent "music" tools schema...
[FreezeDiagnostic] Agent "music" tools schema is now IMMUTABLE.

stdout | packages/renderer/src/modules/publishing/components/ReleaseWizard.test.tsx
[FreezeDiagnostic] Freezing Agent "marketing" tools schema...
[FreezeDiagnostic] Agent "marketing" tools schema is now IMMUTABLE.
[FreezeDiagnostic] Freezing Agent "legal" tools schema...
[FreezeDiagnostic] Agent "legal" tools schema is now IMMUTABLE.
[FreezeDiagnostic] Freezing Agent "finance" tools schema...
[FreezeDiagnostic] Agent "finance" tools schema is now IMMUTABLE.
[FreezeDiagnostic] Freezing Agent "producer" tools schema...
[FreezeDiagnostic] Agent "producer" tools schema is now IMMUTABLE.
[FreezeDiagnostic] Freezing Agent "director" tools schema...
[FreezeDiagnostic] Agent "director" tools schema is now IMMUTABLE.
[FreezeDiagnostic] Freezing Agent "screenwriter" tools schema...
[FreezeDiagnostic] Agent "screenwriter" tools schema is now IMMUTABLE.
[FreezeDiagnostic] Freezing Agent "video" tools schema...
[FreezeDiagnostic] Agent "video" tools schema is now IMMUTABLE.
[FreezeDiagnostic] Freezing Agent "social" tools schema...
[FreezeDiagnostic] Agent "social" tools schema is now IMMUTABLE.
[FreezeDiagnostic] Freezing Agent "publicist" tools schema...
[FreezeDiagnostic] Agent "publicist" tools schema is now IMMUTABLE.
[FreezeDiagnostic] Freezing Agent "road" tools schema...
[FreezeDiagnostic] Agent "road" tools schema is now IMMUTABLE.
[FreezeDiagnostic] Freezing Agent "publishing" tools schema...
[FreezeDiagnostic] Agent "publishing" tools schema is now IMMUTABLE.
[FreezeDiagnostic] Freezing Agent "licensing" tools schema...
[FreezeDiagnostic] Agent "licensing" tools schema is now IMMUTABLE.
[FreezeDiagnostic] Freezing Agent "brand" tools schema...
[FreezeDiagnostic] Agent "brand" tools schema is now IMMUTABLE.
[FreezeDiagnostic] Freezing Agent "devops" tools schema...
[FreezeDiagnostic] Agent "devops" tools schema is now IMMUTABLE.
[FreezeDiagnostic] Freezing Agent "security" tools schema...
[FreezeDiagnostic] Agent "security" tools schema is now IMMUTABLE.
[FreezeDiagnostic] Freezing Agent "distribution" tools schema...
[FreezeDiagnostic] Agent "distribution" tools schema is now IMMUTABLE.
[FreezeDiagnostic] Freezing Agent "music" tools schema...
[FreezeDiagnostic] Agent "music" tools schema is now IMMUTABLE.

stdout | packages/renderer/src/modules/publishing/components/ReleaseWizard.test.tsx
[AgentRegistry] Pre-warming Generalist agent...
[AgentRegistry] Loading agent 'generalist'...

(node:34649) Warning: `--localstorage-file` was provided without a valid path
(Use `node --trace-warnings ...` to show where the warning was created)
(node:34654) Warning: `--localstorage-file` was provided without a valid path
(Use `node --trace-warnings ...` to show where the warning was created)
stdout | packages/renderer/src/services/agent/AgentArchitecture.test.ts
[FreezeDiagnostic] Freezing Agent "marketing" tools schema...
[FreezeDiagnostic] Agent "marketing" tools schema is now IMMUTABLE.

stdout | packages/renderer/src/services/agent/AgentArchitecture.test.ts
[FreezeDiagnostic] Freezing Agent "social" tools schema...
[FreezeDiagnostic] Agent "social" tools schema is now IMMUTABLE.

 ✓ packages/renderer/src/modules/merchandise/components/ManufacturingPanel.test.tsx (3 tests) 651ms
stdout | packages/renderer/src/services/agent/AgentArchitecture.test.ts
[FreezeDiagnostic] Freezing Agent "road" tools schema...
[FreezeDiagnostic] Agent "road" tools schema is now IMMUTABLE.

stdout | packages/renderer/src/services/agent/AgentArchitecture.test.ts
[FreezeDiagnostic] Freezing Agent "licensing" tools schema...
[FreezeDiagnostic] Agent "licensing" tools schema is now IMMUTABLE.

stdout | packages/renderer/src/services/agent/AgentArchitecture.test.ts
[FreezeDiagnostic] Freezing Agent "security" tools schema...
[FreezeDiagnostic] Agent "security" tools schema is now IMMUTABLE.

stdout | packages/renderer/src/services/agent/AgentArchitecture.test.ts
[FreezeDiagnostic] Freezing Agent "devops" tools schema...
[FreezeDiagnostic] Agent "devops" tools schema is now IMMUTABLE.

stdout | packages/renderer/src/services/agent/AgentArchitecture.test.ts
[FreezeDiagnostic] Freezing Agent "music" tools schema...
[FreezeDiagnostic] Agent "music" tools schema is now IMMUTABLE.

stdout | packages/renderer/src/services/agent/AgentArchitecture.test.ts
[FreezeDiagnostic] Freezing Agent "marketing" tools schema...
[FreezeDiagnostic] Agent "marketing" tools schema is now IMMUTABLE.
[FreezeDiagnostic] Freezing Agent "legal" tools schema...
[FreezeDiagnostic] Agent "legal" tools schema is now IMMUTABLE.
[FreezeDiagnostic] Freezing Agent "finance" tools schema...
[FreezeDiagnostic] Agent "finance" tools schema is now IMMUTABLE.
[FreezeDiagnostic] Freezing Agent "producer" tools schema...
[FreezeDiagnostic] Agent "producer" tools schema is now IMMUTABLE.
[FreezeDiagnostic] Freezing Agent "director" tools schema...
[FreezeDiagnostic] Agent "director" tools schema is now IMMUTABLE.
[FreezeDiagnostic] Freezing Agent "screenwriter" tools schema...
[FreezeDiagnostic] Agent "screenwriter" tools schema is now IMMUTABLE.
[FreezeDiagnostic] Freezing Agent "video" tools schema...
[FreezeDiagnostic] Agent "video" tools schema is now IMMUTABLE.
[FreezeDiagnostic] Freezing Agent "social" tools schema...
[FreezeDiagnostic] Agent "social" tools schema is now IMMUTABLE.
[FreezeDiagnostic] Freezing Agent "publicist" tools schema...
[FreezeDiagnostic] Agent "publicist" tools schema is now IMMUTABLE.
[FreezeDiagnostic] Freezing Agent "road" tools schema...
[FreezeDiagnostic] Agent "road" tools schema is now IMMUTABLE.
[FreezeDiagnostic] Freezing Agent "publishing" tools schema...
[FreezeDiagnostic] Agent "publishing" tools schema is now IMMUTABLE.
[FreezeDiagnostic] Freezing Agent "licensing" tools schema...
[FreezeDiagnostic] Agent "licensing" tools schema is now IMMUTABLE.
[FreezeDiagnostic] Freezing Agent "brand" tools schema...
[FreezeDiagnostic] Agent "brand" tools schema is now IMMUTABLE.
[FreezeDiagnostic] Freezing Agent "devops" tools schema...
[FreezeDiagnostic] Agent "devops" tools schema is now IMMUTABLE.
[FreezeDiagnostic] Freezing Agent "security" tools schema...
[FreezeDiagnostic] Agent "security" tools schema is now IMMUTABLE.
[FreezeDiagnostic] Freezing Agent "distribution" tools schema...
[FreezeDiagnostic] Agent "distribution" tools schema is now IMMUTABLE.
[FreezeDiagnostic] Freezing Agent "music" tools schema...
[FreezeDiagnostic] Agent "music" tools schema is now IMMUTABLE.

stdout | packages/renderer/src/services/agent/AgentArchitecture.test.ts
[AgentRegistry] Pre-warming Generalist agent...
[AgentRegistry] Loading agent 'generalist'...

stdout | packages/renderer/src/services/agent/AgentArchitecture.test.ts > Multi-Agent Architecture Tests > 1. Context Pipeline & History > should include conversation history in the context
[AgentRegistry] Pre-warming Generalist agent...
[AgentRegistry] Loading agent 'legal'...
[AgentRegistry] Loading agent 'marketing'...
[AgentRegistry] Loading agent 'producer'...
[AgentRegistry] Loading agent 'publicist'...
[AgentRegistry] Loading agent 'brand'...
[AgentRegistry] Loading agent 'road'...
[AgentRegistry] Loading agent 'director'...
[AgentRegistry] Loading agent 'video'...
[AgentRegistry] Loading agent 'finance'...

 ✓ packages/renderer/src/modules/dashboard/components/QuickActions.test.tsx (4 tests) 1050ms
     ✓ opens tooltip on hover  633ms
 ✓ packages/renderer/src/modules/publishing/components/ReleaseWizard.test.tsx (6 tests) 718ms
stdout | packages/renderer/src/services/agent/AgentArchitecture.test.ts > Multi-Agent Architecture Tests > 1. Context Pipeline & History > should include conversation history in the context
[FreezeDiagnostic] Freezing Agent "legal" tools schema...
[FreezeDiagnostic] Agent "legal" tools schema is now IMMUTABLE.
[FreezeDiagnostic] Freezing Agent "marketing" tools schema...
[FreezeDiagnostic] Agent "marketing" tools schema is now IMMUTABLE.
[FreezeDiagnostic] Freezing Agent "producer" tools schema...
[FreezeDiagnostic] Agent "producer" tools schema is now IMMUTABLE.
[FreezeDiagnostic] Freezing Agent "publicist" tools schema...
[FreezeDiagnostic] Agent "publicist" tools schema is now IMMUTABLE.
[FreezeDiagnostic] Freezing Agent "brand" tools schema...
[FreezeDiagnostic] Agent "brand" tools schema is now IMMUTABLE.
[FreezeDiagnostic] Freezing Agent "road" tools schema...
[FreezeDiagnostic] Agent "road" tools schema is now IMMUTABLE.
[FreezeDiagnostic] Freezing Agent "director" tools schema...
[FreezeDiagnostic] Agent "director" tools schema is now IMMUTABLE.
[FreezeDiagnostic] Freezing Agent "video" tools schema...
[FreezeDiagnostic] Agent "video" tools schema is now IMMUTABLE.
[FreezeDiagnostic] Freezing Agent "finance" tools schema...
[FreezeDiagnostic] Agent "finance" tools schema is now IMMUTABLE.
[AgentRegistry] Agent 'legal' loaded successfully
[AgentRegistry] Agent 'marketing' loaded successfully
[AgentRegistry] Agent 'producer' loaded successfully
[AgentRegistry] Agent 'publicist' loaded successfully
[AgentRegistry] Agent 'brand' loaded successfully
[AgentRegistry] Agent 'road' loaded successfully
[AgentRegistry] Agent 'director' loaded successfully
[AgentRegistry] Agent 'video' loaded successfully
[AgentRegistry] Agent 'finance' loaded successfully

(node:34657) Warning: `--localstorage-file` was provided without a valid path
(Use `node --trace-warnings ...` to show where the warning was created)
stdout | packages/renderer/src/services/agent/AgentArchitecture.test.ts > Multi-Agent Architecture Tests > 1. Context Pipeline & History > should include conversation history in the context
[AgentRegistry] Agent 'generalist' loaded successfully

stdout | packages/renderer/src/services/agent/AgentArchitecture.test.ts > Multi-Agent Architecture Tests > 1. Context Pipeline & History > should include conversation history in the context
[AgentRegistry] Generalist agent pre-warmed successfully
[AgentRegistry] Generalist agent pre-warmed successfully

stdout | packages/renderer/src/services/agent/AgentArchitecture.test.ts > Multi-Agent Architecture Tests > 3. Dynamic Orchestration > should route based on user intent via LLM
[AgentOrchestrator] Routing: "Draft a contract" -> legal (original: legal, conf: 1)

stderr | packages/renderer/src/services/agent/AgentArchitecture.test.ts > Multi-Agent Architecture Tests > 3. Dynamic Orchestration > should fallback to generalist if LLM fails
[indii:Orchestrator] Routing failed, defaulting to generalist. Error: LLM Error
    at /Volumes/X SSD 2025/Users/narrowchannel/Desktop/indiiOS-Clean/packages/renderer/src/services/agent/AgentArchitecture.test.ts:215:65
    at file:///Volumes/X%20SSD%202025/Users/narrowchannel/Desktop/indiiOS-Clean/node_modules/@vitest/runner/dist/index.js:145:11
    at file:///Volumes/X%20SSD%202025/Users/narrowchannel/Desktop/indiiOS-Clean/node_modules/@vitest/runner/dist/index.js:915:26
    at file:///Volumes/X%20SSD%202025/Users/narrowchannel/Desktop/indiiOS-Clean/node_modules/@vitest/runner/dist/index.js:1243:20
    at new Promise (<anonymous>)
    at runWithTimeout (file:///Volumes/X%20SSD%202025/Users/narrowchannel/Desktop/indiiOS-Clean/node_modules/@vitest/runner/dist/index.js:1209:10)
    at file:///Volumes/X%20SSD%202025/Users/narrowchannel/Desktop/indiiOS-Clean/node_modules/@vitest/runner/dist/index.js:1653:37
    at Traces.$ (file:///Volumes/X%20SSD%202025/Users/narrowchannel/Desktop/indiiOS-Clean/node_modules/vitest/dist/chunks/traces.CCmnQaNT.js:142:27)
    at trace (file:///Volumes/X%20SSD%202025/Users/narrowchannel/Desktop/indiiOS-Clean/node_modules/vitest/dist/chunks/test.B8ej_ZHS.js:239:21)
    at runTest (file:///Volumes/X%20SSD%202025/Users/narrowchannel/Desktop/indiiOS-Clean/node_modules/@vitest/runner/dist/index.js:1653:12)

stderr | packages/renderer/src/services/agent/AgentArchitecture.test.ts > Multi-Agent Architecture Tests > 4. Specialist Agents Verification > should pass superpower tools to AI when executing
[RAGAgent] Knowledge Base Query Failed for marketing: TypeError: __vite_ssr_import_1__.GeminiRetrieval.query is not a function
    at RAGAgent._executeInternal (/Volumes/X SSD 2025/Users/narrowchannel/Desktop/indiiOS-Clean/packages/renderer/src/services/agent/RAGAgent.ts:37:57)
    at /Volumes/X SSD 2025/Users/narrowchannel/Desktop/indiiOS-Clean/packages/renderer/src/services/agent/BaseAgent.ts:263:35
    at RAGAgent.execute (/Volumes/X SSD 2025/Users/narrowchannel/Desktop/indiiOS-Clean/packages/renderer/src/services/agent/BaseAgent.ts:268:9)
    at /Volumes/X SSD 2025/Users/narrowchannel/Desktop/indiiOS-Clean/packages/renderer/src/services/agent/AgentArchitecture.test.ts:254:36
    at file:///Volumes/X%20SSD%202025/Users/narrowchannel/Desktop/indiiOS-Clean/node_modules/@vitest/runner/dist/index.js:145:11
    at file:///Volumes/X%20SSD%202025/Users/narrowchannel/Desktop/indiiOS-Clean/node_modules/@vitest/runner/dist/index.js:915:26
    at file:///Volumes/X%20SSD%202025/Users/narrowchannel/Desktop/indiiOS-Clean/node_modules/@vitest/runner/dist/index.js:1243:20
    at new Promise (<anonymous>)
    at runWithTimeout (file:///Volumes/X%20SSD%202025/Users/narrowchannel/Desktop/indiiOS-Clean/node_modules/@vitest/runner/dist/index.js:1209:10)
    at file:///Volumes/X%20SSD%202025/Users/narrowchannel/Desktop/indiiOS-Clean/node_modules/@vitest/runner/dist/index.js:1653:37

stdout | packages/renderer/src/services/agent/AgentArchitecture.test.ts > Multi-Agent Architecture Tests > 6. Direct Delegation Verification > should bypass orchestrator when forcedAgentId is provided
[AgentService] sendMessage routing: { isBoardroomMode: undefined }

stderr | packages/renderer/src/services/agent/AgentArchitecture.test.ts > Multi-Agent Architecture Tests > 6. Direct Delegation Verification > should bypass orchestrator when forcedAgentId is provided
[RAGAgent] Knowledge Base Query Failed for director: TypeError: __vite_ssr_import_1__.GeminiRetrieval.query is not a function
    at RAGAgent._executeInternal (/Volumes/X SSD 2025/Users/narrowchannel/Desktop/indiiOS-Clean/packages/renderer/src/services/agent/RAGAgent.ts:37:57)
    at /Volumes/X SSD 2025/Users/narrowchannel/Desktop/indiiOS-Clean/packages/renderer/src/services/agent/BaseAgent.ts:263:35
    at RAGAgent.execute (/Volumes/X SSD 2025/Users/narrowchannel/Desktop/indiiOS-Clean/packages/renderer/src/services/agent/BaseAgent.ts:268:9)
    at AgentExecutor.execute (/Volumes/X SSD 2025/Users/narrowchannel/Desktop/indiiOS-Clean/packages/renderer/src/services/agent/components/AgentExecutor.ts:136:42)
    at processTicksAndRejections (node:internal/process/task_queues:104:5)
    at AgentService.executeFlow (/Volumes/X SSD 2025/Users/narrowchannel/Desktop/indiiOS-Clean/packages/renderer/src/services/agent/AgentService.ts:334:24)
    at AgentService.sendMessage (/Volumes/X SSD 2025/Users/narrowchannel/Desktop/indiiOS-Clean/packages/renderer/src/services/agent/AgentService.ts:190:17)
    at /Volumes/X SSD 2025/Users/narrowchannel/Desktop/indiiOS-Clean/packages/renderer/src/services/agent/AgentArchitecture.test.ts:281:13
    at file:///Volumes/X%20SSD%202025/Users/narrowchannel/Desktop/indiiOS-Clean/node_modules/@vitest/runner/dist/index.js:915:20

stdout | packages/renderer/src/services/agent/AgentArchitecture.test.ts > Multi-Agent Architecture Tests > 7. Glass Box UI Verification > should update store with thoughts when onProgress is triggered
[AgentService] sendMessage routing: { isBoardroomMode: undefined }

 ✓ packages/renderer/src/services/agent/AgentArchitecture.test.ts (19 tests) 336ms
stderr | packages/renderer/src/services/agent/__tests__/AgentStreaming.test.ts > Agent Streaming > should handle tool calls after streaming
[MemoryService] Failed to get embedding, falling back to keyword search: Error: Batch result count mismatch: expected 1, got undefined
    at RequestBatcher.flush (/Volumes/X SSD 2025/Users/narrowchannel/Desktop/indiiOS-Clean/packages/renderer/src/utils/RequestBatcher.ts:51:23)

stderr | packages/renderer/src/services/agent/__tests__/AgentStreaming.test.ts > Agent Streaming > should handle tool calls after streaming
[GeneralistAgent] Loop detected: same tool save_memory called twice with same args

 ✓ packages/renderer/src/services/agent/__tests__/AgentStreaming.test.ts (2 tests) 675ms
     ✓ should handle tool calls after streaming  664ms
(node:34661) Warning: `--localstorage-file` was provided without a valid path
(Use `node --trace-warnings ...` to show where the warning was created)
stdout | packages/renderer/src/components/project/ResourceTree.a11y.test.tsx
[DistributorService] Registered adapter: DistroKid
[DistributorService] Registered adapter: TuneCore
[DistributorService] Registered adapter: CDBaby
[DistributorService] Registered adapter: Symphonic

(node:34666) Warning: `--localstorage-file` was provided without a valid path
(Use `node --trace-warnings ...` to show where the warning was created)
(node:34667) Warning: `--localstorage-file` was provided without a valid path
(Use `node --trace-warnings ...` to show where the warning was created)
(node:34673) Warning: `--localstorage-file` was provided without a valid path
(Use `node --trace-warnings ...` to show where the warning was created)
 ✓ packages/renderer/src/modules/merchandise/components/__tests__/LayersPanel.test.tsx (6 tests) 759ms
     ✓ handles visibility toggle  483ms
(node:34675) Warning: `--localstorage-file` was provided without a valid path
(Use `node --trace-warnings ...` to show where the warning was created)
Not implemented: Window's getComputedStyle() method: with pseudo-elements
Not implemented: Window's getComputedStyle() method: with pseudo-elements
Not implemented: Window's getComputedStyle() method: with pseudo-elements
Not implemented: Window's getComputedStyle() method: with pseudo-elements
Not implemented: Window's getComputedStyle() method: with pseudo-elements
Not implemented: Window's getComputedStyle() method: with pseudo-elements
Not implemented: Window's getComputedStyle() method: with pseudo-elements
Not implemented: Window's getComputedStyle() method: with pseudo-elements
Not implemented: Window's getComputedStyle() method: with pseudo-elements
Not implemented: Window's getComputedStyle() method: with pseudo-elements
 ✓ packages/renderer/src/modules/video/components/ZoomableTimeline.a11y.test.tsx (3 tests) 767ms
     ✓ should have no accessibility violations  723ms
Not implemented: Window's scrollTo() method
(node:34674) Warning: `--localstorage-file` was provided without a valid path
(Use `node --trace-warnings ...` to show where the warning was created)
Not implemented: Window's scrollTo() method
 ✓ packages/renderer/src/modules/distribution/components/__tests__/RegistrationChecklistPanel.test.tsx (5 tests) 699ms
     ✓ should render the checklist in expanded state by default  300ms
(node:34677) Warning: `--localstorage-file` was provided without a valid path
(Use `node --trace-warnings ...` to show where the warning was created)
stdout | packages/renderer/src/modules/merchandise/hooks/useAutoSave.test.ts > useAutoSave > should derive activeOrg from organizations array
Design "Test Design" auto-saved at 1:26:07 PM

(node:34676) Warning: `--localstorage-file` was provided without a valid path
(Use `node --trace-warnings ...` to show where the warning was created)
 ✓ packages/renderer/src/components/project/ResourceTree.a11y.test.tsx (4 tests) 613ms
     ✓ should have no accessibility violations  434ms
stdout | packages/renderer/src/modules/merchandise/hooks/useAutoSave.test.ts > useAutoSave > should serialize canvas and save to Firestore
Design "Test Design" auto-saved at 1:26:08 PM

stdout | packages/renderer/src/modules/merchandise/hooks/useAutoSave.test.ts > useAutoSave > should include createdAt only on first save
Design "Test Design" auto-saved at 1:26:08 PM

stdout | packages/renderer/src/modules/merchandise/hooks/useAutoSave.test.ts > useAutoSave > should include createdAt only on first save
Design "Test Design" auto-saved at 1:26:08 PM

 ✓ packages/renderer/src/modules/merchandise/hooks/useAutoSave.test.ts (10 tests) 475ms
 ✓ packages/renderer/src/components/ui/tabs.test.tsx (1 test) 389ms
     ✓ renders with correct accessibility roles  388ms
stderr | packages/renderer/src/modules/merchandise/components/AIGenerationDialog.test.tsx > AIGenerationDialog > handles QuotaExceededError correctly
AI generation error: QuotaExceededError: Quota exceeded: images. Upgrade to Pro
    at /Volumes/X SSD 2025/Users/narrowchannel/Desktop/indiiOS-Clean/packages/renderer/src/modules/merchandise/components/AIGenerationDialog.test.tsx:89:23
    at file:///Volumes/X%20SSD%202025/Users/narrowchannel/Desktop/indiiOS-Clean/node_modules/@vitest/runner/dist/index.js:145:11
    at file:///Volumes/X%20SSD%202025/Users/narrowchannel/Desktop/indiiOS-Clean/node_modules/@vitest/runner/dist/index.js:915:26
    at file:///Volumes/X%20SSD%202025/Users/narrowchannel/Desktop/indiiOS-Clean/node_modules/@vitest/runner/dist/index.js:1243:20
    at new Promise (<anonymous>)
    at runWithTimeout (file:///Volumes/X%20SSD%202025/Users/narrowchannel/Desktop/indiiOS-Clean/node_modules/@vitest/runner/dist/index.js:1209:10)
    at file:///Volumes/X%20SSD%202025/Users/narrowchannel/Desktop/indiiOS-Clean/node_modules/@vitest/runner/dist/index.js:1653:37
    at Traces.$ (file:///Volumes/X%20SSD%202025/Users/narrowchannel/Desktop/indiiOS-Clean/node_modules/vitest/dist/chunks/traces.CCmnQaNT.js:142:27)
    at trace (file:///Volumes/X%20SSD%202025/Users/narrowchannel/Desktop/indiiOS-Clean/node_modules/vitest/dist/chunks/test.B8ej_ZHS.js:239:21)
    at runTest (file:///Volumes/X%20SSD%202025/Users/narrowchannel/Desktop/indiiOS-Clean/node_modules/@vitest/runner/dist/index.js:1653:12) {
  code: 'QUOTA_EXCEEDED',
  details: {
    context: {
      limitType: 'images',
      currentTier: 'free',
      currentUsage: 5,
      maxAllowed: 5
    }
  },
  limitType: 'images',
  upgradeMessage: 'Upgrade to Pro',
  currentTier: 'free',
  currentUsage: 5,
  maxAllowed: 5
}

stderr | packages/renderer/src/modules/merchandise/components/AIGenerationDialog.test.tsx > AIGenerationDialog > handles generic errors correctly
AI generation error: Error: Network error
    at /Volumes/X SSD 2025/Users/narrowchannel/Desktop/indiiOS-Clean/packages/renderer/src/modules/merchandise/components/AIGenerationDialog.test.tsx:114:85
    at file:///Volumes/X%20SSD%202025/Users/narrowchannel/Desktop/indiiOS-Clean/node_modules/@vitest/runner/dist/index.js:145:11
    at file:///Volumes/X%20SSD%202025/Users/narrowchannel/Desktop/indiiOS-Clean/node_modules/@vitest/runner/dist/index.js:915:26
    at file:///Volumes/X%20SSD%202025/Users/narrowchannel/Desktop/indiiOS-Clean/node_modules/@vitest/runner/dist/index.js:1243:20
    at new Promise (<anonymous>)
    at runWithTimeout (file:///Volumes/X%20SSD%202025/Users/narrowchannel/Desktop/indiiOS-Clean/node_modules/@vitest/runner/dist/index.js:1209:10)
    at file:///Volumes/X%20SSD%202025/Users/narrowchannel/Desktop/indiiOS-Clean/node_modules/@vitest/runner/dist/index.js:1653:37
    at Traces.$ (file:///Volumes/X%20SSD%202025/Users/narrowchannel/Desktop/indiiOS-Clean/node_modules/vitest/dist/chunks/traces.CCmnQaNT.js:142:27)
    at trace (file:///Volumes/X%20SSD%202025/Users/narrowchannel/Desktop/indiiOS-Clean/node_modules/vitest/dist/chunks/test.B8ej_ZHS.js:239:21)
    at runTest (file:///Volumes/X%20SSD%202025/Users/narrowchannel/Desktop/indiiOS-Clean/node_modules/@vitest/runner/dist/index.js:1653:12)

 ✓ packages/renderer/src/modules/merchandise/components/AIGenerationDialog.test.tsx (5 tests) 632ms
     ✓ renders correctly when open  451ms
stderr | packages/renderer/src/components/kokonutui/ai-input-search.a11y.test.tsx > Access: AI_Input_Search Accessibility > passes automated axe-core checks
Warning: React does not recognize the `whileHover` prop on a DOM element. If you intentionally want it to appear in the DOM as a custom attribute, spell it as lowercase `whilehover` instead. If you accidentally passed it from a parent component, remove it from the DOM element.
    at div
    at div (/Volumes/X SSD 2025/Users/narrowchannel/Desktop/indiiOS-Clean/packages/renderer/src/components/kokonutui/ai-input-search.a11y.test.tsx:9:13)
    at div
    at button
    at div
    at div
    at div
    at div
    at div
    at AI_Input_Search (/Volumes/X SSD 2025/Users/narrowchannel/Desktop/indiiOS-Clean/packages/renderer/src/components/kokonutui/ai-input-search.tsx:20:10)

 ✓ packages/renderer/src/components/kokonutui/ai-input-search.a11y.test.tsx (6 tests) 730ms
     ✓ passes automated axe-core checks  532ms
stdout | packages/renderer/src/modules/touring/RoadManager.test.tsx
[FreezeDiagnostic] Freezing Agent "marketing" tools schema...
[FreezeDiagnostic] Agent "marketing" tools schema is now IMMUTABLE.

stdout | packages/renderer/src/modules/touring/RoadManager.test.tsx
[FreezeDiagnostic] Freezing Agent "social" tools schema...
[FreezeDiagnostic] Agent "social" tools schema is now IMMUTABLE.

stdout | packages/renderer/src/modules/touring/RoadManager.test.tsx
[FreezeDiagnostic] Freezing Agent "road" tools schema...
[FreezeDiagnostic] Agent "road" tools schema is now IMMUTABLE.

stdout | packages/renderer/src/modules/touring/RoadManager.test.tsx
[FreezeDiagnostic] Freezing Agent "licensing" tools schema...
[FreezeDiagnostic] Agent "licensing" tools schema is now IMMUTABLE.

stdout | packages/renderer/src/modules/touring/RoadManager.test.tsx
[FreezeDiagnostic] Freezing Agent "security" tools schema...
[FreezeDiagnostic] Agent "security" tools schema is now IMMUTABLE.

stdout | packages/renderer/src/modules/touring/RoadManager.test.tsx
[FreezeDiagnostic] Freezing Agent "devops" tools schema...
[FreezeDiagnostic] Agent "devops" tools schema is now IMMUTABLE.

stdout | packages/renderer/src/modules/touring/RoadManager.test.tsx
[FreezeDiagnostic] Freezing Agent "music" tools schema...
[FreezeDiagnostic] Agent "music" tools schema is now IMMUTABLE.

stdout | packages/renderer/src/modules/touring/RoadManager.test.tsx
[FreezeDiagnostic] Freezing Agent "marketing" tools schema...
[FreezeDiagnostic] Agent "marketing" tools schema is now IMMUTABLE.
[FreezeDiagnostic] Freezing Agent "legal" tools schema...
[FreezeDiagnostic] Agent "legal" tools schema is now IMMUTABLE.
[FreezeDiagnostic] Freezing Agent "finance" tools schema...
[FreezeDiagnostic] Agent "finance" tools schema is now IMMUTABLE.
[FreezeDiagnostic] Freezing Agent "producer" tools schema...
[FreezeDiagnostic] Agent "producer" tools schema is now IMMUTABLE.
[FreezeDiagnostic] Freezing Agent "director" tools schema...
[FreezeDiagnostic] Agent "director" tools schema is now IMMUTABLE.
[FreezeDiagnostic] Freezing Agent "screenwriter" tools schema...
[FreezeDiagnostic] Agent "screenwriter" tools schema is now IMMUTABLE.
[FreezeDiagnostic] Freezing Agent "video" tools schema...
[FreezeDiagnostic] Agent "video" tools schema is now IMMUTABLE.
[FreezeDiagnostic] Freezing Agent "social" tools schema...
[FreezeDiagnostic] Agent "social" tools schema is now IMMUTABLE.
[FreezeDiagnostic] Freezing Agent "publicist" tools schema...
[FreezeDiagnostic] Agent "publicist" tools schema is now IMMUTABLE.
[FreezeDiagnostic] Freezing Agent "road" tools schema...
[FreezeDiagnostic] Agent "road" tools schema is now IMMUTABLE.
[FreezeDiagnostic] Freezing Agent "publishing" tools schema...
[FreezeDiagnostic] Agent "publishing" tools schema is now IMMUTABLE.
[FreezeDiagnostic] Freezing Agent "licensing" tools schema...
[FreezeDiagnostic] Agent "licensing" tools schema is now IMMUTABLE.
[FreezeDiagnostic] Freezing Agent "brand" tools schema...
[FreezeDiagnostic] Agent "brand" tools schema is now IMMUTABLE.
[FreezeDiagnostic] Freezing Agent "devops" tools schema...
[FreezeDiagnostic] Agent "devops" tools schema is now IMMUTABLE.
[FreezeDiagnostic] Freezing Agent "security" tools schema...
[FreezeDiagnostic] Agent "security" tools schema is now IMMUTABLE.
[FreezeDiagnostic] Freezing Agent "distribution" tools schema...
[FreezeDiagnostic] Agent "distribution" tools schema is now IMMUTABLE.
[FreezeDiagnostic] Freezing Agent "music" tools schema...
[FreezeDiagnostic] Agent "music" tools schema is now IMMUTABLE.

stdout | packages/renderer/src/modules/touring/RoadManager.test.tsx
[AgentRegistry] Pre-warming Generalist agent...
[AgentRegistry] Loading agent 'generalist'...

(node:34686) Warning: `--localstorage-file` was provided without a valid path
(Use `node --trace-warnings ...` to show where the warning was created)
(node:34691) Warning: `--localstorage-file` was provided without a valid path
(Use `node --trace-warnings ...` to show where the warning was created)
(node:34689) Warning: `--localstorage-file` was provided without a valid path
(Use `node --trace-warnings ...` to show where the warning was created)
(node:34693) Warning: `--localstorage-file` was provided without a valid path
(Use `node --trace-warnings ...` to show where the warning was created)
(node:34695) Warning: `--localstorage-file` was provided without a valid path
(Use `node --trace-warnings ...` to show where the warning was created)
stdout | packages/renderer/src/modules/touring/RoadManager.test.tsx > RoadManager > generates itinerary when inputs are valid
Mock httpsCallable called for: generateItinerary
Mock function executed for generateItinerary with data: {
  locations: [ 'New York' ],
  dates: { start: '2023-10-01', end: '2023-10-10' }
}

 ✓ packages/renderer/src/services/agent/components/Keeper_ContextLeak.test.ts (3 tests) 447ms
(node:34700) Warning: `--localstorage-file` was provided without a valid path
(Use `node --trace-warnings ...` to show where the warning was created)
stdout | packages/renderer/src/modules/touring/RoadManager.test.tsx > RoadManager > checks logistics after generating itinerary
Mock httpsCallable called for: checkLogistics
Mock function executed for checkLogistics with data: {
  itinerary: {
    id: '123',
    tourName: 'Test Tour',
    stops: [ [Object] ],
    totalDistance: '1000 km',
    estimatedBudget: '$50'
  }
}

 ✓ packages/renderer/src/components/studio/PropertiesPanel.test.tsx (2 tests) 276ms
 ✓ packages/renderer/src/modules/touring/RoadManager.test.tsx (4 tests) 888ms
     ✓ renders input fields  385ms
(node:34699) Warning: `--localstorage-file` was provided without a valid path
(Use `node --trace-warnings ...` to show where the warning was created)
 ✓ packages/renderer/src/modules/marketing/components/CampaignCard.test.tsx (6 tests) 548ms
     ✓ renders with correct accessibility roles  321ms
Not implemented: HTMLMediaElement's pause() method
Not implemented: HTMLMediaElement's load() method
 ✓ packages/renderer/src/modules/tools/AudioAnalyzer.a11y.test.tsx (1 test) 335ms
     ✓ should have accessible controls  333ms
(node:34702) Warning: `--localstorage-file` was provided without a valid path
(Use `node --trace-warnings ...` to show where the warning was created)
 ✓ packages/renderer/src/components/kokonutui/file-upload.interaction.test.tsx (1 test) 451ms
     ✓ completes the full upload lifecycle: Select -> Uploading (Progress) -> Success -> Reset  450ms
stderr | packages/renderer/src/components/kokonutui/file-upload.test.tsx > FileUpload > displays progress bar with role="progressbar" during upload
Warning: An update to FileUpload inside a test was not wrapped in act(...).

When testing, code that causes React state updates should be wrapped into act(...):

act(() => {
  /* fire events that update state */
});
/* assert on the output */

This ensures that you're testing the behavior the user would see in the browser. Learn more at https://reactjs.org/link/wrap-tests-with-act
    at FileUpload (/Volumes/X SSD 2025/Users/narrowchannel/Desktop/indiiOS-Clean/packages/renderer/src/components/kokonutui/file-upload.tsx:428:3)

 ✓ packages/renderer/src/components/kokonutui/file-upload.test.tsx (9 tests) 578ms
 ✓ packages/renderer/src/modules/video/editor/components/VideoPropertiesPanel.test.tsx (3 tests) 449ms
     ✓ renders properties for selected clip  335ms
 ✓ packages/renderer/src/components/ui/prompt-input.test.tsx (7 tests) 793ms
     ✓ updates value when typing  355ms
(node:34714) Warning: `--localstorage-file` was provided without a valid path
(Use `node --trace-warnings ...` to show where the warning was created)
(node:34715) Warning: `--localstorage-file` was provided without a valid path
(Use `node --trace-warnings ...` to show where the warning was created)
(node:34716) Warning: `--localstorage-file` was provided without a valid path
(Use `node --trace-warnings ...` to show where the warning was created)
(node:34718) Warning: `--localstorage-file` was provided without a valid path
(Use `node --trace-warnings ...` to show where the warning was created)
(node:34720) Warning: `--localstorage-file` was provided without a valid path
(Use `node --trace-warnings ...` to show where the warning was created)
(node:34721) Warning: `--localstorage-file` was provided without a valid path
(Use `node --trace-warnings ...` to show where the warning was created)
(node:34727) Warning: `--localstorage-file` was provided without a valid path
(Use `node --trace-warnings ...` to show where the warning was created)
stderr | packages/renderer/src/core/components/CommandBar.responsive.test.tsx > 📱 Viewport: CommandBar Responsiveness > adapts layout for mobile devices (JS-driven adaptation)
Warning: Received `false` for a non-boolean attribute `initial`.

If you want to write it to the DOM, pass a string instead: initial="false" or initial={value.toString()}.

If you used to conditionally omit it with initial={condition && value}, pass initial={condition ? value : undefined} instead.
    at div
    at div (/Volumes/X SSD 2025/Users/narrowchannel/Desktop/indiiOS-Clean/packages/renderer/src/core/components/CommandBar.responsive.test.tsx:110:13)
    at AnimatePresence (/Volumes/X SSD 2025/Users/narrowchannel/Desktop/indiiOS-Clean/packages/renderer/src/core/components/CommandBar.responsive.test.tsx:116:23)
    at CommandBar (/Volumes/X SSD 2025/Users/narrowchannel/Desktop/indiiOS-Clean/packages/renderer/src/core/components/CommandBar.tsx:33:41)
Warning: Received `true` for a non-boolean attribute `drag`.

If you want to write it to the DOM, pass a string instead: drag="true" or drag={value.toString()}.
    at div
    at div (/Volumes/X SSD 2025/Users/narrowchannel/Desktop/indiiOS-Clean/packages/renderer/src/core/components/CommandBar.responsive.test.tsx:110:13)
    at AnimatePresence (/Volumes/X SSD 2025/Users/narrowchannel/Desktop/indiiOS-Clean/packages/renderer/src/core/components/CommandBar.responsive.test.tsx:116:23)
    at CommandBar (/Volumes/X SSD 2025/Users/narrowchannel/Desktop/indiiOS-Clean/packages/renderer/src/core/components/CommandBar.tsx:33:41)
Warning: React does not recognize the `dragMomentum` prop on a DOM element. If you intentionally want it to appear in the DOM as a custom attribute, spell it as lowercase `dragmomentum` instead. If you accidentally passed it from a parent component, remove it from the DOM element.
    at div
    at div (/Volumes/X SSD 2025/Users/narrowchannel/Desktop/indiiOS-Clean/packages/renderer/src/core/components/CommandBar.responsive.test.tsx:110:13)
    at AnimatePresence (/Volumes/X SSD 2025/Users/narrowchannel/Desktop/indiiOS-Clean/packages/renderer/src/core/components/CommandBar.responsive.test.tsx:116:23)
    at CommandBar (/Volumes/X SSD 2025/Users/narrowchannel/Desktop/indiiOS-Clean/packages/renderer/src/core/components/CommandBar.tsx:33:41)
Warning: React does not recognize the `dragElastic` prop on a DOM element. If you intentionally want it to appear in the DOM as a custom attribute, spell it as lowercase `dragelastic` instead. If you accidentally passed it from a parent component, remove it from the DOM element.
    at div
    at div (/Volumes/X SSD 2025/Users/narrowchannel/Desktop/indiiOS-Clean/packages/renderer/src/core/components/CommandBar.responsive.test.tsx:110:13)
    at AnimatePresence (/Volumes/X SSD 2025/Users/narrowchannel/Desktop/indiiOS-Clean/packages/renderer/src/core/components/CommandBar.responsive.test.tsx:116:23)
    at CommandBar (/Volumes/X SSD 2025/Users/narrowchannel/Desktop/indiiOS-Clean/packages/renderer/src/core/components/CommandBar.tsx:33:41)
Warning: React does not recognize the `dragConstraints` prop on a DOM element. If you intentionally want it to appear in the DOM as a custom attribute, spell it as lowercase `dragconstraints` instead. If you accidentally passed it from a parent component, remove it from the DOM element.
    at div
    at div (/Volumes/X SSD 2025/Users/narrowchannel/Desktop/indiiOS-Clean/packages/renderer/src/core/components/CommandBar.responsive.test.tsx:110:13)
    at AnimatePresence (/Volumes/X SSD 2025/Users/narrowchannel/Desktop/indiiOS-Clean/packages/renderer/src/core/components/CommandBar.responsive.test.tsx:116:23)
    at CommandBar (/Volumes/X SSD 2025/Users/narrowchannel/Desktop/indiiOS-Clean/packages/renderer/src/core/components/CommandBar.tsx:33:41)

(node:34730) Warning: `--localstorage-file` was provided without a valid path
(Use `node --trace-warnings ...` to show where the warning was created)
 ✓ packages/renderer/src/core/components/CommandBar.responsive.test.tsx (2 tests) 763ms
     ✓ adapts layout for mobile devices (JS-driven adaptation)  564ms
stderr | packages/renderer/src/modules/video/VideoWorkflow.test.tsx
THREE.WARNING: Multiple instances of Three.js being imported.

 ✓ packages/renderer/src/modules/dashboard/components/NewProjectModal.test.tsx (6 tests) 867ms
     ✓ shows loading state during creation  351ms
(node:34731) Warning: `--localstorage-file` was provided without a valid path
(Use `node --trace-warnings ...` to show where the warning was created)
 ✓ packages/renderer/src/modules/social/SocialDashboard.test.tsx (5 tests) 806ms
 ✓ packages/renderer/src/modules/creative/components/CreativeGallery.test.tsx (3 tests) 945ms
     ✓ buttons have accessibility attributes  859ms
 ✓ packages/renderer/src/modules/marketing/components/CreateCampaignModal.test.tsx (3 tests) 216ms
stdout | packages/renderer/src/modules/video/VideoWorkflow.test.tsx > VideoWorkflow > triggers video generation and sets jobId
[VideoGeneration] Prompt selection: {
  promptOverride: '"Cyberpunk city..."',
  localPrompt: '(empty)',
  globalPrompt: '(empty)',
  selected: '"Cyberpunk city..."'
}
[VideoGeneration] 🔇 Audio suppression enabled — negative prompt augmented

 ✓ packages/renderer/src/modules/video/VideoWorkflow.test.tsx (2 tests) 531ms
     ✓ triggers video generation and sets jobId  514ms
 ✓ packages/renderer/src/modules/marketing/components/CampaignDashboard.test.tsx (2 tests) 1082ms
     ✓ renders empty state initially  353ms
     ✓ opens create modal when clicking create button  724ms
 ✓ packages/renderer/src/modules/creative/components/__tests__/DaisyChainControls.test.tsx (4 tests) 568ms
     ✓ renders initial state correctly  495ms
 ✓ packages/renderer/src/components/ui/ThreeDCard.a11y.test.tsx (3 tests) 714ms
     ✓ should be semantically correct when interactive  445ms
(node:34745) Warning: `--localstorage-file` was provided without a valid path
(Use `node --trace-warnings ...` to show where the warning was created)
(node:34749) Warning: `--localstorage-file` was provided without a valid path
(Use `node --trace-warnings ...` to show where the warning was created)
(node:34751) Warning: `--localstorage-file` was provided without a valid path
(Use `node --trace-warnings ...` to show where the warning was created)
(node:34748) Warning: `--localstorage-file` was provided without a valid path
(Use `node --trace-warnings ...` to show where the warning was created)
(node:34754) Warning: `--localstorage-file` was provided without a valid path
(Use `node --trace-warnings ...` to show where the warning was created)
 ✓ packages/renderer/src/modules/distribution/components/__tests__/AuthorityPanel.test.tsx (4 tests) 152ms
(node:34755) Warning: `--localstorage-file` was provided without a valid path
(Use `node --trace-warnings ...` to show where the warning was created)
(node:34759) Warning: `--localstorage-file` was provided without a valid path
(Use `node --trace-warnings ...` to show where the warning was created)
stderr | packages/renderer/src/modules/licensing/LicensingDashboard.test.tsx > LicensingDashboard > renders dashboard content when loaded
Warning: Function components cannot be given refs. Attempts to access this ref will fail. Did you mean to use React.forwardRef()?

Check the render method of `PopChild`.
    at EmptyActionState (/Volumes/X SSD 2025/Users/narrowchannel/Desktop/indiiOS-Clean/packages/renderer/src/modules/licensing/components/EmptyActionState.tsx:6:9)
    at PopChildMeasure (file:///Volumes/X%20SSD%202025/Users/narrowchannel/Desktop/indiiOS-Clean/node_modules/framer-motion/dist/es/components/AnimatePresence/PopChild.mjs:13:1)
    at PopChild (file:///Volumes/X%20SSD%202025/Users/narrowchannel/Desktop/indiiOS-Clean/node_modules/framer-motion/dist/es/components/AnimatePresence/PopChild.mjs:42:21)
    at PresenceChild (file:///Volumes/X%20SSD%202025/Users/narrowchannel/Desktop/indiiOS-Clean/node_modules/framer-motion/dist/es/components/AnimatePresence/PresenceChild.mjs:9:26)
    at AnimatePresence (file:///Volumes/X%20SSD%202025/Users/narrowchannel/Desktop/indiiOS-Clean/node_modules/framer-motion/dist/es/components/AnimatePresence/index.mjs:44:28)
    at section
    at div
    at /Volumes/X SSD 2025/Users/narrowchannel/Desktop/indiiOS-Clean/packages/renderer/src/components/ui/tabs.tsx:125:57
    at div
    at /Volumes/X SSD 2025/Users/narrowchannel/Desktop/indiiOS-Clean/packages/renderer/src/components/ui/tabs.tsx:10:6
    at div
    at div
    at div
    at div
    at ModuleErrorBoundary (/Volumes/X SSD 2025/Users/narrowchannel/Desktop/indiiOS-Clean/packages/renderer/src/core/components/ModuleErrorBoundary.tsx:7:1)
    at ThreePanelDashboard (/Volumes/X SSD 2025/Users/narrowchannel/Desktop/indiiOS-Clean/packages/renderer/src/components/layout/ThreePanelDashboard.tsx:5:3)
    at LicensingDashboard (/Volumes/X SSD 2025/Users/narrowchannel/Desktop/indiiOS-Clean/packages/renderer/src/modules/licensing/LicensingDashboard.tsx:23:100)

(node:34758) Warning: `--localstorage-file` was provided without a valid path
(Use `node --trace-warnings ...` to show where the warning was created)
stderr | packages/renderer/src/modules/finance/components/LabelDealRecoupment.test.tsx > LabelDealRecoupment > renders a deal card when Firestore returns data
Warning: Received `true` for a non-boolean attribute `layout`.

If you want to write it to the DOM, pass a string instead: layout="true" or layout={value.toString()}.
    at div
    at div (/Volumes/X SSD 2025/Users/narrowchannel/Desktop/indiiOS-Clean/packages/renderer/src/modules/finance/components/LabelDealRecoupment.test.tsx:29:13)
    at DealRow (/Volumes/X SSD 2025/Users/narrowchannel/Desktop/indiiOS-Clean/packages/renderer/src/modules/finance/components/LabelDealRecoupment.tsx:286:20)
    at div
    at div
    at LabelDealRecoupment (/Volumes/X SSD 2025/Users/narrowchannel/Desktop/indiiOS-Clean/packages/renderer/src/modules/finance/components/LabelDealRecoupment.tsx:586:63)

 ✓ packages/renderer/src/modules/licensing/LicensingDashboard.test.tsx (3 tests) 289ms
 ✓ packages/renderer/src/modules/finance/components/LabelDealRecoupment.test.tsx (5 tests) 482ms
     ✓ renders empty state when no deals exist  355ms
 ✓ packages/renderer/src/core/components/command-bar/PromptArea.a11y.test.tsx (2 tests) 639ms
     ✓ renders all action buttons with focus-visible styles  601ms
(node:34761) Warning: `--localstorage-file` was provided without a valid path
(Use `node --trace-warnings ...` to show where the warning was created)
 ✓ packages/renderer/src/modules/knowledge/components/KnowledgeChat.test.tsx (7 tests) 714ms
     ✓ handles progressive streaming responses correctly  334ms
 ✓ packages/renderer/src/modules/legal/components/DMCANoticeGenerator.test.tsx (6 tests) 617ms
stdout | packages/renderer/src/modules/creative/components/whisk/__tests__/WhiskDropZone.a11y.test.tsx
[DistributorService] Registered adapter: DistroKid
[DistributorService] Registered adapter: TuneCore
[DistributorService] Registered adapter: CDBaby
[DistributorService] Registered adapter: Symphonic

 ✓ packages/renderer/src/components/ui/tabs.a11y.test.tsx (2 tests) 701ms
     ✓ should have no accessibility violations  586ms
stderr | packages/renderer/src/modules/creative/components/whisk/__tests__/WhiskDropZone.a11y.test.tsx > WhiskDropZone Accessibility > should have no accessibility violations
Warning: Received `true` for a non-boolean attribute `layout`.

If you want to write it to the DOM, pass a string instead: layout="true" or layout={value.toString()}.
    at div
    at div (/Volumes/X SSD 2025/Users/narrowchannel/Desktop/indiiOS-Clean/packages/renderer/src/modules/creative/components/whisk/__tests__/WhiskDropZone.a11y.test.tsx:14:15)
    at div
    at div
    at div
    at div (/Volumes/X SSD 2025/Users/narrowchannel/Desktop/indiiOS-Clean/packages/renderer/src/modules/creative/components/whisk/__tests__/WhiskDropZone.a11y.test.tsx:14:15)
    at AnimatePresence (/Volumes/X SSD 2025/Users/narrowchannel/Desktop/indiiOS-Clean/packages/renderer/src/modules/creative/components/whisk/__tests__/WhiskDropZone.a11y.test.tsx:8:25)
    at div
    at WhiskDropZone (/Volumes/X SSD 2025/Users/narrowchannel/Desktop/indiiOS-Clean/packages/renderer/src/modules/creative/components/whisk/WhiskDropZone.tsx:9:26)

stderr | packages/renderer/src/modules/marketing/components/CampaignManager.integration.test.tsx > CampaignManager Integration > handles backend errors gracefully
Campaign Execution Failed: Error: Validation Failed
    at /Volumes/X SSD 2025/Users/narrowchannel/Desktop/indiiOS-Clean/packages/renderer/src/modules/marketing/components/CampaignManager.integration.test.tsx:118:45
    at file:///Volumes/X%20SSD%202025/Users/narrowchannel/Desktop/indiiOS-Clean/node_modules/@vitest/runner/dist/index.js:145:11
    at file:///Volumes/X%20SSD%202025/Users/narrowchannel/Desktop/indiiOS-Clean/node_modules/@vitest/runner/dist/index.js:915:26
    at file:///Volumes/X%20SSD%202025/Users/narrowchannel/Desktop/indiiOS-Clean/node_modules/@vitest/runner/dist/index.js:1243:20
    at new Promise (<anonymous>)
    at runWithTimeout (file:///Volumes/X%20SSD%202025/Users/narrowchannel/Desktop/indiiOS-Clean/node_modules/@vitest/runner/dist/index.js:1209:10)
    at file:///Volumes/X%20SSD%202025/Users/narrowchannel/Desktop/indiiOS-Clean/node_modules/@vitest/runner/dist/index.js:1653:37
    at Traces.$ (file:///Volumes/X%20SSD%202025/Users/narrowchannel/Desktop/indiiOS-Clean/node_modules/vitest/dist/chunks/traces.CCmnQaNT.js:142:27)
    at trace (file:///Volumes/X%20SSD%202025/Users/narrowchannel/Desktop/indiiOS-Clean/node_modules/vitest/dist/chunks/test.B8ej_ZHS.js:239:21)
    at runTest (file:///Volumes/X%20SSD%202025/Users/narrowchannel/Desktop/indiiOS-Clean/node_modules/@vitest/runner/dist/index.js:1653:12)

(node:34770) Warning: `--localstorage-file` was provided without a valid path
(Use `node --trace-warnings ...` to show where the warning was created)
 ✓ packages/renderer/src/modules/marketing/components/CampaignManager.integration.test.tsx (2 tests) 822ms
     ✓ calls executeCampaign cloud function with correct payload when "Execute" is clicked  519ms
     ✓ handles backend errors gracefully  301ms
 ✓ packages/renderer/src/modules/creative/components/whisk/__tests__/WhiskDropZone.a11y.test.tsx (2 tests) 614ms
     ✓ should have no accessibility violations  598ms
(node:34777) Warning: `--localstorage-file` was provided without a valid path
(Use `node --trace-warnings ...` to show where the warning was created)
(node:34775) Warning: `--localstorage-file` was provided without a valid path
(Use `node --trace-warnings ...` to show where the warning was created)
(node:34779) Warning: `--localstorage-file` was provided without a valid path
(Use `node --trace-warnings ...` to show where the warning was created)
(node:34782) Warning: `--localstorage-file` was provided without a valid path
(Use `node --trace-warnings ...` to show where the warning was created)
(node:34783) Warning: `--localstorage-file` was provided without a valid path
(Use `node --trace-warnings ...` to show where the warning was created)
stderr | packages/renderer/src/modules/dashboard/components/NewProjectModal.pulse.test.tsx > 💓 Pulse: NewProjectModal Feedback Loops > Scenario: The "Error" Feedback Loop - Failures are loud and clear
Operation failed: Error: Failed
    at handleCreate (/Volumes/X SSD 2025/Users/narrowchannel/Desktop/indiiOS-Clean/packages/renderer/src/modules/dashboard/components/NewProjectModal.pulse.test.tsx:69:23)
    at handleCreate (/Volumes/X SSD 2025/Users/narrowchannel/Desktop/indiiOS-Clean/packages/renderer/src/modules/dashboard/components/NewProjectModal.tsx:46:7)

 ✓ packages/renderer/src/modules/dashboard/components/NewProjectModal.pulse.test.tsx (2 tests) 703ms
     ✓ Scenario: The "Loading" Pulse - Instant feedback on action  574ms
 ✓ packages/renderer/src/core/components/chat/CodeBlock.test.tsx (3 tests) 503ms
     ✓ is accessible  359ms
 ✓ packages/renderer/src/modules/agent/components/BrowserAgentTester.test.tsx (5 tests) 728ms
     ✓ renders initial state correctly  421ms
 ✓ packages/renderer/src/modules/creative/components/DaisyChainControls.test.tsx (12 tests) 416ms
(node:34788) Warning: `--localstorage-file` was provided without a valid path
(Use `node --trace-warnings ...` to show where the warning was created)
 ✓ packages/renderer/src/core/components/chat/JsonViewer.test.tsx (4 tests) 719ms
     ✓ toggles content on click  307ms
(node:34792) Warning: `--localstorage-file` was provided without a valid path
(Use `node --trace-warnings ...` to show where the warning was created)
 ✓ packages/renderer/src/modules/creative/components/CanvasToolbar.test.tsx (7 tests) 975ms
     ✓ renders all tool buttons with accessible names  581ms
(node:34793) Warning: `--localstorage-file` was provided without a valid path
(Use `node --trace-warnings ...` to show where the warning was created)
stdout | packages/renderer/src/services/agent/AgentIntegration.test.ts
[FreezeDiagnostic] Freezing Agent "marketing" tools schema...
[FreezeDiagnostic] Agent "marketing" tools schema is now IMMUTABLE.

stdout | packages/renderer/src/services/agent/AgentIntegration.test.ts
[FreezeDiagnostic] Freezing Agent "social" tools schema...
[FreezeDiagnostic] Agent "social" tools schema is now IMMUTABLE.

stdout | packages/renderer/src/services/agent/AgentIntegration.test.ts
[FreezeDiagnostic] Freezing Agent "road" tools schema...
[FreezeDiagnostic] Agent "road" tools schema is now IMMUTABLE.

stdout | packages/renderer/src/services/agent/AgentIntegration.test.ts
[FreezeDiagnostic] Freezing Agent "licensing" tools schema...
[FreezeDiagnostic] Agent "licensing" tools schema is now IMMUTABLE.

stdout | packages/renderer/src/services/agent/AgentIntegration.test.ts
[FreezeDiagnostic] Freezing Agent "security" tools schema...
[FreezeDiagnostic] Agent "security" tools schema is now IMMUTABLE.

stdout | packages/renderer/src/services/agent/AgentIntegration.test.ts
[FreezeDiagnostic] Freezing Agent "devops" tools schema...
[FreezeDiagnostic] Agent "devops" tools schema is now IMMUTABLE.

stdout | packages/renderer/src/services/agent/AgentIntegration.test.ts
[FreezeDiagnostic] Freezing Agent "music" tools schema...
[FreezeDiagnostic] Agent "music" tools schema is now IMMUTABLE.

stdout | packages/renderer/src/services/agent/AgentIntegration.test.ts
[FreezeDiagnostic] Freezing Agent "marketing" tools schema...
[FreezeDiagnostic] Agent "marketing" tools schema is now IMMUTABLE.
[FreezeDiagnostic] Freezing Agent "legal" tools schema...
[FreezeDiagnostic] Agent "legal" tools schema is now IMMUTABLE.
[FreezeDiagnostic] Freezing Agent "finance" tools schema...
[FreezeDiagnostic] Agent "finance" tools schema is now IMMUTABLE.
[FreezeDiagnostic] Freezing Agent "producer" tools schema...
[FreezeDiagnostic] Agent "producer" tools schema is now IMMUTABLE.
[FreezeDiagnostic] Freezing Agent "director" tools schema...
[FreezeDiagnostic] Agent "director" tools schema is now IMMUTABLE.
[FreezeDiagnostic] Freezing Agent "screenwriter" tools schema...
[FreezeDiagnostic] Agent "screenwriter" tools schema is now IMMUTABLE.
[FreezeDiagnostic] Freezing Agent "video" tools schema...
[FreezeDiagnostic] Agent "video" tools schema is now IMMUTABLE.
[FreezeDiagnostic] Freezing Agent "social" tools schema...
[FreezeDiagnostic] Agent "social" tools schema is now IMMUTABLE.
[FreezeDiagnostic] Freezing Agent "publicist" tools schema...
[FreezeDiagnostic] Agent "publicist" tools schema is now IMMUTABLE.
[FreezeDiagnostic] Freezing Agent "road" tools schema...
[FreezeDiagnostic] Agent "road" tools schema is now IMMUTABLE.
[FreezeDiagnostic] Freezing Agent "publishing" tools schema...
[FreezeDiagnostic] Agent "publishing" tools schema is now IMMUTABLE.
[FreezeDiagnostic] Freezing Agent "licensing" tools schema...
[FreezeDiagnostic] Agent "licensing" tools schema is now IMMUTABLE.
[FreezeDiagnostic] Freezing Agent "brand" tools schema...
[FreezeDiagnostic] Agent "brand" tools schema is now IMMUTABLE.
[FreezeDiagnostic] Freezing Agent "devops" tools schema...
[FreezeDiagnostic] Agent "devops" tools schema is now IMMUTABLE.
[FreezeDiagnostic] Freezing Agent "security" tools schema...
[FreezeDiagnostic] Agent "security" tools schema is now IMMUTABLE.
[FreezeDiagnostic] Freezing Agent "distribution" tools schema...
[FreezeDiagnostic] Agent "distribution" tools schema is now IMMUTABLE.
[FreezeDiagnostic] Freezing Agent "music" tools schema...
[FreezeDiagnostic] Agent "music" tools schema is now IMMUTABLE.

stdout | packages/renderer/src/services/agent/AgentIntegration.test.ts
[AgentRegistry] Pre-warming Generalist agent...
[AgentRegistry] Loading agent 'generalist'...

stdout | packages/renderer/src/services/agent/AgentIntegration.test.ts > Agent Architecture Integration (Hardened) > End-to-End Execution Pipeline > should correctly orchestrate, execute, and return response for a specialist
[AgentRegistry] Pre-warming Generalist agent...

stdout | packages/renderer/src/services/agent/AgentIntegration.test.ts > Agent Architecture Integration (Hardened) > End-to-End Execution Pipeline > should correctly orchestrate, execute, and return response for a specialist
[AgentRegistry] Pre-warming Generalist agent...

stdout | packages/renderer/src/services/agent/AgentIntegration.test.ts > Agent Architecture Integration (Hardened) > End-to-End Execution Pipeline > should correctly orchestrate, execute, and return response for a specialist
[AgentRegistry] Agent 'generalist' loaded successfully

stdout | packages/renderer/src/services/agent/AgentIntegration.test.ts > Agent Architecture Integration (Hardened) > End-to-End Execution Pipeline > should correctly orchestrate, execute, and return response for a specialist
[AgentRegistry] Generalist agent pre-warmed successfully
[AgentRegistry] Generalist agent pre-warmed successfully
[AgentRegistry] Generalist agent pre-warmed successfully

stdout | packages/renderer/src/services/agent/AgentIntegration.test.ts > Agent Architecture Integration (Hardened) > End-to-End Execution Pipeline > should correctly orchestrate, execute, and return response for a specialist
[AgentService] sendMessage routing: { isBoardroomMode: undefined }

stdout | packages/renderer/src/services/agent/AgentIntegration.test.ts > Agent Architecture Integration (Hardened) > End-to-End Execution Pipeline > should correctly orchestrate, execute, and return response for a specialist
[AgentRegistry] Loading agent 'marketing'...

stdout | packages/renderer/src/services/agent/AgentIntegration.test.ts > Agent Architecture Integration (Hardened) > End-to-End Execution Pipeline > should correctly orchestrate, execute, and return response for a specialist
[FreezeDiagnostic] Freezing Agent "marketing" tools schema...
[FreezeDiagnostic] Agent "marketing" tools schema is now IMMUTABLE.

stdout | packages/renderer/src/services/agent/AgentIntegration.test.ts > Agent Architecture Integration (Hardened) > End-to-End Execution Pipeline > should correctly orchestrate, execute, and return response for a specialist
[AgentRegistry] Agent 'marketing' loaded successfully

stdout | packages/renderer/src/services/agent/AgentIntegration.test.ts > Agent Architecture Integration (Hardened) > End-to-End Execution Pipeline > should correctly orchestrate, execute, and return response for a specialist
[RAGAgent] No specific domain knowledge extracted for task.

stdout | packages/renderer/src/services/agent/AgentIntegration.test.ts > Agent Architecture Integration (Hardened) > End-to-End Execution Pipeline > should handle tool execution cycles (Thinking -> Tool -> Response)
[AgentService] sendMessage routing: { isBoardroomMode: undefined }

stderr | packages/renderer/src/services/agent/AgentIntegration.test.ts > Agent Architecture Integration (Hardened) > State & Concurrency > should prevent concurrent agent executions
[AgentService] sendMessage blocked: already processing

stdout | packages/renderer/src/services/agent/AgentIntegration.test.ts > Agent Architecture Integration (Hardened) > State & Concurrency > should prevent concurrent agent executions
[AgentService] sendMessage routing: { isBoardroomMode: undefined }

stdout | packages/renderer/src/services/agent/AgentIntegration.test.ts > Agent Architecture Integration (Hardened) > Robustness & Error Handling > should route to Generalist if Orchestrator hallucinations an invalid ID
[AgentService] sendMessage routing: { isBoardroomMode: undefined }

stdout | packages/renderer/src/services/agent/AgentIntegration.test.ts > Agent Architecture Integration (Hardened) > Robustness & Error Handling > should gracefully handle agent execution failure
[AgentService] sendMessage routing: { isBoardroomMode: undefined }

 ✓ packages/renderer/src/services/agent/AgentIntegration.test.ts (5 tests) 613ms
       ✓ should correctly orchestrate, execute, and return response for a specialist  558ms
stdout | packages/renderer/src/tests/RouterContext.test.tsx
[FreezeDiagnostic] Freezing Agent "marketing" tools schema...
[FreezeDiagnostic] Agent "marketing" tools schema is now IMMUTABLE.

 ✓ packages/renderer/src/modules/video/components/VideoNavbar.a11y.test.tsx (4 tests) 614ms
     ✓ should have a tablist for view mode switching  538ms
(node:34803) Warning: `--localstorage-file` was provided without a valid path
(Use `node --trace-warnings ...` to show where the warning was created)
stdout | packages/renderer/src/tests/RouterContext.test.tsx
[FreezeDiagnostic] Freezing Agent "social" tools schema...
[FreezeDiagnostic] Agent "social" tools schema is now IMMUTABLE.

stdout | packages/renderer/src/tests/RouterContext.test.tsx
[FreezeDiagnostic] Freezing Agent "road" tools schema...
[FreezeDiagnostic] Agent "road" tools schema is now IMMUTABLE.

stdout | packages/renderer/src/tests/RouterContext.test.tsx
[FreezeDiagnostic] Freezing Agent "licensing" tools schema...
[FreezeDiagnostic] Agent "licensing" tools schema is now IMMUTABLE.

stdout | packages/renderer/src/tests/RouterContext.test.tsx
[FreezeDiagnostic] Freezing Agent "security" tools schema...
[FreezeDiagnostic] Agent "security" tools schema is now IMMUTABLE.

stdout | packages/renderer/src/tests/RouterContext.test.tsx
[FreezeDiagnostic] Freezing Agent "devops" tools schema...
[FreezeDiagnostic] Agent "devops" tools schema is now IMMUTABLE.

stdout | packages/renderer/src/tests/RouterContext.test.tsx
[FreezeDiagnostic] Freezing Agent "music" tools schema...
[FreezeDiagnostic] Agent "music" tools schema is now IMMUTABLE.

stdout | packages/renderer/src/tests/RouterContext.test.tsx
[FreezeDiagnostic] Freezing Agent "marketing" tools schema...
[FreezeDiagnostic] Agent "marketing" tools schema is now IMMUTABLE.
[FreezeDiagnostic] Freezing Agent "legal" tools schema...
[FreezeDiagnostic] Agent "legal" tools schema is now IMMUTABLE.
[FreezeDiagnostic] Freezing Agent "finance" tools schema...
[FreezeDiagnostic] Agent "finance" tools schema is now IMMUTABLE.
[FreezeDiagnostic] Freezing Agent "producer" tools schema...
[FreezeDiagnostic] Agent "producer" tools schema is now IMMUTABLE.
[FreezeDiagnostic] Freezing Agent "director" tools schema...
[FreezeDiagnostic] Agent "director" tools schema is now IMMUTABLE.
[FreezeDiagnostic] Freezing Agent "screenwriter" tools schema...
[FreezeDiagnostic] Agent "screenwriter" tools schema is now IMMUTABLE.
[FreezeDiagnostic] Freezing Agent "video" tools schema...
[FreezeDiagnostic] Agent "video" tools schema is now IMMUTABLE.
[FreezeDiagnostic] Freezing Agent "social" tools schema...
[FreezeDiagnostic] Agent "social" tools schema is now IMMUTABLE.
[FreezeDiagnostic] Freezing Agent "publicist" tools schema...
[FreezeDiagnostic] Agent "publicist" tools schema is now IMMUTABLE.
[FreezeDiagnostic] Freezing Agent "road" tools schema...
[FreezeDiagnostic] Agent "road" tools schema is now IMMUTABLE.
[FreezeDiagnostic] Freezing Agent "publishing" tools schema...
[FreezeDiagnostic] Agent "publishing" tools schema is now IMMUTABLE.
[FreezeDiagnostic] Freezing Agent "licensing" tools schema...
[FreezeDiagnostic] Agent "licensing" tools schema is now IMMUTABLE.
[FreezeDiagnostic] Freezing Agent "brand" tools schema...
[FreezeDiagnostic] Agent "brand" tools schema is now IMMUTABLE.
[FreezeDiagnostic] Freezing Agent "devops" tools schema...
[FreezeDiagnostic] Agent "devops" tools schema is now IMMUTABLE.
[FreezeDiagnostic] Freezing Agent "security" tools schema...
[FreezeDiagnostic] Agent "security" tools schema is now IMMUTABLE.
[FreezeDiagnostic] Freezing Agent "distribution" tools schema...
[FreezeDiagnostic] Agent "distribution" tools schema is now IMMUTABLE.
[FreezeDiagnostic] Freezing Agent "music" tools schema...
[FreezeDiagnostic] Agent "music" tools schema is now IMMUTABLE.

stdout | packages/renderer/src/tests/RouterContext.test.tsx
[AgentRegistry] Pre-warming Generalist agent...
[AgentRegistry] Loading agent 'generalist'...

(node:34804) Warning: `--localstorage-file` was provided without a valid path
(Use `node --trace-warnings ...` to show where the warning was created)
(node:34806) Warning: `--localstorage-file` was provided without a valid path
(Use `node --trace-warnings ...` to show where the warning was created)
(node:34805) Warning: `--localstorage-file` was provided without a valid path
(Use `node --trace-warnings ...` to show where the warning was created)
stdout | packages/renderer/src/modules/creative/components/BrandAssetsDrawer.test.tsx
[DistributorService] Registered adapter: DistroKid
[DistributorService] Registered adapter: TuneCore
[DistributorService] Registered adapter: CDBaby
[DistributorService] Registered adapter: Symphonic

stdout | packages/renderer/src/tests/RouterContext.test.tsx
🌐 i18next is maintained with support from Locize — consider powering your project with managed localization (AI, CDN, integrations): https://locize.com 💙
i18next: languageChanged en-US
i18next: initialized {
  debug: true,
  initAsync: true,
  ns: [ 'translation' ],
  defaultNS: [ 'translation' ],
  fallbackLng: [ 'en' ],
  fallbackNS: false,
  supportedLngs: false,
  nonExplicitSupportedLngs: false,
  load: 'all',
  preload: false,
  simplifyPluralSuffix: true,
  keySeparator: '.',
  nsSeparator: ':',
  pluralSeparator: '_',
  contextSeparator: '_',
  partialBundledLanguages: false,
  saveMissing: false,
  updateMissing: false,
  saveMissingTo: 'fallback',
  saveMissingPlurals: true,
  missingKeyHandler: false,
  missingInterpolationHandler: false,
  postProcess: false,
  postProcessPassResolved: false,
  returnNull: false,
  returnEmptyString: true,
  returnObjects: false,
  joinArrays: false,
  returnedObjectHandler: false,
  parseMissingKeyHandler: false,
  appendNamespaceToMissingKey: false,
  appendNamespaceToCIMode: false,
  overloadTranslationOptionHandler: [Function: overloadTranslationOptionHandler],
  interpolation: {
    escapeValue: false,
    format: [Function: bound format],
    prefix: '{{',
    suffix: '}}',
    formatSeparator: ',',
    unescapePrefix: '-',
    nestingPrefix: '$t(',
    nestingSuffix: ')',
    nestingOptionsSeparator: ',',
    maxReplaces: 1000,
    skipOnVariables: true
  },
  cacheInBuiltFormats: true,
  resources: { en: { translation: [Object] }, es: { translation: [Object] } },
  detection: {
    order: [ 'querystring', 'localStorage', 'navigator' ],
    caches: [ 'localStorage' ],
    lookupQuerystring: 'lng',
    lookupLocalStorage: 'indiiOS_language',
    lookupCookie: 'i18next',
    lookupSessionStorage: 'i18nextLng',
    excludeCacheFor: [ 'cimode' ],
    convertDetectedLanguage: [Function: convertDetectedLanguage]
  },
  ignoreJSONStructure: true
}

 ✓ packages/renderer/src/modules/video/components/DailyItem.test.tsx (2 tests) 512ms
     ✓ is accessible via keyboard  411ms
(node:34815) Warning: `--localstorage-file` was provided without a valid path
(Use `node --trace-warnings ...` to show where the warning was created)
stderr | packages/renderer/src/modules/creative/components/__tests__/DirectGenerationTab.test.tsx > DirectGenerationTab > displays error message when generation fails
Direct Generation Failed: Error: API Timeout
    at /Volumes/X SSD 2025/Users/narrowchannel/Desktop/indiiOS-Clean/packages/renderer/src/modules/creative/components/__tests__/DirectGenerationTab.test.tsx:131:76
    at file:///Volumes/X%20SSD%202025/Users/narrowchannel/Desktop/indiiOS-Clean/node_modules/@vitest/runner/dist/index.js:915:20

 ✓ packages/renderer/src/modules/creative/components/__tests__/DirectGenerationTab.test.tsx (5 tests) 532ms
     ✓ handles image generation successfully  386ms
(node:34817) Warning: `--localstorage-file` was provided without a valid path
(Use `node --trace-warnings ...` to show where the warning was created)
stdout | packages/renderer/src/services/agent/AgentService.security.test.ts
[FreezeDiagnostic] Freezing Agent "marketing" tools schema...
[FreezeDiagnostic] Agent "marketing" tools schema is now IMMUTABLE.

stdout | packages/renderer/src/modules/finance/components/ExpenseTracker.test.tsx
[DistributorService] Registered adapter: DistroKid
[DistributorService] Registered adapter: TuneCore
[DistributorService] Registered adapter: CDBaby
[DistributorService] Registered adapter: Symphonic

stdout | packages/renderer/src/tests/RouterContext.test.tsx > Router Context Verification > renders App inside BrowserRouter without crashing
[RemoteRelay] 🔐 Setting up auth listener...
[RemoteRelay/Firestore] ⚡ Hook enabled state: false
[RemoteRelay/Firestore] 🔍 Command listener effect triggered, enabled=false
[RemoteRelay/Firestore] ⏸️ Not enabled — skipping command listener

Error: useNavigate() may be used only in the context of a <Router> component.
    at invariant (file:///Volumes/X%20SSD%202025/Users/narrowchannel/Desktop/indiiOS-Clean/node_modules/react-router/dist/development/chunk-QFMPRPBF.mjs:199:11)
    at useNavigateUnstable (file:///Volumes/X%20SSD%202025/Users/narrowchannel/Desktop/indiiOS-Clean/node_modules/react-router/dist/development/chunk-QFMPRPBF.mjs:5673:3)
    at useNavigate (file:///Volumes/X%20SSD%202025/Users/narrowchannel/Desktop/indiiOS-Clean/node_modules/react-router/dist/development/chunk-QFMPRPBF.mjs:5670:46)
    at useURLSync (/Volumes/X SSD 2025/Users/narrowchannel/Desktop/indiiOS-Clean/packages/renderer/src/hooks/useURLSync.ts:15:22)
    at App (/Volumes/X SSD 2025/Users/narrowchannel/Desktop/indiiOS-Clean/packages/renderer/src/core/App.tsx:493:5)
    at renderWithHooks (/Volumes/X SSD 2025/Users/narrowchannel/Desktop/indiiOS-Clean/node_modules/react-dom/cjs/react-dom.development.js:15486:18)
    at mountIndeterminateComponent (/Volumes/X SSD 2025/Users/narrowchannel/Desktop/indiiOS-Clean/node_modules/react-dom/cjs/react-dom.development.js:20103:13)
    at beginWork (/Volumes/X SSD 2025/Users/narrowchannel/Desktop/indiiOS-Clean/node_modules/react-dom/cjs/react-dom.development.js:21626:16)
    at HTMLUnknownElement.callCallback (/Volumes/X SSD 2025/Users/narrowchannel/Desktop/indiiOS-Clean/node_modules/react-dom/cjs/react-dom.development.js:4164:14)
    at HTMLUnknownElement.callTheUserObjectsOperation (/Volumes/X SSD 2025/Users/narrowchannel/Desktop/indiiOS-Clean/node_modules/jsdom/lib/generated/idl/EventListener.js:26:30)
Error: useNavigate() may be used only in the context of a <Router> component.
    at invariant (file:///Volumes/X%20SSD%202025/Users/narrowchannel/Desktop/indiiOS-Clean/node_modules/react-router/dist/development/chunk-QFMPRPBF.mjs:199:11)
    at useNavigateUnstable (file:///Volumes/X%20SSD%202025/Users/narrowchannel/Desktop/indiiOS-Clean/node_modules/react-router/dist/development/chunk-QFMPRPBF.mjs:5673:3)
    at useNavigate (file:///Volumes/X%20SSD%202025/Users/narrowchannel/Desktop/indiiOS-Clean/node_modules/react-router/dist/development/chunk-QFMPRPBF.mjs:5670:46)
    at useURLSync (/Volumes/X SSD 2025/Users/narrowchannel/Desktop/indiiOS-Clean/packages/renderer/src/hooks/useURLSync.ts:15:22)
    at App (/Volumes/X SSD 2025/Users/narrowchannel/Desktop/indiiOS-Clean/packages/renderer/src/core/App.tsx:493:5)
    at renderWithHooks (/Volumes/X SSD 2025/Users/narrowchannel/Desktop/indiiOS-Clean/node_modules/react-dom/cjs/react-dom.development.js:15486:18)
    at mountIndeterminateComponent (/Volumes/X SSD 2025/Users/narrowchannel/Desktop/indiiOS-Clean/node_modules/react-dom/cjs/react-dom.development.js:20103:13)
    at beginWork (/Volumes/X SSD 2025/Users/narrowchannel/Desktop/indiiOS-Clean/node_modules/react-dom/cjs/react-dom.development.js:21626:16)
    at HTMLUnknownElement.callCallback (/Volumes/X SSD 2025/Users/narrowchannel/Desktop/indiiOS-Clean/node_modules/react-dom/cjs/react-dom.development.js:4164:14)
    at HTMLUnknownElement.callTheUserObjectsOperation (/Volumes/X SSD 2025/Users/narrowchannel/Desktop/indiiOS-Clean/node_modules/jsdom/lib/generated/idl/EventListener.js:26:30)
 ✓ packages/renderer/src/tests/RouterContext.test.tsx (2 tests) 808ms
     ✓ renders App inside BrowserRouter without crashing  564ms
stdout | packages/renderer/src/services/agent/AgentService.security.test.ts
[FreezeDiagnostic] Freezing Agent "social" tools schema...
[FreezeDiagnostic] Agent "social" tools schema is now IMMUTABLE.

stdout | packages/renderer/src/services/agent/AgentService.security.test.ts
[FreezeDiagnostic] Freezing Agent "road" tools schema...
[FreezeDiagnostic] Agent "road" tools schema is now IMMUTABLE.

stdout | packages/renderer/src/services/agent/AgentService.security.test.ts
[FreezeDiagnostic] Freezing Agent "licensing" tools schema...
[FreezeDiagnostic] Agent "licensing" tools schema is now IMMUTABLE.

stdout | packages/renderer/src/services/agent/AgentService.security.test.ts
[FreezeDiagnostic] Freezing Agent "security" tools schema...
[FreezeDiagnostic] Agent "security" tools schema is now IMMUTABLE.

stdout | packages/renderer/src/services/agent/AgentService.security.test.ts
[FreezeDiagnostic] Freezing Agent "devops" tools schema...
[FreezeDiagnostic] Agent "devops" tools schema is now IMMUTABLE.

stdout | packages/renderer/src/services/agent/AgentService.security.test.ts
[FreezeDiagnostic] Freezing Agent "music" tools schema...
[FreezeDiagnostic] Agent "music" tools schema is now IMMUTABLE.

stdout | packages/renderer/src/services/agent/AgentService.security.test.ts
[FreezeDiagnostic] Freezing Agent "marketing" tools schema...
[FreezeDiagnostic] Agent "marketing" tools schema is now IMMUTABLE.
[FreezeDiagnostic] Freezing Agent "legal" tools schema...
[FreezeDiagnostic] Agent "legal" tools schema is now IMMUTABLE.
[FreezeDiagnostic] Freezing Agent "finance" tools schema...
[FreezeDiagnostic] Agent "finance" tools schema is now IMMUTABLE.
[FreezeDiagnostic] Freezing Agent "producer" tools schema...
[FreezeDiagnostic] Agent "producer" tools schema is now IMMUTABLE.
[FreezeDiagnostic] Freezing Agent "director" tools schema...
[FreezeDiagnostic] Agent "director" tools schema is now IMMUTABLE.
[FreezeDiagnostic] Freezing Agent "screenwriter" tools schema...
[FreezeDiagnostic] Agent "screenwriter" tools schema is now IMMUTABLE.
[FreezeDiagnostic] Freezing Agent "video" tools schema...
[FreezeDiagnostic] Agent "video" tools schema is now IMMUTABLE.
[FreezeDiagnostic] Freezing Agent "social" tools schema...
[FreezeDiagnostic] Agent "social" tools schema is now IMMUTABLE.
[FreezeDiagnostic] Freezing Agent "publicist" tools schema...
[FreezeDiagnostic] Agent "publicist" tools schema is now IMMUTABLE.
[FreezeDiagnostic] Freezing Agent "road" tools schema...
[FreezeDiagnostic] Agent "road" tools schema is now IMMUTABLE.
[FreezeDiagnostic] Freezing Agent "publishing" tools schema...
[FreezeDiagnostic] Agent "publishing" tools schema is now IMMUTABLE.
[FreezeDiagnostic] Freezing Agent "licensing" tools schema...
[FreezeDiagnostic] Agent "licensing" tools schema is now IMMUTABLE.
[FreezeDiagnostic] Freezing Agent "brand" tools schema...
[FreezeDiagnostic] Agent "brand" tools schema is now IMMUTABLE.
[FreezeDiagnostic] Freezing Agent "devops" tools schema...
[FreezeDiagnostic] Agent "devops" tools schema is now IMMUTABLE.
[FreezeDiagnostic] Freezing Agent "security" tools schema...
[FreezeDiagnostic] Agent "security" tools schema is now IMMUTABLE.
[FreezeDiagnostic] Freezing Agent "distribution" tools schema...
[FreezeDiagnostic] Agent "distribution" tools schema is now IMMUTABLE.
[FreezeDiagnostic] Freezing Agent "music" tools schema...
[FreezeDiagnostic] Agent "music" tools schema is now IMMUTABLE.

stdout | packages/renderer/src/services/agent/AgentService.security.test.ts
[AgentRegistry] Pre-warming Generalist agent...
[AgentRegistry] Loading agent 'generalist'...

stdout | packages/renderer/src/services/agent/AgentService.security.test.ts > 🛡️ Shield: Agent PII Security Test > should redact Credit Card numbers before sending to LLM
[AgentRegistry] Pre-warming Generalist agent...

stdout | packages/renderer/src/services/agent/AgentService.security.test.ts > 🛡️ Shield: Agent PII Security Test > should redact Credit Card numbers before sending to LLM
[AgentRegistry] Pre-warming Generalist agent...

stdout | packages/renderer/src/modules/creative/components/BrandAssetsDrawer.test.tsx > BrandAssetsDrawer > handles file upload via input
[BrandAssets] Uploading: chucknorris.png to users/guest/brand_assets/10b54df2-deb9-45a9-8b6b-459abef8d02c

 ✓ packages/renderer/src/modules/creative/components/BrandAssetsDrawer.test.tsx (4 tests) 750ms
     ✓ renders correctly with assets  537ms
Not implemented: Window's getComputedStyle() method: with pseudo-elements
Not implemented: Window's getComputedStyle() method: with pseudo-elements
Not implemented: Window's getComputedStyle() method: with pseudo-elements
Not implemented: Window's getComputedStyle() method: with pseudo-elements
Not implemented: Window's getComputedStyle() method: with pseudo-elements
Not implemented: Window's getComputedStyle() method: with pseudo-elements
Not implemented: Window's getComputedStyle() method: with pseudo-elements
Not implemented: Window's getComputedStyle() method: with pseudo-elements
Not implemented: Window's getComputedStyle() method: with pseudo-elements
Not implemented: Window's getComputedStyle() method: with pseudo-elements
Not implemented: Window's getComputedStyle() method: with pseudo-elements
Not implemented: Window's getComputedStyle() method: with pseudo-elements
Not implemented: Window's getComputedStyle() method: with pseudo-elements
Not implemented: Window's getComputedStyle() method: with pseudo-elements
Not implemented: Window's getComputedStyle() method: with pseudo-elements
Not implemented: Window's getComputedStyle() method: with pseudo-elements
Not implemented: Window's getComputedStyle() method: with pseudo-elements
Not implemented: Window's getComputedStyle() method: with pseudo-elements
Not implemented: Window's getComputedStyle() method: with pseudo-elements
Not implemented: Window's getComputedStyle() method: with pseudo-elements
(node:34826) Warning: `--localstorage-file` was provided without a valid path
(Use `node --trace-warnings ...` to show where the warning was created)
stdout | packages/renderer/src/services/agent/AgentService.security.test.ts > 🛡️ Shield: Agent PII Security Test > should redact Credit Card numbers before sending to LLM
[AgentRegistry] Agent 'generalist' loaded successfully

stdout | packages/renderer/src/services/agent/AgentService.security.test.ts > 🛡️ Shield: Agent PII Security Test > should redact Credit Card numbers before sending to LLM
[AgentRegistry] Generalist agent pre-warmed successfully
[AgentRegistry] Generalist agent pre-warmed successfully
[AgentRegistry] Generalist agent pre-warmed successfully

stdout | packages/renderer/src/services/agent/AgentService.security.test.ts > 🛡️ Shield: Agent PII Security Test > should redact Credit Card numbers before sending to LLM
🔒 PII Detected and Redacted from Agent Input

stdout | packages/renderer/src/services/agent/AgentService.security.test.ts > 🛡️ Shield: Agent PII Security Test > should redact Credit Card numbers before sending to LLM
[AgentService] sendMessage routing: { isBoardroomMode: undefined }

stdout | packages/renderer/src/services/agent/AgentService.security.test.ts > 🛡️ Shield: Agent PII Security Test > should redact Passwords before sending to LLM
🔒 PII Detected and Redacted from Agent Input

stdout | packages/renderer/src/services/agent/AgentService.security.test.ts > 🛡️ Shield: Agent PII Security Test > should redact Passwords before sending to LLM
[AgentService] sendMessage routing: { isBoardroomMode: undefined }

stdout | packages/renderer/src/services/agent/AgentService.security.test.ts > 🛡️ Guard Rails: Injection via sendMessage is sanitized at store layer > should complete without error when injection is in user message
[AgentService] sendMessage routing: { isBoardroomMode: undefined }

stdout | packages/renderer/src/services/agent/AgentService.security.test.ts > 🛡️ Guard Rails: Injection via sendMessage is sanitized at store layer > should pass clean messages through without modification to history
[AgentService] sendMessage routing: { isBoardroomMode: undefined }

 ✓ packages/renderer/src/services/agent/AgentService.security.test.ts (33 tests) 456ms
     ✓ should redact Credit Card numbers before sending to LLM  374ms
 ✓ packages/renderer/src/components/ui/prompt-input.a11y.test.tsx (5 tests) 656ms
     ✓ should have accessibility violations if textarea has no label  448ms
(node:34827) Warning: `--localstorage-file` was provided without a valid path
(Use `node --trace-warnings ...` to show where the warning was created)
stderr | packages/renderer/src/modules/finance/components/ExpenseTracker.test.tsx > ExpenseTracker > renders correctly
Warning: React does not recognize the `whileHover` prop on a DOM element. If you intentionally want it to appear in the DOM as a custom attribute, spell it as lowercase `whilehover` instead. If you accidentally passed it from a parent component, remove it from the DOM element.
    at button
    at button (/Volumes/X SSD 2025/Users/narrowchannel/Desktop/indiiOS-Clean/packages/renderer/src/modules/finance/components/ExpenseTracker.test.tsx:27:16)
    at div
    at div
    at div
    at div (/Volumes/X SSD 2025/Users/narrowchannel/Desktop/indiiOS-Clean/packages/renderer/src/modules/finance/components/ExpenseTracker.test.tsx:22:13)
    at /Volumes/X SSD 2025/Users/narrowchannel/Desktop/indiiOS-Clean/packages/renderer/src/modules/finance/components/ExpenseTracker.tsx:17:98
Warning: React does not recognize the `whileTap` prop on a DOM element. If you intentionally want it to appear in the DOM as a custom attribute, spell it as lowercase `whiletap` instead. If you accidentally passed it from a parent component, remove it from the DOM element.
    at button
    at button (/Volumes/X SSD 2025/Users/narrowchannel/Desktop/indiiOS-Clean/packages/renderer/src/modules/finance/components/ExpenseTracker.test.tsx:27:16)
    at div
    at div
    at div
    at div (/Volumes/X SSD 2025/Users/narrowchannel/Desktop/indiiOS-Clean/packages/renderer/src/modules/finance/components/ExpenseTracker.test.tsx:22:13)
    at /Volumes/X SSD 2025/Users/narrowchannel/Desktop/indiiOS-Clean/packages/renderer/src/modules/finance/components/ExpenseTracker.tsx:17:98

stderr | packages/renderer/src/modules/boardroom/BoardroomModule.test.tsx
[indii:Service] Warmup failed, will retry on first message: TypeError: __vite_ssr_import_7__.agentRegistry.warmup is not a function
    at AgentService.warmup (/Volumes/X SSD 2025/Users/narrowchannel/Desktop/indiiOS-Clean/packages/renderer/src/services/agent/AgentService.ts:55:33)
    at new AgentService (/Volumes/X SSD 2025/Users/narrowchannel/Desktop/indiiOS-Clean/packages/renderer/src/services/agent/AgentService.ts:45:14)
    at /Volumes/X SSD 2025/Users/narrowchannel/Desktop/indiiOS-Clean/packages/renderer/src/services/agent/AgentService.ts:793:29
    at processTicksAndRejections (node:internal/process/task_queues:104:5)
    at VitestModuleEvaluator._runInlinedModule (file:///Volumes/X%20SSD%202025/Users/narrowchannel/Desktop/indiiOS-Clean/node_modules/vitest/dist/module-evaluator.js:196:4)
    at VitestModuleRunner.directRequest (file:///Volumes/X%20SSD%202025/Users/narrowchannel/Desktop/indiiOS-Clean/node_modules/vite/dist/node/module-runner.js:1284:61)
    at VitestModuleRunner.cachedRequest (file:///Volumes/X%20SSD%202025/Users/narrowchannel/Desktop/indiiOS-Clean/node_modules/vite/dist/node/module-runner.js:1180:76)
    at /Volumes/X SSD 2025/Users/narrowchannel/Desktop/indiiOS-Clean/packages/renderer/src/core/components/command-bar/PromptArea.tsx:4:1
    at VitestModuleEvaluator._runInlinedModule (file:///Volumes/X%20SSD%202025/Users/narrowchannel/Desktop/indiiOS-Clean/node_modules/vitest/dist/module-evaluator.js:196:4)
    at VitestModuleRunner.directRequest (file:///Volumes/X%20SSD%202025/Users/narrowchannel/Desktop/indiiOS-Clean/node_modules/vite/dist/node/module-runner.js:1284:61)

 ✓ packages/renderer/src/modules/finance/components/ExpenseTracker.test.tsx (2 tests) 473ms
     ✓ opens manual entry modal and submits expense  345ms
(node:34834) Warning: `--localstorage-file` was provided without a valid path
(Use `node --trace-warnings ...` to show where the warning was created)
(node:34837) Warning: `--localstorage-file` was provided without a valid path
(Use `node --trace-warnings ...` to show where the warning was created)
 ✓ packages/renderer/src/modules/boardroom/BoardroomModule.test.tsx (9 tests) 393ms
stderr | packages/renderer/src/core/components/CommandBar.test.tsx > CommandBar > renders the delegate button correctly
Warning: Received `false` for a non-boolean attribute `initial`.

If you want to write it to the DOM, pass a string instead: initial="false" or initial={value.toString()}.

If you used to conditionally omit it with initial={condition && value}, pass initial={condition ? value : undefined} instead.
    at div
    at div (/Volumes/X SSD 2025/Users/narrowchannel/Desktop/indiiOS-Clean/packages/renderer/src/core/components/CommandBar.test.tsx:64:13)
    at AnimatePresence (/Volumes/X SSD 2025/Users/narrowchannel/Desktop/indiiOS-Clean/packages/renderer/src/core/components/CommandBar.test.tsx:70:23)
    at CommandBar (/Volumes/X SSD 2025/Users/narrowchannel/Desktop/indiiOS-Clean/packages/renderer/src/core/components/CommandBar.tsx:33:41)
Warning: Received `true` for a non-boolean attribute `drag`.

If you want to write it to the DOM, pass a string instead: drag="true" or drag={value.toString()}.
    at div
    at div (/Volumes/X SSD 2025/Users/narrowchannel/Desktop/indiiOS-Clean/packages/renderer/src/core/components/CommandBar.test.tsx:64:13)
    at AnimatePresence (/Volumes/X SSD 2025/Users/narrowchannel/Desktop/indiiOS-Clean/packages/renderer/src/core/components/CommandBar.test.tsx:70:23)
    at CommandBar (/Volumes/X SSD 2025/Users/narrowchannel/Desktop/indiiOS-Clean/packages/renderer/src/core/components/CommandBar.tsx:33:41)
Warning: React does not recognize the `dragMomentum` prop on a DOM element. If you intentionally want it to appear in the DOM as a custom attribute, spell it as lowercase `dragmomentum` instead. If you accidentally passed it from a parent component, remove it from the DOM element.
    at div
    at div (/Volumes/X SSD 2025/Users/narrowchannel/Desktop/indiiOS-Clean/packages/renderer/src/core/components/CommandBar.test.tsx:64:13)
    at AnimatePresence (/Volumes/X SSD 2025/Users/narrowchannel/Desktop/indiiOS-Clean/packages/renderer/src/core/components/CommandBar.test.tsx:70:23)
    at CommandBar (/Volumes/X SSD 2025/Users/narrowchannel/Desktop/indiiOS-Clean/packages/renderer/src/core/components/CommandBar.tsx:33:41)
Warning: React does not recognize the `dragElastic` prop on a DOM element. If you intentionally want it to appear in the DOM as a custom attribute, spell it as lowercase `dragelastic` instead. If you accidentally passed it from a parent component, remove it from the DOM element.
    at div
    at div (/Volumes/X SSD 2025/Users/narrowchannel/Desktop/indiiOS-Clean/packages/renderer/src/core/components/CommandBar.test.tsx:64:13)
    at AnimatePresence (/Volumes/X SSD 2025/Users/narrowchannel/Desktop/indiiOS-Clean/packages/renderer/src/core/components/CommandBar.test.tsx:70:23)
    at CommandBar (/Volumes/X SSD 2025/Users/narrowchannel/Desktop/indiiOS-Clean/packages/renderer/src/core/components/CommandBar.tsx:33:41)
Warning: React does not recognize the `dragConstraints` prop on a DOM element. If you intentionally want it to appear in the DOM as a custom attribute, spell it as lowercase `dragconstraints` instead. If you accidentally passed it from a parent component, remove it from the DOM element.
    at div
    at div (/Volumes/X SSD 2025/Users/narrowchannel/Desktop/indiiOS-Clean/packages/renderer/src/core/components/CommandBar.test.tsx:64:13)
    at AnimatePresence (/Volumes/X SSD 2025/Users/narrowchannel/Desktop/indiiOS-Clean/packages/renderer/src/core/components/CommandBar.test.tsx:70:23)
    at CommandBar (/Volumes/X SSD 2025/Users/narrowchannel/Desktop/indiiOS-Clean/packages/renderer/src/core/components/CommandBar.tsx:33:41)

(node:34841) Warning: `--localstorage-file` was provided without a valid path
(Use `node --trace-warnings ...` to show where the warning was created)
stderr | packages/renderer/src/modules/video/VideoWorkflow.veo.test.tsx
THREE.WARNING: Multiple instances of Three.js being imported.

stderr | packages/renderer/src/core/components/CommandBar.test.tsx > CommandBar > switches module and opens agent window when a manager is selected
Warning: An update to null inside a test was not wrapped in act(...).

When testing, code that causes React state updates should be wrapped into act(...):

act(() => {
  /* fire events that update state */
});
/* assert on the output */

This ensures that you're testing the behavior the user would see in the browser. Learn more at https://reactjs.org/link/wrap-tests-with-act
    at /Volumes/X SSD 2025/Users/narrowchannel/Desktop/indiiOS-Clean/packages/renderer/src/core/components/command-bar/PromptArea.tsx:25:54
    at div
    at div
    at div (/Volumes/X SSD 2025/Users/narrowchannel/Desktop/indiiOS-Clean/packages/renderer/src/core/components/CommandBar.test.tsx:64:13)
    at AnimatePresence (/Volumes/X SSD 2025/Users/narrowchannel/Desktop/indiiOS-Clean/packages/renderer/src/core/components/CommandBar.test.tsx:70:23)
    at CommandBar (/Volumes/X SSD 2025/Users/narrowchannel/Desktop/indiiOS-Clean/packages/renderer/src/core/components/CommandBar.tsx:33:41)
Warning: An update to CommandBar inside a test was not wrapped in act(...).

When testing, code that causes React state updates should be wrapped into act(...):

act(() => {
  /* fire events that update state */
});
/* assert on the output */

This ensures that you're testing the behavior the user would see in the browser. Learn more at https://reactjs.org/link/wrap-tests-with-act
    at CommandBar (/Volumes/X SSD 2025/Users/narrowchannel/Desktop/indiiOS-Clean/packages/renderer/src/core/components/CommandBar.tsx:33:41)
Warning: An update to Tooltip inside a test was not wrapped in act(...).

When testing, code that causes React state updates should be wrapped into act(...):

act(() => {
  /* fire events that update state */
});
/* assert on the output */

This ensures that you're testing the behavior the user would see in the browser. Learn more at https://reactjs.org/link/wrap-tests-with-act
    at Tooltip (file:///Volumes/X%20SSD%202025/Users/narrowchannel/Desktop/indiiOS-Clean/node_modules/@radix-ui/react-tooltip/dist/index.mjs:73:5)
    at PromptInputAction2 (/Volumes/X SSD 2025/Users/narrowchannel/Desktop/indiiOS-Clean/packages/renderer/src/components/ui/prompt-input.tsx:193:3)
    at div
    at div
    at div
    at PromptInputActions2 (/Volumes/X SSD 2025/Users/narrowchannel/Desktop/indiiOS-Clean/packages/renderer/src/components/ui/prompt-input.tsx:182:3)
    at div
    at Provider (file:///Volumes/X%20SSD%202025/Users/narrowchannel/Desktop/indiiOS-Clean/node_modules/@radix-ui/react-context/dist/index.mjs:27:15)
    at TooltipProvider (file:///Volumes/X%20SSD%202025/Users/narrowchannel/Desktop/indiiOS-Clean/node_modules/@radix-ui/react-tooltip/dist/index.mjs:29:5)
    at PromptInput (/Volumes/X SSD 2025/Users/narrowchannel/Desktop/indiiOS-Clean/packages/renderer/src/components/ui/prompt-input.tsx:44:3)
    at div
    at /Volumes/X SSD 2025/Users/narrowchannel/Desktop/indiiOS-Clean/packages/renderer/src/core/components/command-bar/PromptArea.tsx:25:54
    at div
    at div
    at div (/Volumes/X SSD 2025/Users/narrowchannel/Desktop/indiiOS-Clean/packages/renderer/src/core/components/CommandBar.test.tsx:64:13)
    at AnimatePresence (/Volumes/X SSD 2025/Users/narrowchannel/Desktop/indiiOS-Clean/packages/renderer/src/core/components/CommandBar.test.tsx:70:23)
    at CommandBar (/Volumes/X SSD 2025/Users/narrowchannel/Desktop/indiiOS-Clean/packages/renderer/src/core/components/CommandBar.tsx:33:41)
Warning: An update to Tooltip inside a test was not wrapped in act(...).

When testing, code that causes React state updates should be wrapped into act(...):

act(() => {
  /* fire events that update state */
});
/* assert on the output */

This ensures that you're testing the behavior the user would see in the browser. Learn more at https://reactjs.org/link/wrap-tests-with-act
    at Tooltip (file:///Volumes/X%20SSD%202025/Users/narrowchannel/Desktop/indiiOS-Clean/node_modules/@radix-ui/react-tooltip/dist/index.mjs:73:5)
    at PromptInputAction2 (/Volumes/X SSD 2025/Users/narrowchannel/Desktop/indiiOS-Clean/packages/renderer/src/components/ui/prompt-input.tsx:193:3)
    at div
    at div
    at PromptInputActions2 (/Volumes/X SSD 2025/Users/narrowchannel/Desktop/indiiOS-Clean/packages/renderer/src/components/ui/prompt-input.tsx:182:3)
    at div
    at Provider (file:///Volumes/X%20SSD%202025/Users/narrowchannel/Desktop/indiiOS-Clean/node_modules/@radix-ui/react-context/dist/index.mjs:27:15)
    at TooltipProvider (file:///Volumes/X%20SSD%202025/Users/narrowchannel/Desktop/indiiOS-Clean/node_modules/@radix-ui/react-tooltip/dist/index.mjs:29:5)
    at PromptInput (/Volumes/X SSD 2025/Users/narrowchannel/Desktop/indiiOS-Clean/packages/renderer/src/components/ui/prompt-input.tsx:44:3)
    at div
    at /Volumes/X SSD 2025/Users/narrowchannel/Desktop/indiiOS-Clean/packages/renderer/src/core/components/command-bar/PromptArea.tsx:25:54
    at div
    at div
    at div (/Volumes/X SSD 2025/Users/narrowchannel/Desktop/indiiOS-Clean/packages/renderer/src/core/components/CommandBar.test.tsx:64:13)
    at AnimatePresence (/Volumes/X SSD 2025/Users/narrowchannel/Desktop/indiiOS-Clean/packages/renderer/src/core/components/CommandBar.test.tsx:70:23)
    at CommandBar (/Volumes/X SSD 2025/Users/narrowchannel/Desktop/indiiOS-Clean/packages/renderer/src/core/components/CommandBar.tsx:33:41)
Warning: An update to Tooltip inside a test was not wrapped in act(...).

When testing, code that causes React state updates should be wrapped into act(...):

act(() => {
  /* fire events that update state */
});
/* assert on the output */

This ensures that you're testing the behavior the user would see in the browser. Learn more at https://reactjs.org/link/wrap-tests-with-act
    at Tooltip (file:///Volumes/X%20SSD%202025/Users/narrowchannel/Desktop/indiiOS-Clean/node_modules/@radix-ui/react-tooltip/dist/index.mjs:73:5)
    at PromptInputAction2 (/Volumes/X SSD 2025/Users/narrowchannel/Desktop/indiiOS-Clean/packages/renderer/src/components/ui/prompt-input.tsx:193:3)
    at div
    at div
    at PromptInputActions2 (/Volumes/X SSD 2025/Users/narrowchannel/Desktop/indiiOS-Clean/packages/renderer/src/components/ui/prompt-input.tsx:182:3)
    at div
    at Provider (file:///Volumes/X%20SSD%202025/Users/narrowchannel/Desktop/indiiOS-Clean/node_modules/@radix-ui/react-context/dist/index.mjs:27:15)
    at TooltipProvider (file:///Volumes/X%20SSD%202025/Users/narrowchannel/Desktop/indiiOS-Clean/node_modules/@radix-ui/react-tooltip/dist/index.mjs:29:5)
    at PromptInput (/Volumes/X SSD 2025/Users/narrowchannel/Desktop/indiiOS-Clean/packages/renderer/src/components/ui/prompt-input.tsx:44:3)
    at div
    at /Volumes/X SSD 2025/Users/narrowchannel/Desktop/indiiOS-Clean/packages/renderer/src/core/components/command-bar/PromptArea.tsx:25:54
    at div
    at div
    at div (/Volumes/X SSD 2025/Users/narrowchannel/Desktop/indiiOS-Clean/packages/renderer/src/core/components/CommandBar.test.tsx:64:13)
    at AnimatePresence (/Volumes/X SSD 2025/Users/narrowchannel/Desktop/indiiOS-Clean/packages/renderer/src/core/components/CommandBar.test.tsx:70:23)
    at CommandBar (/Volumes/X SSD 2025/Users/narrowchannel/Desktop/indiiOS-Clean/packages/renderer/src/core/components/CommandBar.tsx:33:41)
Warning: An update to Tooltip inside a test was not wrapped in act(...).

When testing, code that causes React state updates should be wrapped into act(...):

act(() => {
  /* fire events that update state */
});
/* assert on the output */

This ensures that you're testing the behavior the user would see in the browser. Learn more at https://reactjs.org/link/wrap-tests-with-act
    at Tooltip (file:///Volumes/X%20SSD%202025/Users/narrowchannel/Desktop/indiiOS-Clean/node_modules/@radix-ui/react-tooltip/dist/index.mjs:73:5)
    at PromptInputAction2 (/Volumes/X SSD 2025/Users/narrowchannel/Desktop/indiiOS-Clean/packages/renderer/src/components/ui/prompt-input.tsx:193:3)
    at div
    at div
    at div
    at PromptInputActions2 (/Volumes/X SSD 2025/Users/narrowchannel/Desktop/indiiOS-Clean/packages/renderer/src/components/ui/prompt-input.tsx:182:3)
    at div
    at Provider (file:///Volumes/X%20SSD%202025/Users/narrowchannel/Desktop/indiiOS-Clean/node_modules/@radix-ui/react-context/dist/index.mjs:27:15)
    at TooltipProvider (file:///Volumes/X%20SSD%202025/Users/narrowchannel/Desktop/indiiOS-Clean/node_modules/@radix-ui/react-tooltip/dist/index.mjs:29:5)
    at PromptInput (/Volumes/X SSD 2025/Users/narrowchannel/Desktop/indiiOS-Clean/packages/renderer/src/components/ui/prompt-input.tsx:44:3)
    at div
    at /Volumes/X SSD 2025/Users/narrowchannel/Desktop/indiiOS-Clean/packages/renderer/src/core/components/command-bar/PromptArea.tsx:25:54
    at div
    at div
    at div (/Volumes/X SSD 2025/Users/narrowchannel/Desktop/indiiOS-Clean/packages/renderer/src/core/components/CommandBar.test.tsx:64:13)
    at AnimatePresence (/Volumes/X SSD 2025/Users/narrowchannel/Desktop/indiiOS-Clean/packages/renderer/src/core/components/CommandBar.test.tsx:70:23)
    at CommandBar (/Volumes/X SSD 2025/Users/narrowchannel/Desktop/indiiOS-Clean/packages/renderer/src/core/components/CommandBar.tsx:33:41)
Warning: An update to Tooltip inside a test was not wrapped in act(...).

When testing, code that causes React state updates should be wrapped into act(...):

act(() => {
  /* fire events that update state */
});
/* assert on the output */

This ensures that you're testing the behavior the user would see in the browser. Learn more at https://reactjs.org/link/wrap-tests-with-act
    at Tooltip (file:///Volumes/X%20SSD%202025/Users/narrowchannel/Desktop/indiiOS-Clean/node_modules/@radix-ui/react-tooltip/dist/index.mjs:73:5)
    at PromptInputAction2 (/Volumes/X SSD 2025/Users/narrowchannel/Desktop/indiiOS-Clean/packages/renderer/src/components/ui/prompt-input.tsx:193:3)
    at div
    at div
    at div
    at PromptInputActions2 (/Volumes/X SSD 2025/Users/narrowchannel/Desktop/indiiOS-Clean/packages/renderer/src/components/ui/prompt-input.tsx:182:3)
    at div
    at Provider (file:///Volumes/X%20SSD%202025/Users/narrowchannel/Desktop/indiiOS-Clean/node_modules/@radix-ui/react-context/dist/index.mjs:27:15)
    at TooltipProvider (file:///Volumes/X%20SSD%202025/Users/narrowchannel/Desktop/indiiOS-Clean/node_modules/@radix-ui/react-tooltip/dist/index.mjs:29:5)
    at PromptInput (/Volumes/X SSD 2025/Users/narrowchannel/Desktop/indiiOS-Clean/packages/renderer/src/components/ui/prompt-input.tsx:44:3)
    at div
    at /Volumes/X SSD 2025/Users/narrowchannel/Desktop/indiiOS-Clean/packages/renderer/src/core/components/command-bar/PromptArea.tsx:25:54
    at div
    at div
    at div (/Volumes/X SSD 2025/Users/narrowchannel/Desktop/indiiOS-Clean/packages/renderer/src/core/components/CommandBar.test.tsx:64:13)
    at AnimatePresence (/Volumes/X SSD 2025/Users/narrowchannel/Desktop/indiiOS-Clean/packages/renderer/src/core/components/CommandBar.test.tsx:70:23)
    at CommandBar (/Volumes/X SSD 2025/Users/narrowchannel/Desktop/indiiOS-Clean/packages/renderer/src/core/components/CommandBar.tsx:33:41)
Warning: An update to Tooltip inside a test was not wrapped in act(...).

When testing, code that causes React state updates should be wrapped into act(...):

act(() => {
  /* fire events that update state */
});
/* assert on the output */

This ensures that you're testing the behavior the user would see in the browser. Learn more at https://reactjs.org/link/wrap-tests-with-act
    at Tooltip (file:///Volumes/X%20SSD%202025/Users/narrowchannel/Desktop/indiiOS-Clean/node_modules/@radix-ui/react-tooltip/dist/index.mjs:73:5)
    at PromptInputAction2 (/Volumes/X SSD 2025/Users/narrowchannel/Desktop/indiiOS-Clean/packages/renderer/src/components/ui/prompt-input.tsx:193:3)
    at div
    at div
    at PromptInputActions2 (/Volumes/X SSD 2025/Users/narrowchannel/Desktop/indiiOS-Clean/packages/renderer/src/components/ui/prompt-input.tsx:182:3)
    at div
    at Provider (file:///Volumes/X%20SSD%202025/Users/narrowchannel/Desktop/indiiOS-Clean/node_modules/@radix-ui/react-context/dist/index.mjs:27:15)
    at TooltipProvider (file:///Volumes/X%20SSD%202025/Users/narrowchannel/Desktop/indiiOS-Clean/node_modules/@radix-ui/react-tooltip/dist/index.mjs:29:5)
    at PromptInput (/Volumes/X SSD 2025/Users/narrowchannel/Desktop/indiiOS-Clean/packages/renderer/src/components/ui/prompt-input.tsx:44:3)
    at div
    at /Volumes/X SSD 2025/Users/narrowchannel/Desktop/indiiOS-Clean/packages/renderer/src/core/components/command-bar/PromptArea.tsx:25:54
    at div
    at div
    at div (/Volumes/X SSD 2025/Users/narrowchannel/Desktop/indiiOS-Clean/packages/renderer/src/core/components/CommandBar.test.tsx:64:13)
    at AnimatePresence (/Volumes/X SSD 2025/Users/narrowchannel/Desktop/indiiOS-Clean/packages/renderer/src/core/components/CommandBar.test.tsx:70:23)
    at CommandBar (/Volumes/X SSD 2025/Users/narrowchannel/Desktop/indiiOS-Clean/packages/renderer/src/core/components/CommandBar.tsx:33:41)
Warning: An update to Tooltip inside a test was not wrapped in act(...).

When testing, code that causes React state updates should be wrapped into act(...):

act(() => {
  /* fire events that update state */
});
/* assert on the output */

This ensures that you're testing the behavior the user would see in the browser. Learn more at https://reactjs.org/link/wrap-tests-with-act
    at Tooltip (file:///Volumes/X%20SSD%202025/Users/narrowchannel/Desktop/indiiOS-Clean/node_modules/@radix-ui/react-tooltip/dist/index.mjs:73:5)
    at PromptInputAction2 (/Volumes/X SSD 2025/Users/narrowchannel/Desktop/indiiOS-Clean/packages/renderer/src/components/ui/prompt-input.tsx:193:3)
    at div
    at div
    at div
    at PromptInputActions2 (/Volumes/X SSD 2025/Users/narrowchannel/Desktop/indiiOS-Clean/packages/renderer/src/components/ui/prompt-input.tsx:182:3)
    at div
    at Provider (file:///Volumes/X%20SSD%202025/Users/narrowchannel/Desktop/indiiOS-Clean/node_modules/@radix-ui/react-context/dist/index.mjs:27:15)
    at TooltipProvider (file:///Volumes/X%20SSD%202025/Users/narrowchannel/Desktop/indiiOS-Clean/node_modules/@radix-ui/react-tooltip/dist/index.mjs:29:5)
    at PromptInput (/Volumes/X SSD 2025/Users/narrowchannel/Desktop/indiiOS-Clean/packages/renderer/src/components/ui/prompt-input.tsx:44:3)
    at div
    at /Volumes/X SSD 2025/Users/narrowchannel/Desktop/indiiOS-Clean/packages/renderer/src/core/components/command-bar/PromptArea.tsx:25:54
    at div
    at div
    at div (/Volumes/X SSD 2025/Users/narrowchannel/Desktop/indiiOS-Clean/packages/renderer/src/core/components/CommandBar.test.tsx:64:13)
    at AnimatePresence (/Volumes/X SSD 2025/Users/narrowchannel/Desktop/indiiOS-Clean/packages/renderer/src/core/components/CommandBar.test.tsx:70:23)
    at CommandBar (/Volumes/X SSD 2025/Users/narrowchannel/Desktop/indiiOS-Clean/packages/renderer/src/core/components/CommandBar.tsx:33:41)
Warning: An update to Tooltip inside a test was not wrapped in act(...).

When testing, code that causes React state updates should be wrapped into act(...):

act(() => {
  /* fire events that update state */
});
/* assert on the output */

This ensures that you're testing the behavior the user would see in the browser. Learn more at https://reactjs.org/link/wrap-tests-with-act
    at Tooltip (file:///Volumes/X%20SSD%202025/Users/narrowchannel/Desktop/indiiOS-Clean/node_modules/@radix-ui/react-tooltip/dist/index.mjs:73:5)
    at PromptInputAction2 (/Volumes/X SSD 2025/Users/narrowchannel/Desktop/indiiOS-Clean/packages/renderer/src/components/ui/prompt-input.tsx:193:3)
    at div
    at div
    at PromptInputActions2 (/Volumes/X SSD 2025/Users/narrowchannel/Desktop/indiiOS-Clean/packages/renderer/src/components/ui/prompt-input.tsx:182:3)
    at div
    at Provider (file:///Volumes/X%20SSD%202025/Users/narrowchannel/Desktop/indiiOS-Clean/node_modules/@radix-ui/react-context/dist/index.mjs:27:15)
    at TooltipProvider (file:///Volumes/X%20SSD%202025/Users/narrowchannel/Desktop/indiiOS-Clean/node_modules/@radix-ui/react-tooltip/dist/index.mjs:29:5)
    at PromptInput (/Volumes/X SSD 2025/Users/narrowchannel/Desktop/indiiOS-Clean/packages/renderer/src/components/ui/prompt-input.tsx:44:3)
    at div
    at /Volumes/X SSD 2025/Users/narrowchannel/Desktop/indiiOS-Clean/packages/renderer/src/core/components/command-bar/PromptArea.tsx:25:54
    at div
    at div
    at div (/Volumes/X SSD 2025/Users/narrowchannel/Desktop/indiiOS-Clean/packages/renderer/src/core/components/CommandBar.test.tsx:64:13)
    at AnimatePresence (/Volumes/X SSD 2025/Users/narrowchannel/Desktop/indiiOS-Clean/packages/renderer/src/core/components/CommandBar.test.tsx:70:23)
    at CommandBar (/Volumes/X SSD 2025/Users/narrowchannel/Desktop/indiiOS-Clean/packages/renderer/src/core/components/CommandBar.tsx:33:41)
Warning: An update to Tooltip inside a test was not wrapped in act(...).

When testing, code that causes React state updates should be wrapped into act(...):

act(() => {
  /* fire events that update state */
});
/* assert on the output */

This ensures that you're testing the behavior the user would see in the browser. Learn more at https://reactjs.org/link/wrap-tests-with-act
    at Tooltip (file:///Volumes/X%20SSD%202025/Users/narrowchannel/Desktop/indiiOS-Clean/node_modules/@radix-ui/react-tooltip/dist/index.mjs:73:5)
    at PromptInputAction2 (/Volumes/X SSD 2025/Users/narrowchannel/Desktop/indiiOS-Clean/packages/renderer/src/components/ui/prompt-input.tsx:193:3)
    at div
    at div
    at PromptInputActions2 (/Volumes/X SSD 2025/Users/narrowchannel/Desktop/indiiOS-Clean/packages/renderer/src/components/ui/prompt-input.tsx:182:3)
    at div
    at Provider (file:///Volumes/X%20SSD%202025/Users/narrowchannel/Desktop/indiiOS-Clean/node_modules/@radix-ui/react-context/dist/index.mjs:27:15)
    at TooltipProvider (file:///Volumes/X%20SSD%202025/Users/narrowchannel/Desktop/indiiOS-Clean/node_modules/@radix-ui/react-tooltip/dist/index.mjs:29:5)
    at PromptInput (/Volumes/X SSD 2025/Users/narrowchannel/Desktop/indiiOS-Clean/packages/renderer/src/components/ui/prompt-input.tsx:44:3)
    at div
    at /Volumes/X SSD 2025/Users/narrowchannel/Desktop/indiiOS-Clean/packages/renderer/src/core/components/command-bar/PromptArea.tsx:25:54
    at div
    at div
    at div (/Volumes/X SSD 2025/Users/narrowchannel/Desktop/indiiOS-Clean/packages/renderer/src/core/components/CommandBar.test.tsx:64:13)
    at AnimatePresence (/Volumes/X SSD 2025/Users/narrowchannel/Desktop/indiiOS-Clean/packages/renderer/src/core/components/CommandBar.test.tsx:70:23)
    at CommandBar (/Volumes/X SSD 2025/Users/narrowchannel/Desktop/indiiOS-Clean/packages/renderer/src/core/components/CommandBar.tsx:33:41)
Warning: An update to Tooltip inside a test was not wrapped in act(...).

When testing, code that causes React state updates should be wrapped into act(...):

act(() => {
  /* fire events that update state */
});
/* assert on the output */

This ensures that you're testing the behavior the user would see in the browser. Learn more at https://reactjs.org/link/wrap-tests-with-act
    at Tooltip (file:///Volumes/X%20SSD%202025/Users/narrowchannel/Desktop/indiiOS-Clean/node_modules/@radix-ui/react-tooltip/dist/index.mjs:73:5)
    at PromptInputAction2 (/Volumes/X SSD 2025/Users/narrowchannel/Desktop/indiiOS-Clean/packages/renderer/src/components/ui/prompt-input.tsx:193:3)
    at div
    at div
    at div
    at PromptInputActions2 (/Volumes/X SSD 2025/Users/narrowchannel/Desktop/indiiOS-Clean/packages/renderer/src/components/ui/prompt-input.tsx:182:3)
    at div
    at Provider (file:///Volumes/X%20SSD%202025/Users/narrowchannel/Desktop/indiiOS-Clean/node_modules/@radix-ui/react-context/dist/index.mjs:27:15)
    at TooltipProvider (file:///Volumes/X%20SSD%202025/Users/narrowchannel/Desktop/indiiOS-Clean/node_modules/@radix-ui/react-tooltip/dist/index.mjs:29:5)
    at PromptInput (/Volumes/X SSD 2025/Users/narrowchannel/Desktop/indiiOS-Clean/packages/renderer/src/components/ui/prompt-input.tsx:44:3)
    at div
    at /Volumes/X SSD 2025/Users/narrowchannel/Desktop/indiiOS-Clean/packages/renderer/src/core/components/command-bar/PromptArea.tsx:25:54
    at div
    at div
    at div (/Volumes/X SSD 2025/Users/narrowchannel/Desktop/indiiOS-Clean/packages/renderer/src/core/components/CommandBar.test.tsx:64:13)
    at AnimatePresence (/Volumes/X SSD 2025/Users/narrowchannel/Desktop/indiiOS-Clean/packages/renderer/src/core/components/CommandBar.test.tsx:70:23)
    at CommandBar (/Volumes/X SSD 2025/Users/narrowchannel/Desktop/indiiOS-Clean/packages/renderer/src/core/components/CommandBar.tsx:33:41)
Warning: An update to Tooltip inside a test was not wrapped in act(...).

When testing, code that causes React state updates should be wrapped into act(...):

act(() => {
  /* fire events that update state */
});
/* assert on the output */

This ensures that you're testing the behavior the user would see in the browser. Learn more at https://reactjs.org/link/wrap-tests-with-act
    at Tooltip (file:///Volumes/X%20SSD%202025/Users/narrowchannel/Desktop/indiiOS-Clean/node_modules/@radix-ui/react-tooltip/dist/index.mjs:73:5)
    at PromptInputAction2 (/Volumes/X SSD 2025/Users/narrowchannel/Desktop/indiiOS-Clean/packages/renderer/src/components/ui/prompt-input.tsx:193:3)
    at div
    at div
    at div
    at PromptInputActions2 (/Volumes/X SSD 2025/Users/narrowchannel/Desktop/indiiOS-Clean/packages/renderer/src/components/ui/prompt-input.tsx:182:3)
    at div
    at Provider (file:///Volumes/X%20SSD%202025/Users/narrowchannel/Desktop/indiiOS-Clean/node_modules/@radix-ui/react-context/dist/index.mjs:27:15)
    at TooltipProvider (file:///Volumes/X%20SSD%202025/Users/narrowchannel/Desktop/indiiOS-Clean/node_modules/@radix-ui/react-tooltip/dist/index.mjs:29:5)
    at PromptInput (/Volumes/X SSD 2025/Users/narrowchannel/Desktop/indiiOS-Clean/packages/renderer/src/components/ui/prompt-input.tsx:44:3)
    at div
    at /Volumes/X SSD 2025/Users/narrowchannel/Desktop/indiiOS-Clean/packages/renderer/src/core/components/command-bar/PromptArea.tsx:25:54
    at div
    at div
    at div (/Volumes/X SSD 2025/Users/narrowchannel/Desktop/indiiOS-Clean/packages/renderer/src/core/components/CommandBar.test.tsx:64:13)
    at AnimatePresence (/Volumes/X SSD 2025/Users/narrowchannel/Desktop/indiiOS-Clean/packages/renderer/src/core/components/CommandBar.test.tsx:70:23)
    at CommandBar (/Volumes/X SSD 2025/Users/narrowchannel/Desktop/indiiOS-Clean/packages/renderer/src/core/components/CommandBar.tsx:33:41)
Warning: An update to Tooltip inside a test was not wrapped in act(...).

When testing, code that causes React state updates should be wrapped into act(...):

act(() => {
  /* fire events that update state */
});
/* assert on the output */

This ensures that you're testing the behavior the user would see in the browser. Learn more at https://reactjs.org/link/wrap-tests-with-act
    at Tooltip (file:///Volumes/X%20SSD%202025/Users/narrowchannel/Desktop/indiiOS-Clean/node_modules/@radix-ui/react-tooltip/dist/index.mjs:73:5)
    at PromptInputAction2 (/Volumes/X SSD 2025/Users/narrowchannel/Desktop/indiiOS-Clean/packages/renderer/src/components/ui/prompt-input.tsx:193:3)
    at div
    at div
    at PromptInputActions2 (/Volumes/X SSD 2025/Users/narrowchannel/Desktop/indiiOS-Clean/packages/renderer/src/components/ui/prompt-input.tsx:182:3)
    at div
    at Provider (file:///Volumes/X%20SSD%202025/Users/narrowchannel/Desktop/indiiOS-Clean/node_modules/@radix-ui/react-context/dist/index.mjs:27:15)
    at TooltipProvider (file:///Volumes/X%20SSD%202025/Users/narrowchannel/Desktop/indiiOS-Clean/node_modules/@radix-ui/react-tooltip/dist/index.mjs:29:5)
    at PromptInput (/Volumes/X SSD 2025/Users/narrowchannel/Desktop/indiiOS-Clean/packages/renderer/src/components/ui/prompt-input.tsx:44:3)
    at div
    at /Volumes/X SSD 2025/Users/narrowchannel/Desktop/indiiOS-Clean/packages/renderer/src/core/components/command-bar/PromptArea.tsx:25:54
    at div
    at div
    at div (/Volumes/X SSD 2025/Users/narrowchannel/Desktop/indiiOS-Clean/packages/renderer/src/core/components/CommandBar.test.tsx:64:13)
    at AnimatePresence (/Volumes/X SSD 2025/Users/narrowchannel/Desktop/indiiOS-Clean/packages/renderer/src/core/components/CommandBar.test.tsx:70:23)
    at CommandBar (/Volumes/X SSD 2025/Users/narrowchannel/Desktop/indiiOS-Clean/packages/renderer/src/core/components/CommandBar.tsx:33:41)
Warning: An update to null inside a test was not wrapped in act(...).

When testing, code that causes React state updates should be wrapped into act(...):

act(() => {
  /* fire events that update state */
});
/* assert on the output */

This ensures that you're testing the behavior the user would see in the browser. Learn more at https://reactjs.org/link/wrap-tests-with-act
    at /Volumes/X SSD 2025/Users/narrowchannel/Desktop/indiiOS-Clean/packages/renderer/src/core/components/command-bar/PromptArea.tsx:25:54
    at div
    at div
    at div (/Volumes/X SSD 2025/Users/narrowchannel/Desktop/indiiOS-Clean/packages/renderer/src/core/components/CommandBar.test.tsx:64:13)
    at AnimatePresence (/Volumes/X SSD 2025/Users/narrowchannel/Desktop/indiiOS-Clean/packages/renderer/src/core/components/CommandBar.test.tsx:70:23)
    at CommandBar (/Volumes/X SSD 2025/Users/narrowchannel/Desktop/indiiOS-Clean/packages/renderer/src/core/components/CommandBar.tsx:33:41)
Warning: An update to CommandBar inside a test was not wrapped in act(...).

When testing, code that causes React state updates should be wrapped into act(...):

act(() => {
  /* fire events that update state */
});
/* assert on the output */

This ensures that you're testing the behavior the user would see in the browser. Learn more at https://reactjs.org/link/wrap-tests-with-act
    at CommandBar (/Volumes/X SSD 2025/Users/narrowchannel/Desktop/indiiOS-Clean/packages/renderer/src/core/components/CommandBar.tsx:33:41)
Warning: An update to null inside a test was not wrapped in act(...).

When testing, code that causes React state updates should be wrapped into act(...):

act(() => {
  /* fire events that update state */
});
/* assert on the output */

This ensures that you're testing the behavior the user would see in the browser. Learn more at https://reactjs.org/link/wrap-tests-with-act
    at /Volumes/X SSD 2025/Users/narrowchannel/Desktop/indiiOS-Clean/packages/renderer/src/core/components/command-bar/PromptArea.tsx:25:54
    at div
    at div
    at div (/Volumes/X SSD 2025/Users/narrowchannel/Desktop/indiiOS-Clean/packages/renderer/src/core/components/CommandBar.test.tsx:64:13)
    at AnimatePresence (/Volumes/X SSD 2025/Users/narrowchannel/Desktop/indiiOS-Clean/packages/renderer/src/core/components/CommandBar.test.tsx:70:23)
    at CommandBar (/Volumes/X SSD 2025/Users/narrowchannel/Desktop/indiiOS-Clean/packages/renderer/src/core/components/CommandBar.tsx:33:41)
Warning: An update to CommandBar inside a test was not wrapped in act(...).

When testing, code that causes React state updates should be wrapped into act(...):

act(() => {
  /* fire events that update state */
});
/* assert on the output */

This ensures that you're testing the behavior the user would see in the browser. Learn more at https://reactjs.org/link/wrap-tests-with-act
    at CommandBar (/Volumes/X SSD 2025/Users/narrowchannel/Desktop/indiiOS-Clean/packages/renderer/src/core/components/CommandBar.tsx:33:41)
Warning: An update to CommandBar inside a test was not wrapped in act(...).

When testing, code that causes React state updates should be wrapped into act(...):

act(() => {
  /* fire events that update state */
});
/* assert on the output */

This ensures that you're testing the behavior the user would see in the browser. Learn more at https://reactjs.org/link/wrap-tests-with-act
    at CommandBar (/Volumes/X SSD 2025/Users/narrowchannel/Desktop/indiiOS-Clean/packages/renderer/src/core/components/CommandBar.tsx:33:41)
Warning: An update to Tooltip inside a test was not wrapped in act(...).

When testing, code that causes React state updates should be wrapped into act(...):

act(() => {
  /* fire events that update state */
});
/* assert on the output */

This ensures that you're testing the behavior the user would see in the browser. Learn more at https://reactjs.org/link/wrap-tests-with-act
    at Tooltip (file:///Volumes/X%20SSD%202025/Users/narrowchannel/Desktop/indiiOS-Clean/node_modules/@radix-ui/react-tooltip/dist/index.mjs:73:5)
    at PromptInputAction2 (/Volumes/X SSD 2025/Users/narrowchannel/Desktop/indiiOS-Clean/packages/renderer/src/components/ui/prompt-input.tsx:193:3)
    at div
    at div
    at div
    at PromptInputActions2 (/Volumes/X SSD 2025/Users/narrowchannel/Desktop/indiiOS-Clean/packages/renderer/src/components/ui/prompt-input.tsx:182:3)
    at div
    at Provider (file:///Volumes/X%20SSD%202025/Users/narrowchannel/Desktop/indiiOS-Clean/node_modules/@radix-ui/react-context/dist/index.mjs:27:15)
    at TooltipProvider (file:///Volumes/X%20SSD%202025/Users/narrowchannel/Desktop/indiiOS-Clean/node_modules/@radix-ui/react-tooltip/dist/index.mjs:29:5)
    at PromptInput (/Volumes/X SSD 2025/Users/narrowchannel/Desktop/indiiOS-Clean/packages/renderer/src/components/ui/prompt-input.tsx:44:3)
    at div
    at /Volumes/X SSD 2025/Users/narrowchannel/Desktop/indiiOS-Clean/packages/renderer/src/core/components/command-bar/PromptArea.tsx:25:54
    at div
    at div
    at div (/Volumes/X SSD 2025/Users/narrowchannel/Desktop/indiiOS-Clean/packages/renderer/src/core/components/CommandBar.test.tsx:64:13)
    at AnimatePresence (/Volumes/X SSD 2025/Users/narrowchannel/Desktop/indiiOS-Clean/packages/renderer/src/core/components/CommandBar.test.tsx:70:23)
    at CommandBar (/Volumes/X SSD 2025/Users/narrowchannel/Desktop/indiiOS-Clean/packages/renderer/src/core/components/CommandBar.tsx:33:41)
Warning: An update to Tooltip inside a test was not wrapped in act(...).

When testing, code that causes React state updates should be wrapped into act(...):

act(() => {
  /* fire events that update state */
});
/* assert on the output */

This ensures that you're testing the behavior the user would see in the browser. Learn more at https://reactjs.org/link/wrap-tests-with-act
    at Tooltip (file:///Volumes/X%20SSD%202025/Users/narrowchannel/Desktop/indiiOS-Clean/node_modules/@radix-ui/react-tooltip/dist/index.mjs:73:5)
    at PromptInputAction2 (/Volumes/X SSD 2025/Users/narrowchannel/Desktop/indiiOS-Clean/packages/renderer/src/components/ui/prompt-input.tsx:193:3)
    at div
    at div
    at PromptInputActions2 (/Volumes/X SSD 2025/Users/narrowchannel/Desktop/indiiOS-Clean/packages/renderer/src/components/ui/prompt-input.tsx:182:3)
    at div
    at Provider (file:///Volumes/X%20SSD%202025/Users/narrowchannel/Desktop/indiiOS-Clean/node_modules/@radix-ui/react-context/dist/index.mjs:27:15)
    at TooltipProvider (file:///Volumes/X%20SSD%202025/Users/narrowchannel/Desktop/indiiOS-Clean/node_modules/@radix-ui/react-tooltip/dist/index.mjs:29:5)
    at PromptInput (/Volumes/X SSD 2025/Users/narrowchannel/Desktop/indiiOS-Clean/packages/renderer/src/components/ui/prompt-input.tsx:44:3)
    at div
    at /Volumes/X SSD 2025/Users/narrowchannel/Desktop/indiiOS-Clean/packages/renderer/src/core/components/command-bar/PromptArea.tsx:25:54
    at div
    at div
    at div (/Volumes/X SSD 2025/Users/narrowchannel/Desktop/indiiOS-Clean/packages/renderer/src/core/components/CommandBar.test.tsx:64:13)
    at AnimatePresence (/Volumes/X SSD 2025/Users/narrowchannel/Desktop/indiiOS-Clean/packages/renderer/src/core/components/CommandBar.test.tsx:70:23)
    at CommandBar (/Volumes/X SSD 2025/Users/narrowchannel/Desktop/indiiOS-Clean/packages/renderer/src/core/components/CommandBar.tsx:33:41)
Warning: An update to Tooltip inside a test was not wrapped in act(...).

When testing, code that causes React state updates should be wrapped into act(...):

act(() => {
  /* fire events that update state */
});
/* assert on the output */

This ensures that you're testing the behavior the user would see in the browser. Learn more at https://reactjs.org/link/wrap-tests-with-act
    at Tooltip (file:///Volumes/X%20SSD%202025/Users/narrowchannel/Desktop/indiiOS-Clean/node_modules/@radix-ui/react-tooltip/dist/index.mjs:73:5)
    at PromptInputAction2 (/Volumes/X SSD 2025/Users/narrowchannel/Desktop/indiiOS-Clean/packages/renderer/src/components/ui/prompt-input.tsx:193:3)
    at div
    at div
    at PromptInputActions2 (/Volumes/X SSD 2025/Users/narrowchannel/Desktop/indiiOS-Clean/packages/renderer/src/components/ui/prompt-input.tsx:182:3)
    at div
    at Provider (file:///Volumes/X%20SSD%202025/Users/narrowchannel/Desktop/indiiOS-Clean/node_modules/@radix-ui/react-context/dist/index.mjs:27:15)
    at TooltipProvider (file:///Volumes/X%20SSD%202025/Users/narrowchannel/Desktop/indiiOS-Clean/node_modules/@radix-ui/react-tooltip/dist/index.mjs:29:5)
    at PromptInput (/Volumes/X SSD 2025/Users/narrowchannel/Desktop/indiiOS-Clean/packages/renderer/src/components/ui/prompt-input.tsx:44:3)
    at div
    at /Volumes/X SSD 2025/Users/narrowchannel/Desktop/indiiOS-Clean/packages/renderer/src/core/components/command-bar/PromptArea.tsx:25:54
    at div
    at div
    at div (/Volumes/X SSD 2025/Users/narrowchannel/Desktop/indiiOS-Clean/packages/renderer/src/core/components/CommandBar.test.tsx:64:13)
    at AnimatePresence (/Volumes/X SSD 2025/Users/narrowchannel/Desktop/indiiOS-Clean/packages/renderer/src/core/components/CommandBar.test.tsx:70:23)
    at CommandBar (/Volumes/X SSD 2025/Users/narrowchannel/Desktop/indiiOS-Clean/packages/renderer/src/core/components/CommandBar.tsx:33:41)
Warning: An update to Tooltip inside a test was not wrapped in act(...).

When testing, code that causes React state updates should be wrapped into act(...):

act(() => {
  /* fire events that update state */
});
/* assert on the output */

This ensures that you're testing the behavior the user would see in the browser. Learn more at https://reactjs.org/link/wrap-tests-with-act
    at Tooltip (file:///Volumes/X%20SSD%202025/Users/narrowchannel/Desktop/indiiOS-Clean/node_modules/@radix-ui/react-tooltip/dist/index.mjs:73:5)
    at PromptInputAction2 (/Volumes/X SSD 2025/Users/narrowchannel/Desktop/indiiOS-Clean/packages/renderer/src/components/ui/prompt-input.tsx:193:3)
    at div
    at div
    at div
    at PromptInputActions2 (/Volumes/X SSD 2025/Users/narrowchannel/Desktop/indiiOS-Clean/packages/renderer/src/components/ui/prompt-input.tsx:182:3)
    at div
    at Provider (file:///Volumes/X%20SSD%202025/Users/narrowchannel/Desktop/indiiOS-Clean/node_modules/@radix-ui/react-context/dist/index.mjs:27:15)
    at TooltipProvider (file:///Volumes/X%20SSD%202025/Users/narrowchannel/Desktop/indiiOS-Clean/node_modules/@radix-ui/react-tooltip/dist/index.mjs:29:5)
    at PromptInput (/Volumes/X SSD 2025/Users/narrowchannel/Desktop/indiiOS-Clean/packages/renderer/src/components/ui/prompt-input.tsx:44:3)
    at div
    at /Volumes/X SSD 2025/Users/narrowchannel/Desktop/indiiOS-Clean/packages/renderer/src/core/components/command-bar/PromptArea.tsx:25:54
    at div
    at div
    at div (/Volumes/X SSD 2025/Users/narrowchannel/Desktop/indiiOS-Clean/packages/renderer/src/core/components/CommandBar.test.tsx:64:13)
    at AnimatePresence (/Volumes/X SSD 2025/Users/narrowchannel/Desktop/indiiOS-Clean/packages/renderer/src/core/components/CommandBar.test.tsx:70:23)
    at CommandBar (/Volumes/X SSD 2025/Users/narrowchannel/Desktop/indiiOS-Clean/packages/renderer/src/core/components/CommandBar.tsx:33:41)
Warning: An update to Tooltip inside a test was not wrapped in act(...).

When testing, code that causes React state updates should be wrapped into act(...):

act(() => {
  /* fire events that update state */
});
/* assert on the output */

This ensures that you're testing the behavior the user would see in the browser. Learn more at https://reactjs.org/link/wrap-tests-with-act
    at Tooltip (file:///Volumes/X%20SSD%202025/Users/narrowchannel/Desktop/indiiOS-Clean/node_modules/@radix-ui/react-tooltip/dist/index.mjs:73:5)
    at PromptInputAction2 (/Volumes/X SSD 2025/Users/narrowchannel/Desktop/indiiOS-Clean/packages/renderer/src/components/ui/prompt-input.tsx:193:3)
    at div
    at div
    at div
    at PromptInputActions2 (/Volumes/X SSD 2025/Users/narrowchannel/Desktop/indiiOS-Clean/packages/renderer/src/components/ui/prompt-input.tsx:182:3)
    at div
    at Provider (file:///Volumes/X%20SSD%202025/Users/narrowchannel/Desktop/indiiOS-Clean/node_modules/@radix-ui/react-context/dist/index.mjs:27:15)
    at TooltipProvider (file:///Volumes/X%20SSD%202025/Users/narrowchannel/Desktop/indiiOS-Clean/node_modules/@radix-ui/react-tooltip/dist/index.mjs:29:5)
    at PromptInput (/Volumes/X SSD 2025/Users/narrowchannel/Desktop/indiiOS-Clean/packages/renderer/src/components/ui/prompt-input.tsx:44:3)
    at div
    at /Volumes/X SSD 2025/Users/narrowchannel/Desktop/indiiOS-Clean/packages/renderer/src/core/components/command-bar/PromptArea.tsx:25:54
    at div
    at div
    at div (/Volumes/X SSD 2025/Users/narrowchannel/Desktop/indiiOS-Clean/packages/renderer/src/core/components/CommandBar.test.tsx:64:13)
    at AnimatePresence (/Volumes/X SSD 2025/Users/narrowchannel/Desktop/indiiOS-Clean/packages/renderer/src/core/components/CommandBar.test.tsx:70:23)
    at CommandBar (/Volumes/X SSD 2025/Users/narrowchannel/Desktop/indiiOS-Clean/packages/renderer/src/core/components/CommandBar.tsx:33:41)
Warning: An update to Tooltip inside a test was not wrapped in act(...).

When testing, code that causes React state updates should be wrapped into act(...):

act(() => {
  /* fire events that update state */
});
/* assert on the output */

This ensures that you're testing the behavior the user would see in the browser. Learn more at https://reactjs.org/link/wrap-tests-with-act
    at Tooltip (file:///Volumes/X%20SSD%202025/Users/narrowchannel/Desktop/indiiOS-Clean/node_modules/@radix-ui/react-tooltip/dist/index.mjs:73:5)
    at PromptInputAction2 (/Volumes/X SSD 2025/Users/narrowchannel/Desktop/indiiOS-Clean/packages/renderer/src/components/ui/prompt-input.tsx:193:3)
    at div
    at div
    at PromptInputActions2 (/Volumes/X SSD 2025/Users/narrowchannel/Desktop/indiiOS-Clean/packages/renderer/src/components/ui/prompt-input.tsx:182:3)
    at div
    at Provider (file:///Volumes/X%20SSD%202025/Users/narrowchannel/Desktop/indiiOS-Clean/node_modules/@radix-ui/react-context/dist/index.mjs:27:15)
    at TooltipProvider (file:///Volumes/X%20SSD%202025/Users/narrowchannel/Desktop/indiiOS-Clean/node_modules/@radix-ui/react-tooltip/dist/index.mjs:29:5)
    at PromptInput (/Volumes/X SSD 2025/Users/narrowchannel/Desktop/indiiOS-Clean/packages/renderer/src/components/ui/prompt-input.tsx:44:3)
    at div
    at /Volumes/X SSD 2025/Users/narrowchannel/Desktop/indiiOS-Clean/packages/renderer/src/core/components/command-bar/PromptArea.tsx:25:54
    at div
    at div
    at div (/Volumes/X SSD 2025/Users/narrowchannel/Desktop/indiiOS-Clean/packages/renderer/src/core/components/CommandBar.test.tsx:64:13)
    at AnimatePresence (/Volumes/X SSD 2025/Users/narrowchannel/Desktop/indiiOS-Clean/packages/renderer/src/core/components/CommandBar.test.tsx:70:23)
    at CommandBar (/Volumes/X SSD 2025/Users/narrowchannel/Desktop/indiiOS-Clean/packages/renderer/src/core/components/CommandBar.tsx:33:41)
Warning: An update to Tooltip inside a test was not wrapped in act(...).

When testing, code that causes React state updates should be wrapped into act(...):

act(() => {
  /* fire events that update state */
});
/* assert on the output */

This ensures that you're testing the behavior the user would see in the browser. Learn more at https://reactjs.org/link/wrap-tests-with-act
    at Tooltip (file:///Volumes/X%20SSD%202025/Users/narrowchannel/Desktop/indiiOS-Clean/node_modules/@radix-ui/react-tooltip/dist/index.mjs:73:5)
    at PromptInputAction2 (/Volumes/X SSD 2025/Users/narrowchannel/Desktop/indiiOS-Clean/packages/renderer/src/components/ui/prompt-input.tsx:193:3)
    at div
    at div
    at div
    at PromptInputActions2 (/Volumes/X SSD 2025/Users/narrowchannel/Desktop/indiiOS-Clean/packages/renderer/src/components/ui/prompt-input.tsx:182:3)
    at div
    at Provider (file:///Volumes/X%20SSD%202025/Users/narrowchannel/Desktop/indiiOS-Clean/node_modules/@radix-ui/react-context/dist/index.mjs:27:15)
    at TooltipProvider (file:///Volumes/X%20SSD%202025/Users/narrowchannel/Desktop/indiiOS-Clean/node_modules/@radix-ui/react-tooltip/dist/index.mjs:29:5)
    at PromptInput (/Volumes/X SSD 2025/Users/narrowchannel/Desktop/indiiOS-Clean/packages/renderer/src/components/ui/prompt-input.tsx:44:3)
    at div
    at /Volumes/X SSD 2025/Users/narrowchannel/Desktop/indiiOS-Clean/packages/renderer/src/core/components/command-bar/PromptArea.tsx:25:54
    at div
    at div
    at div (/Volumes/X SSD 2025/Users/narrowchannel/Desktop/indiiOS-Clean/packages/renderer/src/core/components/CommandBar.test.tsx:64:13)
    at AnimatePresence (/Volumes/X SSD 2025/Users/narrowchannel/Desktop/indiiOS-Clean/packages/renderer/src/core/components/CommandBar.test.tsx:70:23)
    at CommandBar (/Volumes/X SSD 2025/Users/narrowchannel/Desktop/indiiOS-Clean/packages/renderer/src/core/components/CommandBar.tsx:33:41)
Warning: An update to Tooltip inside a test was not wrapped in act(...).

When testing, code that causes React state updates should be wrapped into act(...):

act(() => {
  /* fire events that update state */
});
/* assert on the output */

This ensures that you're testing the behavior the user would see in the browser. Learn more at https://reactjs.org/link/wrap-tests-with-act
    at Tooltip (file:///Volumes/X%20SSD%202025/Users/narrowchannel/Desktop/indiiOS-Clean/node_modules/@radix-ui/react-tooltip/dist/index.mjs:73:5)
    at PromptInputAction2 (/Volumes/X SSD 2025/Users/narrowchannel/Desktop/indiiOS-Clean/packages/renderer/src/components/ui/prompt-input.tsx:193:3)
    at div
    at div
    at PromptInputActions2 (/Volumes/X SSD 2025/Users/narrowchannel/Desktop/indiiOS-Clean/packages/renderer/src/components/ui/prompt-input.tsx:182:3)
    at div
    at Provider (file:///Volumes/X%20SSD%202025/Users/narrowchannel/Desktop/indiiOS-Clean/node_modules/@radix-ui/react-context/dist/index.mjs:27:15)
    at TooltipProvider (file:///Volumes/X%20SSD%202025/Users/narrowchannel/Desktop/indiiOS-Clean/node_modules/@radix-ui/react-tooltip/dist/index.mjs:29:5)
    at PromptInput (/Volumes/X SSD 2025/Users/narrowchannel/Desktop/indiiOS-Clean/packages/renderer/src/components/ui/prompt-input.tsx:44:3)
    at div
    at /Volumes/X SSD 2025/Users/narrowchannel/Desktop/indiiOS-Clean/packages/renderer/src/core/components/command-bar/PromptArea.tsx:25:54
    at div
    at div
    at div (/Volumes/X SSD 2025/Users/narrowchannel/Desktop/indiiOS-Clean/packages/renderer/src/core/components/CommandBar.test.tsx:64:13)
    at AnimatePresence (/Volumes/X SSD 2025/Users/narrowchannel/Desktop/indiiOS-Clean/packages/renderer/src/core/components/CommandBar.test.tsx:70:23)
    at CommandBar (/Volumes/X SSD 2025/Users/narrowchannel/Desktop/indiiOS-Clean/packages/renderer/src/core/components/CommandBar.tsx:33:41)
Warning: An update to Tooltip inside a test was not wrapped in act(...).

When testing, code that causes React state updates should be wrapped into act(...):

act(() => {
  /* fire events that update state */
});
/* assert on the output */

This ensures that you're testing the behavior the user would see in the browser. Learn more at https://reactjs.org/link/wrap-tests-with-act
    at Tooltip (file:///Volumes/X%20SSD%202025/Users/narrowchannel/Desktop/indiiOS-Clean/node_modules/@radix-ui/react-tooltip/dist/index.mjs:73:5)
    at PromptInputAction2 (/Volumes/X SSD 2025/Users/narrowchannel/Desktop/indiiOS-Clean/packages/renderer/src/components/ui/prompt-input.tsx:193:3)
    at div
    at div
    at PromptInputActions2 (/Volumes/X SSD 2025/Users/narrowchannel/Desktop/indiiOS-Clean/packages/renderer/src/components/ui/prompt-input.tsx:182:3)
    at div
    at Provider (file:///Volumes/X%20SSD%202025/Users/narrowchannel/Desktop/indiiOS-Clean/node_modules/@radix-ui/react-context/dist/index.mjs:27:15)
    at TooltipProvider (file:///Volumes/X%20SSD%202025/Users/narrowchannel/Desktop/indiiOS-Clean/node_modules/@radix-ui/react-tooltip/dist/index.mjs:29:5)
    at PromptInput (/Volumes/X SSD 2025/Users/narrowchannel/Desktop/indiiOS-Clean/packages/renderer/src/components/ui/prompt-input.tsx:44:3)
    at div
    at /Volumes/X SSD 2025/Users/narrowchannel/Desktop/indiiOS-Clean/packages/renderer/src/core/components/command-bar/PromptArea.tsx:25:54
    at div
    at div
    at div (/Volumes/X SSD 2025/Users/narrowchannel/Desktop/indiiOS-Clean/packages/renderer/src/core/components/CommandBar.test.tsx:64:13)
    at AnimatePresence (/Volumes/X SSD 2025/Users/narrowchannel/Desktop/indiiOS-Clean/packages/renderer/src/core/components/CommandBar.test.tsx:70:23)
    at CommandBar (/Volumes/X SSD 2025/Users/narrowchannel/Desktop/indiiOS-Clean/packages/renderer/src/core/components/CommandBar.tsx:33:41)
Warning: An update to Tooltip inside a test was not wrapped in act(...).

When testing, code that causes React state updates should be wrapped into act(...):

act(() => {
  /* fire events that update state */
});
/* assert on the output */

This ensures that you're testing the behavior the user would see in the browser. Learn more at https://reactjs.org/link/wrap-tests-with-act
    at Tooltip (file:///Volumes/X%20SSD%202025/Users/narrowchannel/Desktop/indiiOS-Clean/node_modules/@radix-ui/react-tooltip/dist/index.mjs:73:5)
    at PromptInputAction2 (/Volumes/X SSD 2025/Users/narrowchannel/Desktop/indiiOS-Clean/packages/renderer/src/components/ui/prompt-input.tsx:193:3)
    at div
    at div
    at div
    at PromptInputActions2 (/Volumes/X SSD 2025/Users/narrowchannel/Desktop/indiiOS-Clean/packages/renderer/src/components/ui/prompt-input.tsx:182:3)
    at div
    at Provider (file:///Volumes/X%20SSD%202025/Users/narrowchannel/Desktop/indiiOS-Clean/node_modules/@radix-ui/react-context/dist/index.mjs:27:15)
    at TooltipProvider (file:///Volumes/X%20SSD%202025/Users/narrowchannel/Desktop/indiiOS-Clean/node_modules/@radix-ui/react-tooltip/dist/index.mjs:29:5)
    at PromptInput (/Volumes/X SSD 2025/Users/narrowchannel/Desktop/indiiOS-Clean/packages/renderer/src/components/ui/prompt-input.tsx:44:3)
    at div
    at /Volumes/X SSD 2025/Users/narrowchannel/Desktop/indiiOS-Clean/packages/renderer/src/core/components/command-bar/PromptArea.tsx:25:54
    at div
    at div
    at div (/Volumes/X SSD 2025/Users/narrowchannel/Desktop/indiiOS-Clean/packages/renderer/src/core/components/CommandBar.test.tsx:64:13)
    at AnimatePresence (/Volumes/X SSD 2025/Users/narrowchannel/Desktop/indiiOS-Clean/packages/renderer/src/core/components/CommandBar.test.tsx:70:23)
    at CommandBar (/Volumes/X SSD 2025/Users/narrowchannel/Desktop/indiiOS-Clean/packages/renderer/src/core/components/CommandBar.tsx:33:41)
Warning: An update to Tooltip inside a test was not wrapped in act(...).

When testing, code that causes React state updates should be wrapped into act(...):

act(() => {
  /* fire events that update state */
});
/* assert on the output */

This ensures that you're testing the behavior the user would see in the browser. Learn more at https://reactjs.org/link/wrap-tests-with-act
    at Tooltip (file:///Volumes/X%20SSD%202025/Users/narrowchannel/Desktop/indiiOS-Clean/node_modules/@radix-ui/react-tooltip/dist/index.mjs:73:5)
    at PromptInputAction2 (/Volumes/X SSD 2025/Users/narrowchannel/Desktop/indiiOS-Clean/packages/renderer/src/components/ui/prompt-input.tsx:193:3)
    at div
    at div
    at div
    at PromptInputActions2 (/Volumes/X SSD 2025/Users/narrowchannel/Desktop/indiiOS-Clean/packages/renderer/src/components/ui/prompt-input.tsx:182:3)
    at div
    at Provider (file:///Volumes/X%20SSD%202025/Users/narrowchannel/Desktop/indiiOS-Clean/node_modules/@radix-ui/react-context/dist/index.mjs:27:15)
    at TooltipProvider (file:///Volumes/X%20SSD%202025/Users/narrowchannel/Desktop/indiiOS-Clean/node_modules/@radix-ui/react-tooltip/dist/index.mjs:29:5)
    at PromptInput (/Volumes/X SSD 2025/Users/narrowchannel/Desktop/indiiOS-Clean/packages/renderer/src/components/ui/prompt-input.tsx:44:3)
    at div
    at /Volumes/X SSD 2025/Users/narrowchannel/Desktop/indiiOS-Clean/packages/renderer/src/core/components/command-bar/PromptArea.tsx:25:54
    at div
    at div
    at div (/Volumes/X SSD 2025/Users/narrowchannel/Desktop/indiiOS-Clean/packages/renderer/src/core/components/CommandBar.test.tsx:64:13)
    at AnimatePresence (/Volumes/X SSD 2025/Users/narrowchannel/Desktop/indiiOS-Clean/packages/renderer/src/core/components/CommandBar.test.tsx:70:23)
    at CommandBar (/Volumes/X SSD 2025/Users/narrowchannel/Desktop/indiiOS-Clean/packages/renderer/src/core/components/CommandBar.tsx:33:41)
Warning: An update to Tooltip inside a test was not wrapped in act(...).

When testing, code that causes React state updates should be wrapped into act(...):

act(() => {
  /* fire events that update state */
});
/* assert on the output */

This ensures that you're testing the behavior the user would see in the browser. Learn more at https://reactjs.org/link/wrap-tests-with-act
    at Tooltip (file:///Volumes/X%20SSD%202025/Users/narrowchannel/Desktop/indiiOS-Clean/node_modules/@radix-ui/react-tooltip/dist/index.mjs:73:5)
    at PromptInputAction2 (/Volumes/X SSD 2025/Users/narrowchannel/Desktop/indiiOS-Clean/packages/renderer/src/components/ui/prompt-input.tsx:193:3)
    at div
    at div
    at PromptInputActions2 (/Volumes/X SSD 2025/Users/narrowchannel/Desktop/indiiOS-Clean/packages/renderer/src/components/ui/prompt-input.tsx:182:3)
    at div
    at Provider (file:///Volumes/X%20SSD%202025/Users/narrowchannel/Desktop/indiiOS-Clean/node_modules/@radix-ui/react-context/dist/index.mjs:27:15)
    at TooltipProvider (file:///Volumes/X%20SSD%202025/Users/narrowchannel/Desktop/indiiOS-Clean/node_modules/@radix-ui/react-tooltip/dist/index.mjs:29:5)
    at PromptInput (/Volumes/X SSD 2025/Users/narrowchannel/Desktop/indiiOS-Clean/packages/renderer/src/components/ui/prompt-input.tsx:44:3)
    at div
    at /Volumes/X SSD 2025/Users/narrowchannel/Desktop/indiiOS-Clean/packages/renderer/src/core/components/command-bar/PromptArea.tsx:25:54
    at div
    at div
    at div (/Volumes/X SSD 2025/Users/narrowchannel/Desktop/indiiOS-Clean/packages/renderer/src/core/components/CommandBar.test.tsx:64:13)
    at AnimatePresence (/Volumes/X SSD 2025/Users/narrowchannel/Desktop/indiiOS-Clean/packages/renderer/src/core/components/CommandBar.test.tsx:70:23)
    at CommandBar (/Volumes/X SSD 2025/Users/narrowchannel/Desktop/indiiOS-Clean/packages/renderer/src/core/components/CommandBar.tsx:33:41)

stderr | packages/renderer/src/core/components/CommandBar.test.tsx > CommandBar > switches module and opens agent window when a department is selected
Warning: An update to null inside a test was not wrapped in act(...).

When testing, code that causes React state updates should be wrapped into act(...):

act(() => {
  /* fire events that update state */
});
/* assert on the output */

This ensures that you're testing the behavior the user would see in the browser. Learn more at https://reactjs.org/link/wrap-tests-with-act
    at /Volumes/X SSD 2025/Users/narrowchannel/Desktop/indiiOS-Clean/packages/renderer/src/core/components/command-bar/PromptArea.tsx:25:54
    at div
    at div
    at div (/Volumes/X SSD 2025/Users/narrowchannel/Desktop/indiiOS-Clean/packages/renderer/src/core/components/CommandBar.test.tsx:64:13)
    at AnimatePresence (/Volumes/X SSD 2025/Users/narrowchannel/Desktop/indiiOS-Clean/packages/renderer/src/core/components/CommandBar.test.tsx:70:23)
    at CommandBar (/Volumes/X SSD 2025/Users/narrowchannel/Desktop/indiiOS-Clean/packages/renderer/src/core/components/CommandBar.tsx:33:41)
Warning: An update to CommandBar inside a test was not wrapped in act(...).

When testing, code that causes React state updates should be wrapped into act(...):

act(() => {
  /* fire events that update state */
});
/* assert on the output */

This ensures that you're testing the behavior the user would see in the browser. Learn more at https://reactjs.org/link/wrap-tests-with-act
    at CommandBar (/Volumes/X SSD 2025/Users/narrowchannel/Desktop/indiiOS-Clean/packages/renderer/src/core/components/CommandBar.tsx:33:41)
Warning: An update to Tooltip inside a test was not wrapped in act(...).

When testing, code that causes React state updates should be wrapped into act(...):

act(() => {
  /* fire events that update state */
});
/* assert on the output */

This ensures that you're testing the behavior the user would see in the browser. Learn more at https://reactjs.org/link/wrap-tests-with-act
    at Tooltip (file:///Volumes/X%20SSD%202025/Users/narrowchannel/Desktop/indiiOS-Clean/node_modules/@radix-ui/react-tooltip/dist/index.mjs:73:5)
    at PromptInputAction2 (/Volumes/X SSD 2025/Users/narrowchannel/Desktop/indiiOS-Clean/packages/renderer/src/components/ui/prompt-input.tsx:193:3)
    at div
    at div
    at div
    at PromptInputActions2 (/Volumes/X SSD 2025/Users/narrowchannel/Desktop/indiiOS-Clean/packages/renderer/src/components/ui/prompt-input.tsx:182:3)
    at div
    at Provider (file:///Volumes/X%20SSD%202025/Users/narrowchannel/Desktop/indiiOS-Clean/node_modules/@radix-ui/react-context/dist/index.mjs:27:15)
    at TooltipProvider (file:///Volumes/X%20SSD%202025/Users/narrowchannel/Desktop/indiiOS-Clean/node_modules/@radix-ui/react-tooltip/dist/index.mjs:29:5)
    at PromptInput (/Volumes/X SSD 2025/Users/narrowchannel/Desktop/indiiOS-Clean/packages/renderer/src/components/ui/prompt-input.tsx:44:3)
    at div
    at /Volumes/X SSD 2025/Users/narrowchannel/Desktop/indiiOS-Clean/packages/renderer/src/core/components/command-bar/PromptArea.tsx:25:54
    at div
    at div
    at div (/Volumes/X SSD 2025/Users/narrowchannel/Desktop/indiiOS-Clean/packages/renderer/src/core/components/CommandBar.test.tsx:64:13)
    at AnimatePresence (/Volumes/X SSD 2025/Users/narrowchannel/Desktop/indiiOS-Clean/packages/renderer/src/core/components/CommandBar.test.tsx:70:23)
    at CommandBar (/Volumes/X SSD 2025/Users/narrowchannel/Desktop/indiiOS-Clean/packages/renderer/src/core/components/CommandBar.tsx:33:41)
Warning: An update to Tooltip inside a test was not wrapped in act(...).

When testing, code that causes React state updates should be wrapped into act(...):

act(() => {
  /* fire events that update state */
});
/* assert on the output */

This ensures that you're testing the behavior the user would see in the browser. Learn more at https://reactjs.org/link/wrap-tests-with-act
    at Tooltip (file:///Volumes/X%20SSD%202025/Users/narrowchannel/Desktop/indiiOS-Clean/node_modules/@radix-ui/react-tooltip/dist/index.mjs:73:5)
    at PromptInputAction2 (/Volumes/X SSD 2025/Users/narrowchannel/Desktop/indiiOS-Clean/packages/renderer/src/components/ui/prompt-input.tsx:193:3)
    at div
    at div
    at PromptInputActions2 (/Volumes/X SSD 2025/Users/narrowchannel/Desktop/indiiOS-Clean/packages/renderer/src/components/ui/prompt-input.tsx:182:3)
    at div
    at Provider (file:///Volumes/X%20SSD%202025/Users/narrowchannel/Desktop/indiiOS-Clean/node_modules/@radix-ui/react-context/dist/index.mjs:27:15)
    at TooltipProvider (file:///Volumes/X%20SSD%202025/Users/narrowchannel/Desktop/indiiOS-Clean/node_modules/@radix-ui/react-tooltip/dist/index.mjs:29:5)
    at PromptInput (/Volumes/X SSD 2025/Users/narrowchannel/Desktop/indiiOS-Clean/packages/renderer/src/components/ui/prompt-input.tsx:44:3)
    at div
    at /Volumes/X SSD 2025/Users/narrowchannel/Desktop/indiiOS-Clean/packages/renderer/src/core/components/command-bar/PromptArea.tsx:25:54
    at div
    at div
    at div (/Volumes/X SSD 2025/Users/narrowchannel/Desktop/indiiOS-Clean/packages/renderer/src/core/components/CommandBar.test.tsx:64:13)
    at AnimatePresence (/Volumes/X SSD 2025/Users/narrowchannel/Desktop/indiiOS-Clean/packages/renderer/src/core/components/CommandBar.test.tsx:70:23)
    at CommandBar (/Volumes/X SSD 2025/Users/narrowchannel/Desktop/indiiOS-Clean/packages/renderer/src/core/components/CommandBar.tsx:33:41)
Warning: An update to Tooltip inside a test was not wrapped in act(...).

When testing, code that causes React state updates should be wrapped into act(...):

act(() => {
  /* fire events that update state */
});
/* assert on the output */

This ensures that you're testing the behavior the user would see in the browser. Learn more at https://reactjs.org/link/wrap-tests-with-act
    at Tooltip (file:///Volumes/X%20SSD%202025/Users/narrowchannel/Desktop/indiiOS-Clean/node_modules/@radix-ui/react-tooltip/dist/index.mjs:73:5)
    at PromptInputAction2 (/Volumes/X SSD 2025/Users/narrowchannel/Desktop/indiiOS-Clean/packages/renderer/src/components/ui/prompt-input.tsx:193:3)
    at div
    at div
    at PromptInputActions2 (/Volumes/X SSD 2025/Users/narrowchannel/Desktop/indiiOS-Clean/packages/renderer/src/components/ui/prompt-input.tsx:182:3)
    at div
    at Provider (file:///Volumes/X%20SSD%202025/Users/narrowchannel/Desktop/indiiOS-Clean/node_modules/@radix-ui/react-context/dist/index.mjs:27:15)
    at TooltipProvider (file:///Volumes/X%20SSD%202025/Users/narrowchannel/Desktop/indiiOS-Clean/node_modules/@radix-ui/react-tooltip/dist/index.mjs:29:5)
    at PromptInput (/Volumes/X SSD 2025/Users/narrowchannel/Desktop/indiiOS-Clean/packages/renderer/src/components/ui/prompt-input.tsx:44:3)
    at div
    at /Volumes/X SSD 2025/Users/narrowchannel/Desktop/indiiOS-Clean/packages/renderer/src/core/components/command-bar/PromptArea.tsx:25:54
    at div
    at div
    at div (/Volumes/X SSD 2025/Users/narrowchannel/Desktop/indiiOS-Clean/packages/renderer/src/core/components/CommandBar.test.tsx:64:13)
    at AnimatePresence (/Volumes/X SSD 2025/Users/narrowchannel/Desktop/indiiOS-Clean/packages/renderer/src/core/components/CommandBar.test.tsx:70:23)
    at CommandBar (/Volumes/X SSD 2025/Users/narrowchannel/Desktop/indiiOS-Clean/packages/renderer/src/core/components/CommandBar.tsx:33:41)
Warning: An update to Tooltip inside a test was not wrapped in act(...).

When testing, code that causes React state updates should be wrapped into act(...):

act(() => {
  /* fire events that update state */
});
/* assert on the output */

This ensures that you're testing the behavior the user would see in the browser. Learn more at https://reactjs.org/link/wrap-tests-with-act
    at Tooltip (file:///Volumes/X%20SSD%202025/Users/narrowchannel/Desktop/indiiOS-Clean/node_modules/@radix-ui/react-tooltip/dist/index.mjs:73:5)
    at PromptInputAction2 (/Volumes/X SSD 2025/Users/narrowchannel/Desktop/indiiOS-Clean/packages/renderer/src/components/ui/prompt-input.tsx:193:3)
    at div
    at div
    at div
    at PromptInputActions2 (/Volumes/X SSD 2025/Users/narrowchannel/Desktop/indiiOS-Clean/packages/renderer/src/components/ui/prompt-input.tsx:182:3)
    at div
    at Provider (file:///Volumes/X%20SSD%202025/Users/narrowchannel/Desktop/indiiOS-Clean/node_modules/@radix-ui/react-context/dist/index.mjs:27:15)
    at TooltipProvider (file:///Volumes/X%20SSD%202025/Users/narrowchannel/Desktop/indiiOS-Clean/node_modules/@radix-ui/react-tooltip/dist/index.mjs:29:5)
    at PromptInput (/Volumes/X SSD 2025/Users/narrowchannel/Desktop/indiiOS-Clean/packages/renderer/src/components/ui/prompt-input.tsx:44:3)
    at div
    at /Volumes/X SSD 2025/Users/narrowchannel/Desktop/indiiOS-Clean/packages/renderer/src/core/components/command-bar/PromptArea.tsx:25:54
    at div
    at div
    at div (/Volumes/X SSD 2025/Users/narrowchannel/Desktop/indiiOS-Clean/packages/renderer/src/core/components/CommandBar.test.tsx:64:13)
    at AnimatePresence (/Volumes/X SSD 2025/Users/narrowchannel/Desktop/indiiOS-Clean/packages/renderer/src/core/components/CommandBar.test.tsx:70:23)
    at CommandBar (/Volumes/X SSD 2025/Users/narrowchannel/Desktop/indiiOS-Clean/packages/renderer/src/core/components/CommandBar.tsx:33:41)
Warning: An update to Tooltip inside a test was not wrapped in act(...).

When testing, code that causes React state updates should be wrapped into act(...):

act(() => {
  /* fire events that update state */
});
/* assert on the output */

This ensures that you're testing the behavior the user would see in the browser. Learn more at https://reactjs.org/link/wrap-tests-with-act
    at Tooltip (file:///Volumes/X%20SSD%202025/Users/narrowchannel/Desktop/indiiOS-Clean/node_modules/@radix-ui/react-tooltip/dist/index.mjs:73:5)
    at PromptInputAction2 (/Volumes/X SSD 2025/Users/narrowchannel/Desktop/indiiOS-Clean/packages/renderer/src/components/ui/prompt-input.tsx:193:3)
    at div
    at div
    at div
    at PromptInputActions2 (/Volumes/X SSD 2025/Users/narrowchannel/Desktop/indiiOS-Clean/packages/renderer/src/components/ui/prompt-input.tsx:182:3)
    at div
    at Provider (file:///Volumes/X%20SSD%202025/Users/narrowchannel/Desktop/indiiOS-Clean/node_modules/@radix-ui/react-context/dist/index.mjs:27:15)
    at TooltipProvider (file:///Volumes/X%20SSD%202025/Users/narrowchannel/Desktop/indiiOS-Clean/node_modules/@radix-ui/react-tooltip/dist/index.mjs:29:5)
    at PromptInput (/Volumes/X SSD 2025/Users/narrowchannel/Desktop/indiiOS-Clean/packages/renderer/src/components/ui/prompt-input.tsx:44:3)
    at div
    at /Volumes/X SSD 2025/Users/narrowchannel/Desktop/indiiOS-Clean/packages/renderer/src/core/components/command-bar/PromptArea.tsx:25:54
    at div
    at div
    at div (/Volumes/X SSD 2025/Users/narrowchannel/Desktop/indiiOS-Clean/packages/renderer/src/core/components/CommandBar.test.tsx:64:13)
    at AnimatePresence (/Volumes/X SSD 2025/Users/narrowchannel/Desktop/indiiOS-Clean/packages/renderer/src/core/components/CommandBar.test.tsx:70:23)
    at CommandBar (/Volumes/X SSD 2025/Users/narrowchannel/Desktop/indiiOS-Clean/packages/renderer/src/core/components/CommandBar.tsx:33:41)
Warning: An update to Tooltip inside a test was not wrapped in act(...).

When testing, code that causes React state updates should be wrapped into act(...):

act(() => {
  /* fire events that update state */
});
/* assert on the output */

This ensures that you're testing the behavior the user would see in the browser. Learn more at https://reactjs.org/link/wrap-tests-with-act
    at Tooltip (file:///Volumes/X%20SSD%202025/Users/narrowchannel/Desktop/indiiOS-Clean/node_modules/@radix-ui/react-tooltip/dist/index.mjs:73:5)
    at PromptInputAction2 (/Volumes/X SSD 2025/Users/narrowchannel/Desktop/indiiOS-Clean/packages/renderer/src/components/ui/prompt-input.tsx:193:3)
    at div
    at div
    at PromptInputActions2 (/Volumes/X SSD 2025/Users/narrowchannel/Desktop/indiiOS-Clean/packages/renderer/src/components/ui/prompt-input.tsx:182:3)
    at div
    at Provider (file:///Volumes/X%20SSD%202025/Users/narrowchannel/Desktop/indiiOS-Clean/node_modules/@radix-ui/react-context/dist/index.mjs:27:15)
    at TooltipProvider (file:///Volumes/X%20SSD%202025/Users/narrowchannel/Desktop/indiiOS-Clean/node_modules/@radix-ui/react-tooltip/dist/index.mjs:29:5)
    at PromptInput (/Volumes/X SSD 2025/Users/narrowchannel/Desktop/indiiOS-Clean/packages/renderer/src/components/ui/prompt-input.tsx:44:3)
    at div
    at /Volumes/X SSD 2025/Users/narrowchannel/Desktop/indiiOS-Clean/packages/renderer/src/core/components/command-bar/PromptArea.tsx:25:54
    at div
    at div
    at div (/Volumes/X SSD 2025/Users/narrowchannel/Desktop/indiiOS-Clean/packages/renderer/src/core/components/CommandBar.test.tsx:64:13)
    at AnimatePresence (/Volumes/X SSD 2025/Users/narrowchannel/Desktop/indiiOS-Clean/packages/renderer/src/core/components/CommandBar.test.tsx:70:23)
    at CommandBar (/Volumes/X SSD 2025/Users/narrowchannel/Desktop/indiiOS-Clean/packages/renderer/src/core/components/CommandBar.tsx:33:41)
Warning: An update to Tooltip inside a test was not wrapped in act(...).

When testing, code that causes React state updates should be wrapped into act(...):

act(() => {
  /* fire events that update state */
});
/* assert on the output */

This ensures that you're testing the behavior the user would see in the browser. Learn more at https://reactjs.org/link/wrap-tests-with-act
    at Tooltip (file:///Volumes/X%20SSD%202025/Users/narrowchannel/Desktop/indiiOS-Clean/node_modules/@radix-ui/react-tooltip/dist/index.mjs:73:5)
    at PromptInputAction2 (/Volumes/X SSD 2025/Users/narrowchannel/Desktop/indiiOS-Clean/packages/renderer/src/components/ui/prompt-input.tsx:193:3)
    at div
    at div
    at div
    at PromptInputActions2 (/Volumes/X SSD 2025/Users/narrowchannel/Desktop/indiiOS-Clean/packages/renderer/src/components/ui/prompt-input.tsx:182:3)
    at div
    at Provider (file:///Volumes/X%20SSD%202025/Users/narrowchannel/Desktop/indiiOS-Clean/node_modules/@radix-ui/react-context/dist/index.mjs:27:15)
    at TooltipProvider (file:///Volumes/X%20SSD%202025/Users/narrowchannel/Desktop/indiiOS-Clean/node_modules/@radix-ui/react-tooltip/dist/index.mjs:29:5)
    at PromptInput (/Volumes/X SSD 2025/Users/narrowchannel/Desktop/indiiOS-Clean/packages/renderer/src/components/ui/prompt-input.tsx:44:3)
    at div
    at /Volumes/X SSD 2025/Users/narrowchannel/Desktop/indiiOS-Clean/packages/renderer/src/core/components/command-bar/PromptArea.tsx:25:54
    at div
    at div
    at div (/Volumes/X SSD 2025/Users/narrowchannel/Desktop/indiiOS-Clean/packages/renderer/src/core/components/CommandBar.test.tsx:64:13)
    at AnimatePresence (/Volumes/X SSD 2025/Users/narrowchannel/Desktop/indiiOS-Clean/packages/renderer/src/core/components/CommandBar.test.tsx:70:23)
    at CommandBar (/Volumes/X SSD 2025/Users/narrowchannel/Desktop/indiiOS-Clean/packages/renderer/src/core/components/CommandBar.tsx:33:41)
Warning: An update to Tooltip inside a test was not wrapped in act(...).

When testing, code that causes React state updates should be wrapped into act(...):

act(() => {
  /* fire events that update state */
});
/* assert on the output */

This ensures that you're testing the behavior the user would see in the browser. Learn more at https://reactjs.org/link/wrap-tests-with-act
    at Tooltip (file:///Volumes/X%20SSD%202025/Users/narrowchannel/Desktop/indiiOS-Clean/node_modules/@radix-ui/react-tooltip/dist/index.mjs:73:5)
    at PromptInputAction2 (/Volumes/X SSD 2025/Users/narrowchannel/Desktop/indiiOS-Clean/packages/renderer/src/components/ui/prompt-input.tsx:193:3)
    at div
    at div
    at PromptInputActions2 (/Volumes/X SSD 2025/Users/narrowchannel/Desktop/indiiOS-Clean/packages/renderer/src/components/ui/prompt-input.tsx:182:3)
    at div
    at Provider (file:///Volumes/X%20SSD%202025/Users/narrowchannel/Desktop/indiiOS-Clean/node_modules/@radix-ui/react-context/dist/index.mjs:27:15)
    at TooltipProvider (file:///Volumes/X%20SSD%202025/Users/narrowchannel/Desktop/indiiOS-Clean/node_modules/@radix-ui/react-tooltip/dist/index.mjs:29:5)
    at PromptInput (/Volumes/X SSD 2025/Users/narrowchannel/Desktop/indiiOS-Clean/packages/renderer/src/components/ui/prompt-input.tsx:44:3)
    at div
    at /Volumes/X SSD 2025/Users/narrowchannel/Desktop/indiiOS-Clean/packages/renderer/src/core/components/command-bar/PromptArea.tsx:25:54
    at div
    at div
    at div (/Volumes/X SSD 2025/Users/narrowchannel/Desktop/indiiOS-Clean/packages/renderer/src/core/components/CommandBar.test.tsx:64:13)
    at AnimatePresence (/Volumes/X SSD 2025/Users/narrowchannel/Desktop/indiiOS-Clean/packages/renderer/src/core/components/CommandBar.test.tsx:70:23)
    at CommandBar (/Volumes/X SSD 2025/Users/narrowchannel/Desktop/indiiOS-Clean/packages/renderer/src/core/components/CommandBar.tsx:33:41)
Warning: An update to Tooltip inside a test was not wrapped in act(...).

When testing, code that causes React state updates should be wrapped into act(...):

act(() => {
  /* fire events that update state */
});
/* assert on the output */

This ensures that you're testing the behavior the user would see in the browser. Learn more at https://reactjs.org/link/wrap-tests-with-act
    at Tooltip (file:///Volumes/X%20SSD%202025/Users/narrowchannel/Desktop/indiiOS-Clean/node_modules/@radix-ui/react-tooltip/dist/index.mjs:73:5)
    at PromptInputAction2 (/Volumes/X SSD 2025/Users/narrowchannel/Desktop/indiiOS-Clean/packages/renderer/src/components/ui/prompt-input.tsx:193:3)
    at div
    at div
    at PromptInputActions2 (/Volumes/X SSD 2025/Users/narrowchannel/Desktop/indiiOS-Clean/packages/renderer/src/components/ui/prompt-input.tsx:182:3)
    at div
    at Provider (file:///Volumes/X%20SSD%202025/Users/narrowchannel/Desktop/indiiOS-Clean/node_modules/@radix-ui/react-context/dist/index.mjs:27:15)
    at TooltipProvider (file:///Volumes/X%20SSD%202025/Users/narrowchannel/Desktop/indiiOS-Clean/node_modules/@radix-ui/react-tooltip/dist/index.mjs:29:5)
    at PromptInput (/Volumes/X SSD 2025/Users/narrowchannel/Desktop/indiiOS-Clean/packages/renderer/src/components/ui/prompt-input.tsx:44:3)
    at div
    at /Volumes/X SSD 2025/Users/narrowchannel/Desktop/indiiOS-Clean/packages/renderer/src/core/components/command-bar/PromptArea.tsx:25:54
    at div
    at div
    at div (/Volumes/X SSD 2025/Users/narrowchannel/Desktop/indiiOS-Clean/packages/renderer/src/core/components/CommandBar.test.tsx:64:13)
    at AnimatePresence (/Volumes/X SSD 2025/Users/narrowchannel/Desktop/indiiOS-Clean/packages/renderer/src/core/components/CommandBar.test.tsx:70:23)
    at CommandBar (/Volumes/X SSD 2025/Users/narrowchannel/Desktop/indiiOS-Clean/packages/renderer/src/core/components/CommandBar.tsx:33:41)
Warning: An update to Tooltip inside a test was not wrapped in act(...).

When testing, code that causes React state updates should be wrapped into act(...):

act(() => {
  /* fire events that update state */
});
/* assert on the output */

This ensures that you're testing the behavior the user would see in the browser. Learn more at https://reactjs.org/link/wrap-tests-with-act
    at Tooltip (file:///Volumes/X%20SSD%202025/Users/narrowchannel/Desktop/indiiOS-Clean/node_modules/@radix-ui/react-tooltip/dist/index.mjs:73:5)
    at PromptInputAction2 (/Volumes/X SSD 2025/Users/narrowchannel/Desktop/indiiOS-Clean/packages/renderer/src/components/ui/prompt-input.tsx:193:3)
    at div
    at div
    at div
    at PromptInputActions2 (/Volumes/X SSD 2025/Users/narrowchannel/Desktop/indiiOS-Clean/packages/renderer/src/components/ui/prompt-input.tsx:182:3)
    at div
    at Provider (file:///Volumes/X%20SSD%202025/Users/narrowchannel/Desktop/indiiOS-Clean/node_modules/@radix-ui/react-context/dist/index.mjs:27:15)
    at TooltipProvider (file:///Volumes/X%20SSD%202025/Users/narrowchannel/Desktop/indiiOS-Clean/node_modules/@radix-ui/react-tooltip/dist/index.mjs:29:5)
    at PromptInput (/Volumes/X SSD 2025/Users/narrowchannel/Desktop/indiiOS-Clean/packages/renderer/src/components/ui/prompt-input.tsx:44:3)
    at div
    at /Volumes/X SSD 2025/Users/narrowchannel/Desktop/indiiOS-Clean/packages/renderer/src/core/components/command-bar/PromptArea.tsx:25:54
    at div
    at div
    at div (/Volumes/X SSD 2025/Users/narrowchannel/Desktop/indiiOS-Clean/packages/renderer/src/core/components/CommandBar.test.tsx:64:13)
    at AnimatePresence (/Volumes/X SSD 2025/Users/narrowchannel/Desktop/indiiOS-Clean/packages/renderer/src/core/components/CommandBar.test.tsx:70:23)
    at CommandBar (/Volumes/X SSD 2025/Users/narrowchannel/Desktop/indiiOS-Clean/packages/renderer/src/core/components/CommandBar.tsx:33:41)
Warning: An update to Tooltip inside a test was not wrapped in act(...).

When testing, code that causes React state updates should be wrapped into act(...):

act(() => {
  /* fire events that update state */
});
/* assert on the output */

This ensures that you're testing the behavior the user would see in the browser. Learn more at https://reactjs.org/link/wrap-tests-with-act
    at Tooltip (file:///Volumes/X%20SSD%202025/Users/narrowchannel/Desktop/indiiOS-Clean/node_modules/@radix-ui/react-tooltip/dist/index.mjs:73:5)
    at PromptInputAction2 (/Volumes/X SSD 2025/Users/narrowchannel/Desktop/indiiOS-Clean/packages/renderer/src/components/ui/prompt-input.tsx:193:3)
    at div
    at div
    at div
    at PromptInputActions2 (/Volumes/X SSD 2025/Users/narrowchannel/Desktop/indiiOS-Clean/packages/renderer/src/components/ui/prompt-input.tsx:182:3)
    at div
    at Provider (file:///Volumes/X%20SSD%202025/Users/narrowchannel/Desktop/indiiOS-Clean/node_modules/@radix-ui/react-context/dist/index.mjs:27:15)
    at TooltipProvider (file:///Volumes/X%20SSD%202025/Users/narrowchannel/Desktop/indiiOS-Clean/node_modules/@radix-ui/react-tooltip/dist/index.mjs:29:5)
    at PromptInput (/Volumes/X SSD 2025/Users/narrowchannel/Desktop/indiiOS-Clean/packages/renderer/src/components/ui/prompt-input.tsx:44:3)
    at div
    at /Volumes/X SSD 2025/Users/narrowchannel/Desktop/indiiOS-Clean/packages/renderer/src/core/components/command-bar/PromptArea.tsx:25:54
    at div
    at div
    at div (/Volumes/X SSD 2025/Users/narrowchannel/Desktop/indiiOS-Clean/packages/renderer/src/core/components/CommandBar.test.tsx:64:13)
    at AnimatePresence (/Volumes/X SSD 2025/Users/narrowchannel/Desktop/indiiOS-Clean/packages/renderer/src/core/components/CommandBar.test.tsx:70:23)
    at CommandBar (/Volumes/X SSD 2025/Users/narrowchannel/Desktop/indiiOS-Clean/packages/renderer/src/core/components/CommandBar.tsx:33:41)
Warning: An update to Tooltip inside a test was not wrapped in act(...).

When testing, code that causes React state updates should be wrapped into act(...):

act(() => {
  /* fire events that update state */
});
/* assert on the output */

This ensures that you're testing the behavior the user would see in the browser. Learn more at https://reactjs.org/link/wrap-tests-with-act
    at Tooltip (file:///Volumes/X%20SSD%202025/Users/narrowchannel/Desktop/indiiOS-Clean/node_modules/@radix-ui/react-tooltip/dist/index.mjs:73:5)
    at PromptInputAction2 (/Volumes/X SSD 2025/Users/narrowchannel/Desktop/indiiOS-Clean/packages/renderer/src/components/ui/prompt-input.tsx:193:3)
    at div
    at div
    at PromptInputActions2 (/Volumes/X SSD 2025/Users/narrowchannel/Desktop/indiiOS-Clean/packages/renderer/src/components/ui/prompt-input.tsx:182:3)
    at div
    at Provider (file:///Volumes/X%20SSD%202025/Users/narrowchannel/Desktop/indiiOS-Clean/node_modules/@radix-ui/react-context/dist/index.mjs:27:15)
    at TooltipProvider (file:///Volumes/X%20SSD%202025/Users/narrowchannel/Desktop/indiiOS-Clean/node_modules/@radix-ui/react-tooltip/dist/index.mjs:29:5)
    at PromptInput (/Volumes/X SSD 2025/Users/narrowchannel/Desktop/indiiOS-Clean/packages/renderer/src/components/ui/prompt-input.tsx:44:3)
    at div
    at /Volumes/X SSD 2025/Users/narrowchannel/Desktop/indiiOS-Clean/packages/renderer/src/core/components/command-bar/PromptArea.tsx:25:54
    at div
    at div
    at div (/Volumes/X SSD 2025/Users/narrowchannel/Desktop/indiiOS-Clean/packages/renderer/src/core/components/CommandBar.test.tsx:64:13)
    at AnimatePresence (/Volumes/X SSD 2025/Users/narrowchannel/Desktop/indiiOS-Clean/packages/renderer/src/core/components/CommandBar.test.tsx:70:23)
    at CommandBar (/Volumes/X SSD 2025/Users/narrowchannel/Desktop/indiiOS-Clean/packages/renderer/src/core/components/CommandBar.tsx:33:41)
Warning: An update to null inside a test was not wrapped in act(...).

When testing, code that causes React state updates should be wrapped into act(...):

act(() => {
  /* fire events that update state */
});
/* assert on the output */

This ensures that you're testing the behavior the user would see in the browser. Learn more at https://reactjs.org/link/wrap-tests-with-act
    at /Volumes/X SSD 2025/Users/narrowchannel/Desktop/indiiOS-Clean/packages/renderer/src/core/components/command-bar/PromptArea.tsx:25:54
    at div
    at div
    at div (/Volumes/X SSD 2025/Users/narrowchannel/Desktop/indiiOS-Clean/packages/renderer/src/core/components/CommandBar.test.tsx:64:13)
    at AnimatePresence (/Volumes/X SSD 2025/Users/narrowchannel/Desktop/indiiOS-Clean/packages/renderer/src/core/components/CommandBar.test.tsx:70:23)
    at CommandBar (/Volumes/X SSD 2025/Users/narrowchannel/Desktop/indiiOS-Clean/packages/renderer/src/core/components/CommandBar.tsx:33:41)
Warning: An update to CommandBar inside a test was not wrapped in act(...).

When testing, code that causes React state updates should be wrapped into act(...):

act(() => {
  /* fire events that update state */
});
/* assert on the output */

This ensures that you're testing the behavior the user would see in the browser. Learn more at https://reactjs.org/link/wrap-tests-with-act
    at CommandBar (/Volumes/X SSD 2025/Users/narrowchannel/Desktop/indiiOS-Clean/packages/renderer/src/core/components/CommandBar.tsx:33:41)
Warning: An update to null inside a test was not wrapped in act(...).

When testing, code that causes React state updates should be wrapped into act(...):

act(() => {
  /* fire events that update state */
});
/* assert on the output */

This ensures that you're testing the behavior the user would see in the browser. Learn more at https://reactjs.org/link/wrap-tests-with-act
    at /Volumes/X SSD 2025/Users/narrowchannel/Desktop/indiiOS-Clean/packages/renderer/src/core/components/command-bar/PromptArea.tsx:25:54
    at div
    at div
    at div (/Volumes/X SSD 2025/Users/narrowchannel/Desktop/indiiOS-Clean/packages/renderer/src/core/components/CommandBar.test.tsx:64:13)
    at AnimatePresence (/Volumes/X SSD 2025/Users/narrowchannel/Desktop/indiiOS-Clean/packages/renderer/src/core/components/CommandBar.test.tsx:70:23)
    at CommandBar (/Volumes/X SSD 2025/Users/narrowchannel/Desktop/indiiOS-Clean/packages/renderer/src/core/components/CommandBar.tsx:33:41)
Warning: An update to CommandBar inside a test was not wrapped in act(...).

When testing, code that causes React state updates should be wrapped into act(...):

act(() => {
  /* fire events that update state */
});
/* assert on the output */

This ensures that you're testing the behavior the user would see in the browser. Learn more at https://reactjs.org/link/wrap-tests-with-act
    at CommandBar (/Volumes/X SSD 2025/Users/narrowchannel/Desktop/indiiOS-Clean/packages/renderer/src/core/components/CommandBar.tsx:33:41)
Warning: An update to CommandBar inside a test was not wrapped in act(...).

When testing, code that causes React state updates should be wrapped into act(...):

act(() => {
  /* fire events that update state */
});
/* assert on the output */

This ensures that you're testing the behavior the user would see in the browser. Learn more at https://reactjs.org/link/wrap-tests-with-act
    at CommandBar (/Volumes/X SSD 2025/Users/narrowchannel/Desktop/indiiOS-Clean/packages/renderer/src/core/components/CommandBar.tsx:33:41)
Warning: An update to Tooltip inside a test was not wrapped in act(...).

When testing, code that causes React state updates should be wrapped into act(...):

act(() => {
  /* fire events that update state */
});
/* assert on the output */

This ensures that you're testing the behavior the user would see in the browser. Learn more at https://reactjs.org/link/wrap-tests-with-act
    at Tooltip (file:///Volumes/X%20SSD%202025/Users/narrowchannel/Desktop/indiiOS-Clean/node_modules/@radix-ui/react-tooltip/dist/index.mjs:73:5)
    at PromptInputAction2 (/Volumes/X SSD 2025/Users/narrowchannel/Desktop/indiiOS-Clean/packages/renderer/src/components/ui/prompt-input.tsx:193:3)
    at div
    at div
    at div
    at PromptInputActions2 (/Volumes/X SSD 2025/Users/narrowchannel/Desktop/indiiOS-Clean/packages/renderer/src/components/ui/prompt-input.tsx:182:3)
    at div
    at Provider (file:///Volumes/X%20SSD%202025/Users/narrowchannel/Desktop/indiiOS-Clean/node_modules/@radix-ui/react-context/dist/index.mjs:27:15)
    at TooltipProvider (file:///Volumes/X%20SSD%202025/Users/narrowchannel/Desktop/indiiOS-Clean/node_modules/@radix-ui/react-tooltip/dist/index.mjs:29:5)
    at PromptInput (/Volumes/X SSD 2025/Users/narrowchannel/Desktop/indiiOS-Clean/packages/renderer/src/components/ui/prompt-input.tsx:44:3)
    at div
    at /Volumes/X SSD 2025/Users/narrowchannel/Desktop/indiiOS-Clean/packages/renderer/src/core/components/command-bar/PromptArea.tsx:25:54
    at div
    at div
    at div (/Volumes/X SSD 2025/Users/narrowchannel/Desktop/indiiOS-Clean/packages/renderer/src/core/components/CommandBar.test.tsx:64:13)
    at AnimatePresence (/Volumes/X SSD 2025/Users/narrowchannel/Desktop/indiiOS-Clean/packages/renderer/src/core/components/CommandBar.test.tsx:70:23)
    at CommandBar (/Volumes/X SSD 2025/Users/narrowchannel/Desktop/indiiOS-Clean/packages/renderer/src/core/components/CommandBar.tsx:33:41)
Warning: An update to Tooltip inside a test was not wrapped in act(...).

When testing, code that causes React state updates should be wrapped into act(...):

act(() => {
  /* fire events that update state */
});
/* assert on the output */

This ensures that you're testing the behavior the user would see in the browser. Learn more at https://reactjs.org/link/wrap-tests-with-act
    at Tooltip (file:///Volumes/X%20SSD%202025/Users/narrowchannel/Desktop/indiiOS-Clean/node_modules/@radix-ui/react-tooltip/dist/index.mjs:73:5)
    at PromptInputAction2 (/Volumes/X SSD 2025/Users/narrowchannel/Desktop/indiiOS-Clean/packages/renderer/src/components/ui/prompt-input.tsx:193:3)
    at div
    at div
    at PromptInputActions2 (/Volumes/X SSD 2025/Users/narrowchannel/Desktop/indiiOS-Clean/packages/renderer/src/components/ui/prompt-input.tsx:182:3)
    at div
    at Provider (file:///Volumes/X%20SSD%202025/Users/narrowchannel/Desktop/indiiOS-Clean/node_modules/@radix-ui/react-context/dist/index.mjs:27:15)
    at TooltipProvider (file:///Volumes/X%20SSD%202025/Users/narrowchannel/Desktop/indiiOS-Clean/node_modules/@radix-ui/react-tooltip/dist/index.mjs:29:5)
    at PromptInput (/Volumes/X SSD 2025/Users/narrowchannel/Desktop/indiiOS-Clean/packages/renderer/src/components/ui/prompt-input.tsx:44:3)
    at div
    at /Volumes/X SSD 2025/Users/narrowchannel/Desktop/indiiOS-Clean/packages/renderer/src/core/components/command-bar/PromptArea.tsx:25:54
    at div
    at div
    at div (/Volumes/X SSD 2025/Users/narrowchannel/Desktop/indiiOS-Clean/packages/renderer/src/core/components/CommandBar.test.tsx:64:13)
    at AnimatePresence (/Volumes/X SSD 2025/Users/narrowchannel/Desktop/indiiOS-Clean/packages/renderer/src/core/components/CommandBar.test.tsx:70:23)
    at CommandBar (/Volumes/X SSD 2025/Users/narrowchannel/Desktop/indiiOS-Clean/packages/renderer/src/core/components/CommandBar.tsx:33:41)
Warning: An update to Tooltip inside a test was not wrapped in act(...).

When testing, code that causes React state updates should be wrapped into act(...):

act(() => {
  /* fire events that update state */
});
/* assert on the output */

This ensures that you're testing the behavior the user would see in the browser. Learn more at https://reactjs.org/link/wrap-tests-with-act
    at Tooltip (file:///Volumes/X%20SSD%202025/Users/narrowchannel/Desktop/indiiOS-Clean/node_modules/@radix-ui/react-tooltip/dist/index.mjs:73:5)
    at PromptInputAction2 (/Volumes/X SSD 2025/Users/narrowchannel/Desktop/indiiOS-Clean/packages/renderer/src/components/ui/prompt-input.tsx:193:3)
    at div
    at div
    at PromptInputActions2 (/Volumes/X SSD 2025/Users/narrowchannel/Desktop/indiiOS-Clean/packages/renderer/src/components/ui/prompt-input.tsx:182:3)
    at div
    at Provider (file:///Volumes/X%20SSD%202025/Users/narrowchannel/Desktop/indiiOS-Clean/node_modules/@radix-ui/react-context/dist/index.mjs:27:15)
    at TooltipProvider (file:///Volumes/X%20SSD%202025/Users/narrowchannel/Desktop/indiiOS-Clean/node_modules/@radix-ui/react-tooltip/dist/index.mjs:29:5)
    at PromptInput (/Volumes/X SSD 2025/Users/narrowchannel/Desktop/indiiOS-Clean/packages/renderer/src/components/ui/prompt-input.tsx:44:3)
    at div
    at /Volumes/X SSD 2025/Users/narrowchannel/Desktop/indiiOS-Clean/packages/renderer/src/core/components/command-bar/PromptArea.tsx:25:54
    at div
    at div
    at div (/Volumes/X SSD 2025/Users/narrowchannel/Desktop/indiiOS-Clean/packages/renderer/src/core/components/CommandBar.test.tsx:64:13)
    at AnimatePresence (/Volumes/X SSD 2025/Users/narrowchannel/Desktop/indiiOS-Clean/packages/renderer/src/core/components/CommandBar.test.tsx:70:23)
    at CommandBar (/Volumes/X SSD 2025/Users/narrowchannel/Desktop/indiiOS-Clean/packages/renderer/src/core/components/CommandBar.tsx:33:41)
Warning: An update to Tooltip inside a test was not wrapped in act(...).

When testing, code that causes React state updates should be wrapped into act(...):

act(() => {
  /* fire events that update state */
});
/* assert on the output */

This ensures that you're testing the behavior the user would see in the browser. Learn more at https://reactjs.org/link/wrap-tests-with-act
    at Tooltip (file:///Volumes/X%20SSD%202025/Users/narrowchannel/Desktop/indiiOS-Clean/node_modules/@radix-ui/react-tooltip/dist/index.mjs:73:5)
    at PromptInputAction2 (/Volumes/X SSD 2025/Users/narrowchannel/Desktop/indiiOS-Clean/packages/renderer/src/components/ui/prompt-input.tsx:193:3)
    at div
    at div
    at div
    at PromptInputActions2 (/Volumes/X SSD 2025/Users/narrowchannel/Desktop/indiiOS-Clean/packages/renderer/src/components/ui/prompt-input.tsx:182:3)
    at div
    at Provider (file:///Volumes/X%20SSD%202025/Users/narrowchannel/Desktop/indiiOS-Clean/node_modules/@radix-ui/react-context/dist/index.mjs:27:15)
    at TooltipProvider (file:///Volumes/X%20SSD%202025/Users/narrowchannel/Desktop/indiiOS-Clean/node_modules/@radix-ui/react-tooltip/dist/index.mjs:29:5)
    at PromptInput (/Volumes/X SSD 2025/Users/narrowchannel/Desktop/indiiOS-Clean/packages/renderer/src/components/ui/prompt-input.tsx:44:3)
    at div
    at /Volumes/X SSD 2025/Users/narrowchannel/Desktop/indiiOS-Clean/packages/renderer/src/core/components/command-bar/PromptArea.tsx:25:54
    at div
    at div
    at div (/Volumes/X SSD 2025/Users/narrowchannel/Desktop/indiiOS-Clean/packages/renderer/src/core/components/CommandBar.test.tsx:64:13)
    at AnimatePresence (/Volumes/X SSD 2025/Users/narrowchannel/Desktop/indiiOS-Clean/packages/renderer/src/core/components/CommandBar.test.tsx:70:23)
    at CommandBar (/Volumes/X SSD 2025/Users/narrowchannel/Desktop/indiiOS-Clean/packages/renderer/src/core/components/CommandBar.tsx:33:41)
Warning: An update to Tooltip inside a test was not wrapped in act(...).

When testing, code that causes React state updates should be wrapped into act(...):

act(() => {
  /* fire events that update state */
});
/* assert on the output */

This ensures that you're testing the behavior the user would see in the browser. Learn more at https://reactjs.org/link/wrap-tests-with-act
    at Tooltip (file:///Volumes/X%20SSD%202025/Users/narrowchannel/Desktop/indiiOS-Clean/node_modules/@radix-ui/react-tooltip/dist/index.mjs:73:5)
    at PromptInputAction2 (/Volumes/X SSD 2025/Users/narrowchannel/Desktop/indiiOS-Clean/packages/renderer/src/components/ui/prompt-input.tsx:193:3)
    at div
    at div
    at div
    at PromptInputActions2 (/Volumes/X SSD 2025/Users/narrowchannel/Desktop/indiiOS-Clean/packages/renderer/src/components/ui/prompt-input.tsx:182:3)
    at div
    at Provider (file:///Volumes/X%20SSD%202025/Users/narrowchannel/Desktop/indiiOS-Clean/node_modules/@radix-ui/react-context/dist/index.mjs:27:15)
    at TooltipProvider (file:///Volumes/X%20SSD%202025/Users/narrowchannel/Desktop/indiiOS-Clean/node_modules/@radix-ui/react-tooltip/dist/index.mjs:29:5)
    at PromptInput (/Volumes/X SSD 2025/Users/narrowchannel/Desktop/indiiOS-Clean/packages/renderer/src/components/ui/prompt-input.tsx:44:3)
    at div
    at /Volumes/X SSD 2025/Users/narrowchannel/Desktop/indiiOS-Clean/packages/renderer/src/core/components/command-bar/PromptArea.tsx:25:54
    at div
    at div
    at div (/Volumes/X SSD 2025/Users/narrowchannel/Desktop/indiiOS-Clean/packages/renderer/src/core/components/CommandBar.test.tsx:64:13)
    at AnimatePresence (/Volumes/X SSD 2025/Users/narrowchannel/Desktop/indiiOS-Clean/packages/renderer/src/core/components/CommandBar.test.tsx:70:23)
    at CommandBar (/Volumes/X SSD 2025/Users/narrowchannel/Desktop/indiiOS-Clean/packages/renderer/src/core/components/CommandBar.tsx:33:41)
Warning: An update to Tooltip inside a test was not wrapped in act(...).

When testing, code that causes React state updates should be wrapped into act(...):

act(() => {
  /* fire events that update state */
});
/* assert on the output */

This ensures that you're testing the behavior the user would see in the browser. Learn more at https://reactjs.org/link/wrap-tests-with-act
    at Tooltip (file:///Volumes/X%20SSD%202025/Users/narrowchannel/Desktop/indiiOS-Clean/node_modules/@radix-ui/react-tooltip/dist/index.mjs:73:5)
    at PromptInputAction2 (/Volumes/X SSD 2025/Users/narrowchannel/Desktop/indiiOS-Clean/packages/renderer/src/components/ui/prompt-input.tsx:193:3)
    at div
    at div
    at PromptInputActions2 (/Volumes/X SSD 2025/Users/narrowchannel/Desktop/indiiOS-Clean/packages/renderer/src/components/ui/prompt-input.tsx:182:3)
    at div
    at Provider (file:///Volumes/X%20SSD%202025/Users/narrowchannel/Desktop/indiiOS-Clean/node_modules/@radix-ui/react-context/dist/index.mjs:27:15)
    at TooltipProvider (file:///Volumes/X%20SSD%202025/Users/narrowchannel/Desktop/indiiOS-Clean/node_modules/@radix-ui/react-tooltip/dist/index.mjs:29:5)
    at PromptInput (/Volumes/X SSD 2025/Users/narrowchannel/Desktop/indiiOS-Clean/packages/renderer/src/components/ui/prompt-input.tsx:44:3)
    at div
    at /Volumes/X SSD 2025/Users/narrowchannel/Desktop/indiiOS-Clean/packages/renderer/src/core/components/command-bar/PromptArea.tsx:25:54
    at div
    at div
    at div (/Volumes/X SSD 2025/Users/narrowchannel/Desktop/indiiOS-Clean/packages/renderer/src/core/components/CommandBar.test.tsx:64:13)
    at AnimatePresence (/Volumes/X SSD 2025/Users/narrowchannel/Desktop/indiiOS-Clean/packages/renderer/src/core/components/CommandBar.test.tsx:70:23)
    at CommandBar (/Volumes/X SSD 2025/Users/narrowchannel/Desktop/indiiOS-Clean/packages/renderer/src/core/components/CommandBar.tsx:33:41)
Warning: An update to Tooltip inside a test was not wrapped in act(...).

When testing, code that causes React state updates should be wrapped into act(...):

act(() => {
  /* fire events that update state */
});
/* assert on the output */

This ensures that you're testing the behavior the user would see in the browser. Learn more at https://reactjs.org/link/wrap-tests-with-act
    at Tooltip (file:///Volumes/X%20SSD%202025/Users/narrowchannel/Desktop/indiiOS-Clean/node_modules/@radix-ui/react-tooltip/dist/index.mjs:73:5)
    at PromptInputAction2 (/Volumes/X SSD 2025/Users/narrowchannel/Desktop/indiiOS-Clean/packages/renderer/src/components/ui/prompt-input.tsx:193:3)
    at div
    at div
    at div
    at PromptInputActions2 (/Volumes/X SSD 2025/Users/narrowchannel/Desktop/indiiOS-Clean/packages/renderer/src/components/ui/prompt-input.tsx:182:3)
    at div
    at Provider (file:///Volumes/X%20SSD%202025/Users/narrowchannel/Desktop/indiiOS-Clean/node_modules/@radix-ui/react-context/dist/index.mjs:27:15)
    at TooltipProvider (file:///Volumes/X%20SSD%202025/Users/narrowchannel/Desktop/indiiOS-Clean/node_modules/@radix-ui/react-tooltip/dist/index.mjs:29:5)
    at PromptInput (/Volumes/X SSD 2025/Users/narrowchannel/Desktop/indiiOS-Clean/packages/renderer/src/components/ui/prompt-input.tsx:44:3)
    at div
    at /Volumes/X SSD 2025/Users/narrowchannel/Desktop/indiiOS-Clean/packages/renderer/src/core/components/command-bar/PromptArea.tsx:25:54
    at div
    at div
    at div (/Volumes/X SSD 2025/Users/narrowchannel/Desktop/indiiOS-Clean/packages/renderer/src/core/components/CommandBar.test.tsx:64:13)
    at AnimatePresence (/Volumes/X SSD 2025/Users/narrowchannel/Desktop/indiiOS-Clean/packages/renderer/src/core/components/CommandBar.test.tsx:70:23)
    at CommandBar (/Volumes/X SSD 2025/Users/narrowchannel/Desktop/indiiOS-Clean/packages/renderer/src/core/components/CommandBar.tsx:33:41)
Warning: An update to Tooltip inside a test was not wrapped in act(...).

When testing, code that causes React state updates should be wrapped into act(...):

act(() => {
  /* fire events that update state */
});
/* assert on the output */

This ensures that you're testing the behavior the user would see in the browser. Learn more at https://reactjs.org/link/wrap-tests-with-act
    at Tooltip (file:///Volumes/X%20SSD%202025/Users/narrowchannel/Desktop/indiiOS-Clean/node_modules/@radix-ui/react-tooltip/dist/index.mjs:73:5)
    at PromptInputAction2 (/Volumes/X SSD 2025/Users/narrowchannel/Desktop/indiiOS-Clean/packages/renderer/src/components/ui/prompt-input.tsx:193:3)
    at div
    at div
    at PromptInputActions2 (/Volumes/X SSD 2025/Users/narrowchannel/Desktop/indiiOS-Clean/packages/renderer/src/components/ui/prompt-input.tsx:182:3)
    at div
    at Provider (file:///Volumes/X%20SSD%202025/Users/narrowchannel/Desktop/indiiOS-Clean/node_modules/@radix-ui/react-context/dist/index.mjs:27:15)
    at TooltipProvider (file:///Volumes/X%20SSD%202025/Users/narrowchannel/Desktop/indiiOS-Clean/node_modules/@radix-ui/react-tooltip/dist/index.mjs:29:5)
    at PromptInput (/Volumes/X SSD 2025/Users/narrowchannel/Desktop/indiiOS-Clean/packages/renderer/src/components/ui/prompt-input.tsx:44:3)
    at div
    at /Volumes/X SSD 2025/Users/narrowchannel/Desktop/indiiOS-Clean/packages/renderer/src/core/components/command-bar/PromptArea.tsx:25:54
    at div
    at div
    at div (/Volumes/X SSD 2025/Users/narrowchannel/Desktop/indiiOS-Clean/packages/renderer/src/core/components/CommandBar.test.tsx:64:13)
    at AnimatePresence (/Volumes/X SSD 2025/Users/narrowchannel/Desktop/indiiOS-Clean/packages/renderer/src/core/components/CommandBar.test.tsx:70:23)
    at CommandBar (/Volumes/X SSD 2025/Users/narrowchannel/Desktop/indiiOS-Clean/packages/renderer/src/core/components/CommandBar.tsx:33:41)
Warning: An update to Tooltip inside a test was not wrapped in act(...).

When testing, code that causes React state updates should be wrapped into act(...):

act(() => {
  /* fire events that update state */
});
/* assert on the output */

This ensures that you're testing the behavior the user would see in the browser. Learn more at https://reactjs.org/link/wrap-tests-with-act
    at Tooltip (file:///Volumes/X%20SSD%202025/Users/narrowchannel/Desktop/indiiOS-Clean/node_modules/@radix-ui/react-tooltip/dist/index.mjs:73:5)
    at PromptInputAction2 (/Volumes/X SSD 2025/Users/narrowchannel/Desktop/indiiOS-Clean/packages/renderer/src/components/ui/prompt-input.tsx:193:3)
    at div
    at div
    at PromptInputActions2 (/Volumes/X SSD 2025/Users/narrowchannel/Desktop/indiiOS-Clean/packages/renderer/src/components/ui/prompt-input.tsx:182:3)
    at div
    at Provider (file:///Volumes/X%20SSD%202025/Users/narrowchannel/Desktop/indiiOS-Clean/node_modules/@radix-ui/react-context/dist/index.mjs:27:15)
    at TooltipProvider (file:///Volumes/X%20SSD%202025/Users/narrowchannel/Desktop/indiiOS-Clean/node_modules/@radix-ui/react-tooltip/dist/index.mjs:29:5)
    at PromptInput (/Volumes/X SSD 2025/Users/narrowchannel/Desktop/indiiOS-Clean/packages/renderer/src/components/ui/prompt-input.tsx:44:3)
    at div
    at /Volumes/X SSD 2025/Users/narrowchannel/Desktop/indiiOS-Clean/packages/renderer/src/core/components/command-bar/PromptArea.tsx:25:54
    at div
    at div
    at div (/Volumes/X SSD 2025/Users/narrowchannel/Desktop/indiiOS-Clean/packages/renderer/src/core/components/CommandBar.test.tsx:64:13)
    at AnimatePresence (/Volumes/X SSD 2025/Users/narrowchannel/Desktop/indiiOS-Clean/packages/renderer/src/core/components/CommandBar.test.tsx:70:23)
    at CommandBar (/Volumes/X SSD 2025/Users/narrowchannel/Desktop/indiiOS-Clean/packages/renderer/src/core/components/CommandBar.tsx:33:41)
Warning: An update to Tooltip inside a test was not wrapped in act(...).

When testing, code that causes React state updates should be wrapped into act(...):

act(() => {
  /* fire events that update state */
});
/* assert on the output */

This ensures that you're testing the behavior the user would see in the browser. Learn more at https://reactjs.org/link/wrap-tests-with-act
    at Tooltip (file:///Volumes/X%20SSD%202025/Users/narrowchannel/Desktop/indiiOS-Clean/node_modules/@radix-ui/react-tooltip/dist/index.mjs:73:5)
    at PromptInputAction2 (/Volumes/X SSD 2025/Users/narrowchannel/Desktop/indiiOS-Clean/packages/renderer/src/components/ui/prompt-input.tsx:193:3)
    at div
    at div
    at div
    at PromptInputActions2 (/Volumes/X SSD 2025/Users/narrowchannel/Desktop/indiiOS-Clean/packages/renderer/src/components/ui/prompt-input.tsx:182:3)
    at div
    at Provider (file:///Volumes/X%20SSD%202025/Users/narrowchannel/Desktop/indiiOS-Clean/node_modules/@radix-ui/react-context/dist/index.mjs:27:15)
    at TooltipProvider (file:///Volumes/X%20SSD%202025/Users/narrowchannel/Desktop/indiiOS-Clean/node_modules/@radix-ui/react-tooltip/dist/index.mjs:29:5)
    at PromptInput (/Volumes/X SSD 2025/Users/narrowchannel/Desktop/indiiOS-Clean/packages/renderer/src/components/ui/prompt-input.tsx:44:3)
    at div
    at /Volumes/X SSD 2025/Users/narrowchannel/Desktop/indiiOS-Clean/packages/renderer/src/core/components/command-bar/PromptArea.tsx:25:54
    at div
    at div
    at div (/Volumes/X SSD 2025/Users/narrowchannel/Desktop/indiiOS-Clean/packages/renderer/src/core/components/CommandBar.test.tsx:64:13)
    at AnimatePresence (/Volumes/X SSD 2025/Users/narrowchannel/Desktop/indiiOS-Clean/packages/renderer/src/core/components/CommandBar.test.tsx:70:23)
    at CommandBar (/Volumes/X SSD 2025/Users/narrowchannel/Desktop/indiiOS-Clean/packages/renderer/src/core/components/CommandBar.tsx:33:41)
Warning: An update to Tooltip inside a test was not wrapped in act(...).

When testing, code that causes React state updates should be wrapped into act(...):

act(() => {
  /* fire events that update state */
});
/* assert on the output */

This ensures that you're testing the behavior the user would see in the browser. Learn more at https://reactjs.org/link/wrap-tests-with-act
    at Tooltip (file:///Volumes/X%20SSD%202025/Users/narrowchannel/Desktop/indiiOS-Clean/node_modules/@radix-ui/react-tooltip/dist/index.mjs:73:5)
    at PromptInputAction2 (/Volumes/X SSD 2025/Users/narrowchannel/Desktop/indiiOS-Clean/packages/renderer/src/components/ui/prompt-input.tsx:193:3)
    at div
    at div
    at div
    at PromptInputActions2 (/Volumes/X SSD 2025/Users/narrowchannel/Desktop/indiiOS-Clean/packages/renderer/src/components/ui/prompt-input.tsx:182:3)
    at div
    at Provider (file:///Volumes/X%20SSD%202025/Users/narrowchannel/Desktop/indiiOS-Clean/node_modules/@radix-ui/react-context/dist/index.mjs:27:15)
    at TooltipProvider (file:///Volumes/X%20SSD%202025/Users/narrowchannel/Desktop/indiiOS-Clean/node_modules/@radix-ui/react-tooltip/dist/index.mjs:29:5)
    at PromptInput (/Volumes/X SSD 2025/Users/narrowchannel/Desktop/indiiOS-Clean/packages/renderer/src/components/ui/prompt-input.tsx:44:3)
    at div
    at /Volumes/X SSD 2025/Users/narrowchannel/Desktop/indiiOS-Clean/packages/renderer/src/core/components/command-bar/PromptArea.tsx:25:54
    at div
    at div
    at div (/Volumes/X SSD 2025/Users/narrowchannel/Desktop/indiiOS-Clean/packages/renderer/src/core/components/CommandBar.test.tsx:64:13)
    at AnimatePresence (/Volumes/X SSD 2025/Users/narrowchannel/Desktop/indiiOS-Clean/packages/renderer/src/core/components/CommandBar.test.tsx:70:23)
    at CommandBar (/Volumes/X SSD 2025/Users/narrowchannel/Desktop/indiiOS-Clean/packages/renderer/src/core/components/CommandBar.tsx:33:41)
Warning: An update to Tooltip inside a test was not wrapped in act(...).

When testing, code that causes React state updates should be wrapped into act(...):

act(() => {
  /* fire events that update state */
});
/* assert on the output */

This ensures that you're testing the behavior the user would see in the browser. Learn more at https://reactjs.org/link/wrap-tests-with-act
    at Tooltip (file:///Volumes/X%20SSD%202025/Users/narrowchannel/Desktop/indiiOS-Clean/node_modules/@radix-ui/react-tooltip/dist/index.mjs:73:5)
    at PromptInputAction2 (/Volumes/X SSD 2025/Users/narrowchannel/Desktop/indiiOS-Clean/packages/renderer/src/components/ui/prompt-input.tsx:193:3)
    at div
    at div
    at PromptInputActions2 (/Volumes/X SSD 2025/Users/narrowchannel/Desktop/indiiOS-Clean/packages/renderer/src/components/ui/prompt-input.tsx:182:3)
    at div
    at Provider (file:///Volumes/X%20SSD%202025/Users/narrowchannel/Desktop/indiiOS-Clean/node_modules/@radix-ui/react-context/dist/index.mjs:27:15)
    at TooltipProvider (file:///Volumes/X%20SSD%202025/Users/narrowchannel/Desktop/indiiOS-Clean/node_modules/@radix-ui/react-tooltip/dist/index.mjs:29:5)
    at PromptInput (/Volumes/X SSD 2025/Users/narrowchannel/Desktop/indiiOS-Clean/packages/renderer/src/components/ui/prompt-input.tsx:44:3)
    at div
    at /Volumes/X SSD 2025/Users/narrowchannel/Desktop/indiiOS-Clean/packages/renderer/src/core/components/command-bar/PromptArea.tsx:25:54
    at div
    at div
    at div (/Volumes/X SSD 2025/Users/narrowchannel/Desktop/indiiOS-Clean/packages/renderer/src/core/components/CommandBar.test.tsx:64:13)
    at AnimatePresence (/Volumes/X SSD 2025/Users/narrowchannel/Desktop/indiiOS-Clean/packages/renderer/src/core/components/CommandBar.test.tsx:70:23)
    at CommandBar (/Volumes/X SSD 2025/Users/narrowchannel/Desktop/indiiOS-Clean/packages/renderer/src/core/components/CommandBar.tsx:33:41)

(node:34844) Warning: `--localstorage-file` was provided without a valid path
(Use `node --trace-warnings ...` to show where the warning was created)
stdout | packages/renderer/src/core/components/CommandBar.test.tsx > CommandBar > renders active Indii state and allows switching to agent via menu
[PromptArea] handleSubmit fired! { commandBarInput: 'Hello Indii' }

stdout | packages/renderer/src/core/components/CommandBar.test.tsx > CommandBar > sends a message when form is submitted
[PromptArea] handleSubmit fired! { commandBarInput: 'Hello agent' }

(node:34850) Warning: `--localstorage-file` was provided without a valid path
(Use `node --trace-warnings ...` to show where the warning was created)
 ✓ packages/renderer/src/modules/video/VideoWorkflow.veo.test.tsx (3 tests) 353ms
 ✓ packages/renderer/src/core/components/CommandBar.test.tsx (9 tests) 780ms
stderr | packages/renderer/src/modules/creative/components/__tests__/CreativeCanvas.test.tsx > CreativeCanvas > should render canvas container when item is provided
[CanvasOps] All image load strategies failed: TypeError: this.canvas.setDimensions is not a function
    at CanvasOperationsService.placeImageOnCanvas (/Volumes/X SSD 2025/Users/narrowchannel/Desktop/indiiOS-Clean/packages/renderer/src/modules/creative/services/CanvasOperationsService.ts:131:21)
    at /Volumes/X SSD 2025/Users/narrowchannel/Desktop/indiiOS-Clean/packages/renderer/src/modules/creative/services/CanvasOperationsService.ts:163:26
    at processTicksAndRejections (node:internal/process/task_queues:104:5)

stderr | packages/renderer/src/modules/creative/components/__tests__/CreativeCanvas.test.tsx > CreativeCanvas > should render the magic fill input
[CanvasOps] All image load strategies failed: TypeError: this.canvas.setDimensions is not a function
    at CanvasOperationsService.placeImageOnCanvas (/Volumes/X SSD 2025/Users/narrowchannel/Desktop/indiiOS-Clean/packages/renderer/src/modules/creative/services/CanvasOperationsService.ts:131:21)
    at /Volumes/X SSD 2025/Users/narrowchannel/Desktop/indiiOS-Clean/packages/renderer/src/modules/creative/services/CanvasOperationsService.ts:163:26
    at processTicksAndRejections (node:internal/process/task_queues:104:5)

stderr | packages/renderer/src/modules/creative/components/__tests__/CreativeCanvas.test.tsx > CreativeCanvas > should show Animate button for images
[CanvasOps] All image load strategies failed: TypeError: this.canvas.setDimensions is not a function
    at CanvasOperationsService.placeImageOnCanvas (/Volumes/X SSD 2025/Users/narrowchannel/Desktop/indiiOS-Clean/packages/renderer/src/modules/creative/services/CanvasOperationsService.ts:131:21)
    at /Volumes/X SSD 2025/Users/narrowchannel/Desktop/indiiOS-Clean/packages/renderer/src/modules/creative/services/CanvasOperationsService.ts:163:26
    at processTicksAndRejections (node:internal/process/task_queues:104:5)

 ✓ packages/renderer/src/services/agent/tools/DistributionTools.test.ts (15 tests) 531ms
       ✓ should generate a valid ISRC  527ms
stderr | packages/renderer/src/modules/creative/components/__tests__/CreativeCanvas.test.tsx > CreativeCanvas > should show close button
[CanvasOps] All image load strategies failed: TypeError: this.canvas.setDimensions is not a function
    at CanvasOperationsService.placeImageOnCanvas (/Volumes/X SSD 2025/Users/narrowchannel/Desktop/indiiOS-Clean/packages/renderer/src/modules/creative/services/CanvasOperationsService.ts:131:21)
    at /Volumes/X SSD 2025/Users/narrowchannel/Desktop/indiiOS-Clean/packages/renderer/src/modules/creative/services/CanvasOperationsService.ts:163:26
    at processTicksAndRejections (node:internal/process/task_queues:104:5)

 ✓ packages/renderer/src/modules/creative/components/__tests__/CreativeCanvas.test.tsx (5 tests) 478ms
     ✓ should render canvas container when item is provided  330ms
(node:34851) Warning: `--localstorage-file` was provided without a valid path
(Use `node --trace-warnings ...` to show where the warning was created)
 ✓ packages/renderer/src/services/agent/tools/AgentTools.integration.test.ts (7 tests) 214ms
(node:34855) Warning: `--localstorage-file` was provided without a valid path
(Use `node --trace-warnings ...` to show where the warning was created)
 ✓ packages/renderer/src/components/ui/prompt-input-actions.test.tsx (4 tests) 424ms
     ✓ PromptInputAction handles click interaction and disables state  403ms
 ✓ packages/renderer/src/modules/marketing/components/CreateCampaignModal.a11y.test.tsx (6 tests) 488ms
 ✓ packages/renderer/src/components/ui/slider.a11y.test.tsx (4 tests) 485ms
     ✓ should have accessibility violations if slider has no label  403ms
(node:34860) Warning: `--localstorage-file` was provided without a valid path
(Use `node --trace-warnings ...` to show where the warning was created)
(node:34865) Warning: `--localstorage-file` was provided without a valid path
(Use `node --trace-warnings ...` to show where the warning was created)
(node:34866) Warning: `--localstorage-file` was provided without a valid path
(Use `node --trace-warnings ...` to show where the warning was created)
(node:34868) Warning: `--localstorage-file` was provided without a valid path
(Use `node --trace-warnings ...` to show where the warning was created)
(node:34870) Warning: `--localstorage-file` was provided without a valid path
(Use `node --trace-warnings ...` to show where the warning was created)
(node:34867) Warning: `--localstorage-file` was provided without a valid path
(Use `node --trace-warnings ...` to show where the warning was created)
 ✓ packages/renderer/src/modules/video/components/ReviewStep.test.tsx (5 tests) 578ms
     ✓ calls onRemoveIngredient when remove button is clicked  319ms
 ✓ packages/renderer/src/modules/workflow/services/WorkflowEngine.test.ts (11 tests) 286ms
stdout | packages/renderer/src/core/components/command-bar/PromptArea.test.tsx > PromptArea State Feedback > shows loading state during submission
[PromptArea] handleSubmit fired! { commandBarInput: 'test command' }

 ✓ packages/renderer/src/modules/video/editor/components/TimeRuler.test.tsx (5 tests) 392ms
     ✓ renders with accessibility attributes  369ms
 ✓ packages/renderer/src/core/components/command-bar/PromptArea.test.tsx (1 test) 172ms
 ✓ packages/renderer/src/test/tabs.test.tsx (1 test) 407ms
     ✓ renders with correct ARIA roles and attributes  399ms
(node:34875) Warning: `--localstorage-file` was provided without a valid path
(Use `node --trace-warnings ...` to show where the warning was created)
 ✓ packages/renderer/src/test/3d-components.test.tsx (7 tests) 492ms
(node:34880) Warning: `--localstorage-file` was provided without a valid path
(Use `node --trace-warnings ...` to show where the warning was created)
(node:34883) Warning: `--localstorage-file` was provided without a valid path
(Use `node --trace-warnings ...` to show where the warning was created)
 ✓ packages/renderer/src/components/ui/button.test.tsx (6 tests) 497ms
     ✓ renders correctly with default props  362ms
 ✓ packages/renderer/src/modules/agent/components/ScoutControls.test.tsx (5 tests) 448ms
(node:34887) Warning: `--localstorage-file` was provided without a valid path
(Use `node --trace-warnings ...` to show where the warning was created)
 ✓ packages/renderer/src/components/ui/DeptLoader.a11y.test.tsx (2 tests) 546ms
(node:34892) Warning: `--localstorage-file` was provided without a valid path
(Use `node --trace-warnings ...` to show where the warning was created)
(node:34890) Warning: `--localstorage-file` was provided without a valid path
(Use `node --trace-warnings ...` to show where the warning was created)
(node:34891) Warning: `--localstorage-file` was provided without a valid path
(Use `node --trace-warnings ...` to show where the warning was created)
(node:34893) Warning: `--localstorage-file` was provided without a valid path
(Use `node --trace-warnings ...` to show where the warning was created)
(node:34896) Warning: `--localstorage-file` was provided without a valid path
(Use `node --trace-warnings ...` to show where the warning was created)
 ✓ packages/renderer/src/modules/video/components/DirectorPromptBar.interaction.test.tsx (2 tests) 601ms
     ✓ Scenario: Generate Lifecycle (Click -> Action -> Feedback)  412ms
 ✓ packages/renderer/src/components/ui/prompt-input.perf.test.tsx (1 test) 731ms
     ✓ PromptInputAction should NOT re-render when typing in PromptInputTextarea  730ms
stderr | packages/renderer/src/core/components/CommandBar.interaction.test.tsx > 👁️ Pixel: CommandBar Interaction States > Scenario 1: Verifies "Processing" state disables input and shows stop button
Warning: Received `false` for a non-boolean attribute `initial`.

If you want to write it to the DOM, pass a string instead: initial="false" or initial={value.toString()}.

If you used to conditionally omit it with initial={condition && value}, pass initial={condition ? value : undefined} instead.
    at div
    at div (/Volumes/X SSD 2025/Users/narrowchannel/Desktop/indiiOS-Clean/packages/renderer/src/core/components/CommandBar.interaction.test.tsx:149:13)
    at AnimatePresence (/Volumes/X SSD 2025/Users/narrowchannel/Desktop/indiiOS-Clean/packages/renderer/src/core/components/CommandBar.interaction.test.tsx:168:23)
    at CommandBar (/Volumes/X SSD 2025/Users/narrowchannel/Desktop/indiiOS-Clean/packages/renderer/src/core/components/CommandBar.tsx:33:41)
Warning: React does not recognize the `dragElastic` prop on a DOM element. If you intentionally want it to appear in the DOM as a custom attribute, spell it as lowercase `dragelastic` instead. If you accidentally passed it from a parent component, remove it from the DOM element.
    at div
    at div (/Volumes/X SSD 2025/Users/narrowchannel/Desktop/indiiOS-Clean/packages/renderer/src/core/components/CommandBar.interaction.test.tsx:149:13)
    at AnimatePresence (/Volumes/X SSD 2025/Users/narrowchannel/Desktop/indiiOS-Clean/packages/renderer/src/core/components/CommandBar.interaction.test.tsx:168:23)
    at CommandBar (/Volumes/X SSD 2025/Users/narrowchannel/Desktop/indiiOS-Clean/packages/renderer/src/core/components/CommandBar.tsx:33:41)
Warning: React does not recognize the `dragConstraints` prop on a DOM element. If you intentionally want it to appear in the DOM as a custom attribute, spell it as lowercase `dragconstraints` instead. If you accidentally passed it from a parent component, remove it from the DOM element.
    at div
    at div (/Volumes/X SSD 2025/Users/narrowchannel/Desktop/indiiOS-Clean/packages/renderer/src/core/components/CommandBar.interaction.test.tsx:149:13)
    at AnimatePresence (/Volumes/X SSD 2025/Users/narrowchannel/Desktop/indiiOS-Clean/packages/renderer/src/core/components/CommandBar.interaction.test.tsx:168:23)
    at CommandBar (/Volumes/X SSD 2025/Users/narrowchannel/Desktop/indiiOS-Clean/packages/renderer/src/core/components/CommandBar.tsx:33:41)

 ✓ packages/renderer/src/modules/creative/components/CreativeDaisychain.interaction.test.tsx (1 test) 206ms
(node:34899) Warning: `--localstorage-file` was provided without a valid path
(Use `node --trace-warnings ...` to show where the warning was created)
stdout | packages/renderer/src/core/components/CommandBar.interaction.test.tsx > 👁️ Pixel: CommandBar Interaction States > Scenario 1: Verifies "Processing" state disables input and shows stop button
[PromptArea] handleSubmit fired! { commandBarInput: 'Analyze Q3 Data' }

stdout | packages/renderer/src/core/components/CommandBar.interaction.test.tsx > 👁️ Pixel: CommandBar Interaction States > Scenario 2: Handles Error Toast when submission fails
[PromptArea] handleSubmit fired! { commandBarInput: 'Bad request' }

stderr | packages/renderer/src/core/components/CommandBar.interaction.test.tsx > 👁️ Pixel: CommandBar Interaction States > Scenario 2: Handles Error Toast when submission fails
PromptArea: Failed to send message: Error: API Error
    at /Volumes/X SSD 2025/Users/narrowchannel/Desktop/indiiOS-Clean/packages/renderer/src/core/components/CommandBar.interaction.test.tsx:232:67
    at file:///Volumes/X%20SSD%202025/Users/narrowchannel/Desktop/indiiOS-Clean/node_modules/@vitest/runner/dist/index.js:915:20

stdout | packages/renderer/src/core/components/CommandBar.interaction.test.tsx > 👁️ Pixel: CommandBar Interaction States > Scenario 3: Optimistic UI - input clears immediately upon send
[PromptArea] handleSubmit fired! { commandBarInput: 'Fast clear' }

stderr | packages/renderer/src/core/components/CommandBar.interaction.test.tsx > 👁️ Pixel: CommandBar Interaction States > Scenario 3: Optimistic UI - input clears immediately upon send
Warning: An update to null inside a test was not wrapped in act(...).

When testing, code that causes React state updates should be wrapped into act(...):

act(() => {
  /* fire events that update state */
});
/* assert on the output */

This ensures that you're testing the behavior the user would see in the browser. Learn more at https://reactjs.org/link/wrap-tests-with-act
    at /Volumes/X SSD 2025/Users/narrowchannel/Desktop/indiiOS-Clean/packages/renderer/src/core/components/command-bar/PromptArea.tsx:25:54
    at div
    at div
    at div (/Volumes/X SSD 2025/Users/narrowchannel/Desktop/indiiOS-Clean/packages/renderer/src/core/components/CommandBar.interaction.test.tsx:149:13)
    at AnimatePresence (/Volumes/X SSD 2025/Users/narrowchannel/Desktop/indiiOS-Clean/packages/renderer/src/core/components/CommandBar.interaction.test.tsx:168:23)
    at CommandBar (/Volumes/X SSD 2025/Users/narrowchannel/Desktop/indiiOS-Clean/packages/renderer/src/core/components/CommandBar.tsx:33:41)

stderr | packages/renderer/src/core/components/CommandBar.interaction.test.tsx > 👁️ Pixel: CommandBar Interaction States > Scenario 3: Optimistic UI - input clears immediately upon send
Warning: An update to Tooltip inside a test was not wrapped in act(...).

When testing, code that causes React state updates should be wrapped into act(...):

act(() => {
  /* fire events that update state */
});
/* assert on the output */

This ensures that you're testing the behavior the user would see in the browser. Learn more at https://reactjs.org/link/wrap-tests-with-act
    at Tooltip (file:///Volumes/X%20SSD%202025/Users/narrowchannel/Desktop/indiiOS-Clean/node_modules/@radix-ui/react-tooltip/dist/index.mjs:73:5)
    at PromptInputAction2 (/Volumes/X SSD 2025/Users/narrowchannel/Desktop/indiiOS-Clean/packages/renderer/src/components/ui/prompt-input.tsx:193:3)
    at div
    at div
    at div
    at PromptInputActions2 (/Volumes/X SSD 2025/Users/narrowchannel/Desktop/indiiOS-Clean/packages/renderer/src/components/ui/prompt-input.tsx:182:3)
    at div
    at Provider (file:///Volumes/X%20SSD%202025/Users/narrowchannel/Desktop/indiiOS-Clean/node_modules/@radix-ui/react-context/dist/index.mjs:27:15)
    at TooltipProvider (file:///Volumes/X%20SSD%202025/Users/narrowchannel/Desktop/indiiOS-Clean/node_modules/@radix-ui/react-tooltip/dist/index.mjs:29:5)
    at PromptInput (/Volumes/X SSD 2025/Users/narrowchannel/Desktop/indiiOS-Clean/packages/renderer/src/components/ui/prompt-input.tsx:44:3)
    at div
    at /Volumes/X SSD 2025/Users/narrowchannel/Desktop/indiiOS-Clean/packages/renderer/src/core/components/command-bar/PromptArea.tsx:25:54
    at div
    at div
    at div (/Volumes/X SSD 2025/Users/narrowchannel/Desktop/indiiOS-Clean/packages/renderer/src/core/components/CommandBar.interaction.test.tsx:149:13)
    at AnimatePresence (/Volumes/X SSD 2025/Users/narrowchannel/Desktop/indiiOS-Clean/packages/renderer/src/core/components/CommandBar.interaction.test.tsx:168:23)
    at CommandBar (/Volumes/X SSD 2025/Users/narrowchannel/Desktop/indiiOS-Clean/packages/renderer/src/core/components/CommandBar.tsx:33:41)
Warning: An update to Tooltip inside a test was not wrapped in act(...).

When testing, code that causes React state updates should be wrapped into act(...):

act(() => {
  /* fire events that update state */
});
/* assert on the output */

This ensures that you're testing the behavior the user would see in the browser. Learn more at https://reactjs.org/link/wrap-tests-with-act
    at Tooltip (file:///Volumes/X%20SSD%202025/Users/narrowchannel/Desktop/indiiOS-Clean/node_modules/@radix-ui/react-tooltip/dist/index.mjs:73:5)
    at PromptInputAction2 (/Volumes/X SSD 2025/Users/narrowchannel/Desktop/indiiOS-Clean/packages/renderer/src/components/ui/prompt-input.tsx:193:3)
    at div
    at div
    at PromptInputActions2 (/Volumes/X SSD 2025/Users/narrowchannel/Desktop/indiiOS-Clean/packages/renderer/src/components/ui/prompt-input.tsx:182:3)
    at div
    at Provider (file:///Volumes/X%20SSD%202025/Users/narrowchannel/Desktop/indiiOS-Clean/node_modules/@radix-ui/react-context/dist/index.mjs:27:15)
    at TooltipProvider (file:///Volumes/X%20SSD%202025/Users/narrowchannel/Desktop/indiiOS-Clean/node_modules/@radix-ui/react-tooltip/dist/index.mjs:29:5)
    at PromptInput (/Volumes/X SSD 2025/Users/narrowchannel/Desktop/indiiOS-Clean/packages/renderer/src/components/ui/prompt-input.tsx:44:3)
    at div
    at /Volumes/X SSD 2025/Users/narrowchannel/Desktop/indiiOS-Clean/packages/renderer/src/core/components/command-bar/PromptArea.tsx:25:54
    at div
    at div
    at div (/Volumes/X SSD 2025/Users/narrowchannel/Desktop/indiiOS-Clean/packages/renderer/src/core/components/CommandBar.interaction.test.tsx:149:13)
    at AnimatePresence (/Volumes/X SSD 2025/Users/narrowchannel/Desktop/indiiOS-Clean/packages/renderer/src/core/components/CommandBar.interaction.test.tsx:168:23)
    at CommandBar (/Volumes/X SSD 2025/Users/narrowchannel/Desktop/indiiOS-Clean/packages/renderer/src/core/components/CommandBar.tsx:33:41)
Warning: An update to Tooltip inside a test was not wrapped in act(...).

When testing, code that causes React state updates should be wrapped into act(...):

act(() => {
  /* fire events that update state */
});
/* assert on the output */

This ensures that you're testing the behavior the user would see in the browser. Learn more at https://reactjs.org/link/wrap-tests-with-act
    at Tooltip (file:///Volumes/X%20SSD%202025/Users/narrowchannel/Desktop/indiiOS-Clean/node_modules/@radix-ui/react-tooltip/dist/index.mjs:73:5)
    at PromptInputAction2 (/Volumes/X SSD 2025/Users/narrowchannel/Desktop/indiiOS-Clean/packages/renderer/src/components/ui/prompt-input.tsx:193:3)
    at div
    at div
    at PromptInputActions2 (/Volumes/X SSD 2025/Users/narrowchannel/Desktop/indiiOS-Clean/packages/renderer/src/components/ui/prompt-input.tsx:182:3)
    at div
    at Provider (file:///Volumes/X%20SSD%202025/Users/narrowchannel/Desktop/indiiOS-Clean/node_modules/@radix-ui/react-context/dist/index.mjs:27:15)
    at TooltipProvider (file:///Volumes/X%20SSD%202025/Users/narrowchannel/Desktop/indiiOS-Clean/node_modules/@radix-ui/react-tooltip/dist/index.mjs:29:5)
    at PromptInput (/Volumes/X SSD 2025/Users/narrowchannel/Desktop/indiiOS-Clean/packages/renderer/src/components/ui/prompt-input.tsx:44:3)
    at div
    at /Volumes/X SSD 2025/Users/narrowchannel/Desktop/indiiOS-Clean/packages/renderer/src/core/components/command-bar/PromptArea.tsx:25:54
    at div
    at div
    at div (/Volumes/X SSD 2025/Users/narrowchannel/Desktop/indiiOS-Clean/packages/renderer/src/core/components/CommandBar.interaction.test.tsx:149:13)
    at AnimatePresence (/Volumes/X SSD 2025/Users/narrowchannel/Desktop/indiiOS-Clean/packages/renderer/src/core/components/CommandBar.interaction.test.tsx:168:23)
    at CommandBar (/Volumes/X SSD 2025/Users/narrowchannel/Desktop/indiiOS-Clean/packages/renderer/src/core/components/CommandBar.tsx:33:41)
Warning: An update to Tooltip inside a test was not wrapped in act(...).

When testing, code that causes React state updates should be wrapped into act(...):

act(() => {
  /* fire events that update state */
});
/* assert on the output */

This ensures that you're testing the behavior the user would see in the browser. Learn more at https://reactjs.org/link/wrap-tests-with-act
    at Tooltip (file:///Volumes/X%20SSD%202025/Users/narrowchannel/Desktop/indiiOS-Clean/node_modules/@radix-ui/react-tooltip/dist/index.mjs:73:5)
    at PromptInputAction2 (/Volumes/X SSD 2025/Users/narrowchannel/Desktop/indiiOS-Clean/packages/renderer/src/components/ui/prompt-input.tsx:193:3)
    at div
    at div
    at div
    at PromptInputActions2 (/Volumes/X SSD 2025/Users/narrowchannel/Desktop/indiiOS-Clean/packages/renderer/src/components/ui/prompt-input.tsx:182:3)
    at div
    at Provider (file:///Volumes/X%20SSD%202025/Users/narrowchannel/Desktop/indiiOS-Clean/node_modules/@radix-ui/react-context/dist/index.mjs:27:15)
    at TooltipProvider (file:///Volumes/X%20SSD%202025/Users/narrowchannel/Desktop/indiiOS-Clean/node_modules/@radix-ui/react-tooltip/dist/index.mjs:29:5)
    at PromptInput (/Volumes/X SSD 2025/Users/narrowchannel/Desktop/indiiOS-Clean/packages/renderer/src/components/ui/prompt-input.tsx:44:3)
    at div
    at /Volumes/X SSD 2025/Users/narrowchannel/Desktop/indiiOS-Clean/packages/renderer/src/core/components/command-bar/PromptArea.tsx:25:54
    at div
    at div
    at div (/Volumes/X SSD 2025/Users/narrowchannel/Desktop/indiiOS-Clean/packages/renderer/src/core/components/CommandBar.interaction.test.tsx:149:13)
    at AnimatePresence (/Volumes/X SSD 2025/Users/narrowchannel/Desktop/indiiOS-Clean/packages/renderer/src/core/components/CommandBar.interaction.test.tsx:168:23)
    at CommandBar (/Volumes/X SSD 2025/Users/narrowchannel/Desktop/indiiOS-Clean/packages/renderer/src/core/components/CommandBar.tsx:33:41)
Warning: An update to Tooltip inside a test was not wrapped in act(...).

When testing, code that causes React state updates should be wrapped into act(...):

act(() => {
  /* fire events that update state */
});
/* assert on the output */

This ensures that you're testing the behavior the user would see in the browser. Learn more at https://reactjs.org/link/wrap-tests-with-act
    at Tooltip (file:///Volumes/X%20SSD%202025/Users/narrowchannel/Desktop/indiiOS-Clean/node_modules/@radix-ui/react-tooltip/dist/index.mjs:73:5)
    at PromptInputAction2 (/Volumes/X SSD 2025/Users/narrowchannel/Desktop/indiiOS-Clean/packages/renderer/src/components/ui/prompt-input.tsx:193:3)
    at div
    at div
    at div
    at PromptInputActions2 (/Volumes/X SSD 2025/Users/narrowchannel/Desktop/indiiOS-Clean/packages/renderer/src/components/ui/prompt-input.tsx:182:3)
    at div
    at Provider (file:///Volumes/X%20SSD%202025/Users/narrowchannel/Desktop/indiiOS-Clean/node_modules/@radix-ui/react-context/dist/index.mjs:27:15)
    at TooltipProvider (file:///Volumes/X%20SSD%202025/Users/narrowchannel/Desktop/indiiOS-Clean/node_modules/@radix-ui/react-tooltip/dist/index.mjs:29:5)
    at PromptInput (/Volumes/X SSD 2025/Users/narrowchannel/Desktop/indiiOS-Clean/packages/renderer/src/components/ui/prompt-input.tsx:44:3)
    at div
    at /Volumes/X SSD 2025/Users/narrowchannel/Desktop/indiiOS-Clean/packages/renderer/src/core/components/command-bar/PromptArea.tsx:25:54
    at div
    at div
    at div (/Volumes/X SSD 2025/Users/narrowchannel/Desktop/indiiOS-Clean/packages/renderer/src/core/components/CommandBar.interaction.test.tsx:149:13)
    at AnimatePresence (/Volumes/X SSD 2025/Users/narrowchannel/Desktop/indiiOS-Clean/packages/renderer/src/core/components/CommandBar.interaction.test.tsx:168:23)
    at CommandBar (/Volumes/X SSD 2025/Users/narrowchannel/Desktop/indiiOS-Clean/packages/renderer/src/core/components/CommandBar.tsx:33:41)
Warning: An update to Tooltip inside a test was not wrapped in act(...).

When testing, code that causes React state updates should be wrapped into act(...):

act(() => {
  /* fire events that update state */
});
/* assert on the output */

This ensures that you're testing the behavior the user would see in the browser. Learn more at https://reactjs.org/link/wrap-tests-with-act
    at Tooltip (file:///Volumes/X%20SSD%202025/Users/narrowchannel/Desktop/indiiOS-Clean/node_modules/@radix-ui/react-tooltip/dist/index.mjs:73:5)
    at PromptInputAction2 (/Volumes/X SSD 2025/Users/narrowchannel/Desktop/indiiOS-Clean/packages/renderer/src/components/ui/prompt-input.tsx:193:3)
    at div
    at div
    at PromptInputActions2 (/Volumes/X SSD 2025/Users/narrowchannel/Desktop/indiiOS-Clean/packages/renderer/src/components/ui/prompt-input.tsx:182:3)
    at div
    at Provider (file:///Volumes/X%20SSD%202025/Users/narrowchannel/Desktop/indiiOS-Clean/node_modules/@radix-ui/react-context/dist/index.mjs:27:15)
    at TooltipProvider (file:///Volumes/X%20SSD%202025/Users/narrowchannel/Desktop/indiiOS-Clean/node_modules/@radix-ui/react-tooltip/dist/index.mjs:29:5)
    at PromptInput (/Volumes/X SSD 2025/Users/narrowchannel/Desktop/indiiOS-Clean/packages/renderer/src/components/ui/prompt-input.tsx:44:3)
    at div
    at /Volumes/X SSD 2025/Users/narrowchannel/Desktop/indiiOS-Clean/packages/renderer/src/core/components/command-bar/PromptArea.tsx:25:54
    at div
    at div
    at div (/Volumes/X SSD 2025/Users/narrowchannel/Desktop/indiiOS-Clean/packages/renderer/src/core/components/CommandBar.interaction.test.tsx:149:13)
    at AnimatePresence (/Volumes/X SSD 2025/Users/narrowchannel/Desktop/indiiOS-Clean/packages/renderer/src/core/components/CommandBar.interaction.test.tsx:168:23)
    at CommandBar (/Volumes/X SSD 2025/Users/narrowchannel/Desktop/indiiOS-Clean/packages/renderer/src/core/components/CommandBar.tsx:33:41)
Warning: An update to Tooltip inside a test was not wrapped in act(...).

When testing, code that causes React state updates should be wrapped into act(...):

act(() => {
  /* fire events that update state */
});
/* assert on the output */

This ensures that you're testing the behavior the user would see in the browser. Learn more at https://reactjs.org/link/wrap-tests-with-act
    at Tooltip (file:///Volumes/X%20SSD%202025/Users/narrowchannel/Desktop/indiiOS-Clean/node_modules/@radix-ui/react-tooltip/dist/index.mjs:73:5)
    at PromptInputAction2 (/Volumes/X SSD 2025/Users/narrowchannel/Desktop/indiiOS-Clean/packages/renderer/src/components/ui/prompt-input.tsx:193:3)
    at div
    at div
    at div
    at PromptInputActions2 (/Volumes/X SSD 2025/Users/narrowchannel/Desktop/indiiOS-Clean/packages/renderer/src/components/ui/prompt-input.tsx:182:3)
    at div
    at Provider (file:///Volumes/X%20SSD%202025/Users/narrowchannel/Desktop/indiiOS-Clean/node_modules/@radix-ui/react-context/dist/index.mjs:27:15)
    at TooltipProvider (file:///Volumes/X%20SSD%202025/Users/narrowchannel/Desktop/indiiOS-Clean/node_modules/@radix-ui/react-tooltip/dist/index.mjs:29:5)
    at PromptInput (/Volumes/X SSD 2025/Users/narrowchannel/Desktop/indiiOS-Clean/packages/renderer/src/components/ui/prompt-input.tsx:44:3)
    at div
    at /Volumes/X SSD 2025/Users/narrowchannel/Desktop/indiiOS-Clean/packages/renderer/src/core/components/command-bar/PromptArea.tsx:25:54
    at div
    at div
    at div (/Volumes/X SSD 2025/Users/narrowchannel/Desktop/indiiOS-Clean/packages/renderer/src/core/components/CommandBar.interaction.test.tsx:149:13)
    at AnimatePresence (/Volumes/X SSD 2025/Users/narrowchannel/Desktop/indiiOS-Clean/packages/renderer/src/core/components/CommandBar.interaction.test.tsx:168:23)
    at CommandBar (/Volumes/X SSD 2025/Users/narrowchannel/Desktop/indiiOS-Clean/packages/renderer/src/core/components/CommandBar.tsx:33:41)
Warning: An update to Tooltip inside a test was not wrapped in act(...).

When testing, code that causes React state updates should be wrapped into act(...):

act(() => {
  /* fire events that update state */
});
/* assert on the output */

This ensures that you're testing the behavior the user would see in the browser. Learn more at https://reactjs.org/link/wrap-tests-with-act
    at Tooltip (file:///Volumes/X%20SSD%202025/Users/narrowchannel/Desktop/indiiOS-Clean/node_modules/@radix-ui/react-tooltip/dist/index.mjs:73:5)
    at PromptInputAction2 (/Volumes/X SSD 2025/Users/narrowchannel/Desktop/indiiOS-Clean/packages/renderer/src/components/ui/prompt-input.tsx:193:3)
    at div
    at div
    at PromptInputActions2 (/Volumes/X SSD 2025/Users/narrowchannel/Desktop/indiiOS-Clean/packages/renderer/src/components/ui/prompt-input.tsx:182:3)
    at div
    at Provider (file:///Volumes/X%20SSD%202025/Users/narrowchannel/Desktop/indiiOS-Clean/node_modules/@radix-ui/react-context/dist/index.mjs:27:15)
    at TooltipProvider (file:///Volumes/X%20SSD%202025/Users/narrowchannel/Desktop/indiiOS-Clean/node_modules/@radix-ui/react-tooltip/dist/index.mjs:29:5)
    at PromptInput (/Volumes/X SSD 2025/Users/narrowchannel/Desktop/indiiOS-Clean/packages/renderer/src/components/ui/prompt-input.tsx:44:3)
    at div
    at /Volumes/X SSD 2025/Users/narrowchannel/Desktop/indiiOS-Clean/packages/renderer/src/core/components/command-bar/PromptArea.tsx:25:54
    at div
    at div
    at div (/Volumes/X SSD 2025/Users/narrowchannel/Desktop/indiiOS-Clean/packages/renderer/src/core/components/CommandBar.interaction.test.tsx:149:13)
    at AnimatePresence (/Volumes/X SSD 2025/Users/narrowchannel/Desktop/indiiOS-Clean/packages/renderer/src/core/components/CommandBar.interaction.test.tsx:168:23)
    at CommandBar (/Volumes/X SSD 2025/Users/narrowchannel/Desktop/indiiOS-Clean/packages/renderer/src/core/components/CommandBar.tsx:33:41)
Warning: An update to Tooltip inside a test was not wrapped in act(...).

When testing, code that causes React state updates should be wrapped into act(...):

act(() => {
  /* fire events that update state */
});
/* assert on the output */

This ensures that you're testing the behavior the user would see in the browser. Learn more at https://reactjs.org/link/wrap-tests-with-act
    at Tooltip (file:///Volumes/X%20SSD%202025/Users/narrowchannel/Desktop/indiiOS-Clean/node_modules/@radix-ui/react-tooltip/dist/index.mjs:73:5)
    at PromptInputAction2 (/Volumes/X SSD 2025/Users/narrowchannel/Desktop/indiiOS-Clean/packages/renderer/src/components/ui/prompt-input.tsx:193:3)
    at div
    at div
    at PromptInputActions2 (/Volumes/X SSD 2025/Users/narrowchannel/Desktop/indiiOS-Clean/packages/renderer/src/components/ui/prompt-input.tsx:182:3)
    at div
    at Provider (file:///Volumes/X%20SSD%202025/Users/narrowchannel/Desktop/indiiOS-Clean/node_modules/@radix-ui/react-context/dist/index.mjs:27:15)
    at TooltipProvider (file:///Volumes/X%20SSD%202025/Users/narrowchannel/Desktop/indiiOS-Clean/node_modules/@radix-ui/react-tooltip/dist/index.mjs:29:5)
    at PromptInput (/Volumes/X SSD 2025/Users/narrowchannel/Desktop/indiiOS-Clean/packages/renderer/src/components/ui/prompt-input.tsx:44:3)
    at div
    at /Volumes/X SSD 2025/Users/narrowchannel/Desktop/indiiOS-Clean/packages/renderer/src/core/components/command-bar/PromptArea.tsx:25:54
    at div
    at div
    at div (/Volumes/X SSD 2025/Users/narrowchannel/Desktop/indiiOS-Clean/packages/renderer/src/core/components/CommandBar.interaction.test.tsx:149:13)
    at AnimatePresence (/Volumes/X SSD 2025/Users/narrowchannel/Desktop/indiiOS-Clean/packages/renderer/src/core/components/CommandBar.interaction.test.tsx:168:23)
    at CommandBar (/Volumes/X SSD 2025/Users/narrowchannel/Desktop/indiiOS-Clean/packages/renderer/src/core/components/CommandBar.tsx:33:41)
Warning: An update to Tooltip inside a test was not wrapped in act(...).

When testing, code that causes React state updates should be wrapped into act(...):

act(() => {
  /* fire events that update state */
});
/* assert on the output */

This ensures that you're testing the behavior the user would see in the browser. Learn more at https://reactjs.org/link/wrap-tests-with-act
    at Tooltip (file:///Volumes/X%20SSD%202025/Users/narrowchannel/Desktop/indiiOS-Clean/node_modules/@radix-ui/react-tooltip/dist/index.mjs:73:5)
    at PromptInputAction2 (/Volumes/X SSD 2025/Users/narrowchannel/Desktop/indiiOS-Clean/packages/renderer/src/components/ui/prompt-input.tsx:193:3)
    at div
    at div
    at div
    at PromptInputActions2 (/Volumes/X SSD 2025/Users/narrowchannel/Desktop/indiiOS-Clean/packages/renderer/src/components/ui/prompt-input.tsx:182:3)
    at div
    at Provider (file:///Volumes/X%20SSD%202025/Users/narrowchannel/Desktop/indiiOS-Clean/node_modules/@radix-ui/react-context/dist/index.mjs:27:15)
    at TooltipProvider (file:///Volumes/X%20SSD%202025/Users/narrowchannel/Desktop/indiiOS-Clean/node_modules/@radix-ui/react-tooltip/dist/index.mjs:29:5)
    at PromptInput (/Volumes/X SSD 2025/Users/narrowchannel/Desktop/indiiOS-Clean/packages/renderer/src/components/ui/prompt-input.tsx:44:3)
    at div
    at /Volumes/X SSD 2025/Users/narrowchannel/Desktop/indiiOS-Clean/packages/renderer/src/core/components/command-bar/PromptArea.tsx:25:54
    at div
    at div
    at div (/Volumes/X SSD 2025/Users/narrowchannel/Desktop/indiiOS-Clean/packages/renderer/src/core/components/CommandBar.interaction.test.tsx:149:13)
    at AnimatePresence (/Volumes/X SSD 2025/Users/narrowchannel/Desktop/indiiOS-Clean/packages/renderer/src/core/components/CommandBar.interaction.test.tsx:168:23)
    at CommandBar (/Volumes/X SSD 2025/Users/narrowchannel/Desktop/indiiOS-Clean/packages/renderer/src/core/components/CommandBar.tsx:33:41)
Warning: An update to Tooltip inside a test was not wrapped in act(...).

When testing, code that causes React state updates should be wrapped into act(...):

act(() => {
  /* fire events that update state */
});
/* assert on the output */

This ensures that you're testing the behavior the user would see in the browser. Learn more at https://reactjs.org/link/wrap-tests-with-act
    at Tooltip (file:///Volumes/X%20SSD%202025/Users/narrowchannel/Desktop/indiiOS-Clean/node_modules/@radix-ui/react-tooltip/dist/index.mjs:73:5)
    at PromptInputAction2 (/Volumes/X SSD 2025/Users/narrowchannel/Desktop/indiiOS-Clean/packages/renderer/src/components/ui/prompt-input.tsx:193:3)
    at div
    at div
    at div
    at PromptInputActions2 (/Volumes/X SSD 2025/Users/narrowchannel/Desktop/indiiOS-Clean/packages/renderer/src/components/ui/prompt-input.tsx:182:3)
    at div
    at Provider (file:///Volumes/X%20SSD%202025/Users/narrowchannel/Desktop/indiiOS-Clean/node_modules/@radix-ui/react-context/dist/index.mjs:27:15)
    at TooltipProvider (file:///Volumes/X%20SSD%202025/Users/narrowchannel/Desktop/indiiOS-Clean/node_modules/@radix-ui/react-tooltip/dist/index.mjs:29:5)
    at PromptInput (/Volumes/X SSD 2025/Users/narrowchannel/Desktop/indiiOS-Clean/packages/renderer/src/components/ui/prompt-input.tsx:44:3)
    at div
    at /Volumes/X SSD 2025/Users/narrowchannel/Desktop/indiiOS-Clean/packages/renderer/src/core/components/command-bar/PromptArea.tsx:25:54
    at div
    at div
    at div (/Volumes/X SSD 2025/Users/narrowchannel/Desktop/indiiOS-Clean/packages/renderer/src/core/components/CommandBar.interaction.test.tsx:149:13)
    at AnimatePresence (/Volumes/X SSD 2025/Users/narrowchannel/Desktop/indiiOS-Clean/packages/renderer/src/core/components/CommandBar.interaction.test.tsx:168:23)
    at CommandBar (/Volumes/X SSD 2025/Users/narrowchannel/Desktop/indiiOS-Clean/packages/renderer/src/core/components/CommandBar.tsx:33:41)
Warning: An update to Tooltip inside a test was not wrapped in act(...).

When testing, code that causes React state updates should be wrapped into act(...):

act(() => {
  /* fire events that update state */
});
/* assert on the output */

This ensures that you're testing the behavior the user would see in the browser. Learn more at https://reactjs.org/link/wrap-tests-with-act
    at Tooltip (file:///Volumes/X%20SSD%202025/Users/narrowchannel/Desktop/indiiOS-Clean/node_modules/@radix-ui/react-tooltip/dist/index.mjs:73:5)
    at PromptInputAction2 (/Volumes/X SSD 2025/Users/narrowchannel/Desktop/indiiOS-Clean/packages/renderer/src/components/ui/prompt-input.tsx:193:3)
    at div
    at div
    at PromptInputActions2 (/Volumes/X SSD 2025/Users/narrowchannel/Desktop/indiiOS-Clean/packages/renderer/src/components/ui/prompt-input.tsx:182:3)
    at div
    at Provider (file:///Volumes/X%20SSD%202025/Users/narrowchannel/Desktop/indiiOS-Clean/node_modules/@radix-ui/react-context/dist/index.mjs:27:15)
    at TooltipProvider (file:///Volumes/X%20SSD%202025/Users/narrowchannel/Desktop/indiiOS-Clean/node_modules/@radix-ui/react-tooltip/dist/index.mjs:29:5)
    at PromptInput (/Volumes/X SSD 2025/Users/narrowchannel/Desktop/indiiOS-Clean/packages/renderer/src/components/ui/prompt-input.tsx:44:3)
    at div
    at /Volumes/X SSD 2025/Users/narrowchannel/Desktop/indiiOS-Clean/packages/renderer/src/core/components/command-bar/PromptArea.tsx:25:54
    at div
    at div
    at div (/Volumes/X SSD 2025/Users/narrowchannel/Desktop/indiiOS-Clean/packages/renderer/src/core/components/CommandBar.interaction.test.tsx:149:13)
    at AnimatePresence (/Volumes/X SSD 2025/Users/narrowchannel/Desktop/indiiOS-Clean/packages/renderer/src/core/components/CommandBar.interaction.test.tsx:168:23)
    at CommandBar (/Volumes/X SSD 2025/Users/narrowchannel/Desktop/indiiOS-Clean/packages/renderer/src/core/components/CommandBar.tsx:33:41)

 ✓ packages/renderer/src/components/ui/ThreeDCard.test.tsx (3 tests) 797ms
       ✓ has button role and keyboard accessibility when onClick is provided  690ms
 ✓ packages/renderer/src/core/components/CommandBar.interaction.test.tsx (4 tests) 844ms
     ✓ Scenario 1: Verifies "Processing" state disables input and shows stop button  447ms
(node:34907) Warning: `--localstorage-file` was provided without a valid path
(Use `node --trace-warnings ...` to show where the warning was created)
stdout | packages/renderer/src/core/components/command-bar/PromptArea.error.test.tsx > PromptArea Error Resilience > restores user input when message sending fails
[PromptArea] handleSubmit fired! { commandBarInput: 'Draft a critical contract' }

stderr | packages/renderer/src/core/components/command-bar/PromptArea.error.test.tsx > PromptArea Error Resilience > restores user input when message sending fails
PromptArea: Failed to send message: Error: Network Failure
    at /Volumes/X SSD 2025/Users/narrowchannel/Desktop/indiiOS-Clean/packages/renderer/src/core/components/command-bar/PromptArea.error.test.tsx:89:39
    at file:///Volumes/X%20SSD%202025/Users/narrowchannel/Desktop/indiiOS-Clean/node_modules/@vitest/runner/dist/index.js:145:11
    at file:///Volumes/X%20SSD%202025/Users/narrowchannel/Desktop/indiiOS-Clean/node_modules/@vitest/runner/dist/index.js:915:26
    at file:///Volumes/X%20SSD%202025/Users/narrowchannel/Desktop/indiiOS-Clean/node_modules/@vitest/runner/dist/index.js:1243:20
    at new Promise (<anonymous>)
    at runWithTimeout (file:///Volumes/X%20SSD%202025/Users/narrowchannel/Desktop/indiiOS-Clean/node_modules/@vitest/runner/dist/index.js:1209:10)
    at file:///Volumes/X%20SSD%202025/Users/narrowchannel/Desktop/indiiOS-Clean/node_modules/@vitest/runner/dist/index.js:1653:37
    at Traces.$ (file:///Volumes/X%20SSD%202025/Users/narrowchannel/Desktop/indiiOS-Clean/node_modules/vitest/dist/chunks/traces.CCmnQaNT.js:142:27)
    at trace (file:///Volumes/X%20SSD%202025/Users/narrowchannel/Desktop/indiiOS-Clean/node_modules/vitest/dist/chunks/test.B8ej_ZHS.js:239:21)
    at runTest (file:///Volumes/X%20SSD%202025/Users/narrowchannel/Desktop/indiiOS-Clean/node_modules/@vitest/runner/dist/index.js:1653:12)

 ✓ packages/renderer/src/core/components/command-bar/PromptArea.error.test.tsx (1 test) 343ms
     ✓ restores user input when message sending fails  343ms
(node:34944) Warning: `--localstorage-file` was provided without a valid path
(Use `node --trace-warnings ...` to show where the warning was created)
stdout | packages/renderer/src/services/agent/__tests__/Keeper_AgentContext.test.ts > 📚 Keeper: Context & Persistence Integration > should truncate context AND persist history during message flow
[TEST] ExecutionLocks size: 0

stdout | packages/renderer/src/services/agent/__tests__/Keeper_AgentContext.test.ts > 📚 Keeper: Context & Persistence Integration > should truncate context AND persist history during message flow
[TEST] Starting sendMessage...

stdout | packages/renderer/src/services/agent/__tests__/Keeper_AgentContext.test.ts > 📚 Keeper: Context & Persistence Integration > should truncate context AND persist history during message flow
[AgentService] sendMessage routing: { isBoardroomMode: undefined }

stdout | packages/renderer/src/services/agent/__tests__/Keeper_AgentContext.test.ts > 📚 Keeper: Context & Persistence Integration > should truncate context AND persist history during message flow
[TEST] BaseAgent.execute called
[TEST] BaseAgent context.chatHistory length: 10

stdout | packages/renderer/src/services/agent/__tests__/Keeper_AgentContext.test.ts > 📚 Keeper: Context & Persistence Integration > should truncate context AND persist history during message flow
[TEST] sendMessage finished.

 ✓ packages/renderer/src/services/agent/__tests__/Keeper_AgentContext.test.ts (1 test) 228ms
 ✓ packages/renderer/src/modules/marketplace/components/ProductCard.test.tsx (3 tests) 650ms
     ✓ handles out of stock state  424ms
(node:34948) Warning: `--localstorage-file` was provided without a valid path
(Use `node --trace-warnings ...` to show where the warning was created)
(node:34951) Warning: `--localstorage-file` was provided without a valid path
(Use `node --trace-warnings ...` to show where the warning was created)
(node:34952) Warning: `--localstorage-file` was provided without a valid path
(Use `node --trace-warnings ...` to show where the warning was created)
(node:34955) Warning: `--localstorage-file` was provided without a valid path
(Use `node --trace-warnings ...` to show where the warning was created)
stdout | packages/renderer/src/services/agent/specialists/GeneralistAgent.test.ts
[DistributorService] Registered adapter: DistroKid
[DistributorService] Registered adapter: TuneCore
[DistributorService] Registered adapter: CDBaby
[DistributorService] Registered adapter: Symphonic

 ✓ packages/renderer/src/modules/tools/AudioAnalyzer.interaction.test.tsx (1 test) 476ms
     ✓ 🖱️ Click: Save Analysis (Synchronized with Music Library)  473ms
 ✓ packages/renderer/src/components/studio/observability/TraceViewer.a11y.test.tsx (2 tests) 1016ms
     ✓ allows selecting a trace using keyboard (Enter)  718ms
(node:34959) Warning: `--localstorage-file` was provided without a valid path
(Use `node --trace-warnings ...` to show where the warning was created)
(node:34956) Warning: `--localstorage-file` was provided without a valid path
(Use `node --trace-warnings ...` to show where the warning was created)
 ✓ packages/renderer/src/test/security/pii-redaction.test.ts (3 tests) 708ms
     ✓ should REDACT Credit Card numbers before sending to LLM  704ms
stdout | packages/renderer/src/services/audio/AudioAnalysisService.test.ts > AudioAnalysisService > should initialize Essentia correctly
[AudioAnalysis] Initializing Essentia.js WASM engine...
[AudioAnalysis] WASM URL: http://localhost:3000/essentia-wasm.web.wasm

stdout | packages/renderer/src/services/audio/AudioAnalysisService.test.ts > AudioAnalysisService > should initialize Essentia correctly
[AudioAnalysis] Essentia.js WASM engine ready.

stdout | packages/renderer/src/services/audio/AudioAnalysisService.test.ts > AudioAnalysisService > should initialize Essentia correctly
[AudioAnalysis] Analyzing buffer: 10.00s, 44100Hz

stderr | packages/renderer/src/services/audio/AudioAnalysisService.test.ts > AudioAnalysisService > should initialize Essentia correctly
[DSPComplianceValidator] Track failed compliance checks {
  flags: [ 'CRITICAL: Track fails DSP loudness/true-peak compliance.' ],
  integratedLufs: 30,
  truePeakDb: -19.99999987057016
}

stdout | packages/renderer/src/services/audio/AudioAnalysisService.test.ts > AudioAnalysisService > should initialize Essentia correctly
[AudioAnalysis] Success: 120 BPM, C major, Energy: 0.500

stdout | packages/renderer/src/services/audio/AudioAnalysisService.test.ts > AudioAnalysisService > should return cached analysis if available
[AudioAnalysis] Cache hit for test.mp3

stdout | packages/renderer/src/services/audio/AudioAnalysisService.test.ts > AudioAnalysisService > should perform deep analysis on cache miss
[AudioAnalysis] Initializing Essentia.js WASM engine...
[AudioAnalysis] WASM URL: http://localhost:3000/essentia-wasm.web.wasm

stdout | packages/renderer/src/services/audio/AudioAnalysisService.test.ts > AudioAnalysisService > should perform deep analysis on cache miss
[AudioAnalysis] Essentia.js WASM engine ready.

stdout | packages/renderer/src/services/audio/AudioAnalysisService.test.ts > AudioAnalysisService > should perform deep analysis on cache miss
[AudioAnalysis] Analyzing buffer: 30.00s, 44100Hz

stderr | packages/renderer/src/services/audio/AudioAnalysisService.test.ts > AudioAnalysisService > should perform deep analysis on cache miss
[DSPComplianceValidator] Track failed compliance checks {
  flags: [ 'CRITICAL: Track fails DSP loudness/true-peak compliance.' ],
  integratedLufs: 30,
  truePeakDb: -19.99999987057016
}

stdout | packages/renderer/src/services/audio/AudioAnalysisService.test.ts > AudioAnalysisService > should perform deep analysis on cache miss
[AudioAnalysis] Success: 120 BPM, C major, Energy: 0.500

stdout | packages/renderer/src/services/audio/AudioAnalysisService.test.ts > AudioAnalysisService > should perform deep analysis on cache miss
[AudioAnalysis] Extracting deep DNA via Gemini Files API...

 ✓ packages/renderer/src/modules/video/components/DirectorPromptBar.loading.test.tsx (3 tests) 512ms
     ✓ shows loading indicators and disables interaction when generating  417ms
stdout | packages/renderer/src/services/audio/AudioAnalysisService.test.ts > AudioAnalysisService > should perform deep analysis on cache miss
[GeminiFileService] Starting resumable upload for Upload (13 bytes)

stderr | packages/renderer/src/services/audio/AudioAnalysisService.test.ts > AudioAnalysisService > should perform deep analysis on cache miss
[GeminiFileService] uploadFile failed: Failed to initialize upload: undefined (unable to read response body: status undefined)

stderr | packages/renderer/src/services/audio/AudioAnalysisService.test.ts > AudioAnalysisService > should perform deep analysis on cache miss
[AudioAnalysis] Gemini DNA extraction failed, falling back to basic features AppException: Failed to upload file to Gemini AI: Failed to initialize upload: undefined (unable to read response body: status undefined)
    at GeminiFileService.uploadFile (/Volumes/X SSD 2025/Users/narrowchannel/Desktop/indiiOS-Clean/packages/renderer/src/services/ai/GeminiFileService.ts:145:19)
    at processTicksAndRejections (node:internal/process/task_queues:104:5)
    at AudioAnalysisService.analyzeDeep (/Volumes/X SSD 2025/Users/narrowchannel/Desktop/indiiOS-Clean/packages/renderer/src/services/audio/AudioAnalysisService.ts:174:30)
    at /Volumes/X SSD 2025/Users/narrowchannel/Desktop/indiiOS-Clean/packages/renderer/src/services/audio/AudioAnalysisService.test.ts:195:24
    at file:///Volumes/X%20SSD%202025/Users/narrowchannel/Desktop/indiiOS-Clean/node_modules/@vitest/runner/dist/index.js:915:20 {
  code: 'NETWORK_ERROR',
  details: undefined
}

stdout | packages/renderer/src/services/audio/AudioAnalysisService.test.ts > AudioAnalysisService > should handle analysis errors gracefully
[AudioAnalysis] Initializing Essentia.js WASM engine...
[AudioAnalysis] WASM URL: http://localhost:3000/essentia-wasm.web.wasm

stdout | packages/renderer/src/services/audio/AudioAnalysisService.test.ts > AudioAnalysisService > should handle analysis errors gracefully
[AudioAnalysis] Essentia.js WASM engine ready.

 ✓ packages/renderer/src/services/audio/AudioAnalysisService.test.ts (4 tests) 296ms
stdout | packages/renderer/src/services/agent/specialists/GeneralistAgent.test.ts > GeneralistAgent > should execute generate_image tool when requested by AI via native function calling
[GeneralistAgent] generate_image succeeded, breaking loop immediately

 ✓ packages/renderer/src/services/agent/specialists/GeneralistAgent.test.ts (4 tests) 635ms
     ✓ should execute generate_image tool when requested by AI via native function calling  628ms
stdout | packages/renderer/src/modules/onboarding/pages/OnboardingPage.test.tsx > OnboardingPage > GenUI Verification > Renders Multiple Choice buttons when Agent calls askMultipleChoice tool
[OnboardingAnalytics] onboarding_started { event: 'onboarding_started' }

(node:34969) Warning: `--localstorage-file` was provided without a valid path
(Use `node --trace-warnings ...` to show where the warning was created)
(node:34970) Warning: `--localstorage-file` was provided without a valid path
(Use `node --trace-warnings ...` to show where the warning was created)
stdout | packages/renderer/src/modules/onboarding/pages/OnboardingPage.test.tsx > OnboardingPage > Accessibility > renders with accessible labels on interactive elements
[OnboardingAnalytics] onboarding_started { event: 'onboarding_started' }

stdout | packages/renderer/src/modules/onboarding/pages/OnboardingPage.test.tsx > OnboardingPage > Renders accessible labels on interactive elements
[OnboardingAnalytics] onboarding_started { event: 'onboarding_started' }

 ✓ packages/renderer/src/modules/onboarding/pages/OnboardingPage.test.tsx (3 tests) 901ms
       ✓ Renders Multiple Choice buttons when Agent calls askMultipleChoice tool  679ms
 ✓ packages/renderer/src/components/ui/table.mobile.test.tsx (2 tests) 246ms
 ✓ packages/renderer/src/components/ui/ThreeDButton.test.tsx (6 tests) 308ms
(node:34979) Warning: `--localstorage-file` was provided without a valid path
(Use `node --trace-warnings ...` to show where the warning was created)
(node:34977) Warning: `--localstorage-file` was provided without a valid path
(Use `node --trace-warnings ...` to show where the warning was created)
(node:34982) Warning: `--localstorage-file` was provided without a valid path
(Use `node --trace-warnings ...` to show where the warning was created)
stdout | packages/renderer/src/modules/social/components/SocialFeed.interaction.test.tsx
[DistributorService] Registered adapter: DistroKid
[DistributorService] Registered adapter: TuneCore
[DistributorService] Registered adapter: CDBaby
[DistributorService] Registered adapter: Symphonic

(node:34986) Warning: `--localstorage-file` was provided without a valid path
(Use `node --trace-warnings ...` to show where the warning was created)
stderr | packages/renderer/src/modules/merchandise/components/StandardMerch.pulse.test.tsx > StandardMerch Loading States (Pulse) > displays loading indicator when data is fetching
Warning: React does not recognize the `fetchPriority` prop on a DOM element. If you intentionally want it to appear in the DOM as a custom attribute, spell it as lowercase `fetchpriority` instead. If you accidentally passed it from a parent component, remove it from the DOM element.
    at img
    at div
    at div
    at StandardMerch

(node:34984) Warning: `--localstorage-file` was provided without a valid path
(Use `node --trace-warnings ...` to show where the warning was created)
 ✓ packages/renderer/src/modules/merchandise/components/StandardMerch.pulse.test.tsx (3 tests) 1235ms
     ✓ displays loading indicator when data is fetching  821ms
 ✓ packages/renderer/src/modules/creative/components/CandidateReview.test.tsx (13 tests) 1503ms
     ✓ toggles selection when clicking a card  594ms
(node:34987) Warning: `--localstorage-file` was provided without a valid path
(Use `node --trace-warnings ...` to show where the warning was created)
 ✓ packages/renderer/src/modules/desktop/DesktopDashboard.test.tsx (4 tests) 203ms
(node:34994) Warning: `--localstorage-file` was provided without a valid path
(Use `node --trace-warnings ...` to show where the warning was created)
(node:34993) Warning: `--localstorage-file` was provided without a valid path
(Use `node --trace-warnings ...` to show where the warning was created)
 ✓ packages/renderer/src/modules/video/editor/components/VideoTimeline.test.tsx (5 tests) 566ms
 ✓ packages/renderer/src/components/kokonutui/ai-input-search.mobile.test.tsx (4 tests) 780ms
     ✓ renders full width on mobile  531ms
(node:34998) Warning: `--localstorage-file` was provided without a valid path
(Use `node --trace-warnings ...` to show where the warning was created)
 ✓ packages/renderer/src/modules/distribution/components/__tests__/QCPanel.test.tsx (4 tests) 220ms
 ✓ packages/renderer/src/modules/social/components/SocialFeed.interaction.test.tsx (2 tests) 441ms
     ✓ lifecycle: Click -> Loading -> Success -> Reset  415ms
 ✓ packages/renderer/src/core/components/command-bar/AttachmentList.test.tsx (4 tests) 484ms
     ✓ renders a semantic list of attachments  307ms
(node:35030) Warning: `--localstorage-file` was provided without a valid path
(Use `node --trace-warnings ...` to show where the warning was created)
(node:35031) Warning: `--localstorage-file` was provided without a valid path
(Use `node --trace-warnings ...` to show where the warning was created)
stderr | packages/renderer/src/modules/video/VideoWorkflow.loading.test.tsx
THREE.WARNING: Multiple instances of Three.js being imported.

 ✓ packages/renderer/src/modules/memory/MemoryDashboard.test.tsx (3 tests) 131ms
(node:35033) Warning: `--localstorage-file` was provided without a valid path
(Use `node --trace-warnings ...` to show where the warning was created)
stderr | packages/renderer/src/modules/video/VideoWorkflow.loading.test.tsx > VideoWorkflow UI States > renders the Loading Overlay when status is "processing"
Warning: An update to VideoStage inside a test was not wrapped in act(...).

When testing, code that causes React state updates should be wrapped into act(...):

act(() => {
  /* fire events that update state */
});
/* assert on the output */

This ensures that you're testing the behavior the user would see in the browser. Learn more at https://reactjs.org/link/wrap-tests-with-act
    at /Volumes/X SSD 2025/Users/narrowchannel/Desktop/indiiOS-Clean/packages/renderer/src/modules/video/components/VideoStage.tsx:8:3
    at div
    at div
    at div
    at VideoWorkflow (/Volumes/X SSD 2025/Users/narrowchannel/Desktop/indiiOS-Clean/packages/renderer/src/modules/video/VideoWorkflow.tsx:92:78)
Warning: An update to VideoStage inside a test was not wrapped in act(...).

When testing, code that causes React state updates should be wrapped into act(...):

act(() => {
  /* fire events that update state */
});
/* assert on the output */

This ensures that you're testing the behavior the user would see in the browser. Learn more at https://reactjs.org/link/wrap-tests-with-act
    at /Volumes/X SSD 2025/Users/narrowchannel/Desktop/indiiOS-Clean/packages/renderer/src/modules/video/components/VideoStage.tsx:8:3
    at div
    at div
    at div
    at VideoWorkflow (/Volumes/X SSD 2025/Users/narrowchannel/Desktop/indiiOS-Clean/packages/renderer/src/modules/video/VideoWorkflow.tsx:92:78)

stderr | packages/renderer/src/modules/video/VideoWorkflow.loading.test.tsx > VideoWorkflow UI States > renders the Queued Overlay when status is "queued"
Warning: An update to VideoStage inside a test was not wrapped in act(...).

When testing, code that causes React state updates should be wrapped into act(...):

act(() => {
  /* fire events that update state */
});
/* assert on the output */

This ensures that you're testing the behavior the user would see in the browser. Learn more at https://reactjs.org/link/wrap-tests-with-act
    at /Volumes/X SSD 2025/Users/narrowchannel/Desktop/indiiOS-Clean/packages/renderer/src/modules/video/components/VideoStage.tsx:8:3
    at div
    at div
    at div
    at VideoWorkflow (/Volumes/X SSD 2025/Users/narrowchannel/Desktop/indiiOS-Clean/packages/renderer/src/modules/video/VideoWorkflow.tsx:92:78)
Warning: An update to VideoStage inside a test was not wrapped in act(...).

When testing, code that causes React state updates should be wrapped into act(...):

act(() => {
  /* fire events that update state */
});
/* assert on the output */

This ensures that you're testing the behavior the user would see in the browser. Learn more at https://reactjs.org/link/wrap-tests-with-act
    at /Volumes/X SSD 2025/Users/narrowchannel/Desktop/indiiOS-Clean/packages/renderer/src/modules/video/components/VideoStage.tsx:8:3
    at div
    at div
    at div
    at VideoWorkflow (/Volumes/X SSD 2025/Users/narrowchannel/Desktop/indiiOS-Clean/packages/renderer/src/modules/video/VideoWorkflow.tsx:92:78)

stderr | packages/renderer/src/modules/video/VideoWorkflow.loading.test.tsx > VideoWorkflow UI States > displays error toast and stops loading when job fails
Warning: An update to VideoStage inside a test was not wrapped in act(...).

When testing, code that causes React state updates should be wrapped into act(...):

act(() => {
  /* fire events that update state */
});
/* assert on the output */

This ensures that you're testing the behavior the user would see in the browser. Learn more at https://reactjs.org/link/wrap-tests-with-act
    at /Volumes/X SSD 2025/Users/narrowchannel/Desktop/indiiOS-Clean/packages/renderer/src/modules/video/components/VideoStage.tsx:8:3
    at div
    at div
    at div
    at VideoWorkflow (/Volumes/X SSD 2025/Users/narrowchannel/Desktop/indiiOS-Clean/packages/renderer/src/modules/video/VideoWorkflow.tsx:92:78)
Warning: An update to VideoStage inside a test was not wrapped in act(...).

When testing, code that causes React state updates should be wrapped into act(...):

act(() => {
  /* fire events that update state */
});
/* assert on the output */

This ensures that you're testing the behavior the user would see in the browser. Learn more at https://reactjs.org/link/wrap-tests-with-act
    at /Volumes/X SSD 2025/Users/narrowchannel/Desktop/indiiOS-Clean/packages/renderer/src/modules/video/components/VideoStage.tsx:8:3
    at div
    at div
    at div
    at VideoWorkflow (/Volumes/X SSD 2025/Users/narrowchannel/Desktop/indiiOS-Clean/packages/renderer/src/modules/video/VideoWorkflow.tsx:92:78)

stderr | packages/renderer/src/modules/video/VideoWorkflow.loading.test.tsx > VideoWorkflow UI States > displays success toast, adds to history, and stops loading when job completes
Warning: An update to VideoStage inside a test was not wrapped in act(...).

When testing, code that causes React state updates should be wrapped into act(...):

act(() => {
  /* fire events that update state */
});
/* assert on the output */

This ensures that you're testing the behavior the user would see in the browser. Learn more at https://reactjs.org/link/wrap-tests-with-act
    at /Volumes/X SSD 2025/Users/narrowchannel/Desktop/indiiOS-Clean/packages/renderer/src/modules/video/components/VideoStage.tsx:8:3
    at div
    at div
    at div
    at VideoWorkflow (/Volumes/X SSD 2025/Users/narrowchannel/Desktop/indiiOS-Clean/packages/renderer/src/modules/video/VideoWorkflow.tsx:92:78)

 ✓ packages/renderer/src/modules/video/VideoWorkflow.loading.test.tsx (6 tests) 869ms
     ✓ renders the "Director's Chair" empty state when idle  503ms
(node:35036) Warning: `--localstorage-file` was provided without a valid path
(Use `node --trace-warnings ...` to show where the warning was created)
(node:35037) Warning: `--localstorage-file` was provided without a valid path
(Use `node --trace-warnings ...` to show where the warning was created)
(node:35040) Warning: `--localstorage-file` was provided without a valid path
(Use `node --trace-warnings ...` to show where the warning was created)
stdout | packages/renderer/src/modules/agent/components/AgentDashboard.interaction.test.tsx
[FreezeDiagnostic] Freezing Agent "marketing" tools schema...
[FreezeDiagnostic] Agent "marketing" tools schema is now IMMUTABLE.

(node:35042) Warning: `--localstorage-file` was provided without a valid path
(Use `node --trace-warnings ...` to show where the warning was created)
stdout | packages/renderer/src/modules/agent/components/AgentDashboard.interaction.test.tsx
[FreezeDiagnostic] Freezing Agent "social" tools schema...
[FreezeDiagnostic] Agent "social" tools schema is now IMMUTABLE.

stdout | packages/renderer/src/modules/agent/components/AgentDashboard.interaction.test.tsx
[FreezeDiagnostic] Freezing Agent "road" tools schema...
[FreezeDiagnostic] Agent "road" tools schema is now IMMUTABLE.

stdout | packages/renderer/src/modules/agent/components/AgentDashboard.interaction.test.tsx
[FreezeDiagnostic] Freezing Agent "licensing" tools schema...
[FreezeDiagnostic] Agent "licensing" tools schema is now IMMUTABLE.

stdout | packages/renderer/src/modules/agent/components/AgentDashboard.interaction.test.tsx
[FreezeDiagnostic] Freezing Agent "security" tools schema...
[FreezeDiagnostic] Agent "security" tools schema is now IMMUTABLE.

stdout | packages/renderer/src/modules/agent/components/AgentDashboard.interaction.test.tsx
[FreezeDiagnostic] Freezing Agent "devops" tools schema...
[FreezeDiagnostic] Agent "devops" tools schema is now IMMUTABLE.

stdout | packages/renderer/src/modules/agent/components/AgentDashboard.interaction.test.tsx
[FreezeDiagnostic] Freezing Agent "music" tools schema...
[FreezeDiagnostic] Agent "music" tools schema is now IMMUTABLE.

stdout | packages/renderer/src/modules/agent/components/AgentDashboard.interaction.test.tsx
[FreezeDiagnostic] Freezing Agent "marketing" tools schema...
[FreezeDiagnostic] Agent "marketing" tools schema is now IMMUTABLE.
[FreezeDiagnostic] Freezing Agent "legal" tools schema...
[FreezeDiagnostic] Agent "legal" tools schema is now IMMUTABLE.
[FreezeDiagnostic] Freezing Agent "finance" tools schema...
[FreezeDiagnostic] Agent "finance" tools schema is now IMMUTABLE.
[FreezeDiagnostic] Freezing Agent "producer" tools schema...
[FreezeDiagnostic] Agent "producer" tools schema is now IMMUTABLE.
[FreezeDiagnostic] Freezing Agent "director" tools schema...
[FreezeDiagnostic] Agent "director" tools schema is now IMMUTABLE.
[FreezeDiagnostic] Freezing Agent "screenwriter" tools schema...
[FreezeDiagnostic] Agent "screenwriter" tools schema is now IMMUTABLE.
[FreezeDiagnostic] Freezing Agent "video" tools schema...
[FreezeDiagnostic] Agent "video" tools schema is now IMMUTABLE.
[FreezeDiagnostic] Freezing Agent "social" tools schema...
[FreezeDiagnostic] Agent "social" tools schema is now IMMUTABLE.
[FreezeDiagnostic] Freezing Agent "publicist" tools schema...
[FreezeDiagnostic] Agent "publicist" tools schema is now IMMUTABLE.
[FreezeDiagnostic] Freezing Agent "road" tools schema...
[FreezeDiagnostic] Agent "road" tools schema is now IMMUTABLE.
[FreezeDiagnostic] Freezing Agent "publishing" tools schema...
[FreezeDiagnostic] Agent "publishing" tools schema is now IMMUTABLE.
[FreezeDiagnostic] Freezing Agent "licensing" tools schema...
[FreezeDiagnostic] Agent "licensing" tools schema is now IMMUTABLE.
[FreezeDiagnostic] Freezing Agent "brand" tools schema...
[FreezeDiagnostic] Agent "brand" tools schema is now IMMUTABLE.
[FreezeDiagnostic] Freezing Agent "devops" tools schema...
[FreezeDiagnostic] Agent "devops" tools schema is now IMMUTABLE.
[FreezeDiagnostic] Freezing Agent "security" tools schema...
[FreezeDiagnostic] Agent "security" tools schema is now IMMUTABLE.
[FreezeDiagnostic] Freezing Agent "distribution" tools schema...
[FreezeDiagnostic] Agent "distribution" tools schema is now IMMUTABLE.
[FreezeDiagnostic] Freezing Agent "music" tools schema...
[FreezeDiagnostic] Agent "music" tools schema is now IMMUTABLE.

stderr | packages/renderer/src/modules/merchandise/hooks/useMerchandise.test.ts > useMerchandise > should handle catalog loading errors gracefully
[Merchandise] Failed to load catalog (non-fatal): Error: Failed to fetch
    at /Volumes/X SSD 2025/Users/narrowchannel/Desktop/indiiOS-Clean/packages/renderer/src/modules/merchandise/hooks/useMerchandise.test.ts:88:23
    at file:///Volumes/X%20SSD%202025/Users/narrowchannel/Desktop/indiiOS-Clean/node_modules/@vitest/runner/dist/index.js:145:11
    at file:///Volumes/X%20SSD%202025/Users/narrowchannel/Desktop/indiiOS-Clean/node_modules/@vitest/runner/dist/index.js:915:26
    at file:///Volumes/X%20SSD%202025/Users/narrowchannel/Desktop/indiiOS-Clean/node_modules/@vitest/runner/dist/index.js:1243:20
    at new Promise (<anonymous>)
    at runWithTimeout (file:///Volumes/X%20SSD%202025/Users/narrowchannel/Desktop/indiiOS-Clean/node_modules/@vitest/runner/dist/index.js:1209:10)
    at file:///Volumes/X%20SSD%202025/Users/narrowchannel/Desktop/indiiOS-Clean/node_modules/@vitest/runner/dist/index.js:1653:37
    at Traces.$ (file:///Volumes/X%20SSD%202025/Users/narrowchannel/Desktop/indiiOS-Clean/node_modules/vitest/dist/chunks/traces.CCmnQaNT.js:142:27)
    at trace (file:///Volumes/X%20SSD%202025/Users/narrowchannel/Desktop/indiiOS-Clean/node_modules/vitest/dist/chunks/test.B8ej_ZHS.js:239:21)
    at runTest (file:///Volumes/X%20SSD%202025/Users/narrowchannel/Desktop/indiiOS-Clean/node_modules/@vitest/runner/dist/index.js:1653:12)

 ✓ packages/renderer/src/modules/merchandise/hooks/useMerchandise.test.ts (4 tests) 142ms
 ✓ packages/renderer/src/modules/onboarding/OnboardingModal.a11y.test.tsx (2 tests) 325ms
 ✓ packages/renderer/src/modules/legal/LegalDashboard.test.tsx (5 tests) 549ms
(node:35046) Warning: `--localstorage-file` was provided without a valid path
(Use `node --trace-warnings ...` to show where the warning was created)
stderr | packages/renderer/src/modules/licensing/LicensingDashboard.pulse.test.tsx > LicensingDashboard Pulse Check > prevents Flash of Empty Content when one stream lags
Warning: Function components cannot be given refs. Attempts to access this ref will fail. Did you mean to use React.forwardRef()?

Check the render method of `PopChild`.
    at EmptyActionState (/Volumes/X SSD 2025/Users/narrowchannel/Desktop/indiiOS-Clean/packages/renderer/src/modules/licensing/components/EmptyActionState.tsx:6:9)
    at PopChildMeasure (file:///Volumes/X%20SSD%202025/Users/narrowchannel/Desktop/indiiOS-Clean/node_modules/framer-motion/dist/es/components/AnimatePresence/PopChild.mjs:13:1)
    at PopChild (file:///Volumes/X%20SSD%202025/Users/narrowchannel/Desktop/indiiOS-Clean/node_modules/framer-motion/dist/es/components/AnimatePresence/PopChild.mjs:42:21)
    at PresenceChild (file:///Volumes/X%20SSD%202025/Users/narrowchannel/Desktop/indiiOS-Clean/node_modules/framer-motion/dist/es/components/AnimatePresence/PresenceChild.mjs:9:26)
    at AnimatePresence (file:///Volumes/X%20SSD%202025/Users/narrowchannel/Desktop/indiiOS-Clean/node_modules/framer-motion/dist/es/components/AnimatePresence/index.mjs:44:28)
    at section
    at div
    at /Volumes/X SSD 2025/Users/narrowchannel/Desktop/indiiOS-Clean/packages/renderer/src/components/ui/tabs.tsx:125:57
    at div
    at /Volumes/X SSD 2025/Users/narrowchannel/Desktop/indiiOS-Clean/packages/renderer/src/components/ui/tabs.tsx:10:6
    at div
    at div
    at div
    at div
    at ModuleErrorBoundary (/Volumes/X SSD 2025/Users/narrowchannel/Desktop/indiiOS-Clean/packages/renderer/src/core/components/ModuleErrorBoundary.tsx:7:1)
    at ThreePanelDashboard (/Volumes/X SSD 2025/Users/narrowchannel/Desktop/indiiOS-Clean/packages/renderer/src/components/layout/ThreePanelDashboard.tsx:5:3)
    at LicensingDashboard (/Volumes/X SSD 2025/Users/narrowchannel/Desktop/indiiOS-Clean/packages/renderer/src/modules/licensing/LicensingDashboard.tsx:22:126)

 ✓ packages/renderer/src/modules/licensing/LicensingDashboard.pulse.test.tsx (1 test) 493ms
     ✓ prevents Flash of Empty Content when one stream lags  491ms
stdout | packages/renderer/src/modules/agent/components/AgentDashboard.interaction.test.tsx
[AgentRegistry] Pre-warming Generalist agent...
[AgentRegistry] Loading agent 'generalist'...

stdout | packages/renderer/src/services/video/__tests__/VideoGenerationService.test.ts > VideoGenerationService > generateVideo > should trigger video generation successfully
[VideoGeneration] 🎬 generateVideo() called: {
  promptPreview: 'test video',
  model: 'veo-3.1-generate-preview',
  duration: 8,
  aspectRatio: undefined,
  hasFirstFrame: false,
  hasLastFrame: false,
  hasReferenceImages: false,
  userId: 'test-user'
}

stdout | packages/renderer/src/services/video/__tests__/VideoGenerationService.test.ts > VideoGenerationService > generateVideo > should trigger video generation successfully
[VideoGeneration] 🚀 Calling firebaseAI.generateVideo() with: {
  model: 'veo-3.1-generate-preview',
  promptLength: 10,
  hasImage: false,
  config: '{"aspectRatio":"16:9","durationSeconds":8}'
}

stdout | packages/renderer/src/services/video/__tests__/VideoGenerationService.test.ts > VideoGenerationService > generateVideo > should throw error if quota is exceeded
[VideoGeneration] 🎬 generateVideo() called: {
  promptPreview: 'test video',
  model: 'veo-3.1-generate-preview',
  duration: 8,
  aspectRatio: undefined,
  hasFirstFrame: false,
  hasLastFrame: false,
  hasReferenceImages: false,
  userId: 'test-user'
}

stdout | packages/renderer/src/services/video/__tests__/VideoGenerationService.test.ts > VideoGenerationService > generateVideo > should analyze temporal context when firstFrame is provided
[VideoGeneration] 🎬 generateVideo() called: {
  promptPreview: 'test video',
  model: 'veo-3.1-generate-preview',
  duration: 8,
  aspectRatio: undefined,
  hasFirstFrame: true,
  hasLastFrame: false,
  hasReferenceImages: false,
  userId: 'test-user'
}

stdout | packages/renderer/src/services/video/__tests__/VideoGenerationService.test.ts > VideoGenerationService > generateVideo > should analyze temporal context when firstFrame is provided
[VideoGeneration] 🚀 Calling firebaseAI.generateVideo() with: {
  model: 'veo-3.1-generate-preview',
  promptLength: 43,
  hasImage: true,
  config: '{"aspectRatio":"16:9","durationSeconds":8}'
}

stdout | packages/renderer/src/services/video/__tests__/VideoGenerationService.test.ts > VideoGenerationService > generateVideo > should handle long-form video generation
[DaisyChain] Segment 1/8: Last frame extracted (image/png)

stdout | packages/renderer/src/services/video/__tests__/VideoGenerationService.test.ts > VideoGenerationService > generateVideo > should handle long-form video generation
[DaisyChain] Segment 1/8: Scene analysis complete — "Mocked temporal analysis result...."

stdout | packages/renderer/src/services/video/__tests__/VideoGenerationService.test.ts > VideoGenerationService > generateVideo > should handle long-form video generation
[DaisyChain] Segment 2/8: Last frame extracted (image/png)

stdout | packages/renderer/src/services/video/__tests__/VideoGenerationService.test.ts > VideoGenerationService > generateVideo > should handle long-form video generation
[DaisyChain] Segment 2/8: Scene analysis complete — "Mocked temporal analysis result...."

stdout | packages/renderer/src/services/video/__tests__/VideoGenerationService.test.ts > VideoGenerationService > generateVideo > should handle long-form video generation
[DaisyChain] Segment 3/8: Last frame extracted (image/png)

stdout | packages/renderer/src/services/video/__tests__/VideoGenerationService.test.ts > VideoGenerationService > generateVideo > should handle long-form video generation
[DaisyChain] Segment 3/8: Scene analysis complete — "Mocked temporal analysis result...."

stdout | packages/renderer/src/services/video/__tests__/VideoGenerationService.test.ts > VideoGenerationService > generateVideo > should handle long-form video generation
[DaisyChain] Segment 4/8: Last frame extracted (image/png)

stdout | packages/renderer/src/services/video/__tests__/VideoGenerationService.test.ts > VideoGenerationService > generateVideo > should handle long-form video generation
[DaisyChain] Segment 4/8: Scene analysis complete — "Mocked temporal analysis result...."

stdout | packages/renderer/src/services/video/__tests__/VideoGenerationService.test.ts > VideoGenerationService > generateVideo > should handle long-form video generation
[DaisyChain] Segment 5/8: Last frame extracted (image/png)

stdout | packages/renderer/src/services/video/__tests__/VideoGenerationService.test.ts > VideoGenerationService > generateVideo > should handle long-form video generation
[DaisyChain] Segment 5/8: Scene analysis complete — "Mocked temporal analysis result...."

stdout | packages/renderer/src/services/video/__tests__/VideoGenerationService.test.ts > VideoGenerationService > generateVideo > should handle long-form video generation
[DaisyChain] Segment 6/8: Last frame extracted (image/png)

stdout | packages/renderer/src/services/video/__tests__/VideoGenerationService.test.ts > VideoGenerationService > generateVideo > should handle long-form video generation
[DaisyChain] Segment 6/8: Scene analysis complete — "Mocked temporal analysis result...."

stdout | packages/renderer/src/services/video/__tests__/VideoGenerationService.test.ts > VideoGenerationService > generateVideo > should handle long-form video generation
[DaisyChain] Segment 7/8: Last frame extracted (image/png)

stdout | packages/renderer/src/services/video/__tests__/VideoGenerationService.test.ts > VideoGenerationService > generateVideo > should handle long-form video generation
[DaisyChain] Segment 7/8: Scene analysis complete — "Mocked temporal analysis result...."

 ✓ packages/renderer/src/services/video/__tests__/VideoGenerationService.test.ts (7 tests) 137ms
 ✓ packages/renderer/src/modules/agent/components/AgentDashboard.interaction.test.tsx (2 tests) 197ms
 ✓ packages/renderer/src/__tests__/mobile-integration.test.tsx (9 tests) 964ms
       ✓ should close drawer on backdrop click  552ms
(node:35053) Warning: `--localstorage-file` was provided without a valid path
(Use `node --trace-warnings ...` to show where the warning was created)
stdout | packages/renderer/src/modules/creative/components/CreativeNavbar.test.tsx
[DistributorService] Registered adapter: DistroKid
[DistributorService] Registered adapter: TuneCore
[DistributorService] Registered adapter: CDBaby
[DistributorService] Registered adapter: Symphonic

(node:35060) Warning: `--localstorage-file` was provided without a valid path
(Use `node --trace-warnings ...` to show where the warning was created)
stderr | packages/renderer/src/modules/video/editor/components/AudioWaveform.test.tsx > AudioWaveform > should fetch audio data only once when width changes
Warning: An update to AudioWaveform inside a test was not wrapped in act(...).

When testing, code that causes React state updates should be wrapped into act(...):

act(() => {
  /* fire events that update state */
});
/* assert on the output */

This ensures that you're testing the behavior the user would see in the browser. Learn more at https://reactjs.org/link/wrap-tests-with-act
    at AudioWaveform (/Volumes/X SSD 2025/Users/narrowchannel/Desktop/indiiOS-Clean/packages/renderer/src/modules/video/editor/components/AudioWaveform.tsx:6:26)

 ✓ packages/renderer/src/modules/video/editor/components/AudioWaveform.test.tsx (2 tests) 122ms
(node:35068) Warning: `--localstorage-file` was provided without a valid path
(Use `node --trace-warnings ...` to show where the warning was created)
(node:35069) Warning: `--localstorage-file` was provided without a valid path
(Use `node --trace-warnings ...` to show where the warning was created)
 ✓ packages/renderer/src/modules/creative/components/CreativeNavbar.test.tsx (3 tests) 262ms
stdout | packages/renderer/src/components/PWAInstallPrompt.test.tsx > PWAInstallPrompt > should render if can install and not dismissed
[PWA] install_prompt_shown

stderr | packages/renderer/src/components/PWAInstallPrompt.test.tsx > PWAInstallPrompt > should call showPWAInstall when install button is clicked
Warning: An update to PWAInstallPrompt inside a test was not wrapped in act(...).

When testing, code that causes React state updates should be wrapped into act(...):

act(() => {
  /* fire events that update state */
});
/* assert on the output */

This ensures that you're testing the behavior the user would see in the browser. Learn more at https://reactjs.org/link/wrap-tests-with-act
    at PWAInstallPrompt (/Volumes/X SSD 2025/Users/narrowchannel/Desktop/indiiOS-Clean/packages/renderer/src/components/PWAInstallPrompt.tsx:9:73)

stdout | packages/renderer/src/components/PWAInstallPrompt.test.tsx > PWAInstallPrompt > should call showPWAInstall when install button is clicked
[PWA] install_prompt_shown

stdout | packages/renderer/src/components/PWAInstallPrompt.test.tsx > PWAInstallPrompt > should call showPWAInstall when install button is clicked
[PWA] install_prompt_accepted

stdout | packages/renderer/src/components/PWAInstallPrompt.test.tsx > PWAInstallPrompt > should call showPWAInstall when install button is clicked
[PWA] install_prompt_installed

stderr | packages/renderer/src/components/PWAInstallPrompt.test.tsx > PWAInstallPrompt > should trigger success haptic when install is accepted
Warning: An update to PWAInstallPrompt inside a test was not wrapped in act(...).

When testing, code that causes React state updates should be wrapped into act(...):

act(() => {
  /* fire events that update state */
});
/* assert on the output */

This ensures that you're testing the behavior the user would see in the browser. Learn more at https://reactjs.org/link/wrap-tests-with-act
    at PWAInstallPrompt (/Volumes/X SSD 2025/Users/narrowchannel/Desktop/indiiOS-Clean/packages/renderer/src/components/PWAInstallPrompt.tsx:9:73)

stdout | packages/renderer/src/components/PWAInstallPrompt.test.tsx > PWAInstallPrompt > should trigger success haptic when install is accepted
[PWA] install_prompt_shown

stdout | packages/renderer/src/components/PWAInstallPrompt.test.tsx > PWAInstallPrompt > should trigger success haptic when install is accepted
[PWA] install_prompt_accepted

stdout | packages/renderer/src/components/PWAInstallPrompt.test.tsx > PWAInstallPrompt > should trigger success haptic when install is accepted
[PWA] install_prompt_installed

stderr | packages/renderer/src/components/PWAInstallPrompt.test.tsx > PWAInstallPrompt > should dismiss and save to localStorage when dismiss button is clicked
Warning: An update to PWAInstallPrompt inside a test was not wrapped in act(...).

When testing, code that causes React state updates should be wrapped into act(...):

act(() => {
  /* fire events that update state */
});
/* assert on the output */

This ensures that you're testing the behavior the user would see in the browser. Learn more at https://reactjs.org/link/wrap-tests-with-act
    at PWAInstallPrompt (/Volumes/X SSD 2025/Users/narrowchannel/Desktop/indiiOS-Clean/packages/renderer/src/components/PWAInstallPrompt.tsx:9:73)

stdout | packages/renderer/src/components/PWAInstallPrompt.test.tsx > PWAInstallPrompt > should dismiss and save to localStorage when dismiss button is clicked
[PWA] install_prompt_shown

stdout | packages/renderer/src/components/PWAInstallPrompt.test.tsx > PWAInstallPrompt > should dismiss and save to localStorage when dismiss button is clicked
[PWA] install_prompt_dismissed

 ✓ packages/renderer/src/components/PWAInstallPrompt.test.tsx (8 tests) 163ms
(node:35072) Warning: `--localstorage-file` was provided without a valid path
(Use `node --trace-warnings ...` to show where the warning was created)
(node:35070) Warning: `--localstorage-file` was provided without a valid path
(Use `node --trace-warnings ...` to show where the warning was created)
(node:35075) Warning: `--localstorage-file` was provided without a valid path
(Use `node --trace-warnings ...` to show where the warning was created)
(node:35093) Warning: `--localstorage-file` was provided without a valid path
(Use `node --trace-warnings ...` to show where the warning was created)
(node:35076) Warning: `--localstorage-file` was provided without a valid path
(Use `node --trace-warnings ...` to show where the warning was created)
(node:35077) Warning: `--localstorage-file` was provided without a valid path
(Use `node --trace-warnings ...` to show where the warning was created)
stderr | packages/renderer/src/modules/dashboard/components/SalesAnalytics.test.tsx > SalesAnalytics > renders error state on failure
Real-time sync failed: Error: Fetch failed
    at Object.<anonymous> (/Volumes/X SSD 2025/Users/narrowchannel/Desktop/indiiOS-Clean/packages/renderer/src/modules/dashboard/components/SalesAnalytics.test.tsx:66:25)
    at Object.Mock [as subscribeToSalesAnalytics] (file:///Volumes/X%20SSD%202025/Users/narrowchannel/Desktop/indiiOS-Clean/node_modules/@vitest/spy/dist/index.js:285:34)
    at /Volumes/X SSD 2025/Users/narrowchannel/Desktop/indiiOS-Clean/packages/renderer/src/modules/dashboard/components/SalesAnalytics.tsx:84:46
    at commitHookEffectListMount (/Volumes/X SSD 2025/Users/narrowchannel/Desktop/indiiOS-Clean/node_modules/react-dom/cjs/react-dom.development.js:23189:26)
    at commitPassiveMountOnFiber (/Volumes/X SSD 2025/Users/narrowchannel/Desktop/indiiOS-Clean/node_modules/react-dom/cjs/react-dom.development.js:24970:11)
    at commitPassiveMountEffects_complete (/Volumes/X SSD 2025/Users/narrowchannel/Desktop/indiiOS-Clean/node_modules/react-dom/cjs/react-dom.development.js:24930:9)
    at commitPassiveMountEffects_begin (/Volumes/X SSD 2025/Users/narrowchannel/Desktop/indiiOS-Clean/node_modules/react-dom/cjs/react-dom.development.js:24917:7)
    at commitPassiveMountEffects (/Volumes/X SSD 2025/Users/narrowchannel/Desktop/indiiOS-Clean/node_modules/react-dom/cjs/react-dom.development.js:24905:3)
    at flushPassiveEffectsImpl (/Volumes/X SSD 2025/Users/narrowchannel/Desktop/indiiOS-Clean/node_modules/react-dom/cjs/react-dom.development.js:27078:3)
    at flushPassiveEffects (/Volumes/X SSD 2025/Users/narrowchannel/Desktop/indiiOS-Clean/node_modules/react-dom/cjs/react-dom.development.js:27023:14)

stderr | packages/renderer/src/modules/dashboard/components/SalesAnalytics.test.tsx > SalesAnalytics > refetches on retry click
Real-time sync failed: Error: Fetch failed
    at Object.<anonymous> (/Volumes/X SSD 2025/Users/narrowchannel/Desktop/indiiOS-Clean/packages/renderer/src/modules/dashboard/components/SalesAnalytics.test.tsx:83:29)
    at Object.Mock [as subscribeToSalesAnalytics] (file:///Volumes/X%20SSD%202025/Users/narrowchannel/Desktop/indiiOS-Clean/node_modules/@vitest/spy/dist/index.js:285:34)
    at /Volumes/X SSD 2025/Users/narrowchannel/Desktop/indiiOS-Clean/packages/renderer/src/modules/dashboard/components/SalesAnalytics.tsx:84:46
    at commitHookEffectListMount (/Volumes/X SSD 2025/Users/narrowchannel/Desktop/indiiOS-Clean/node_modules/react-dom/cjs/react-dom.development.js:23189:26)
    at commitPassiveMountOnFiber (/Volumes/X SSD 2025/Users/narrowchannel/Desktop/indiiOS-Clean/node_modules/react-dom/cjs/react-dom.development.js:24970:11)
    at commitPassiveMountEffects_complete (/Volumes/X SSD 2025/Users/narrowchannel/Desktop/indiiOS-Clean/node_modules/react-dom/cjs/react-dom.development.js:24930:9)
    at commitPassiveMountEffects_begin (/Volumes/X SSD 2025/Users/narrowchannel/Desktop/indiiOS-Clean/node_modules/react-dom/cjs/react-dom.development.js:24917:7)
    at commitPassiveMountEffects (/Volumes/X SSD 2025/Users/narrowchannel/Desktop/indiiOS-Clean/node_modules/react-dom/cjs/react-dom.development.js:24905:3)
    at flushPassiveEffectsImpl (/Volumes/X SSD 2025/Users/narrowchannel/Desktop/indiiOS-Clean/node_modules/react-dom/cjs/react-dom.development.js:27078:3)
    at flushPassiveEffects (/Volumes/X SSD 2025/Users/narrowchannel/Desktop/indiiOS-Clean/node_modules/react-dom/cjs/react-dom.development.js:27023:14)

 ✓ packages/renderer/src/modules/dashboard/components/SalesAnalytics.test.tsx (4 tests) 217ms
 ✓ packages/renderer/src/modules/video/components/DirectorPromptBar.a11y.test.tsx (5 tests) 723ms
     ✓ should have an accessible input label  505ms
stdout | packages/renderer/src/services/agent/__tests__/DatasetQuality.validation.test.ts > 📊 Dataset Quality Validation > Dataset Totals Cross-Reference > should print dataset summary for reporting

📊 Dataset Summary:
┌─────────┬────────────────┬──────────┬─────────────┐
│ (index) │ agent          │ examples │ parseErrors │
├─────────┼────────────────┼──────────┼─────────────┤
│ 0       │ 'brand'        │ 148      │ 0           │
│ 1       │ 'curriculum'   │ 150      │ 0           │
│ 2       │ 'devops'       │ 156      │ 0           │
│ 3       │ 'director'     │ 164      │ 0           │
│ 4       │ 'distribution' │ 205      │ 0           │
│ 5       │ 'finance'      │ 203      │ 0           │
│ 6       │ 'generalist'   │ 164      │ 0           │
│ 7       │ 'legal'        │ 166      │ 0           │
│ 8       │ 'licensing'    │ 174      │ 0           │
│ 9       │ 'marketing'    │ 173      │ 0           │
│ 10      │ 'merchandise'  │ 164      │ 0           │
│ 11      │ 'music'        │ 138      │ 0           │
│ 12      │ 'producer'     │ 121      │ 0           │
│ 13      │ 'publicist'    │ 128      │ 0           │
│ 14      │ 'publishing'   │ 170      │ 0           │
│ 15      │ 'road'         │ 155      │ 0           │
│ 16      │ 'screenwriter' │ 163      │ 0           │
│ 17      │ 'security'     │ 109      │ 0           │
│ 18      │ 'social'       │ 163      │ 0           │
│ 19      │ 'video'        │ 167      │ 0           │
└─────────┴────────────────┴──────────┴─────────────┘
Total: 3181 examples across 20 files

 ✓ packages/renderer/src/services/agent/__tests__/DatasetQuality.validation.test.ts (13 tests) 240ms
stdout | packages/renderer/src/services/video/VideoGenerationService.test.ts > VideoGenerationService (Veo 3.1 Pipeline) > generateVideo > should enforce quota limits before triggering job
[VideoGeneration] 🎬 generateVideo() called: {
  promptPreview: 'test',
  model: 'veo-3.1-generate-preview',
  duration: 8,
  aspectRatio: undefined,
  hasFirstFrame: false,
  hasLastFrame: false,
  hasReferenceImages: false,
  userId: 'test-user'
}

stdout | packages/renderer/src/services/video/VideoGenerationService.test.ts > VideoGenerationService (Veo 3.1 Pipeline) > generateVideo > should trigger video generation with correct parameters
[VideoGeneration] 🎬 generateVideo() called: {
  promptPreview: 'A cinematic shot',
  model: 'veo-3.1-generate-preview',
  duration: 8,
  aspectRatio: '16:9',
  hasFirstFrame: false,
  hasLastFrame: false,
  hasReferenceImages: false,
  userId: 'test-user'
}

stderr | packages/renderer/src/services/video/VideoGenerationService.test.ts > VideoGenerationService (Veo 3.1 Pipeline) > generateVideo > should trigger video generation with correct parameters
[MetadataPersistence] Save attempt 1/2 failed: Error: [vitest] No "addDoc" export is defined on the "firebase/firestore" mock. Did you forget to return it from "vi.mock"?
If you need to partially mock a module, you can use "importOriginal" helper inside:

    at VitestMocker.createError (file:///Volumes/X%20SSD%202025/Users/narrowchannel/Desktop/indiiOS-Clean/node_modules/vitest/dist/chunks/startModuleRunner.DEj0jb3e.js:311:17)
    at Object.get (file:///Volumes/X%20SSD%202025/Users/narrowchannel/Desktop/indiiOS-Clean/node_modules/vitest/dist/chunks/startModuleRunner.DEj0jb3e.js:384:16)
    at MetadataPersistenceService.save (/Volumes/X SSD 2025/Users/narrowchannel/Desktop/indiiOS-Clean/packages/renderer/src/services/persistence/MetadataPersistenceService.ts:274:38)
    at VideoGenerationService.generateVideo (/Volumes/X SSD 2025/Users/narrowchannel/Desktop/indiiOS-Clean/packages/renderer/src/services/video/VideoGenerationService.ts:364:36)
    at processTicksAndRejections (node:internal/process/task_queues:104:5)
    at /Volumes/X SSD 2025/Users/narrowchannel/Desktop/indiiOS-Clean/packages/renderer/src/services/video/VideoGenerationService.test.ts:118:28
    at file:///Volumes/X%20SSD%202025/Users/narrowchannel/Desktop/indiiOS-Clean/node_modules/@vitest/runner/dist/index.js:915:20 {
  codeFrame: 'vi.mock(import("firebase/firestore"), async (importOriginal) => {\n' +
    '  const actual = await importOriginal()\n' +
    '  return {\n' +
    '    ...actual,\n' +
    '    // your mocked methods\n' +
    '  }\n' +
    '})'
}

stdout | packages/renderer/src/services/video/VideoGenerationService.test.ts > VideoGenerationService (Veo 3.1 Pipeline) > generateVideo > should trigger video generation with correct parameters
[VideoGeneration] 🚀 Calling firebaseAI.generateVideo() with: {
  model: 'veo-3.1-generate-preview',
  promptLength: 16,
  hasImage: false,
  config: '{"aspectRatio":"16:9","resolution":"1080p","durationSeconds":8}'
}

stderr | packages/renderer/src/services/video/VideoGenerationService.test.ts > VideoGenerationService (Veo 3.1 Pipeline) > generateLongFormVideo (Veo 3.1 Streaming) > should segment prompt into multiple blocks for long duration (Pro scenario)
[DaisyChain] Frame extraction/analysis failed for segment 1. Continuing without visual continuity. ReferenceError: document is not defined
    at /Volumes/X SSD 2025/Users/narrowchannel/Desktop/indiiOS-Clean/packages/renderer/src/utils/video.ts:20:23
    at new Promise (<anonymous>)
    at extractVideoFrame (/Volumes/X SSD 2025/Users/narrowchannel/Desktop/indiiOS-Clean/packages/renderer/src/utils/video.ts:19:12)
    at extractLastFrameForAPI (/Volumes/X SSD 2025/Users/narrowchannel/Desktop/indiiOS-Clean/packages/renderer/src/utils/video.ts:88:27)
    at VideoGenerationService.generateLongFormVideo (/Volumes/X SSD 2025/Users/narrowchannel/Desktop/indiiOS-Clean/packages/renderer/src/services/video/VideoGenerationService.ts:773:55)
    at processTicksAndRejections (node:internal/process/task_queues:104:5)
    at /Volumes/X SSD 2025/Users/narrowchannel/Desktop/indiiOS-Clean/packages/renderer/src/services/video/VideoGenerationService.test.ts:219:13
    at file:///Volumes/X%20SSD%202025/Users/narrowchannel/Desktop/indiiOS-Clean/node_modules/@vitest/runner/dist/index.js:915:20

stderr | packages/renderer/src/services/video/VideoGenerationService.test.ts > VideoGenerationService (Veo 3.1 Pipeline) > generateLongFormVideo (Veo 3.1 Streaming) > should segment prompt into multiple blocks for long duration (Pro scenario)
[DaisyChain] Frame extraction/analysis failed for segment 2. Continuing without visual continuity. ReferenceError: document is not defined
    at /Volumes/X SSD 2025/Users/narrowchannel/Desktop/indiiOS-Clean/packages/renderer/src/utils/video.ts:20:23
    at new Promise (<anonymous>)
    at extractVideoFrame (/Volumes/X SSD 2025/Users/narrowchannel/Desktop/indiiOS-Clean/packages/renderer/src/utils/video.ts:19:12)
    at extractLastFrameForAPI (/Volumes/X SSD 2025/Users/narrowchannel/Desktop/indiiOS-Clean/packages/renderer/src/utils/video.ts:88:27)
    at VideoGenerationService.generateLongFormVideo (/Volumes/X SSD 2025/Users/narrowchannel/Desktop/indiiOS-Clean/packages/renderer/src/services/video/VideoGenerationService.ts:773:55)
    at processTicksAndRejections (node:internal/process/task_queues:104:5)
    at /Volumes/X SSD 2025/Users/narrowchannel/Desktop/indiiOS-Clean/packages/renderer/src/services/video/VideoGenerationService.test.ts:219:13
    at file:///Volumes/X%20SSD%202025/Users/narrowchannel/Desktop/indiiOS-Clean/node_modules/@vitest/runner/dist/index.js:915:20

stderr | packages/renderer/src/services/video/VideoGenerationService.test.ts > VideoGenerationService (Veo 3.1 Pipeline) > generateLongFormVideo (Veo 3.1 Streaming) > should pass firstFrame image to the first segment only
[DaisyChain] Frame extraction/analysis failed for segment 1. Continuing without visual continuity. ReferenceError: document is not defined
    at /Volumes/X SSD 2025/Users/narrowchannel/Desktop/indiiOS-Clean/packages/renderer/src/utils/video.ts:20:23
    at new Promise (<anonymous>)
    at extractVideoFrame (/Volumes/X SSD 2025/Users/narrowchannel/Desktop/indiiOS-Clean/packages/renderer/src/utils/video.ts:19:12)
    at extractLastFrameForAPI (/Volumes/X SSD 2025/Users/narrowchannel/Desktop/indiiOS-Clean/packages/renderer/src/utils/video.ts:88:27)
    at VideoGenerationService.generateLongFormVideo (/Volumes/X SSD 2025/Users/narrowchannel/Desktop/indiiOS-Clean/packages/renderer/src/services/video/VideoGenerationService.ts:773:55)
    at processTicksAndRejections (node:internal/process/task_queues:104:5)
    at /Volumes/X SSD 2025/Users/narrowchannel/Desktop/indiiOS-Clean/packages/renderer/src/services/video/VideoGenerationService.test.ts:248:13
    at file:///Volumes/X%20SSD%202025/Users/narrowchannel/Desktop/indiiOS-Clean/node_modules/@vitest/runner/dist/index.js:915:20

 ✓ packages/renderer/src/services/video/VideoGenerationService.test.ts (8 tests) 330ms
stderr | packages/renderer/src/modules/finance/components/EarningsDashboard.test.tsx > EarningsDashboard UI States > renders success state with overview data
The width(-1) and height(-1) of chart should be greater than 0,
       please check the style of container, or the props width(100%) and height(100%),
       or add a minWidth(0) or minHeight(undefined) or use aspect(undefined) to control the
       height and width.
The width(0) and height(0) of chart should be greater than 0,
       please check the style of container, or the props width(100%) and height(100%),
       or add a minWidth(0) or minHeight(undefined) or use aspect(undefined) to control the
       height and width.

 ✓ packages/renderer/src/modules/finance/components/EarningsDashboard.test.tsx (4 tests) 591ms
     ✓ renders loading state correctly  363ms
 ✓ packages/renderer/src/modules/tools/AudioAnalyzer.test.tsx (3 tests) 152ms
(node:35085) Warning: `--localstorage-file` was provided without a valid path
(Use `node --trace-warnings ...` to show where the warning was created)
 ✓ packages/renderer/src/modules/finance/components/MerchandiseDashboard.test.tsx (3 tests) 253ms
(node:35088) Warning: `--localstorage-file` was provided without a valid path
(Use `node --trace-warnings ...` to show where the warning was created)
stdout | packages/renderer/src/services/ai/__tests__/ContextStress.test.ts > ContextManager Stress Tests > should handle massive conversation histories (10,000+ turns)
[STRESS] Truncated 10,000 turns in 124ms

stderr | packages/renderer/src/services/ai/__tests__/ContextStress.test.ts > ContextManager Stress Tests > should handle large multimodal attachments without crashing
[ContextManager] Context over limit (2518/400) after 0 drops. Recent messages are too large.

stderr | packages/renderer/src/services/ai/__tests__/ContextStress.test.ts > ContextManager Stress Tests > should terminate via safety valve (MAX_DROPS/Safety break) if history is malformed or loop hangs
[ContextManager] Context over limit (5000/10) after 10000 drops. Recent messages are too large.

stderr | packages/renderer/src/services/ai/__tests__/ContextStress.test.ts > ContextManager Stress Tests > should handle extreme multimodal payloads (20+ attachments) effortlessly
[ContextManager] Context over limit (12507/1000) after 0 drops. Recent messages are too large.

 ✓ packages/renderer/src/services/ai/__tests__/ContextStress.test.ts (6 tests) 285ms
stdout | packages/renderer/src/components/project/ResourceTree.test.tsx
[DistributorService] Registered adapter: DistroKid
[DistributorService] Registered adapter: TuneCore
[DistributorService] Registered adapter: CDBaby
[DistributorService] Registered adapter: Symphonic

(node:35098) Warning: `--localstorage-file` was provided without a valid path
(Use `node --trace-warnings ...` to show where the warning was created)
stderr | packages/renderer/src/components/project/ResourceTree.test.tsx > ResourceTree File Upload > uploads a file successfully when dropped
[MembershipService] Quota check denied: No authenticated user

stderr | packages/renderer/src/components/project/ResourceTree.test.tsx > ResourceTree File Upload > uploads a file successfully when dropped
[RAG] Ingestion failed: QuotaExceededError: Quota exceeded: storage. Upgrade to Enterprise for more storage space
    at GeminiRetrievalService.uploadFile (/Volumes/X SSD 2025/Users/narrowchannel/Desktop/indiiOS-Clean/packages/renderer/src/services/rag/GeminiRetrievalService.ts:133:19)
    at processTicksAndRejections (node:internal/process/task_queues:104:5)
    at processForKnowledgeBase (/Volumes/X SSD 2025/Users/narrowchannel/Desktop/indiiOS-Clean/packages/renderer/src/services/rag/ragService.ts:136:22) {
  code: 'QUOTA_EXCEEDED',
  details: {
    context: {
      limitType: 'storage',
      currentTier: 'enterprise',
      currentUsage: 0,
      maxAllowed: 0
    }
  },
  limitType: 'storage',
  upgradeMessage: 'Upgrade to Enterprise for more storage space',
  currentTier: 'enterprise',
  currentUsage: 0,
  maxAllowed: 0
}

 ✓ packages/renderer/src/components/project/ResourceTree.test.tsx (1 test) 225ms
(node:35100) Warning: `--localstorage-file` was provided without a valid path
(Use `node --trace-warnings ...` to show where the warning was created)
(node:35099) Warning: `--localstorage-file` was provided without a valid path
(Use `node --trace-warnings ...` to show where the warning was created)
(node:35111) Warning: `--localstorage-file` was provided without a valid path
(Use `node --trace-warnings ...` to show where the warning was created)
(node:35108) Warning: `--localstorage-file` was provided without a valid path
(Use `node --trace-warnings ...` to show where the warning was created)
(node:35109) Warning: `--localstorage-file` was provided without a valid path
(Use `node --trace-warnings ...` to show where the warning was created)
 ✓ packages/renderer/src/modules/debug/MultimodalGauntlet.test.tsx (9 tests) 241ms
 ✓ packages/renderer/src/modules/video/components/DailiesStrip.interaction.test.tsx (4 tests) 240ms
(node:35116) Warning: `--localstorage-file` was provided without a valid path
(Use `node --trace-warnings ...` to show where the warning was created)
 ✓ packages/renderer/src/modules/design/ThePrinter.test.tsx (3 tests) 542ms
 ✓ packages/renderer/src/modules/publicist/PublicistDashboard.test.tsx (5 tests) 321ms
 ✓ packages/renderer/src/modules/capture/GhostCapture.test.tsx (7 tests) 186ms
 ✓ packages/renderer/src/modules/finance/components/ExpenseItem.test.tsx (1 test) 139ms
(node:35120) Warning: `--localstorage-file` was provided without a valid path
(Use `node --trace-warnings ...` to show where the warning was created)
 ✓ packages/renderer/src/modules/creative/components/InfiniteCanvasHUD.test.tsx (4 tests) 463ms
 ✓ packages/renderer/src/modules/marketing/MarketingDashboard.test.tsx (1 test) 236ms
(node:35131) Warning: `--localstorage-file` was provided without a valid path
(Use `node --trace-warnings ...` to show where the warning was created)
(node:35173) Warning: `--localstorage-file` was provided without a valid path
(Use `node --trace-warnings ...` to show where the warning was created)
(node:35169) Warning: `--localstorage-file` was provided without a valid path
(Use `node --trace-warnings ...` to show where the warning was created)
(node:35177) Warning: `--localstorage-file` was provided without a valid path
(Use `node --trace-warnings ...` to show where the warning was created)
stderr | packages/renderer/src/modules/touring/components/RiderChecklist.test.tsx > RiderChecklist > allows adding an item
Warning: An update to RiderChecklist inside a test was not wrapped in act(...).

When testing, code that causes React state updates should be wrapped into act(...):

act(() => {
  /* fire events that update state */
});
/* assert on the output */

This ensures that you're testing the behavior the user would see in the browser. Learn more at https://reactjs.org/link/wrap-tests-with-act
    at RiderChecklist (/Volumes/X SSD 2025/Users/narrowchannel/Desktop/indiiOS-Clean/packages/renderer/src/modules/touring/components/RiderChecklist.tsx:11:77)

 ✓ packages/renderer/src/modules/touring/components/RiderChecklist.test.tsx (5 tests) 525ms
(node:35184) Warning: `--localstorage-file` was provided without a valid path
(Use `node --trace-warnings ...` to show where the warning was created)
(node:35185) Warning: `--localstorage-file` was provided without a valid path
(Use `node --trace-warnings ...` to show where the warning was created)
(node:35181) Warning: `--localstorage-file` was provided without a valid path
(Use `node --trace-warnings ...` to show where the warning was created)
 ✓ packages/renderer/src/modules/select-org/SelectOrg.test.tsx (4 tests) 260ms
 ✓ packages/renderer/src/modules/distribution/components/__tests__/KeysPanel.test.tsx (3 tests) 128ms
(node:35198) Warning: `--localstorage-file` was provided without a valid path
(Use `node --trace-warnings ...` to show where the warning was created)
stderr | packages/renderer/src/modules/creative/components/DirectGenerationTab.test.tsx > DirectGenerationTab > handles generation error correctly
Direct Generation Failed: Error: API Error
    at /Volumes/X SSD 2025/Users/narrowchannel/Desktop/indiiOS-Clean/packages/renderer/src/modules/creative/components/DirectGenerationTab.test.tsx:128:53
    at file:///Volumes/X%20SSD%202025/Users/narrowchannel/Desktop/indiiOS-Clean/node_modules/@vitest/runner/dist/index.js:145:11
    at file:///Volumes/X%20SSD%202025/Users/narrowchannel/Desktop/indiiOS-Clean/node_modules/@vitest/runner/dist/index.js:915:26
    at file:///Volumes/X%20SSD%202025/Users/narrowchannel/Desktop/indiiOS-Clean/node_modules/@vitest/runner/dist/index.js:1243:20
    at new Promise (<anonymous>)
    at runWithTimeout (file:///Volumes/X%20SSD%202025/Users/narrowchannel/Desktop/indiiOS-Clean/node_modules/@vitest/runner/dist/index.js:1209:10)
    at file:///Volumes/X%20SSD%202025/Users/narrowchannel/Desktop/indiiOS-Clean/node_modules/@vitest/runner/dist/index.js:1653:37
    at Traces.$ (file:///Volumes/X%20SSD%202025/Users/narrowchannel/Desktop/indiiOS-Clean/node_modules/vitest/dist/chunks/traces.CCmnQaNT.js:142:27)
    at trace (file:///Volumes/X%20SSD%202025/Users/narrowchannel/Desktop/indiiOS-Clean/node_modules/vitest/dist/chunks/test.B8ej_ZHS.js:239:21)
    at runTest (file:///Volumes/X%20SSD%202025/Users/narrowchannel/Desktop/indiiOS-Clean/node_modules/@vitest/runner/dist/index.js:1653:12)

 ✓ packages/renderer/src/modules/creative/components/__tests__/InfiniteCanvas.test.tsx (2 tests) 456ms
     ✓ should draw visible images  335ms
 ✓ packages/renderer/src/modules/creative/components/DirectGenerationTab.test.tsx (2 tests) 529ms
(node:35197) Warning: `--localstorage-file` was provided without a valid path
(Use `node --trace-warnings ...` to show where the warning was created)
 ✓ packages/renderer/src/modules/merchandise/components/StandardProductCard.responsive.test.tsx (4 tests) 277ms
 ✓ packages/renderer/src/modules/marketing/components/CampaignDashboard.pulse.test.tsx (2 tests) 328ms
(node:35208) Warning: `--localstorage-file` was provided without a valid path
(Use `node --trace-warnings ...` to show where the warning was created)
(node:35213) Warning: `--localstorage-file` was provided without a valid path
(Use `node --trace-warnings ...` to show where the warning was created)
stderr | packages/renderer/src/modules/video/components/VideoDaisychain.interaction.test.tsx
THREE.WARNING: Multiple instances of Three.js being imported.

 ✓ packages/renderer/src/modules/video/components/VideoStage.veo.test.tsx (5 tests) 628ms
     ✓ ✅ Veo 3.1 Playback: Renders player for valid MP4 assets  485ms
(node:35216) Warning: `--localstorage-file` was provided without a valid path
(Use `node --trace-warnings ...` to show where the warning was created)
stdout | packages/renderer/src/modules/video/components/VideoDaisychain.interaction.test.tsx > 🖱️ Click: Video Production Daisychain > successfully completes a 5-step video production daisychain
[VideoGeneration] Prompt selection: {
  promptOverride: '"Cinematic morph..."',
  localPrompt: '(empty)',
  globalPrompt: '(empty)',
  selected: '"Cinematic morph..."'
}
[VideoGeneration] 🔇 Audio suppression enabled — negative prompt augmented

 ✓ packages/renderer/src/modules/video/components/VideoDaisychain.interaction.test.tsx (1 test) 1157ms
     ✓ successfully completes a 5-step video production daisychain  1131ms
(node:35223) Warning: `--localstorage-file` was provided without a valid path
(Use `node --trace-warnings ...` to show where the warning was created)
(node:35222) Warning: `--localstorage-file` was provided without a valid path
(Use `node --trace-warnings ...` to show where the warning was created)
 ✓ packages/renderer/src/components/studio/observability/TraceViewer.interaction.test.tsx (2 tests) 149ms
(node:35227) Warning: `--localstorage-file` was provided without a valid path
(Use `node --trace-warnings ...` to show where the warning was created)
 ✓ packages/renderer/src/modules/creative/components/CreativeGallery.a11y.test.tsx (3 tests) 177ms
 ✓ packages/renderer/src/modules/video/components/VideoStage.test.tsx (1 test) 216ms
stdout | packages/renderer/src/modules/creative/CreativeStudio.test.tsx
[DistributorService] Registered adapter: DistroKid
[DistributorService] Registered adapter: TuneCore
[DistributorService] Registered adapter: CDBaby
[DistributorService] Registered adapter: Symphonic

 ✓ packages/renderer/src/modules/creative/components/AnnotationPalette.interaction.test.tsx (2 tests) 185ms
stdout | packages/renderer/src/modules/agent/components/AgentDashboard.test.tsx
[FreezeDiagnostic] Freezing Agent "marketing" tools schema...
[FreezeDiagnostic] Agent "marketing" tools schema is now IMMUTABLE.

(node:35234) Warning: `--localstorage-file` was provided without a valid path
(Use `node --trace-warnings ...` to show where the warning was created)
stdout | packages/renderer/src/modules/agent/components/AgentDashboard.test.tsx
[FreezeDiagnostic] Freezing Agent "social" tools schema...
[FreezeDiagnostic] Agent "social" tools schema is now IMMUTABLE.

stdout | packages/renderer/src/modules/agent/components/AgentDashboard.test.tsx
[FreezeDiagnostic] Freezing Agent "road" tools schema...
[FreezeDiagnostic] Agent "road" tools schema is now IMMUTABLE.

stdout | packages/renderer/src/modules/agent/components/AgentDashboard.test.tsx
[FreezeDiagnostic] Freezing Agent "licensing" tools schema...
[FreezeDiagnostic] Agent "licensing" tools schema is now IMMUTABLE.

stdout | packages/renderer/src/modules/agent/components/AgentDashboard.test.tsx
[FreezeDiagnostic] Freezing Agent "security" tools schema...
[FreezeDiagnostic] Agent "security" tools schema is now IMMUTABLE.

stdout | packages/renderer/src/modules/agent/components/AgentDashboard.test.tsx
[FreezeDiagnostic] Freezing Agent "devops" tools schema...
[FreezeDiagnostic] Agent "devops" tools schema is now IMMUTABLE.

stdout | packages/renderer/src/modules/agent/components/AgentDashboard.test.tsx
[FreezeDiagnostic] Freezing Agent "music" tools schema...
[FreezeDiagnostic] Agent "music" tools schema is now IMMUTABLE.

stdout | packages/renderer/src/modules/agent/components/AgentDashboard.test.tsx
[FreezeDiagnostic] Freezing Agent "marketing" tools schema...
[FreezeDiagnostic] Agent "marketing" tools schema is now IMMUTABLE.
[FreezeDiagnostic] Freezing Agent "legal" tools schema...
[FreezeDiagnostic] Agent "legal" tools schema is now IMMUTABLE.
[FreezeDiagnostic] Freezing Agent "finance" tools schema...
[FreezeDiagnostic] Agent "finance" tools schema is now IMMUTABLE.
[FreezeDiagnostic] Freezing Agent "producer" tools schema...
[FreezeDiagnostic] Agent "producer" tools schema is now IMMUTABLE.
[FreezeDiagnostic] Freezing Agent "director" tools schema...
[FreezeDiagnostic] Agent "director" tools schema is now IMMUTABLE.
[FreezeDiagnostic] Freezing Agent "screenwriter" tools schema...
[FreezeDiagnostic] Agent "screenwriter" tools schema is now IMMUTABLE.
[FreezeDiagnostic] Freezing Agent "video" tools schema...
[FreezeDiagnostic] Agent "video" tools schema is now IMMUTABLE.
[FreezeDiagnostic] Freezing Agent "social" tools schema...
[FreezeDiagnostic] Agent "social" tools schema is now IMMUTABLE.
[FreezeDiagnostic] Freezing Agent "publicist" tools schema...
[FreezeDiagnostic] Agent "publicist" tools schema is now IMMUTABLE.
[FreezeDiagnostic] Freezing Agent "road" tools schema...
[FreezeDiagnostic] Agent "road" tools schema is now IMMUTABLE.
[FreezeDiagnostic] Freezing Agent "publishing" tools schema...
[FreezeDiagnostic] Agent "publishing" tools schema is now IMMUTABLE.
[FreezeDiagnostic] Freezing Agent "licensing" tools schema...
[FreezeDiagnostic] Agent "licensing" tools schema is now IMMUTABLE.
[FreezeDiagnostic] Freezing Agent "brand" tools schema...
[FreezeDiagnostic] Agent "brand" tools schema is now IMMUTABLE.
[FreezeDiagnostic] Freezing Agent "devops" tools schema...
[FreezeDiagnostic] Agent "devops" tools schema is now IMMUTABLE.
[FreezeDiagnostic] Freezing Agent "security" tools schema...
[FreezeDiagnostic] Agent "security" tools schema is now IMMUTABLE.
[FreezeDiagnostic] Freezing Agent "distribution" tools schema...
[FreezeDiagnostic] Agent "distribution" tools schema is now IMMUTABLE.
[FreezeDiagnostic] Freezing Agent "music" tools schema...
[FreezeDiagnostic] Agent "music" tools schema is now IMMUTABLE.

stderr | packages/renderer/src/modules/creative/CreativeStudio.test.tsx > CreativeStudio > handles generation errors gracefully
[CreativeStudio] Image generation error: Error: Generation failed
    at /Volumes/X SSD 2025/Users/narrowchannel/Desktop/indiiOS-Clean/packages/renderer/src/modules/creative/CreativeStudio.test.tsx:160:46
    at file:///Volumes/X%20SSD%202025/Users/narrowchannel/Desktop/indiiOS-Clean/node_modules/@vitest/runner/dist/index.js:145:11
    at file:///Volumes/X%20SSD%202025/Users/narrowchannel/Desktop/indiiOS-Clean/node_modules/@vitest/runner/dist/index.js:915:26
    at file:///Volumes/X%20SSD%202025/Users/narrowchannel/Desktop/indiiOS-Clean/node_modules/@vitest/runner/dist/index.js:1243:20
    at new Promise (<anonymous>)
    at runWithTimeout (file:///Volumes/X%20SSD%202025/Users/narrowchannel/Desktop/indiiOS-Clean/node_modules/@vitest/runner/dist/index.js:1209:10)
    at file:///Volumes/X%20SSD%202025/Users/narrowchannel/Desktop/indiiOS-Clean/node_modules/@vitest/runner/dist/index.js:1653:37
    at Traces.$ (file:///Volumes/X%20SSD%202025/Users/narrowchannel/Desktop/indiiOS-Clean/node_modules/vitest/dist/chunks/traces.CCmnQaNT.js:142:27)
    at trace (file:///Volumes/X%20SSD%202025/Users/narrowchannel/Desktop/indiiOS-Clean/node_modules/vitest/dist/chunks/test.B8ej_ZHS.js:239:21)
    at runTest (file:///Volumes/X%20SSD%202025/Users/narrowchannel/Desktop/indiiOS-Clean/node_modules/@vitest/runner/dist/index.js:1653:12)

stderr | packages/renderer/src/core/components/ConversationHistoryList.perf.test.tsx > ConversationHistoryList Performance > should re-render items when store state changes
Warning: React does not recognize the `whileHover` prop on a DOM element. If you intentionally want it to appear in the DOM as a custom attribute, spell it as lowercase `whilehover` instead. If you accidentally passed it from a parent component, remove it from the DOM element.
    at li
    at li (/Volumes/X SSD 2025/Users/narrowchannel/Desktop/indiiOS-Clean/packages/renderer/src/core/components/ConversationHistoryList.perf.test.tsx:8:20)
    at /Volumes/X SSD 2025/Users/narrowchannel/Desktop/indiiOS-Clean/packages/renderer/src/core/components/ConversationHistoryList.tsx:10:3
    at ul
    at div
    at ConversationHistoryList (/Volumes/X SSD 2025/Users/narrowchannel/Desktop/indiiOS-Clean/packages/renderer/src/core/components/ConversationHistoryList.tsx:238:36)
Warning: React does not recognize the `whileTap` prop on a DOM element. If you intentionally want it to appear in the DOM as a custom attribute, spell it as lowercase `whiletap` instead. If you accidentally passed it from a parent component, remove it from the DOM element.
    at li
    at li (/Volumes/X SSD 2025/Users/narrowchannel/Desktop/indiiOS-Clean/packages/renderer/src/core/components/ConversationHistoryList.perf.test.tsx:8:20)
    at /Volumes/X SSD 2025/Users/narrowchannel/Desktop/indiiOS-Clean/packages/renderer/src/core/components/ConversationHistoryList.tsx:10:3
    at ul
    at div
    at ConversationHistoryList (/Volumes/X SSD 2025/Users/narrowchannel/Desktop/indiiOS-Clean/packages/renderer/src/core/components/ConversationHistoryList.tsx:238:36)
Warning: React does not recognize the `layoutId` prop on a DOM element. If you intentionally want it to appear in the DOM as a custom attribute, spell it as lowercase `layoutid` instead. If you accidentally passed it from a parent component, remove it from the DOM element.
    at div
    at div (/Volumes/X SSD 2025/Users/narrowchannel/Desktop/indiiOS-Clean/packages/renderer/src/core/components/ConversationHistoryList.perf.test.tsx:9:13)
    at li
    at li (/Volumes/X SSD 2025/Users/narrowchannel/Desktop/indiiOS-Clean/packages/renderer/src/core/components/ConversationHistoryList.perf.test.tsx:8:20)
    at /Volumes/X SSD 2025/Users/narrowchannel/Desktop/indiiOS-Clean/packages/renderer/src/core/components/ConversationHistoryList.tsx:10:3
    at ul
    at div
    at ConversationHistoryList (/Volumes/X SSD 2025/Users/narrowchannel/Desktop/indiiOS-Clean/packages/renderer/src/core/components/ConversationHistoryList.tsx:238:36)

 ✓ packages/renderer/src/core/components/ConversationHistoryList.perf.test.tsx (1 test) 63ms
 ✓ packages/renderer/src/modules/creative/CreativeStudio.test.tsx (3 tests) 232ms
stdout | packages/renderer/src/modules/agent/components/AgentDashboard.test.tsx
[AgentRegistry] Pre-warming Generalist agent...
[AgentRegistry] Loading agent 'generalist'...

(node:35249) Warning: `--localstorage-file` was provided without a valid path
(Use `node --trace-warnings ...` to show where the warning was created)
stdout | packages/renderer/src/services/agent/__tests__/ProactiveAgent.test.ts > ProactiveService > should execute scheduled task when triggered manually
[ProactiveService] Triggering agent marketing for task: Follow up

stdout | packages/renderer/src/services/agent/__tests__/ProactiveAgent.test.ts > ProactiveService > should trigger an agent on system events
[ProactiveService] Triggering agent researcher for task: Analyze result

 ✓ packages/renderer/src/services/agent/__tests__/ProactiveAgent.test.ts (3 tests) 153ms
stderr | packages/renderer/src/modules/agent/components/AgentDashboard.test.tsx > AgentDashboard > switches tabs correctly
Warning: An update to CampaignsTab inside a test was not wrapped in act(...).

When testing, code that causes React state updates should be wrapped into act(...):

act(() => {
  /* fire events that update state */
});
/* assert on the output */

This ensures that you're testing the behavior the user would see in the browser. Learn more at https://reactjs.org/link/wrap-tests-with-act
    at CampaignsTab (/Volumes/X SSD 2025/Users/narrowchannel/Desktop/indiiOS-Clean/packages/renderer/src/modules/agent/components/AgentDashboard.tsx:35:59)
    at div
    at div
    at div
    at ModuleErrorBoundary (/Volumes/X SSD 2025/Users/narrowchannel/Desktop/indiiOS-Clean/packages/renderer/src/core/components/ModuleErrorBoundary.tsx:7:1)
    at AgentDashboard (/Volumes/X SSD 2025/Users/narrowchannel/Desktop/indiiOS-Clean/packages/renderer/src/modules/agent/components/AgentDashboard.tsx:202:71)
Warning: An update to CampaignsTab inside a test was not wrapped in act(...).

When testing, code that causes React state updates should be wrapped into act(...):

act(() => {
  /* fire events that update state */
});
/* assert on the output */

This ensures that you're testing the behavior the user would see in the browser. Learn more at https://reactjs.org/link/wrap-tests-with-act
    at CampaignsTab (/Volumes/X SSD 2025/Users/narrowchannel/Desktop/indiiOS-Clean/packages/renderer/src/modules/agent/components/AgentDashboard.tsx:35:59)
    at div
    at div
    at div
    at ModuleErrorBoundary (/Volumes/X SSD 2025/Users/narrowchannel/Desktop/indiiOS-Clean/packages/renderer/src/core/components/ModuleErrorBoundary.tsx:7:1)
    at AgentDashboard (/Volumes/X SSD 2025/Users/narrowchannel/Desktop/indiiOS-Clean/packages/renderer/src/modules/agent/components/AgentDashboard.tsx:202:71)

 ✓ packages/renderer/src/modules/agent/components/AgentDashboard.test.tsx (2 tests) 271ms
(node:35262) Warning: `--localstorage-file` was provided without a valid path
(Use `node --trace-warnings ...` to show where the warning was created)
(node:35255) Warning: `--localstorage-file` was provided without a valid path
(Use `node --trace-warnings ...` to show where the warning was created)
(node:35263) Warning: `--localstorage-file` was provided without a valid path
(Use `node --trace-warnings ...` to show where the warning was created)
(node:35265) Warning: `--localstorage-file` was provided without a valid path
(Use `node --trace-warnings ...` to show where the warning was created)
(node:35267) Warning: `--localstorage-file` was provided without a valid path
(Use `node --trace-warnings ...` to show where the warning was created)
 ✓ packages/renderer/src/hooks/useURLSync.test.ts (4 tests) 19ms
 ✓ packages/renderer/src/modules/workflow/components/UniversalNode.test.tsx (6 tests) 156ms
 ✓ packages/renderer/src/modules/marketing/components/CampaignManager.test.tsx (8 tests) 223ms
 ✓ packages/renderer/src/components/ui/button.interaction.test.tsx (2 tests) 131ms
 ✓ packages/renderer/src/modules/creative/components/CreativeCanvas.interaction.test.tsx (1 test) 387ms
     ✓ renders canvas and allows interaction with core controls  386ms
(node:35279) Warning: `--localstorage-file` was provided without a valid path
(Use `node --trace-warnings ...` to show where the warning was created)
(node:35278) Warning: `--localstorage-file` was provided without a valid path
(Use `node --trace-warnings ...` to show where the warning was created)
 ✓ packages/renderer/src/hooks/use-auto-resize-textarea.test.tsx (3 tests) 23ms
(node:35285) Warning: `--localstorage-file` was provided without a valid path
(Use `node --trace-warnings ...` to show where the warning was created)
(node:35287) Warning: `--localstorage-file` was provided without a valid path
(Use `node --trace-warnings ...` to show where the warning was created)
stderr | packages/renderer/src/services/agent/__tests__/AgentService.security.test.ts > BaseAgent Runtime Tool Authorization > blocks a tool not in authorizedTools and injects error into toolCalls
[BaseAgent] SECURITY: Agent 'test-security-agent' attempted unauthorized tool call: 'blocked_tool'

stderr | packages/renderer/src/services/agent/__tests__/AgentService.security.test.ts > BaseAgent Runtime Tool Authorization > marketing: delegate_task is blocked (hub-only)
[BaseAgent] SECURITY: Agent 'marketing' attempted unauthorized tool call: 'delegate_task'

stderr | packages/renderer/src/services/agent/__tests__/AgentService.security.test.ts > BaseAgent Runtime Tool Authorization > legal: delegate_task is blocked (hub-only)
[BaseAgent] SECURITY: Agent 'legal' attempted unauthorized tool call: 'delegate_task'

stderr | packages/renderer/src/services/agent/__tests__/AgentService.security.test.ts > BaseAgent Runtime Tool Authorization > finance: delegate_task is blocked (hub-only)
[BaseAgent] SECURITY: Agent 'finance' attempted unauthorized tool call: 'delegate_task'

stderr | packages/renderer/src/services/agent/__tests__/AgentService.security.test.ts > BaseAgent Runtime Tool Authorization > producer: delegate_task is blocked (hub-only)
[BaseAgent] SECURITY: Agent 'producer' attempted unauthorized tool call: 'delegate_task'

stderr | packages/renderer/src/services/agent/__tests__/AgentService.security.test.ts > BaseAgent Runtime Tool Authorization > director: delegate_task is blocked (hub-only)
[BaseAgent] SECURITY: Agent 'director' attempted unauthorized tool call: 'delegate_task'

stderr | packages/renderer/src/services/agent/__tests__/AgentService.security.test.ts > BaseAgent Runtime Tool Authorization > screenwriter: delegate_task is blocked (hub-only)
[BaseAgent] SECURITY: Agent 'screenwriter' attempted unauthorized tool call: 'delegate_task'

stderr | packages/renderer/src/services/agent/__tests__/AgentService.security.test.ts > BaseAgent Runtime Tool Authorization > video: delegate_task is blocked (hub-only)
[BaseAgent] SECURITY: Agent 'video' attempted unauthorized tool call: 'delegate_task'

stderr | packages/renderer/src/services/agent/__tests__/AgentService.security.test.ts > BaseAgent Runtime Tool Authorization > social: delegate_task is blocked (hub-only)
[BaseAgent] SECURITY: Agent 'social' attempted unauthorized tool call: 'delegate_task'

stderr | packages/renderer/src/services/agent/__tests__/AgentService.security.test.ts > BaseAgent Runtime Tool Authorization > publicist: delegate_task is blocked (hub-only)
[BaseAgent] SECURITY: Agent 'publicist' attempted unauthorized tool call: 'delegate_task'

stderr | packages/renderer/src/services/agent/__tests__/AgentService.security.test.ts > BaseAgent Runtime Tool Authorization > road: delegate_task is blocked (hub-only)
[BaseAgent] SECURITY: Agent 'road' attempted unauthorized tool call: 'delegate_task'

stderr | packages/renderer/src/services/agent/__tests__/AgentService.security.test.ts > BaseAgent Runtime Tool Authorization > publishing: delegate_task is blocked (hub-only)
[BaseAgent] SECURITY: Agent 'publishing' attempted unauthorized tool call: 'delegate_task'

stderr | packages/renderer/src/services/agent/__tests__/AgentService.security.test.ts > BaseAgent Runtime Tool Authorization > licensing: delegate_task is blocked (hub-only)
[BaseAgent] SECURITY: Agent 'licensing' attempted unauthorized tool call: 'delegate_task'

stderr | packages/renderer/src/services/agent/__tests__/AgentService.security.test.ts > BaseAgent Runtime Tool Authorization > brand: delegate_task is blocked (hub-only)
[BaseAgent] SECURITY: Agent 'brand' attempted unauthorized tool call: 'delegate_task'

stderr | packages/renderer/src/services/agent/__tests__/AgentService.security.test.ts > BaseAgent Runtime Tool Authorization > devops: delegate_task is blocked (hub-only)
[BaseAgent] SECURITY: Agent 'devops' attempted unauthorized tool call: 'delegate_task'

stderr | packages/renderer/src/services/agent/__tests__/AgentService.security.test.ts > BaseAgent Runtime Tool Authorization > security: delegate_task is blocked (hub-only)
[BaseAgent] SECURITY: Agent 'security' attempted unauthorized tool call: 'delegate_task'

stderr | packages/renderer/src/services/agent/__tests__/AgentService.security.test.ts > BaseAgent Runtime Tool Authorization > merchandise: delegate_task is blocked (hub-only)
[BaseAgent] SECURITY: Agent 'merchandise' attempted unauthorized tool call: 'delegate_task'

stderr | packages/renderer/src/services/agent/__tests__/AgentService.security.test.ts > BaseAgent Runtime Tool Authorization > distribution: delegate_task is blocked (hub-only)
[BaseAgent] SECURITY: Agent 'distribution' attempted unauthorized tool call: 'delegate_task'

stderr | packages/renderer/src/services/agent/__tests__/AgentService.security.test.ts > BaseAgent Runtime Tool Authorization > music: delegate_task is blocked (hub-only)
[BaseAgent] SECURITY: Agent 'music' attempted unauthorized tool call: 'delegate_task'

stderr | packages/renderer/src/services/agent/__tests__/AgentService.security.test.ts > BaseAgent Runtime Tool Authorization > curriculum: delegate_task is blocked (hub-only)
[BaseAgent] SECURITY: Agent 'curriculum' attempted unauthorized tool call: 'delegate_task'

stderr | packages/renderer/src/services/agent/__tests__/AgentService.security.test.ts > BaseAgent Runtime Tool Authorization > marketing: calculate_royalty_waterfall is blocked (finance-only)
[BaseAgent] SECURITY: Agent 'marketing' attempted unauthorized tool call: 'calculate_royalty_waterfall'

stderr | packages/renderer/src/services/agent/__tests__/AgentService.security.test.ts > BaseAgent Runtime Tool Authorization > video: calculate_royalty_waterfall is blocked (finance-only)
[BaseAgent] SECURITY: Agent 'video' attempted unauthorized tool call: 'calculate_royalty_waterfall'

stderr | packages/renderer/src/services/agent/__tests__/AgentService.security.test.ts > BaseAgent Runtime Tool Authorization > road: calculate_royalty_waterfall is blocked (finance-only)
[BaseAgent] SECURITY: Agent 'road' attempted unauthorized tool call: 'calculate_royalty_waterfall'

stderr | packages/renderer/src/services/agent/__tests__/AgentService.security.test.ts > BaseAgent Runtime Tool Authorization > agent with authorizedTools:[] blocks ALL tool calls
[BaseAgent] SECURITY: Agent 'locked-agent' attempted unauthorized tool call: 'any_tool'

stdout | packages/renderer/src/services/agent/agent_tools_accessibility.test.ts
[FreezeDiagnostic] Freezing Agent "marketing" tools schema...
[FreezeDiagnostic] Agent "marketing" tools schema is now IMMUTABLE.

stdout | packages/renderer/src/services/agent/agent_tools_accessibility.test.ts
[FreezeDiagnostic] Freezing Agent "social" tools schema...
[FreezeDiagnostic] Agent "social" tools schema is now IMMUTABLE.

stdout | packages/renderer/src/services/agent/__tests__/AgentService.security.test.ts > BaseAgent Runtime Tool Authorization > definition-based agents export authorizedTools as non-empty arrays
[FreezeDiagnostic] Freezing Agent "marketing" tools schema...
[FreezeDiagnostic] Agent "marketing" tools schema is now IMMUTABLE.

stdout | packages/renderer/src/services/agent/__tests__/AgentService.security.test.ts > BaseAgent Runtime Tool Authorization > definition-based agents export authorizedTools as non-empty arrays
[FreezeDiagnostic] Freezing Agent "devops" tools schema...
[FreezeDiagnostic] Agent "devops" tools schema is now IMMUTABLE.

 ✓ packages/renderer/src/services/agent/__tests__/AgentService.security.test.ts (27 tests) 213ms
stdout | packages/renderer/src/services/agent/agent_tools_accessibility.test.ts
[FreezeDiagnostic] Freezing Agent "road" tools schema...
[FreezeDiagnostic] Agent "road" tools schema is now IMMUTABLE.

stdout | packages/renderer/src/services/agent/agent_tools_accessibility.test.ts
[FreezeDiagnostic] Freezing Agent "licensing" tools schema...
[FreezeDiagnostic] Agent "licensing" tools schema is now IMMUTABLE.

stdout | packages/renderer/src/services/agent/agent_tools_accessibility.test.ts
[FreezeDiagnostic] Freezing Agent "security" tools schema...
[FreezeDiagnostic] Agent "security" tools schema is now IMMUTABLE.

stdout | packages/renderer/src/services/agent/agent_tools_accessibility.test.ts
[FreezeDiagnostic] Freezing Agent "devops" tools schema...
[FreezeDiagnostic] Agent "devops" tools schema is now IMMUTABLE.

stdout | packages/renderer/src/services/agent/agent_tools_accessibility.test.ts
[FreezeDiagnostic] Freezing Agent "music" tools schema...
[FreezeDiagnostic] Agent "music" tools schema is now IMMUTABLE.

stdout | packages/renderer/src/services/agent/agent_tools_accessibility.test.ts
[FreezeDiagnostic] Freezing Agent "marketing" tools schema...
[FreezeDiagnostic] Agent "marketing" tools schema is now IMMUTABLE.
[FreezeDiagnostic] Freezing Agent "legal" tools schema...
[FreezeDiagnostic] Agent "legal" tools schema is now IMMUTABLE.
[FreezeDiagnostic] Freezing Agent "finance" tools schema...
[FreezeDiagnostic] Agent "finance" tools schema is now IMMUTABLE.
[FreezeDiagnostic] Freezing Agent "producer" tools schema...
[FreezeDiagnostic] Agent "producer" tools schema is now IMMUTABLE.
[FreezeDiagnostic] Freezing Agent "director" tools schema...
[FreezeDiagnostic] Agent "director" tools schema is now IMMUTABLE.
[FreezeDiagnostic] Freezing Agent "screenwriter" tools schema...
[FreezeDiagnostic] Agent "screenwriter" tools schema is now IMMUTABLE.
[FreezeDiagnostic] Freezing Agent "video" tools schema...
[FreezeDiagnostic] Agent "video" tools schema is now IMMUTABLE.
[FreezeDiagnostic] Freezing Agent "social" tools schema...
[FreezeDiagnostic] Agent "social" tools schema is now IMMUTABLE.
[FreezeDiagnostic] Freezing Agent "publicist" tools schema...
[FreezeDiagnostic] Agent "publicist" tools schema is now IMMUTABLE.
[FreezeDiagnostic] Freezing Agent "road" tools schema...
[FreezeDiagnostic] Agent "road" tools schema is now IMMUTABLE.
[FreezeDiagnostic] Freezing Agent "publishing" tools schema...
[FreezeDiagnostic] Agent "publishing" tools schema is now IMMUTABLE.
[FreezeDiagnostic] Freezing Agent "licensing" tools schema...
[FreezeDiagnostic] Agent "licensing" tools schema is now IMMUTABLE.
[FreezeDiagnostic] Freezing Agent "brand" tools schema...
[FreezeDiagnostic] Agent "brand" tools schema is now IMMUTABLE.
[FreezeDiagnostic] Freezing Agent "devops" tools schema...
[FreezeDiagnostic] Agent "devops" tools schema is now IMMUTABLE.
[FreezeDiagnostic] Freezing Agent "security" tools schema...
[FreezeDiagnostic] Agent "security" tools schema is now IMMUTABLE.
[FreezeDiagnostic] Freezing Agent "distribution" tools schema...
[FreezeDiagnostic] Agent "distribution" tools schema is now IMMUTABLE.
[FreezeDiagnostic] Freezing Agent "music" tools schema...
[FreezeDiagnostic] Agent "music" tools schema is now IMMUTABLE.

stdout | packages/renderer/src/services/agent/agent_tools_accessibility.test.ts > Agent Tool Accessibility Audit > GeneralistAgent (indii Conductor) Tool Access > should have access to full TOOL_REGISTRY
[AgentRegistry] Loading agent 'generalist'...

stdout | packages/renderer/src/services/agent/agent_tools_accessibility.test.ts > Agent Tool Accessibility Audit > GeneralistAgent (indii Conductor) Tool Access > should have access to full TOOL_REGISTRY
[AgentRegistry] Agent 'generalist' loaded successfully

stdout | packages/renderer/src/services/agent/agent_tools_accessibility.test.ts > Agent Tool Accessibility Audit > Specialist Agent Tool Configurations > should audit each agent configuration for tool limits

⚠️ 2 agents are OVER the 24-tool limit:
   - Marketing Department: Has 15 + 12 superpowers = 27 total
   - Distribution Chief: Has 15 + 12 superpowers = 27 total

stdout | packages/renderer/src/services/agent/agent_tools_accessibility.test.ts > Agent Tool Accessibility Audit > Specialist Agent Tool Configurations > should verify all VALID_AGENT_IDS have registered loaders

🔍 Verifying Agent Registration:
[AgentRegistry] Loading agent 'marketing'...

stdout | packages/renderer/src/services/agent/agent_tools_accessibility.test.ts > Agent Tool Accessibility Audit > Specialist Agent Tool Configurations > should verify all VALID_AGENT_IDS have registered loaders
[FreezeDiagnostic] Freezing Agent "marketing" tools schema...
[FreezeDiagnostic] Agent "marketing" tools schema is now IMMUTABLE.

stdout | packages/renderer/src/services/agent/agent_tools_accessibility.test.ts > Agent Tool Accessibility Audit > Specialist Agent Tool Configurations > should verify all VALID_AGENT_IDS have registered loaders
[AgentRegistry] Agent 'marketing' loaded successfully

stdout | packages/renderer/src/services/agent/agent_tools_accessibility.test.ts > Agent Tool Accessibility Audit > Specialist Agent Tool Configurations > should verify all VALID_AGENT_IDS have registered loaders
   ✅ marketing: Marketing Department
[AgentRegistry] Loading agent 'legal'...

stdout | packages/renderer/src/services/agent/agent_tools_accessibility.test.ts > Agent Tool Accessibility Audit > Specialist Agent Tool Configurations > should verify all VALID_AGENT_IDS have registered loaders
[FreezeDiagnostic] Freezing Agent "legal" tools schema...
[FreezeDiagnostic] Agent "legal" tools schema is now IMMUTABLE.

stdout | packages/renderer/src/services/agent/agent_tools_accessibility.test.ts > Agent Tool Accessibility Audit > Specialist Agent Tool Configurations > should verify all VALID_AGENT_IDS have registered loaders
[AgentRegistry] Agent 'legal' loaded successfully

stdout | packages/renderer/src/services/agent/agent_tools_accessibility.test.ts > Agent Tool Accessibility Audit > Specialist Agent Tool Configurations > should verify all VALID_AGENT_IDS have registered loaders
   ✅ legal: Legal Department
[AgentRegistry] Loading agent 'finance'...

stdout | packages/renderer/src/services/agent/agent_tools_accessibility.test.ts > Agent Tool Accessibility Audit > Specialist Agent Tool Configurations > should verify all VALID_AGENT_IDS have registered loaders
[FreezeDiagnostic] Freezing Agent "finance" tools schema...
[FreezeDiagnostic] Agent "finance" tools schema is now IMMUTABLE.

stdout | packages/renderer/src/services/agent/agent_tools_accessibility.test.ts > Agent Tool Accessibility Audit > Specialist Agent Tool Configurations > should verify all VALID_AGENT_IDS have registered loaders
[AgentRegistry] Agent 'finance' loaded successfully

stdout | packages/renderer/src/services/agent/agent_tools_accessibility.test.ts > Agent Tool Accessibility Audit > Specialist Agent Tool Configurations > should verify all VALID_AGENT_IDS have registered loaders
   ✅ finance: Finance Department
[AgentRegistry] Loading agent 'producer'...

stdout | packages/renderer/src/services/agent/agent_tools_accessibility.test.ts > Agent Tool Accessibility Audit > Specialist Agent Tool Configurations > should verify all VALID_AGENT_IDS have registered loaders
[FreezeDiagnostic] Freezing Agent "producer" tools schema...
[FreezeDiagnostic] Agent "producer" tools schema is now IMMUTABLE.

stdout | packages/renderer/src/services/agent/agent_tools_accessibility.test.ts > Agent Tool Accessibility Audit > Specialist Agent Tool Configurations > should verify all VALID_AGENT_IDS have registered loaders
[AgentRegistry] Agent 'producer' loaded successfully

stdout | packages/renderer/src/services/agent/agent_tools_accessibility.test.ts > Agent Tool Accessibility Audit > Specialist Agent Tool Configurations > should verify all VALID_AGENT_IDS have registered loaders
   ✅ producer: Producer
[AgentRegistry] Loading agent 'director'...

stdout | packages/renderer/src/services/agent/agent_tools_accessibility.test.ts > Agent Tool Accessibility Audit > Specialist Agent Tool Configurations > should verify all VALID_AGENT_IDS have registered loaders
[FreezeDiagnostic] Freezing Agent "director" tools schema...
[FreezeDiagnostic] Agent "director" tools schema is now IMMUTABLE.

stdout | packages/renderer/src/services/agent/agent_tools_accessibility.test.ts > Agent Tool Accessibility Audit > Specialist Agent Tool Configurations > should verify all VALID_AGENT_IDS have registered loaders
[AgentRegistry] Agent 'director' loaded successfully

stdout | packages/renderer/src/services/agent/agent_tools_accessibility.test.ts > Agent Tool Accessibility Audit > Specialist Agent Tool Configurations > should verify all VALID_AGENT_IDS have registered loaders
   ✅ director: Creative Director
[AgentRegistry] Loading agent 'screenwriter'...

stdout | packages/renderer/src/services/agent/agent_tools_accessibility.test.ts > Agent Tool Accessibility Audit > Specialist Agent Tool Configurations > should verify all VALID_AGENT_IDS have registered loaders
[FreezeDiagnostic] Freezing Agent "screenwriter" tools schema...
[FreezeDiagnostic] Agent "screenwriter" tools schema is now IMMUTABLE.

stdout | packages/renderer/src/services/agent/agent_tools_accessibility.test.ts > Agent Tool Accessibility Audit > Specialist Agent Tool Configurations > should verify all VALID_AGENT_IDS have registered loaders
[AgentRegistry] Agent 'screenwriter' loaded successfully

stdout | packages/renderer/src/services/agent/agent_tools_accessibility.test.ts > Agent Tool Accessibility Audit > Specialist Agent Tool Configurations > should verify all VALID_AGENT_IDS have registered loaders
   ✅ screenwriter: Screenwriter
[AgentRegistry] Loading agent 'video'...

stdout | packages/renderer/src/services/agent/agent_tools_accessibility.test.ts > Agent Tool Accessibility Audit > Specialist Agent Tool Configurations > should verify all VALID_AGENT_IDS have registered loaders
[FreezeDiagnostic] Freezing Agent "video" tools schema...
[FreezeDiagnostic] Agent "video" tools schema is now IMMUTABLE.

stdout | packages/renderer/src/services/agent/agent_tools_accessibility.test.ts > Agent Tool Accessibility Audit > Specialist Agent Tool Configurations > should verify all VALID_AGENT_IDS have registered loaders
[AgentRegistry] Agent 'video' loaded successfully

stdout | packages/renderer/src/services/agent/agent_tools_accessibility.test.ts > Agent Tool Accessibility Audit > Specialist Agent Tool Configurations > should verify all VALID_AGENT_IDS have registered loaders
   ✅ video: Video Department
[AgentRegistry] Loading agent 'social'...

stdout | packages/renderer/src/services/agent/agent_tools_accessibility.test.ts > Agent Tool Accessibility Audit > Specialist Agent Tool Configurations > should verify all VALID_AGENT_IDS have registered loaders
[FreezeDiagnostic] Freezing Agent "social" tools schema...
[FreezeDiagnostic] Agent "social" tools schema is now IMMUTABLE.

stdout | packages/renderer/src/services/agent/agent_tools_accessibility.test.ts > Agent Tool Accessibility Audit > Specialist Agent Tool Configurations > should verify all VALID_AGENT_IDS have registered loaders
[AgentRegistry] Agent 'social' loaded successfully

stdout | packages/renderer/src/services/agent/agent_tools_accessibility.test.ts > Agent Tool Accessibility Audit > Specialist Agent Tool Configurations > should verify all VALID_AGENT_IDS have registered loaders
   ✅ social: Social Media Department
[AgentRegistry] Loading agent 'publicist'...

stdout | packages/renderer/src/services/agent/agent_tools_accessibility.test.ts > Agent Tool Accessibility Audit > Specialist Agent Tool Configurations > should verify all VALID_AGENT_IDS have registered loaders
[FreezeDiagnostic] Freezing Agent "publicist" tools schema...
[FreezeDiagnostic] Agent "publicist" tools schema is now IMMUTABLE.

stdout | packages/renderer/src/services/agent/agent_tools_accessibility.test.ts > Agent Tool Accessibility Audit > Specialist Agent Tool Configurations > should verify all VALID_AGENT_IDS have registered loaders
[AgentRegistry] Agent 'publicist' loaded successfully

stdout | packages/renderer/src/services/agent/agent_tools_accessibility.test.ts > Agent Tool Accessibility Audit > Specialist Agent Tool Configurations > should verify all VALID_AGENT_IDS have registered loaders
   ✅ publicist: Publicist
[AgentRegistry] Loading agent 'road'...

stdout | packages/renderer/src/services/agent/agent_tools_accessibility.test.ts > Agent Tool Accessibility Audit > Specialist Agent Tool Configurations > should verify all VALID_AGENT_IDS have registered loaders
[FreezeDiagnostic] Freezing Agent "road" tools schema...
[FreezeDiagnostic] Agent "road" tools schema is now IMMUTABLE.

stdout | packages/renderer/src/services/agent/agent_tools_accessibility.test.ts > Agent Tool Accessibility Audit > Specialist Agent Tool Configurations > should verify all VALID_AGENT_IDS have registered loaders
[AgentRegistry] Agent 'road' loaded successfully

stdout | packages/renderer/src/services/agent/agent_tools_accessibility.test.ts > Agent Tool Accessibility Audit > Specialist Agent Tool Configurations > should verify all VALID_AGENT_IDS have registered loaders
   ✅ road: Road Manager
[AgentRegistry] Loading agent 'publishing'...

stdout | packages/renderer/src/services/agent/agent_tools_accessibility.test.ts > Agent Tool Accessibility Audit > Specialist Agent Tool Configurations > should verify all VALID_AGENT_IDS have registered loaders
[FreezeDiagnostic] Freezing Agent "publishing" tools schema...
[FreezeDiagnostic] Agent "publishing" tools schema is now IMMUTABLE.

stdout | packages/renderer/src/services/agent/agent_tools_accessibility.test.ts > Agent Tool Accessibility Audit > Specialist Agent Tool Configurations > should verify all VALID_AGENT_IDS have registered loaders
[AgentRegistry] Agent 'publishing' loaded successfully

stdout | packages/renderer/src/services/agent/agent_tools_accessibility.test.ts > Agent Tool Accessibility Audit > Specialist Agent Tool Configurations > should verify all VALID_AGENT_IDS have registered loaders
   ✅ publishing: Publishing Department
[AgentRegistry] Loading agent 'licensing'...

stdout | packages/renderer/src/services/agent/agent_tools_accessibility.test.ts > Agent Tool Accessibility Audit > Specialist Agent Tool Configurations > should verify all VALID_AGENT_IDS have registered loaders
[FreezeDiagnostic] Freezing Agent "licensing" tools schema...
[FreezeDiagnostic] Agent "licensing" tools schema is now IMMUTABLE.

stdout | packages/renderer/src/services/agent/agent_tools_accessibility.test.ts > Agent Tool Accessibility Audit > Specialist Agent Tool Configurations > should verify all VALID_AGENT_IDS have registered loaders
[AgentRegistry] Agent 'licensing' loaded successfully

stdout | packages/renderer/src/services/agent/agent_tools_accessibility.test.ts > Agent Tool Accessibility Audit > Specialist Agent Tool Configurations > should verify all VALID_AGENT_IDS have registered loaders
   ✅ licensing: Licensing Department
[AgentRegistry] Loading agent 'brand'...

stdout | packages/renderer/src/services/agent/agent_tools_accessibility.test.ts > Agent Tool Accessibility Audit > Specialist Agent Tool Configurations > should verify all VALID_AGENT_IDS have registered loaders
[FreezeDiagnostic] Freezing Agent "brand" tools schema...
[FreezeDiagnostic] Agent "brand" tools schema is now IMMUTABLE.

stdout | packages/renderer/src/services/agent/agent_tools_accessibility.test.ts > Agent Tool Accessibility Audit > Specialist Agent Tool Configurations > should verify all VALID_AGENT_IDS have registered loaders
[AgentRegistry] Agent 'brand' loaded successfully

stdout | packages/renderer/src/services/agent/agent_tools_accessibility.test.ts > Agent Tool Accessibility Audit > Specialist Agent Tool Configurations > should verify all VALID_AGENT_IDS have registered loaders
   ✅ brand: Brand Manager
[AgentRegistry] Loading agent 'devops'...

stdout | packages/renderer/src/services/agent/agent_tools_accessibility.test.ts > Agent Tool Accessibility Audit > Specialist Agent Tool Configurations > should verify all VALID_AGENT_IDS have registered loaders
[FreezeDiagnostic] Freezing Agent "devops" tools schema...
[FreezeDiagnostic] Agent "devops" tools schema is now IMMUTABLE.

stdout | packages/renderer/src/services/agent/agent_tools_accessibility.test.ts > Agent Tool Accessibility Audit > Specialist Agent Tool Configurations > should verify all VALID_AGENT_IDS have registered loaders
[AgentRegistry] Agent 'devops' loaded successfully

stdout | packages/renderer/src/services/agent/agent_tools_accessibility.test.ts > Agent Tool Accessibility Audit > Specialist Agent Tool Configurations > should verify all VALID_AGENT_IDS have registered loaders
   ✅ devops: DevOps / SRE
[AgentRegistry] Loading agent 'security'...

stdout | packages/renderer/src/services/agent/agent_tools_accessibility.test.ts > Agent Tool Accessibility Audit > Specialist Agent Tool Configurations > should verify all VALID_AGENT_IDS have registered loaders
[FreezeDiagnostic] Freezing Agent "security" tools schema...
[FreezeDiagnostic] Agent "security" tools schema is now IMMUTABLE.

stdout | packages/renderer/src/services/agent/agent_tools_accessibility.test.ts > Agent Tool Accessibility Audit > Specialist Agent Tool Configurations > should verify all VALID_AGENT_IDS have registered loaders
[AgentRegistry] Agent 'security' loaded successfully

stdout | packages/renderer/src/services/agent/agent_tools_accessibility.test.ts > Agent Tool Accessibility Audit > Specialist Agent Tool Configurations > should verify all VALID_AGENT_IDS have registered loaders
   ✅ security: Security Guardian
[AgentRegistry] Loading agent 'merchandise'...

stdout | packages/renderer/src/services/agent/agent_tools_accessibility.test.ts > Agent Tool Accessibility Audit > Specialist Agent Tool Configurations > should verify all VALID_AGENT_IDS have registered loaders
[AgentRegistry] Agent 'merchandise' loaded successfully

stdout | packages/renderer/src/services/agent/agent_tools_accessibility.test.ts > Agent Tool Accessibility Audit > Specialist Agent Tool Configurations > should verify all VALID_AGENT_IDS have registered loaders
   ✅ merchandise: Producer
[AgentRegistry] Loading agent 'distribution'...

stdout | packages/renderer/src/services/agent/agent_tools_accessibility.test.ts > Agent Tool Accessibility Audit > Specialist Agent Tool Configurations > should verify all VALID_AGENT_IDS have registered loaders
[FreezeDiagnostic] Freezing Agent "distribution" tools schema...
[FreezeDiagnostic] Agent "distribution" tools schema is now IMMUTABLE.

stdout | packages/renderer/src/services/agent/agent_tools_accessibility.test.ts > Agent Tool Accessibility Audit > Specialist Agent Tool Configurations > should verify all VALID_AGENT_IDS have registered loaders
[AgentRegistry] Agent 'distribution' loaded successfully

stdout | packages/renderer/src/services/agent/agent_tools_accessibility.test.ts > Agent Tool Accessibility Audit > Specialist Agent Tool Configurations > should verify all VALID_AGENT_IDS have registered loaders
   ✅ distribution: Distribution Chief
[AgentRegistry] Loading agent 'music'...

stdout | packages/renderer/src/services/agent/agent_tools_accessibility.test.ts > Agent Tool Accessibility Audit > Specialist Agent Tool Configurations > should verify all VALID_AGENT_IDS have registered loaders
[FreezeDiagnostic] Freezing Agent "music" tools schema...
[FreezeDiagnostic] Agent "music" tools schema is now IMMUTABLE.

stdout | packages/renderer/src/services/agent/agent_tools_accessibility.test.ts > Agent Tool Accessibility Audit > Specialist Agent Tool Configurations > should verify all VALID_AGENT_IDS have registered loaders
[AgentRegistry] Agent 'music' loaded successfully

stdout | packages/renderer/src/services/agent/agent_tools_accessibility.test.ts > Agent Tool Accessibility Audit > Specialist Agent Tool Configurations > should verify all VALID_AGENT_IDS have registered loaders
   ✅ music: Sonic Director
[AgentRegistry] Loading agent 'curriculum'...

stdout | packages/renderer/src/services/agent/agent_tools_accessibility.test.ts > Agent Tool Accessibility Audit > Specialist Agent Tool Configurations > should verify all VALID_AGENT_IDS have registered loaders
[AgentRegistry] Agent 'curriculum' loaded successfully

stdout | packages/renderer/src/services/agent/agent_tools_accessibility.test.ts > Agent Tool Accessibility Audit > Specialist Agent Tool Configurations > should verify all VALID_AGENT_IDS have registered loaders
   ✅ curriculum: Music Education Specialist
[AgentRegistry] Loading agent 'keeper'...

stdout | packages/renderer/src/services/agent/agent_tools_accessibility.test.ts > Agent Tool Accessibility Audit > Specialist Agent Tool Configurations > should verify all VALID_AGENT_IDS have registered loaders
[FreezeDiagnostic] Freezing Agent "keeper" tools schema...
[FreezeDiagnostic] Agent "keeper" tools schema is now IMMUTABLE.

stdout | packages/renderer/src/services/agent/agent_tools_accessibility.test.ts > Agent Tool Accessibility Audit > Specialist Agent Tool Configurations > should verify all VALID_AGENT_IDS have registered loaders
[AgentRegistry] Agent 'keeper' loaded successfully

stdout | packages/renderer/src/services/agent/agent_tools_accessibility.test.ts > Agent Tool Accessibility Audit > Specialist Agent Tool Configurations > should verify all VALID_AGENT_IDS have registered loaders
   ✅ keeper: Keeper

stdout | packages/renderer/src/services/agent/agent_tools_accessibility.test.ts > Agent Tool Accessibility Audit > Specialist Agent Tool Configurations > should verify all VALID_AGENT_IDS have registered loaders
   ✅ generalist: indii Conductor

stdout | packages/renderer/src/services/agent/agent_tools_accessibility.test.ts > Agent Tool Accessibility Audit > Tool Function Implementation Verification > should verify all agent-specific tools have implementations

❌ Missing Tool Implementations:
   - Marketing Department: generate_ab_campaign
   - Marketing Department: deploy_micro_ad_campaign
   - Marketing Department: deploy_email_newsletter
   - Marketing Department: generate_presave_campaign
   - Marketing Department: deploy_sms_blast
   - Marketing Department: enrich_fan_data
   - Marketing Department: generate_influencer_bounty
   - Finance Department: generate_tax_report
   - Video Department: orchestrate_timeline
   - Social Media Department: analyze_sentiment
   - Social Media Department: multi_platform_autopost
   - Social Media Department: dispatch_community_webhook
   - Road Manager: generate_visa_checklist
   - Publishing Department: check_pro_catalog

 ✓ packages/renderer/src/services/agent/agent_tools_accessibility.test.ts (7 tests) 130ms
(node:35297) Warning: `--localstorage-file` was provided without a valid path
(Use `node --trace-warnings ...` to show where the warning was created)
stderr | packages/renderer/src/core/components/RightPanel.test.tsx > RightPanel > renders collapsed state with tab buttons
Warning: Received `false` for a non-boolean attribute `initial`.

If you want to write it to the DOM, pass a string instead: initial="false" or initial={value.toString()}.

If you used to conditionally omit it with initial={condition && value}, pass initial={condition ? value : undefined} instead.
    at aside
    at aside (/Volumes/X SSD 2025/Users/narrowchannel/Desktop/indiiOS-Clean/packages/renderer/src/core/components/RightPanel.test.tsx:127:15)
    at RightPanel (/Volumes/X SSD 2025/Users/narrowchannel/Desktop/indiiOS-Clean/packages/renderer/src/core/components/RightPanel.tsx:34:41)

(node:35298) Warning: `--localstorage-file` was provided without a valid path
(Use `node --trace-warnings ...` to show where the warning was created)
 ✓ packages/renderer/src/services/social/SocialService.integration.test.ts (4 tests) 12ms
 ✓ packages/renderer/src/core/components/RightPanel.test.tsx (8 tests) 140ms
 ✓ packages/renderer/src/services/agent/evolution/HelixJSONSafety.test.ts (2 tests) 21ms
(node:35299) Warning: `--localstorage-file` was provided without a valid path
(Use `node --trace-warnings ...` to show where the warning was created)
 ✓ packages/renderer/src/services/ai/context/AIResponseCache.test.ts (5 tests) 28ms
(node:35301) Warning: `--localstorage-file` was provided without a valid path
(Use `node --trace-warnings ...` to show where the warning was created)
(node:35306) Warning: `--localstorage-file` was provided without a valid path
(Use `node --trace-warnings ...` to show where the warning was created)
 ✓ packages/renderer/src/modules/publishing/hooks/useAnalytics.test.ts (7 tests) 113ms
 ✓ packages/renderer/src/services/agent/__tests__/HubAndSpoke.test.ts (40 tests) 129ms
(node:35310) Warning: `--localstorage-file` was provided without a valid path
(Use `node --trace-warnings ...` to show where the warning was created)
(node:35335) Warning: `--localstorage-file` was provided without a valid path
(Use `node --trace-warnings ...` to show where the warning was created)
stdout | packages/main/src/services/HistoryStore.resilience.test.ts > 📚 Keeper: Electron HistoryStore Resilience
[Keeper] Testing resilience in: /var/folders/h5/_k0rmph56n571tfjcqf1ldbh0000gp/T/indii-keeper-test-resilience
[Keeper] Injected corrupted JSON file.

stdout | packages/main/src/services/HistoryStore.resilience.test.ts > 📚 Keeper: Electron HistoryStore Resilience > should have reset to default empty state
13:27:15.719 › [HistoryStore] Initialized at: /var/folders/h5/_k0rmph56n571tfjcqf1ldbh0000gp/T/indii-keeper-test-resilience/chat-history.json

stderr | packages/main/src/services/HistoryStore.resilience.test.ts > 📚 Keeper: Electron HistoryStore Resilience > should have reset to default empty state
[MockStore] JSON Parse Error detected (simulating recovery): SyntaxError: Unterminated string in JSON at position 42 (line 1 column 43)
    at JSON.parse (<anonymous>)
    at new Store (/Volumes/X SSD 2025/Users/narrowchannel/Desktop/indiiOS-Clean/packages/main/src/services/HistoryStore.resilience.test.ts:69:50)
    at HistoryStore.get store [as store] (/Volumes/X SSD 2025/Users/narrowchannel/Desktop/indiiOS-Clean/packages/main/src/services/HistoryStore.ts:28:27)
    at HistoryStore.getAll (/Volumes/X SSD 2025/Users/narrowchannel/Desktop/indiiOS-Clean/packages/main/src/services/HistoryStore.ts:52:31)
    at /Volumes/X SSD 2025/Users/narrowchannel/Desktop/indiiOS-Clean/packages/main/src/services/HistoryStore.resilience.test.ts:146:39
    at file:///Volumes/X%20SSD%202025/Users/narrowchannel/Desktop/indiiOS-Clean/node_modules/@vitest/runner/dist/index.js:145:11
    at file:///Volumes/X%20SSD%202025/Users/narrowchannel/Desktop/indiiOS-Clean/node_modules/@vitest/runner/dist/index.js:915:26
    at file:///Volumes/X%20SSD%202025/Users/narrowchannel/Desktop/indiiOS-Clean/node_modules/@vitest/runner/dist/index.js:1243:20
    at new Promise (<anonymous>)
    at runWithTimeout (file:///Volumes/X%20SSD%202025/Users/narrowchannel/Desktop/indiiOS-Clean/node_modules/@vitest/runner/dist/index.js:1209:10)

 ✓ packages/main/src/services/HistoryStore.resilience.test.ts (3 tests) 44ms
 ✓ packages/renderer/src/modules/creative/components/BrandAssetsDrawer.a11y.test.tsx (2 tests) 206ms
(node:35318) Warning: `--localstorage-file` was provided without a valid path
(Use `node --trace-warnings ...` to show where the warning was created)
(node:35321) Warning: `--localstorage-file` was provided without a valid path
(Use `node --trace-warnings ...` to show where the warning was created)
(node:35324) Warning: `--localstorage-file` was provided without a valid path
(Use `node --trace-warnings ...` to show where the warning was created)
stdout | packages/renderer/src/components/project/ResourceTree.ui.test.tsx
[DistributorService] Registered adapter: DistroKid
[DistributorService] Registered adapter: TuneCore
[DistributorService] Registered adapter: CDBaby
[DistributorService] Registered adapter: Symphonic

(node:35325) Warning: `--localstorage-file` was provided without a valid path
(Use `node --trace-warnings ...` to show where the warning was created)
(node:35328) Warning: `--localstorage-file` was provided without a valid path
(Use `node --trace-warnings ...` to show where the warning was created)
(node:35327) Warning: `--localstorage-file` was provided without a valid path
(Use `node --trace-warnings ...` to show where the warning was created)
stderr | packages/main/src/handlers/distribution_sandbox.security.test.ts > 🛡️ Shield: Distribution Sandbox Escape Test > should BLOCK attempts to write files outside the staging directory (Path Traversal)
13:27:17.626 › [Distribution] Stage release failed: Error: File name must not contain path traversal characters
    at Object.<anonymous> (/Volumes/X SSD 2025/Users/narrowchannel/Desktop/indiiOS-Clean/packages/main/src/handlers/distribution_sandbox.security.test.ts:68:27)
    at Object.Mock [as parse] (file:///Volumes/X%20SSD%202025/Users/narrowchannel/Desktop/indiiOS-Clean/node_modules/@vitest/spy/dist/index.js:285:34)
    at /Volumes/X SSD 2025/Users/narrowchannel/Desktop/indiiOS-Clean/packages/main/src/handlers/distribution.ts:41:62
    at invoke (/Volumes/X SSD 2025/Users/narrowchannel/Desktop/indiiOS-Clean/packages/main/src/handlers/distribution_sandbox.security.test.ts:118:16)
    at /Volumes/X SSD 2025/Users/narrowchannel/Desktop/indiiOS-Clean/packages/main/src/handlers/distribution_sandbox.security.test.ts:131:30
    at file:///Volumes/X%20SSD%202025/Users/narrowchannel/Desktop/indiiOS-Clean/node_modules/@vitest/runner/dist/index.js:145:11
    at file:///Volumes/X%20SSD%202025/Users/narrowchannel/Desktop/indiiOS-Clean/node_modules/@vitest/runner/dist/index.js:915:26
    at file:///Volumes/X%20SSD%202025/Users/narrowchannel/Desktop/indiiOS-Clean/node_modules/@vitest/runner/dist/index.js:1243:20
    at new Promise (<anonymous>)
    at runWithTimeout (file:///Volumes/X%20SSD%202025/Users/narrowchannel/Desktop/indiiOS-Clean/node_modules/@vitest/runner/dist/index.js:1209:10)

stderr | packages/main/src/handlers/distribution_sandbox.security.test.ts > 🛡️ Shield: Distribution Sandbox Escape Test > should BLOCK attempts to read sensitive system files (LFI)
13:27:17.636 › [Distribution] Stage release failed: Error: Security Violation: Access to /etc/passwd is denied. File was not authorized by user.
    at /Volumes/X SSD 2025/Users/narrowchannel/Desktop/indiiOS-Clean/packages/main/src/handlers/distribution.ts:89:31
    at processTicksAndRejections (node:internal/process/task_queues:104:5)
    at /Volumes/X SSD 2025/Users/narrowchannel/Desktop/indiiOS-Clean/packages/main/src/handlers/distribution_sandbox.security.test.ts:158:24
    at file:///Volumes/X%20SSD%202025/Users/narrowchannel/Desktop/indiiOS-Clean/node_modules/@vitest/runner/dist/index.js:915:20

stderr | packages/main/src/handlers/distribution_sandbox.security.test.ts > 🛡️ Shield: Distribution Sandbox Escape Test > should BLOCK attempts to read from hidden user directories (~/.ssh)
13:27:17.638 › [Distribution] Stage release failed: Error: Security Violation: Access to /Users/victim/.ssh/id_rsa is denied. File was not authorized by user.
    at /Volumes/X SSD 2025/Users/narrowchannel/Desktop/indiiOS-Clean/packages/main/src/handlers/distribution.ts:89:31
    at processTicksAndRejections (node:internal/process/task_queues:104:5)
    at /Volumes/X SSD 2025/Users/narrowchannel/Desktop/indiiOS-Clean/packages/main/src/handlers/distribution_sandbox.security.test.ts:183:24
    at file:///Volumes/X%20SSD%202025/Users/narrowchannel/Desktop/indiiOS-Clean/node_modules/@vitest/runner/dist/index.js:915:20

stderr | packages/main/src/handlers/distribution_sandbox.security.test.ts > 🛡️ Shield: Distribution Sandbox Escape Test > should BLOCK Symlink attacks pointing to sensitive files
13:27:17.641 › [Distribution] Stage release failed: Error: Security Violation: Access to /Users/victim/Music/my_song.mp3 is denied. File was not authorized by user.
    at /Volumes/X SSD 2025/Users/narrowchannel/Desktop/indiiOS-Clean/packages/main/src/handlers/distribution.ts:89:31
    at processTicksAndRejections (node:internal/process/task_queues:104:5)
    at /Volumes/X SSD 2025/Users/narrowchannel/Desktop/indiiOS-Clean/packages/main/src/handlers/distribution_sandbox.security.test.ts:210:24
    at file:///Volumes/X%20SSD%202025/Users/narrowchannel/Desktop/indiiOS-Clean/node_modules/@vitest/runner/dist/index.js:915:20

stderr | packages/main/src/handlers/distribution_sandbox.security.test.ts > 🛡️ Shield: Distribution Sandbox Escape Test > should BLOCK files with dangerous extensions (.exe, .sh)
13:27:17.647 › [Distribution] Stage release failed: Error: Security Violation: File type '.exe' is not allowed for distribution
    at /Volumes/X SSD 2025/Users/narrowchannel/Desktop/indiiOS-Clean/packages/main/src/handlers/distribution_sandbox.security.test.ts:225:19
    at Mock (file:///Volumes/X%20SSD%202025/Users/narrowchannel/Desktop/indiiOS-Clean/node_modules/@vitest/spy/dist/index.js:285:34)
    at /Volumes/X SSD 2025/Users/narrowchannel/Desktop/indiiOS-Clean/packages/main/src/handlers/distribution.ts:93:21
    at processTicksAndRejections (node:internal/process/task_queues:104:5)
    at /Volumes/X SSD 2025/Users/narrowchannel/Desktop/indiiOS-Clean/packages/main/src/handlers/distribution_sandbox.security.test.ts:240:24
    at file:///Volumes/X%20SSD%202025/Users/narrowchannel/Desktop/indiiOS-Clean/node_modules/@vitest/runner/dist/index.js:915:20

stdout | packages/main/src/handlers/distribution_sandbox.security.test.ts > 🛡️ Shield: Distribution Sandbox Escape Test > should ALLOW valid operations to verify the test harness works
13:27:17.650 › [Distribution] Staged release 123e4567-e89b-12d3-a456-426614174000 at /mock/tmp/indiiOS-releases/123e4567-e89b-12d3-a456-426614174000

 ✓ packages/main/src/handlers/distribution_sandbox.security.test.ts (6 tests) 29ms
stderr | packages/renderer/src/modules/dashboard/components/WorkspaceCanvas.perf.test.tsx > WorkspaceCanvas > renders an image card when an image item is provided
Warning: Received `true` for a non-boolean attribute `layout`.

If you want to write it to the DOM, pass a string instead: layout="true" or layout={value.toString()}.
    at div
    at div (/Volumes/X SSD 2025/Users/narrowchannel/Desktop/indiiOS-Clean/packages/renderer/src/modules/dashboard/components/WorkspaceCanvas.perf.test.tsx:3:13)
    at CanvasCard (/Volumes/X SSD 2025/Users/narrowchannel/Desktop/indiiOS-Clean/packages/renderer/src/modules/dashboard/components/WorkspaceCanvas.tsx:49:3)
    at AnimatePresence (/Volumes/X SSD 2025/Users/narrowchannel/Desktop/indiiOS-Clean/packages/renderer/src/modules/dashboard/components/WorkspaceCanvas.perf.test.tsx:9:23)
    at div
    at div
    at div
    at WorkspaceCanvas (/Volumes/X SSD 2025/Users/narrowchannel/Desktop/indiiOS-Clean/packages/renderer/src/modules/dashboard/components/WorkspaceCanvas.tsx:458:28)

 ✓ packages/renderer/src/modules/creative/components/CreativeGallery.interaction.test.tsx (6 tests) 471ms
     ✓ verifies the Maximize lifecycle (Fixes dead click → setSelectedItem)  351ms
 ✓ packages/renderer/src/modules/founders/FoundersCheckout.test.tsx (3 tests) 112ms
 ✓ packages/renderer/src/modules/dashboard/components/WorkspaceCanvas.perf.test.tsx (4 tests) 255ms
stdout | packages/renderer/src/services/agent/specialists/specialists.test.ts
[FreezeDiagnostic] Freezing Agent "marketing" tools schema...
[FreezeDiagnostic] Agent "marketing" tools schema is now IMMUTABLE.

stdout | packages/renderer/src/services/agent/specialists/specialists.test.ts
[FreezeDiagnostic] Freezing Agent "social" tools schema...
[FreezeDiagnostic] Agent "social" tools schema is now IMMUTABLE.

(node:35334) Warning: `--localstorage-file` was provided without a valid path
(Use `node --trace-warnings ...` to show where the warning was created)
stdout | packages/renderer/src/services/agent/specialists/specialists.test.ts
[FreezeDiagnostic] Freezing Agent "road" tools schema...
[FreezeDiagnostic] Agent "road" tools schema is now IMMUTABLE.

 ✓ packages/renderer/src/components/project/ResourceTree.ui.test.tsx (4 tests) 242ms
stdout | packages/renderer/src/services/agent/specialists/specialists.test.ts
[FreezeDiagnostic] Freezing Agent "licensing" tools schema...
[FreezeDiagnostic] Agent "licensing" tools schema is now IMMUTABLE.

stdout | packages/renderer/src/services/agent/specialists/specialists.test.ts
[FreezeDiagnostic] Freezing Agent "security" tools schema...
[FreezeDiagnostic] Agent "security" tools schema is now IMMUTABLE.

stdout | packages/renderer/src/services/agent/specialists/specialists.test.ts
[FreezeDiagnostic] Freezing Agent "devops" tools schema...
[FreezeDiagnostic] Agent "devops" tools schema is now IMMUTABLE.

stdout | packages/renderer/src/services/agent/specialists/specialists.test.ts
[FreezeDiagnostic] Freezing Agent "music" tools schema...
[FreezeDiagnostic] Agent "music" tools schema is now IMMUTABLE.

stdout | packages/renderer/src/services/agent/specialists/specialists.test.ts
[FreezeDiagnostic] Freezing Agent "marketing" tools schema...
[FreezeDiagnostic] Agent "marketing" tools schema is now IMMUTABLE.
[FreezeDiagnostic] Freezing Agent "legal" tools schema...
[FreezeDiagnostic] Agent "legal" tools schema is now IMMUTABLE.
[FreezeDiagnostic] Freezing Agent "finance" tools schema...
[FreezeDiagnostic] Agent "finance" tools schema is now IMMUTABLE.
[FreezeDiagnostic] Freezing Agent "producer" tools schema...
[FreezeDiagnostic] Agent "producer" tools schema is now IMMUTABLE.
[FreezeDiagnostic] Freezing Agent "director" tools schema...
[FreezeDiagnostic] Agent "director" tools schema is now IMMUTABLE.
[FreezeDiagnostic] Freezing Agent "screenwriter" tools schema...
[FreezeDiagnostic] Agent "screenwriter" tools schema is now IMMUTABLE.
[FreezeDiagnostic] Freezing Agent "video" tools schema...
[FreezeDiagnostic] Agent "video" tools schema is now IMMUTABLE.
[FreezeDiagnostic] Freezing Agent "social" tools schema...
[FreezeDiagnostic] Agent "social" tools schema is now IMMUTABLE.
[FreezeDiagnostic] Freezing Agent "publicist" tools schema...
[FreezeDiagnostic] Agent "publicist" tools schema is now IMMUTABLE.
[FreezeDiagnostic] Freezing Agent "road" tools schema...
[FreezeDiagnostic] Agent "road" tools schema is now IMMUTABLE.
[FreezeDiagnostic] Freezing Agent "publishing" tools schema...
[FreezeDiagnostic] Agent "publishing" tools schema is now IMMUTABLE.
[FreezeDiagnostic] Freezing Agent "licensing" tools schema...
[FreezeDiagnostic] Agent "licensing" tools schema is now IMMUTABLE.
[FreezeDiagnostic] Freezing Agent "brand" tools schema...
[FreezeDiagnostic] Agent "brand" tools schema is now IMMUTABLE.
[FreezeDiagnostic] Freezing Agent "devops" tools schema...
[FreezeDiagnostic] Agent "devops" tools schema is now IMMUTABLE.
[FreezeDiagnostic] Freezing Agent "security" tools schema...
[FreezeDiagnostic] Agent "security" tools schema is now IMMUTABLE.
[FreezeDiagnostic] Freezing Agent "distribution" tools schema...
[FreezeDiagnostic] Agent "distribution" tools schema is now IMMUTABLE.
[FreezeDiagnostic] Freezing Agent "music" tools schema...
[FreezeDiagnostic] Agent "music" tools schema is now IMMUTABLE.

stdout | packages/renderer/src/services/agent/specialists/specialists.test.ts > Specialist Agents Connection > should have Brand, Road, and Marketing agents registered
[AgentRegistry] Loading agent 'brand'...

stdout | packages/renderer/src/services/agent/specialists/specialists.test.ts > Specialist Agents Connection > should have Brand, Road, and Marketing agents registered
[FreezeDiagnostic] Freezing Agent "brand" tools schema...
[FreezeDiagnostic] Agent "brand" tools schema is now IMMUTABLE.

stdout | packages/renderer/src/services/agent/specialists/specialists.test.ts > Specialist Agents Connection > should have Brand, Road, and Marketing agents registered
[AgentRegistry] Agent 'brand' loaded successfully

stdout | packages/renderer/src/services/agent/specialists/specialists.test.ts > Specialist Agents Connection > should have Brand, Road, and Marketing agents registered
[AgentRegistry] Loading agent 'road'...

stdout | packages/renderer/src/services/agent/specialists/specialists.test.ts > Specialist Agents Connection > should have Brand, Road, and Marketing agents registered
[FreezeDiagnostic] Freezing Agent "road" tools schema...
[FreezeDiagnostic] Agent "road" tools schema is now IMMUTABLE.

stdout | packages/renderer/src/services/agent/specialists/specialists.test.ts > Specialist Agents Connection > should have Brand, Road, and Marketing agents registered
[AgentRegistry] Agent 'road' loaded successfully

stdout | packages/renderer/src/services/agent/specialists/specialists.test.ts > Specialist Agents Connection > should have Brand, Road, and Marketing agents registered
[AgentRegistry] Loading agent 'marketing'...

stdout | packages/renderer/src/services/agent/specialists/specialists.test.ts > Specialist Agents Connection > should have Brand, Road, and Marketing agents registered
[FreezeDiagnostic] Freezing Agent "marketing" tools schema...
[FreezeDiagnostic] Agent "marketing" tools schema is now IMMUTABLE.

stdout | packages/renderer/src/services/agent/specialists/specialists.test.ts > Specialist Agents Connection > should have Brand, Road, and Marketing agents registered
[AgentRegistry] Agent 'marketing' loaded successfully

stderr | packages/renderer/src/services/agent/tools/__tests__/VideoTools.test.ts > VideoTools > generate_video_chain > should handle service failures gracefully
[Tool:generate_video_chain] execution failed: Error: API Connection Failed
    at /Volumes/X SSD 2025/Users/narrowchannel/Desktop/indiiOS-Clean/packages/renderer/src/services/agent/tools/__tests__/VideoTools.test.ts:464:57
    at file:///Volumes/X%20SSD%202025/Users/narrowchannel/Desktop/indiiOS-Clean/node_modules/@vitest/runner/dist/index.js:145:11
    at file:///Volumes/X%20SSD%202025/Users/narrowchannel/Desktop/indiiOS-Clean/node_modules/@vitest/runner/dist/index.js:915:26
    at file:///Volumes/X%20SSD%202025/Users/narrowchannel/Desktop/indiiOS-Clean/node_modules/@vitest/runner/dist/index.js:1243:20
    at new Promise (<anonymous>)
    at runWithTimeout (file:///Volumes/X%20SSD%202025/Users/narrowchannel/Desktop/indiiOS-Clean/node_modules/@vitest/runner/dist/index.js:1209:10)
    at file:///Volumes/X%20SSD%202025/Users/narrowchannel/Desktop/indiiOS-Clean/node_modules/@vitest/runner/dist/index.js:1653:37
    at Traces.$ (file:///Volumes/X%20SSD%202025/Users/narrowchannel/Desktop/indiiOS-Clean/node_modules/vitest/dist/chunks/traces.CCmnQaNT.js:142:27)
    at trace (file:///Volumes/X%20SSD%202025/Users/narrowchannel/Desktop/indiiOS-Clean/node_modules/vitest/dist/chunks/test.B8ej_ZHS.js:239:21)
    at runTest (file:///Volumes/X%20SSD%202025/Users/narrowchannel/Desktop/indiiOS-Clean/node_modules/@vitest/runner/dist/index.js:1653:12)

stderr | packages/renderer/src/services/agent/specialists/specialists.test.ts > Specialist Agents Connection > should inherit indii Conductor superpowers via BaseAgent
[RAGAgent] Knowledge Base Query Failed for brand: Error: [vitest] No "GeminiRetrieval" export is defined on the "@/services/rag/GeminiRetrievalService" mock. Did you forget to return it from "vi.mock"?
If you need to partially mock a module, you can use "importOriginal" helper inside:

    at VitestMocker.createError (file:///Volumes/X%20SSD%202025/Users/narrowchannel/Desktop/indiiOS-Clean/node_modules/vitest/dist/chunks/startModuleRunner.DEj0jb3e.js:311:17)
    at Object.get (file:///Volumes/X%20SSD%202025/Users/narrowchannel/Desktop/indiiOS-Clean/node_modules/vitest/dist/chunks/startModuleRunner.DEj0jb3e.js:384:16)
    at RAGAgent._executeInternal (/Volumes/X SSD 2025/Users/narrowchannel/Desktop/indiiOS-Clean/packages/renderer/src/services/agent/RAGAgent.ts:37:41)
    at /Volumes/X SSD 2025/Users/narrowchannel/Desktop/indiiOS-Clean/packages/renderer/src/services/agent/BaseAgent.ts:263:35
    at RAGAgent.execute (/Volumes/X SSD 2025/Users/narrowchannel/Desktop/indiiOS-Clean/packages/renderer/src/services/agent/BaseAgent.ts:268:9)
    at /Volumes/X SSD 2025/Users/narrowchannel/Desktop/indiiOS-Clean/packages/renderer/src/services/agent/specialists/specialists.test.ts:113:26
    at processTicksAndRejections (node:internal/process/task_queues:104:5)
    at file:///Volumes/X%20SSD%202025/Users/narrowchannel/Desktop/indiiOS-Clean/node_modules/@vitest/runner/dist/index.js:915:20 {
  codeFrame: 'vi.mock(import("@/services/rag/GeminiRetrievalService"), async (importOriginal) => {\n' +
    '  const actual = await importOriginal()\n' +
    '  return {\n' +
    '    ...actual,\n' +
    '    // your mocked methods\n' +
    '  }\n' +
    '})'
}

 ✓ packages/renderer/src/services/agent/specialists/specialists.test.ts (2 tests) 40ms
 ✓ packages/renderer/src/services/agent/tools/__tests__/VideoTools.test.ts (28 tests) 148ms
(node:35338) Warning: `--localstorage-file` was provided without a valid path
(Use `node --trace-warnings ...` to show where the warning was created)
 ✓ packages/renderer/src/modules/files/FileDashboard.test.tsx (5 tests) 167ms
(node:35341) Warning: `--localstorage-file` was provided without a valid path
(Use `node --trace-warnings ...` to show where the warning was created)
 ✓ packages/renderer/src/modules/video/editor/components/VideoEditor.interaction.test.tsx (5 tests) 229ms
(node:35358) Warning: `--localstorage-file` was provided without a valid path
(Use `node --trace-warnings ...` to show where the warning was created)
(node:35363) Warning: `--localstorage-file` was provided without a valid path
(Use `node --trace-warnings ...` to show where the warning was created)
stdout | packages/renderer/src/services/pod/PrintOnDemandService.test.ts > PrintOnDemandService > Internal Provider — Order Management > should create an order with correct totals
[InternalPOD] Order INT-H0XKY2HBY persisted to Firestore

stdout | packages/renderer/src/services/pod/PrintOnDemandService.test.ts > PrintOnDemandService > Internal Provider — Order Management > should persist order to Firestore
[InternalPOD] Order INT-LJPTDIH8S persisted to Firestore

stdout | packages/renderer/src/services/pod/PrintOnDemandService.test.ts > PrintOnDemandService > Internal Provider — Order Management > should cancel a pending order
[InternalPOD] Order INT-TEST123 cancelled

stderr | packages/renderer/src/services/pod/PrintOnDemandService.test.ts > PrintOnDemandService > Internal Provider — Order Management > should NOT cancel a shipped order
[InternalPOD] Cannot cancel INT-SHIPPED — already shipped

stderr | packages/renderer/src/services/pod/PrintOnDemandService.test.ts > PrintOnDemandService > Internal Provider — Order Management > should return false for nonexistent order cancellation
[InternalPOD] Order INT-GHOST not found

stderr | packages/renderer/src/services/pod/PrintOnDemandService.test.ts > PrintOnDemandService > Provider Orchestration > should fallback to internal for unknown provider
[POD] Provider gooten not found, falling back to internal

 ✓ packages/renderer/src/services/pod/PrintOnDemandService.test.ts (16 tests) 77ms
(node:35356) Warning: `--localstorage-file` was provided without a valid path
(Use `node --trace-warnings ...` to show where the warning was created)
(node:35367) Warning: `--localstorage-file` was provided without a valid path
(Use `node --trace-warnings ...` to show where the warning was created)
(node:35364) Warning: `--localstorage-file` was provided without a valid path
(Use `node --trace-warnings ...` to show where the warning was created)
stdout | packages/renderer/src/services/ai/FirebaseAIService.test.ts > FirebaseAIService > should bootstrap by fetching remote config and initializing model
[FirebaseAIService] App Check Debug: {
  DEV: undefined,
  debugToken: 'mock-debug-token',
  key: 'mock-app-check-key'
}

stdout | packages/renderer/src/services/ai/FirebaseAIService.test.ts > FirebaseAIService > should bootstrap by fetching remote config and initializing model
[FirebaseAIService] Initialized with Firebase AI SDK

stdout | packages/renderer/src/services/ai/FirebaseAIService.test.ts > FirebaseAIService > should enforce safety settings in generateContent
[DEBUG-PAYLOAD] modelName: gemini-3-flash-preview
[DEBUG-PAYLOAD] prompt: "Safe Prompt"...
[DEBUG-PAYLOAD] config: {"temperature":0.5}

stdout | packages/renderer/src/services/ai/FirebaseAIService.test.ts > FirebaseAIService > should enforce safety settings in generateContent
[FirebaseAIService] App Check Debug: {
  DEV: undefined,
  debugToken: 'mock-debug-token',
  key: 'mock-app-check-key'
}

stdout | packages/renderer/src/services/ai/FirebaseAIService.test.ts > FirebaseAIService > should enforce safety settings in generateContent
[FirebaseAIService] Initialized with Firebase AI SDK

stdout | packages/renderer/src/services/ai/FirebaseAIService.test.ts > FirebaseAIService > should auto-initialize on first generateContent call
[DEBUG-PAYLOAD] modelName: gemini-3-flash-preview
[DEBUG-PAYLOAD] prompt: "Test Prompt"...
[DEBUG-PAYLOAD] config: undefined

stdout | packages/renderer/src/services/ai/FirebaseAIService.test.ts > FirebaseAIService > should auto-initialize on first generateContent call
[FirebaseAIService] App Check Debug: {
  DEV: undefined,
  debugToken: 'mock-debug-token',
  key: 'mock-app-check-key'
}

stdout | packages/renderer/src/services/ai/FirebaseAIService.test.ts > FirebaseAIService > should auto-initialize on first generateContent call
[FirebaseAIService] Initialized with Firebase AI SDK

stdout | packages/renderer/src/services/ai/FirebaseAIService.test.ts > FirebaseAIService > should handle generateText with system instructions
[FirebaseAIService] App Check Debug: {
  DEV: undefined,
  debugToken: 'mock-debug-token',
  key: 'mock-app-check-key'
}

stdout | packages/renderer/src/services/ai/FirebaseAIService.test.ts > FirebaseAIService > should handle generateText with system instructions
[FirebaseAIService] Initialized with Firebase AI SDK

stdout | packages/renderer/src/services/ai/FirebaseAIService.test.ts > FirebaseAIService > should handle chat sessions
[FirebaseAIService] App Check Debug: {
  DEV: undefined,
  debugToken: 'mock-debug-token',
  key: 'mock-app-check-key'
}

stdout | packages/renderer/src/services/ai/FirebaseAIService.test.ts > FirebaseAIService > should handle chat sessions
[FirebaseAIService] Initialized with Firebase AI SDK

stdout | packages/renderer/src/services/ai/FirebaseAIService.test.ts > FirebaseAIService > should handle generateStructuredData
[FirebaseAIService] App Check Debug: {
  DEV: undefined,
  debugToken: 'mock-debug-token',
  key: 'mock-app-check-key'
}

stdout | packages/renderer/src/services/ai/FirebaseAIService.test.ts > FirebaseAIService > should handle generateStructuredData
[FirebaseAIService] Initialized with Firebase AI SDK

stdout | packages/renderer/src/services/ai/FirebaseAIService.test.ts > FirebaseAIService > should handle analyzeImage
[FirebaseAIService] App Check Debug: {
  DEV: undefined,
  debugToken: 'mock-debug-token',
  key: 'mock-app-check-key'
}

stdout | packages/renderer/src/services/ai/FirebaseAIService.test.ts > FirebaseAIService > should handle analyzeImage
[FirebaseAIService] Initialized with Firebase AI SDK

stdout | packages/renderer/src/services/ai/FirebaseAIService.test.ts > FirebaseAIService > should handle analyzeMultimodal
[FirebaseAIService] App Check Debug: {
  DEV: undefined,
  debugToken: 'mock-debug-token',
  key: 'mock-app-check-key'
}

stdout | packages/renderer/src/services/ai/FirebaseAIService.test.ts > FirebaseAIService > should handle analyzeMultimodal
[FirebaseAIService] Initialized with Firebase AI SDK

stdout | packages/renderer/src/services/ai/FirebaseAIService.test.ts > FirebaseAIService > should handle generateGroundedContent
[FirebaseAIService] App Check Debug: {
  DEV: undefined,
  debugToken: 'mock-debug-token',
  key: 'mock-app-check-key'
}

stdout | packages/renderer/src/services/ai/FirebaseAIService.test.ts > FirebaseAIService > should handle generateGroundedContent
[FirebaseAIService] Initialized with Firebase AI SDK

stdout | packages/renderer/src/services/ai/FirebaseAIService.test.ts > FirebaseAIService > should handle embedContent
[FirebaseAIService] App Check Debug: {
  DEV: undefined,
  debugToken: 'mock-debug-token',
  key: 'mock-app-check-key'
}

stdout | packages/renderer/src/services/ai/FirebaseAIService.test.ts > FirebaseAIService > should handle embedContent
[FirebaseAIService] Initialized with Firebase AI SDK

stdout | packages/renderer/src/services/ai/FirebaseAIService.test.ts > FirebaseAIService > should handle getLiveModel
[FirebaseAIService] App Check Debug: {
  DEV: undefined,
  debugToken: 'mock-debug-token',
  key: 'mock-app-check-key'
}

stdout | packages/renderer/src/services/ai/FirebaseAIService.test.ts > FirebaseAIService > should handle getLiveModel
[FirebaseAIService] Initialized with Firebase AI SDK

stdout | packages/renderer/src/services/ai/FirebaseAIService.test.ts > FirebaseAIService > should fall back to direct SDK on App Check failure
[FirebaseAIService] App Check Debug: {
  DEV: undefined,
  debugToken: 'mock-debug-token',
  key: 'mock-app-check-key'
}

stderr | packages/renderer/src/services/ai/FirebaseAIService.test.ts > FirebaseAIService > should fall back to direct SDK on App Check failure
[FirebaseAIService] Bootstrap failed, attempting fallback: Error: firebase-app-check-token-invalid
    at /Volumes/X SSD 2025/Users/narrowchannel/Desktop/indiiOS-Clean/packages/renderer/src/services/ai/FirebaseAIService.test.ts:307:59
    at file:///Volumes/X%20SSD%202025/Users/narrowchannel/Desktop/indiiOS-Clean/node_modules/@vitest/runner/dist/index.js:915:20

stdout | packages/renderer/src/services/ai/FirebaseAIService.test.ts > FirebaseAIService > should fall back to direct SDK on App Check failure
[FirebaseAIService] Fallback Mode Initialization: {
  foundKey: true,
  source: 'env.VITE_API_KEY',
  keyPrefix: 'mock-goo...'
}
[FirebaseAIService] Initialized with direct Gemini SDK (fallback mode)

stdout | packages/renderer/src/services/ai/FirebaseAIService.test.ts > FirebaseAIService > should handle content streams
[FirebaseAIService] App Check Debug: {
  DEV: undefined,
  debugToken: 'mock-debug-token',
  key: 'mock-app-check-key'
}

stdout | packages/renderer/src/services/ai/FirebaseAIService.test.ts > FirebaseAIService > should handle content streams
[FirebaseAIService] Initialized with Firebase AI SDK

stdout | packages/renderer/src/services/ai/FirebaseAIService.test.ts > FirebaseAIService > should falling back if bootstrap fails (Resilience)
[FirebaseAIService] App Check Debug: {
  DEV: undefined,
  debugToken: 'mock-debug-token',
  key: 'mock-app-check-key'
}

stdout | packages/renderer/src/services/ai/FirebaseAIService.test.ts > FirebaseAIService > should falling back if bootstrap fails (Resilience)
[FirebaseAIService] Fallback Mode Initialization: {
  foundKey: true,
  source: 'env.VITE_API_KEY',
  keyPrefix: 'mock-goo...'
}
[FirebaseAIService] Initialized with direct Gemini SDK (fallback mode)

stderr | packages/renderer/src/services/ai/FirebaseAIService.test.ts > FirebaseAIService > should falling back if bootstrap fails (Resilience)
[FirebaseAIService] Bootstrap failed, attempting fallback: Error: firebase-app-check-token-invalid
    at /Volumes/X SSD 2025/Users/narrowchannel/Desktop/indiiOS-Clean/packages/renderer/src/services/ai/FirebaseAIService.test.ts:324:59
    at file:///Volumes/X%20SSD%202025/Users/narrowchannel/Desktop/indiiOS-Clean/node_modules/@vitest/runner/dist/index.js:915:20

stdout | packages/renderer/src/services/ai/FirebaseAIService.test.ts > FirebaseAIService > should throw if BOTH primary and fallback fail
[FirebaseAIService] App Check Debug: {
  DEV: undefined,
  debugToken: 'mock-debug-token',
  key: 'mock-app-check-key'
}

stdout | packages/renderer/src/services/ai/FirebaseAIService.test.ts > FirebaseAIService > should throw if BOTH primary and fallback fail
[FirebaseAIService] Fallback Mode Initialization: {
  foundKey: true,
  source: 'env.VITE_API_KEY',
  keyPrefix: 'mock-goo...'
}
[FirebaseAIService] Initialized with direct Gemini SDK (fallback mode)

stderr | packages/renderer/src/services/ai/FirebaseAIService.test.ts > FirebaseAIService > should throw if BOTH primary and fallback fail
[FirebaseAIService] Bootstrap failed, attempting fallback: Error: firebase-app-check-token-invalid
    at /Volumes/X SSD 2025/Users/narrowchannel/Desktop/indiiOS-Clean/packages/renderer/src/services/ai/FirebaseAIService.test.ts:334:59
    at file:///Volumes/X%20SSD%202025/Users/narrowchannel/Desktop/indiiOS-Clean/node_modules/@vitest/runner/dist/index.js:915:20

stdout | packages/renderer/src/services/ai/FirebaseAIService.test.ts > FirebaseAIService > should handle generateVideo with polling
[FirebaseAIService] App Check Debug: {
  DEV: undefined,
  debugToken: 'mock-debug-token',
  key: 'mock-app-check-key'
}

stdout | packages/renderer/src/services/ai/FirebaseAIService.test.ts > FirebaseAIService > should handle generateVideo with polling
[FirebaseAIService] Initialized with Firebase AI SDK

stdout | packages/renderer/src/services/ai/FirebaseAIService.test.ts > FirebaseAIService > should handle generateVideo with polling
[FirebaseAIService] Fallback Mode Initialization: {
  foundKey: true,
  source: 'env.VITE_API_KEY',
  keyPrefix: 'mock-goo...'
}
[FirebaseAIService] Initialized with direct Gemini SDK (fallback mode)

stdout | packages/renderer/src/services/ai/FirebaseAIService.test.ts > FirebaseAIService > should handle generateVideo with polling
[FirebaseAI] generateVideo() — entering circuit breaker... { model: 'veo-v1', promptLength: 15, breakerState: 'CLOSED' }

stdout | packages/renderer/src/services/ai/FirebaseAIService.test.ts > FirebaseAIService > should handle generateVideo with polling
[FirebaseAI] Delegating to MediaGenerator...

stdout | packages/renderer/src/services/ai/FirebaseAIService.test.ts > FirebaseAIService > should handle generateVideo with polling
[MediaGenerator] Generating video with @google/genai SDK: {
  model: 'veo-v1',
  promptLength: 15,
  promptPreview: 'Cinematic video',
  durationSeconds: 5,
  clampedDuration: 5,
  hasImage: false,
  config: '{"numberOfVideos":1,"durationSeconds":5,"aspectRatio":"16:9"}',
  timeoutMs: 60000
}
[MediaGenerator] 🚀 Submitting generateVideos request...

stdout | packages/renderer/src/services/ai/FirebaseAIService.test.ts > FirebaseAIService > should handle generateVideo with polling
[MediaGenerator] ✅ Operation created successfully. {
  operationName: '(no name)',
  done: false,
  hasResponse: false,
  hasError: false
}

stdout | packages/renderer/src/services/ai/FirebaseAIService.test.ts > FirebaseAIService > should handle generateVideo with polling
[MediaGenerator] Poll 1/6: {
  done: true,
  hasResponse: true,
  hasError: false,
  videoCount: 1,
  raiFiltered: 0
}
[MediaGenerator] First poll — operation keys: [ 'done', 'response' ]
[MediaGenerator] First poll — response keys: [ 'generatedVideos' ]
[MediaGenerator] ✅ Operation completed. Extracting results...
[MediaGenerator] Response inspection: {
  hasResponse: true,
  generatedVideoCount: 1,
  hasError: false,
  raiFilteredCount: 0,
  raiReasons: [],
  responseKeys: [ 'generatedVideos' ]
}
[MediaGenerator] First video inspection: {
  hasUri: true,
  uriPreview: 'http://video.mp4',
  hasVideoBytes: false,
  videoBytesLength: 0,
  mimeType: '(not set)',
  videoKeys: [ 'uri' ]
}
[MediaGenerator] ✅ Video URI received, fetching bytes for playback...
[MediaGenerator] Fetching video bytes from authenticated URI...

stderr | packages/renderer/src/services/ai/FirebaseAIService.test.ts > FirebaseAIService > should handle generateVideo with polling
[MediaGenerator] ⚠️ Failed to fetch video bytes (fetch unavailable in tests), falling back to raw URI

stdout | packages/renderer/src/services/ai/FirebaseAIService.test.ts > FirebaseAIService > should handle generateVideo with polling
[FirebaseAI] generateVideo() — success. URL length: 16

stdout | packages/renderer/src/services/ai/FirebaseAIService.test.ts > FirebaseAIService > should retry on transient errors
[DEBUG-PAYLOAD] modelName: gemini-3-flash-preview
[DEBUG-PAYLOAD] prompt: "Retry me"...
[DEBUG-PAYLOAD] config: undefined

stdout | packages/renderer/src/services/ai/FirebaseAIService.test.ts > FirebaseAIService > should retry on transient errors
[FirebaseAIService] App Check Debug: {
  DEV: undefined,
  debugToken: 'mock-debug-token',
  key: 'mock-app-check-key'
}

stdout | packages/renderer/src/services/ai/FirebaseAIService.test.ts > FirebaseAIService > should retry on transient errors
[FirebaseAIService] Initialized with Firebase AI SDK

stderr | packages/renderer/src/services/ai/FirebaseAIService.test.ts > FirebaseAIService > should retry on transient errors
[FirebaseAIService] Transient error, retrying in 1122ms... (Attempt 1/3)

stderr | packages/renderer/src/services/ai/FirebaseAIService.test.ts > FirebaseAIService > should retry on transient errors
[FirebaseAIService] Transient error, retrying in 2036ms... (Attempt 2/3)

stdout | packages/renderer/src/services/ai/FirebaseAIService.test.ts > FirebaseAIService > should abort retry if user cancels
[DEBUG-PAYLOAD] modelName: gemini-3-flash-preview
[DEBUG-PAYLOAD] prompt: "Cancel me"...
[DEBUG-PAYLOAD] config: undefined

stdout | packages/renderer/src/services/ai/FirebaseAIService.test.ts > FirebaseAIService > should abort retry if user cancels
[FirebaseAIService] App Check Debug: {
  DEV: undefined,
  debugToken: 'mock-debug-token',
  key: 'mock-app-check-key'
}

stdout | packages/renderer/src/services/ai/FirebaseAIService.test.ts > FirebaseAIService > should abort retry if user cancels
[FirebaseAIService] Initialized with Firebase AI SDK

stderr | packages/renderer/src/services/ai/FirebaseAIService.test.ts > FirebaseAIService > should abort retry if user cancels
[FirebaseAIService] Transient error, retrying in 1172ms... (Attempt 1/3)

stderr | packages/renderer/src/services/ai/FirebaseAIService.test.ts > FirebaseAIService > should abort retry if user cancels
[CircuitBreaker] Failure 1/5 in CLOSED state. Error: Operation cancelled by user during retry backoff

stdout | packages/renderer/src/services/ai/FirebaseAIService.test.ts > FirebaseAIService > should fallback on Firebase Installations API errors
[FirebaseAIService] App Check Debug: {
  DEV: undefined,
  debugToken: 'mock-debug-token',
  key: 'mock-app-check-key'
}

stdout | packages/renderer/src/services/ai/FirebaseAIService.test.ts > FirebaseAIService > should fallback on Firebase Installations API errors
[FirebaseAIService] Fallback Mode Initialization: {
  foundKey: true,
  source: 'env.VITE_API_KEY',
  keyPrefix: 'mock-goo...'
}
[FirebaseAIService] Initialized with direct Gemini SDK (fallback mode)

stderr | packages/renderer/src/services/ai/FirebaseAIService.test.ts > FirebaseAIService > should fallback on Firebase Installations API errors
[FirebaseAIService] Bootstrap failed, attempting fallback: Error: Installations: Create Installation request failed with error "403 PERMISSION_DENIED"
    at /Volumes/X SSD 2025/Users/narrowchannel/Desktop/indiiOS-Clean/packages/renderer/src/services/ai/FirebaseAIService.test.ts:421:59
    at file:///Volumes/X%20SSD%202025/Users/narrowchannel/Desktop/indiiOS-Clean/node_modules/@vitest/runner/dist/index.js:915:20

stdout | packages/renderer/src/services/agent/SchemaLockTest.test.ts
[FreezeDiagnostic] Freezing Agent "marketing" tools schema...
[FreezeDiagnostic] Agent "marketing" tools schema is now IMMUTABLE.

 ✓ packages/renderer/src/services/ai/FirebaseAIService.test.ts (19 tests) 234ms
 ✓ packages/renderer/src/modules/creative/components/CandidatesCarousel.interaction.test.tsx (3 tests) 335ms
     ✓ verifies the selection lifecycle (Click → Callback)  323ms
(node:35368) Warning: `--localstorage-file` was provided without a valid path
(Use `node --trace-warnings ...` to show where the warning was created)
 ✓ packages/renderer/src/modules/history/HistoryDashboard.test.tsx (4 tests) 96ms
(node:35370) Warning: `--localstorage-file` was provided without a valid path
(Use `node --trace-warnings ...` to show where the warning was created)
stdout | packages/renderer/src/services/agent/SchemaLockTest.test.ts
[FreezeDiagnostic] Freezing Agent "social" tools schema...
[FreezeDiagnostic] Agent "social" tools schema is now IMMUTABLE.

stderr | packages/main/src/handlers/network.security.test.ts > 🛡️ Shield: Network IPC Security (SSRF & Fuzzing) > IPC Fuzzer (Input Validation) > should REJECT null input
13:27:20.849 › [Network] Validation failed: [
  {
    code: 'invalid_type',
    expected: 'string',
    received: 'null',
    path: [],
    message: 'Expected string, received null'
  }
]

stderr | packages/main/src/handlers/network.security.test.ts > 🛡️ Shield: Network IPC Security (SSRF & Fuzzing) > IPC Fuzzer (Input Validation) > should REJECT undefined input
13:27:21.000 › [Network] Validation failed: [
  {
    code: 'invalid_type',
    expected: 'string',
    received: 'undefined',
    path: [],
    message: 'Required'
  }
]

stderr | packages/main/src/handlers/network.security.test.ts > 🛡️ Shield: Network IPC Security (SSRF & Fuzzing) > IPC Fuzzer (Input Validation) > should REJECT object input
13:27:21.001 › [Network] Validation failed: [
  {
    code: 'invalid_type',
    expected: 'string',
    received: 'object',
    path: [],
    message: 'Expected string, received object'
  }
]

stderr | packages/main/src/handlers/network.security.test.ts > 🛡️ Shield: Network IPC Security (SSRF & Fuzzing) > IPC Fuzzer (Input Validation) > should REJECT empty string
13:27:21.002 › [Network] Validation failed: [
  {
    validation: 'url',
    code: 'invalid_string',
    message: 'Invalid url',
    path: []
  },
  {
    code: 'custom',
    message: 'Invalid URL: Must be a public HTTP/HTTPS URL. Local/Private IPs are blocked.',
    path: []
  }
]

stderr | packages/main/src/handlers/network.security.test.ts > 🛡️ Shield: Network IPC Security (SSRF & Fuzzing) > IPC Fuzzer (Input Validation) > should REJECT huge string (Buffer Overflow attempt)
13:27:21.002 › [Network] Validation failed: [
  {
    validation: 'url',
    code: 'invalid_string',
    message: 'Invalid url',
    path: []
  },
  {
    code: 'custom',
    message: 'Invalid URL: Must be a public HTTP/HTTPS URL. Local/Private IPs are blocked.',
    path: []
  }
]

stderr | packages/main/src/handlers/network.security.test.ts > 🛡️ Shield: Network IPC Security (SSRF & Fuzzing) > SSRF Prevention (Sandbox Escape) > should BLOCK localhost access
13:27:21.004 › [Network] Validation failed: [
  {
    code: 'custom',
    message: 'Invalid URL: Must be a public HTTP/HTTPS URL. Local/Private IPs are blocked.',
    path: []
  }
]

stderr | packages/main/src/handlers/network.security.test.ts > 🛡️ Shield: Network IPC Security (SSRF & Fuzzing) > SSRF Prevention (Sandbox Escape) > should BLOCK 127.0.0.1 access
13:27:21.008 › [Network] Validation failed: [
  {
    code: 'custom',
    message: 'Invalid URL: Must be a public HTTP/HTTPS URL. Local/Private IPs are blocked.',
    path: []
  }
]

stderr | packages/main/src/handlers/network.security.test.ts > 🛡️ Shield: Network IPC Security (SSRF & Fuzzing) > SSRF Prevention (Sandbox Escape) > should BLOCK Cloud Metadata (AWS)
13:27:21.009 › [Network] Validation failed: [
  {
    code: 'custom',
    message: 'Invalid URL: Must be a public HTTP/HTTPS URL. Local/Private IPs are blocked.',
    path: []
  }
]

stdout | packages/main/src/handlers/network.security.test.ts > 🛡️ Shield: Network IPC Security (SSRF & Fuzzing) > SSRF Prevention (Sandbox Escape) > should BLOCK DNS Rebinding (Public Domain -> Private IP)
13:27:21.014 › [Network] Validating Request: http://evil-internal.com/router-config

stderr | packages/main/src/handlers/network.security.test.ts > 🛡️ Shield: Network IPC Security (SSRF & Fuzzing) > SSRF Prevention (Sandbox Escape) > should BLOCK DNS Rebinding (Public Domain -> Private IP)
13:27:21.015 › [Network] Fetch failed: Error: Security Violation: Domain 'evil-internal.com' resolves to private IP 192.168.1.5.
    at validateSafeHostAsync (/Volumes/X SSD 2025/Users/narrowchannel/Desktop/indiiOS-Clean/packages/main/src/utils/network-security.ts:155:23)
    at processTicksAndRejections (node:internal/process/task_queues:104:5)
    at validateSafeUrlAsync (/Volumes/X SSD 2025/Users/narrowchannel/Desktop/indiiOS-Clean/packages/main/src/utils/network-security.ts:184:5)
    at /Volumes/X SSD 2025/Users/narrowchannel/Desktop/indiiOS-Clean/packages/main/src/handlers/network.ts:16:13

stdout | packages/renderer/src/services/agent/SchemaLockTest.test.ts
[FreezeDiagnostic] Freezing Agent "road" tools schema...
[FreezeDiagnostic] Agent "road" tools schema is now IMMUTABLE.

stdout | packages/renderer/src/services/agent/SchemaLockTest.test.ts
[FreezeDiagnostic] Freezing Agent "licensing" tools schema...
[FreezeDiagnostic] Agent "licensing" tools schema is now IMMUTABLE.

stdout | packages/renderer/src/services/agent/SchemaLockTest.test.ts
[FreezeDiagnostic] Freezing Agent "security" tools schema...
[FreezeDiagnostic] Agent "security" tools schema is now IMMUTABLE.

stdout | packages/renderer/src/services/agent/SchemaLockTest.test.ts
[FreezeDiagnostic] Freezing Agent "devops" tools schema...
[FreezeDiagnostic] Agent "devops" tools schema is now IMMUTABLE.

stdout | packages/renderer/src/services/agent/SchemaLockTest.test.ts
[FreezeDiagnostic] Freezing Agent "music" tools schema...
[FreezeDiagnostic] Agent "music" tools schema is now IMMUTABLE.

stdout | packages/renderer/src/services/agent/SchemaLockTest.test.ts
[FreezeDiagnostic] Freezing Agent "marketing" tools schema...
[FreezeDiagnostic] Agent "marketing" tools schema is now IMMUTABLE.
[FreezeDiagnostic] Freezing Agent "legal" tools schema...
[FreezeDiagnostic] Agent "legal" tools schema is now IMMUTABLE.
[FreezeDiagnostic] Freezing Agent "finance" tools schema...
[FreezeDiagnostic] Agent "finance" tools schema is now IMMUTABLE.
[FreezeDiagnostic] Freezing Agent "producer" tools schema...
[FreezeDiagnostic] Agent "producer" tools schema is now IMMUTABLE.
[FreezeDiagnostic] Freezing Agent "director" tools schema...
[FreezeDiagnostic] Agent "director" tools schema is now IMMUTABLE.
[FreezeDiagnostic] Freezing Agent "screenwriter" tools schema...
[FreezeDiagnostic] Agent "screenwriter" tools schema is now IMMUTABLE.
[FreezeDiagnostic] Freezing Agent "video" tools schema...
[FreezeDiagnostic] Agent "video" tools schema is now IMMUTABLE.
[FreezeDiagnostic] Freezing Agent "social" tools schema...
[FreezeDiagnostic] Agent "social" tools schema is now IMMUTABLE.
[FreezeDiagnostic] Freezing Agent "publicist" tools schema...
[FreezeDiagnostic] Agent "publicist" tools schema is now IMMUTABLE.
[FreezeDiagnostic] Freezing Agent "road" tools schema...
[FreezeDiagnostic] Agent "road" tools schema is now IMMUTABLE.
[FreezeDiagnostic] Freezing Agent "publishing" tools schema...
[FreezeDiagnostic] Agent "publishing" tools schema is now IMMUTABLE.
[FreezeDiagnostic] Freezing Agent "licensing" tools schema...
[FreezeDiagnostic] Agent "licensing" tools schema is now IMMUTABLE.
[FreezeDiagnostic] Freezing Agent "brand" tools schema...
[FreezeDiagnostic] Agent "brand" tools schema is now IMMUTABLE.
[FreezeDiagnostic] Freezing Agent "devops" tools schema...
[FreezeDiagnostic] Agent "devops" tools schema is now IMMUTABLE.
[FreezeDiagnostic] Freezing Agent "security" tools schema...
[FreezeDiagnostic] Agent "security" tools schema is now IMMUTABLE.
[FreezeDiagnostic] Freezing Agent "distribution" tools schema...
[FreezeDiagnostic] Agent "distribution" tools schema is now IMMUTABLE.
[FreezeDiagnostic] Freezing Agent "music" tools schema...
[FreezeDiagnostic] Agent "music" tools schema is now IMMUTABLE.

stdout | packages/renderer/src/services/agent/SchemaLockTest.test.ts > Agent Schema Lock Proof > should stay intact after AgentRegistry access
[AgentRegistry] Loading agent 'brand'...

stdout | packages/main/src/handlers/network.security.test.ts > 🛡️ Shield: Network IPC Security (SSRF & Fuzzing) > SSRF Prevention (Sandbox Escape) > should ALLOW safe public domains
13:27:21.018 › [Network] Validating Request: https://example.com/api/data

stdout | packages/main/src/handlers/network.security.test.ts > 🛡️ Shield: Network IPC Security (SSRF & Fuzzing) > SSRF Prevention (Sandbox Escape) > should ALLOW safe public domains
13:27:21.072 › [Network] Fetching Safe URL: https://example.com/api/data

stderr | packages/main/src/handlers/network.security.test.ts > 🛡️ Shield: Network IPC Security (SSRF & Fuzzing) > Protocol Guard > should BLOCK file:// protocol (Path Traversal)
13:27:21.078 › [Network] Validation failed: [
  {
    code: 'custom',
    message: 'Invalid URL: Must be a public HTTP/HTTPS URL. Local/Private IPs are blocked.',
    path: []
  }
]

stderr | packages/main/src/handlers/network.security.test.ts > 🛡️ Shield: Network IPC Security (SSRF & Fuzzing) > Protocol Guard > should BLOCK ftp:// protocol
13:27:21.079 › [Network] Validation failed: [
  {
    code: 'custom',
    message: 'Invalid URL: Must be a public HTTP/HTTPS URL. Local/Private IPs are blocked.',
    path: []
  }
]

 ✓ packages/main/src/handlers/network.security.test.ts (12 tests) 237ms
stdout | packages/renderer/src/services/agent/SchemaLockTest.test.ts > Agent Schema Lock Proof > should stay intact after AgentRegistry access
[FreezeDiagnostic] Freezing Agent "brand" tools schema...
[FreezeDiagnostic] Agent "brand" tools schema is now IMMUTABLE.

stdout | packages/renderer/src/services/agent/SchemaLockTest.test.ts > Agent Schema Lock Proof > should stay intact after AgentRegistry access
[AgentRegistry] Agent 'brand' loaded successfully

 ✓ packages/renderer/src/services/agent/SchemaLockTest.test.ts (2 tests) 25ms
(node:35375) Warning: `--localstorage-file` was provided without a valid path
(Use `node --trace-warnings ...` to show where the warning was created)
 ✓ packages/main/src/services/SchedulerService.test.ts (25 tests) 86ms
 ✓ packages/renderer/src/modules/marketing/components/CampaignList.test.tsx (3 tests) 173ms
(node:35382) Warning: `--localstorage-file` was provided without a valid path
(Use `node --trace-warnings ...` to show where the warning was created)
 ✓ packages/renderer/src/services/agent/__tests__/AgentMultimodal.test.ts (1 test) 15ms
(node:35389) Warning: `--localstorage-file` was provided without a valid path
(Use `node --trace-warnings ...` to show where the warning was created)
(node:35415) Warning: `--localstorage-file` was provided without a valid path
(Use `node --trace-warnings ...` to show where the warning was created)
(node:35393) Warning: `--localstorage-file` was provided without a valid path
(Use `node --trace-warnings ...` to show where the warning was created)
 ✓ packages/renderer/src/components/ui/prompt-input-auto-label.test.tsx (1 test) 201ms
 ✓ packages/renderer/src/services/agent/tools/__tests__/MarketingTools.integration.test.ts (12 tests) 13ms
stderr | packages/renderer/src/services/video/VideoService.test.ts > VideoService > generateMotionBrush > should throw error if AI content generation fails
Motion Brush Error: Error: AI service unavailable
    at /Volumes/X SSD 2025/Users/narrowchannel/Desktop/indiiOS-Clean/packages/renderer/src/services/video/VideoService.test.ts:161:77
    at file:///Volumes/X%20SSD%202025/Users/narrowchannel/Desktop/indiiOS-Clean/node_modules/@vitest/runner/dist/index.js:145:11
    at file:///Volumes/X%20SSD%202025/Users/narrowchannel/Desktop/indiiOS-Clean/node_modules/@vitest/runner/dist/index.js:915:26
    at file:///Volumes/X%20SSD%202025/Users/narrowchannel/Desktop/indiiOS-Clean/node_modules/@vitest/runner/dist/index.js:1243:20
    at new Promise (<anonymous>)
    at runWithTimeout (file:///Volumes/X%20SSD%202025/Users/narrowchannel/Desktop/indiiOS-Clean/node_modules/@vitest/runner/dist/index.js:1209:10)
    at file:///Volumes/X%20SSD%202025/Users/narrowchannel/Desktop/indiiOS-Clean/node_modules/@vitest/runner/dist/index.js:1653:37
    at Traces.$ (file:///Volumes/X%20SSD%202025/Users/narrowchannel/Desktop/indiiOS-Clean/node_modules/vitest/dist/chunks/traces.CCmnQaNT.js:142:27)
    at trace (file:///Volumes/X%20SSD%202025/Users/narrowchannel/Desktop/indiiOS-Clean/node_modules/vitest/dist/chunks/test.B8ej_ZHS.js:239:21)
    at runTest (file:///Volumes/X%20SSD%202025/Users/narrowchannel/Desktop/indiiOS-Clean/node_modules/@vitest/runner/dist/index.js:1653:12)

stderr | packages/renderer/src/services/video/VideoService.test.ts > VideoService > generateMotionBrush > should throw error if video generation fails
Motion Brush Error: Error: Video generation failed
    at /Volumes/X SSD 2025/Users/narrowchannel/Desktop/indiiOS-Clean/packages/renderer/src/services/video/VideoService.test.ts:179:75
    at file:///Volumes/X%20SSD%202025/Users/narrowchannel/Desktop/indiiOS-Clean/node_modules/@vitest/runner/dist/index.js:145:11
    at file:///Volumes/X%20SSD%202025/Users/narrowchannel/Desktop/indiiOS-Clean/node_modules/@vitest/runner/dist/index.js:915:26
    at file:///Volumes/X%20SSD%202025/Users/narrowchannel/Desktop/indiiOS-Clean/node_modules/@vitest/runner/dist/index.js:1243:20
    at new Promise (<anonymous>)
    at runWithTimeout (file:///Volumes/X%20SSD%202025/Users/narrowchannel/Desktop/indiiOS-Clean/node_modules/@vitest/runner/dist/index.js:1209:10)
    at file:///Volumes/X%20SSD%202025/Users/narrowchannel/Desktop/indiiOS-Clean/node_modules/@vitest/runner/dist/index.js:1653:37
    at Traces.$ (file:///Volumes/X%20SSD%202025/Users/narrowchannel/Desktop/indiiOS-Clean/node_modules/vitest/dist/chunks/traces.CCmnQaNT.js:142:27)
    at trace (file:///Volumes/X%20SSD%202025/Users/narrowchannel/Desktop/indiiOS-Clean/node_modules/vitest/dist/chunks/test.B8ej_ZHS.js:239:21)
    at runTest (file:///Volumes/X%20SSD%202025/Users/narrowchannel/Desktop/indiiOS-Clean/node_modules/@vitest/runner/dist/index.js:1653:12)

stderr | packages/renderer/src/services/video/VideoService.test.ts > VideoService > generateVideo > should throw error on failure
Video Generation Error: Error: Generation error
    at /Volumes/X SSD 2025/Users/narrowchannel/Desktop/indiiOS-Clean/packages/renderer/src/services/video/VideoService.test.ts:256:75
    at file:///Volumes/X%20SSD%202025/Users/narrowchannel/Desktop/indiiOS-Clean/node_modules/@vitest/runner/dist/index.js:145:11
    at file:///Volumes/X%20SSD%202025/Users/narrowchannel/Desktop/indiiOS-Clean/node_modules/@vitest/runner/dist/index.js:915:26
    at file:///Volumes/X%20SSD%202025/Users/narrowchannel/Desktop/indiiOS-Clean/node_modules/@vitest/runner/dist/index.js:1243:20
    at new Promise (<anonymous>)
    at runWithTimeout (file:///Volumes/X%20SSD%202025/Users/narrowchannel/Desktop/indiiOS-Clean/node_modules/@vitest/runner/dist/index.js:1209:10)
    at file:///Volumes/X%20SSD%202025/Users/narrowchannel/Desktop/indiiOS-Clean/node_modules/@vitest/runner/dist/index.js:1653:37
    at Traces.$ (file:///Volumes/X%20SSD%202025/Users/narrowchannel/Desktop/indiiOS-Clean/node_modules/vitest/dist/chunks/traces.CCmnQaNT.js:142:27)
    at trace (file:///Volumes/X%20SSD%202025/Users/narrowchannel/Desktop/indiiOS-Clean/node_modules/vitest/dist/chunks/test.B8ej_ZHS.js:239:21)
    at runTest (file:///Volumes/X%20SSD%202025/Users/narrowchannel/Desktop/indiiOS-Clean/node_modules/@vitest/runner/dist/index.js:1653:12)

stderr | packages/renderer/src/services/video/VideoService.test.ts > VideoService > generateKeyframeTransition > should throw on error
Keyframe Transition Error: Error: Transition failed
    at /Volumes/X SSD 2025/Users/narrowchannel/Desktop/indiiOS-Clean/packages/renderer/src/services/video/VideoService.test.ts:338:75
    at file:///Volumes/X%20SSD%202025/Users/narrowchannel/Desktop/indiiOS-Clean/node_modules/@vitest/runner/dist/index.js:145:11
    at file:///Volumes/X%20SSD%202025/Users/narrowchannel/Desktop/indiiOS-Clean/node_modules/@vitest/runner/dist/index.js:915:26
    at file:///Volumes/X%20SSD%202025/Users/narrowchannel/Desktop/indiiOS-Clean/node_modules/@vitest/runner/dist/index.js:1243:20
    at new Promise (<anonymous>)
    at runWithTimeout (file:///Volumes/X%20SSD%202025/Users/narrowchannel/Desktop/indiiOS-Clean/node_modules/@vitest/runner/dist/index.js:1209:10)
    at file:///Volumes/X%20SSD%202025/Users/narrowchannel/Desktop/indiiOS-Clean/node_modules/@vitest/runner/dist/index.js:1653:37
    at Traces.$ (file:///Volumes/X%20SSD%202025/Users/narrowchannel/Desktop/indiiOS-Clean/node_modules/vitest/dist/chunks/traces.CCmnQaNT.js:142:27)
    at trace (file:///Volumes/X%20SSD%202025/Users/narrowchannel/Desktop/indiiOS-Clean/node_modules/vitest/dist/chunks/test.B8ej_ZHS.js:239:21)
    at runTest (file:///Volumes/X%20SSD%202025/Users/narrowchannel/Desktop/indiiOS-Clean/node_modules/@vitest/runner/dist/index.js:1653:12)

 ✓ packages/renderer/src/services/video/VideoService.test.ts (19 tests) 16ms
(node:35397) Warning: `--localstorage-file` was provided without a valid path
(Use `node --trace-warnings ...` to show where the warning was created)
(node:35392) Warning: `--localstorage-file` was provided without a valid path
(Use `node --trace-warnings ...` to show where the warning was created)
(node:35398) Warning: `--localstorage-file` was provided without a valid path
(Use `node --trace-warnings ...` to show where the warning was created)
stdout | packages/renderer/src/services/distribution/verify-all-adapters.test.ts > All Distribution Adapters Integration > Symphonic Adapter > should connect successfully
[SymphonicAdapter] Attempting real connection...

stdout | packages/renderer/src/services/distribution/verify-all-adapters.test.ts > All Distribution Adapters Integration > Symphonic Adapter > should connect successfully
[SymphonicAdapter] SFTP Connection Verified.
[SymphonicAdapter] Connected successfully.

stdout | packages/renderer/src/services/distribution/verify-all-adapters.test.ts > All Distribution Adapters Integration > Symphonic Adapter > should create release successfully
[Symphonic] Initiating release delivery: Universal Harmony
[Symphonic] Delivering via Electron SFTP...

stdout | packages/renderer/src/services/distribution/verify-all-adapters.test.ts > All Distribution Adapters Integration > Symphonic Adapter > should create release successfully
[Symphonic] Starting SFTP upload: /mock/package -> /deliveries/123456789012

stdout | packages/renderer/src/services/distribution/verify-all-adapters.test.ts > All Distribution Adapters Integration > Symphonic Adapter > should create release successfully
[Symphonic] Upload complete.

stdout | packages/renderer/src/services/distribution/verify-all-adapters.test.ts > All Distribution Adapters Integration > Symphonic Adapter > should create release successfully
[Symphonic] SFTP delivery complete for 123456789012

stdout | packages/renderer/src/services/distribution/verify-all-adapters.test.ts > All Distribution Adapters Integration > DistroKid Adapter > should connect successfully
[DistroKidAdapter] Attempting real connection...

stdout | packages/renderer/src/services/distribution/verify-all-adapters.test.ts > All Distribution Adapters Integration > DistroKid Adapter > should connect successfully
[DistroKidAdapter] SFTP Connection Verified.
[DistroKidAdapter] Connected successfully.

stdout | packages/renderer/src/services/distribution/verify-all-adapters.test.ts > All Distribution Adapters Integration > DistroKid Adapter > should create release successfully
[DistroKid] Executing real SFTP delivery...

stdout | packages/renderer/src/services/distribution/verify-all-adapters.test.ts > All Distribution Adapters Integration > DistroKid Adapter > should create release successfully
[DistroKid] Files staged at /mock/package. Starting upload...
[DistroKid] Starting SFTP upload: /mock/package -> /incoming/123456789012

stdout | packages/renderer/src/services/distribution/verify-all-adapters.test.ts > All Distribution Adapters Integration > DistroKid Adapter > should create release successfully
[DistroKid] Upload complete.

stdout | packages/renderer/src/services/distribution/verify-all-adapters.test.ts > All Distribution Adapters Integration > TuneCore Adapter > should connect successfully
[TuneCoreAdapter] Attempting real connection...

stdout | packages/renderer/src/services/distribution/verify-all-adapters.test.ts > All Distribution Adapters Integration > TuneCore Adapter > should connect successfully
[TuneCoreAdapter] SFTP Connection Verified.
[TuneCoreAdapter] Connected successfully.

stderr | packages/renderer/src/services/distribution/verify-all-adapters.test.ts > All Distribution Adapters Integration > TuneCore Adapter > should create release successfully
[TuneCore] HTTP API delivery failed, returning ERN-ready status: Error: Network unavailable in tests
    at /Volumes/X SSD 2025/Users/narrowchannel/Desktop/indiiOS-Clean/packages/renderer/src/services/distribution/verify-all-adapters.test.ts:51:50
    at processTicksAndRejections (node:internal/process/task_queues:104:5)
    at VitestModuleEvaluator._runInlinedModule (file:///Volumes/X%20SSD%202025/Users/narrowchannel/Desktop/indiiOS-Clean/node_modules/vitest/dist/module-evaluator.js:196:4)
    at VitestModuleRunner.directRequest (file:///Volumes/X%20SSD%202025/Users/narrowchannel/Desktop/indiiOS-Clean/node_modules/vite/dist/node/module-runner.js:1284:61)
    at VitestModuleRunner.cachedRequest (file:///Volumes/X%20SSD%202025/Users/narrowchannel/Desktop/indiiOS-Clean/node_modules/vite/dist/node/module-runner.js:1180:76)
    at VitestModuleRunner.import (file:///Volumes/X%20SSD%202025/Users/narrowchannel/Desktop/indiiOS-Clean/node_modules/vite/dist/node/module-runner.js:1117:12)
    at file:///Volumes/X%20SSD%202025/Users/narrowchannel/Desktop/indiiOS-Clean/node_modules/@vitest/runner/dist/index.js:1385:5
    at collectTests (file:///Volumes/X%20SSD%202025/Users/narrowchannel/Desktop/indiiOS-Clean/node_modules/@vitest/runner/dist/index.js:1365:3)
    at startTests (file:///Volumes/X%20SSD%202025/Users/narrowchannel/Desktop/indiiOS-Clean/node_modules/@vitest/runner/dist/index.js:1937:17)
    at file:///Volumes/X%20SSD%202025/Users/narrowchannel/Desktop/indiiOS-Clean/node_modules/vitest/dist/chunks/base.CJ0Y4ePK.js:86:26

stdout | packages/renderer/src/services/distribution/verify-all-adapters.test.ts > All Distribution Adapters Integration > CDBaby Adapter > should connect successfully
[CDBabyAdapter] Attempting real connection...

stdout | packages/renderer/src/services/distribution/verify-all-adapters.test.ts > All Distribution Adapters Integration > CDBaby Adapter > should connect successfully
[CDBabyAdapter] SFTP Connection Verified.
[CDBabyAdapter] Connected successfully.

stdout | packages/renderer/src/services/distribution/verify-all-adapters.test.ts > All Distribution Adapters Integration > CDBaby Adapter > should create release successfully
[CDBaby] Staging release files...

stdout | packages/renderer/src/services/distribution/verify-all-adapters.test.ts > All Distribution Adapters Integration > CDBaby Adapter > should create release successfully
[CDBaby] Files staged at /mock/package.
[CDBaby] Starting SFTP upload: /mock/package -> /upload/CDB-1776792443592

stdout | packages/renderer/src/services/distribution/verify-all-adapters.test.ts > All Distribution Adapters Integration > CDBaby Adapter > should create release successfully
[CDBaby] Upload complete.

 ✓ packages/renderer/src/services/distribution/verify-all-adapters.test.ts (12 tests) 12ms
stdout | packages/renderer/src/services/firebase.appcheck.test.ts > Firebase App Check Initialization > should NOT initialize App Check in Electron environment (no debug token)
[Firebase] Performance Monitoring not available

(node:35401) Warning: `--localstorage-file` was provided without a valid path
(Use `node --trace-warnings ...` to show where the warning was created)
stdout | packages/renderer/src/services/firebase.appcheck.test.ts > Firebase App Check Initialization > should NOT initialize App Check in Electron environment (no debug token)
[Firebase] Performance Monitoring not available

stdout | packages/renderer/src/services/firebase.appcheck.test.ts > Firebase App Check Initialization > should initialize App Check in Electron environment WITH debug token
[App Check] Initializing in Electron with Debug Token

stdout | packages/renderer/src/services/firebase.appcheck.test.ts
[Firebase] Performance Monitoring not available

 ✓ packages/renderer/src/services/firebase.appcheck.test.ts (3 tests) 98ms
(node:35399) Warning: `--localstorage-file` was provided without a valid path
(Use `node --trace-warnings ...` to show where the warning was created)
stderr | packages/main/src/handlers/agent_security.test.ts > 🛡️ Shield: Agent IPC Security Test > should BLOCK navigation to Localhost (SSRF)
13:27:23.706 › Agent Navigate Failed: ZodError: [
  {
    "code": "custom",
    "message": "Invalid URL: Must be a public HTTP/HTTPS URL. Local/Private IPs are blocked.",
    "path": [
      "url"
    ]
  }
]
    at Object.get error [as error] (file:///Volumes/X%20SSD%202025/Users/narrowchannel/Desktop/indiiOS-Clean/node_modules/zod/v3/types.js:39:31)
    at ZodObject.parse (file:///Volumes/X%20SSD%202025/Users/narrowchannel/Desktop/indiiOS-Clean/node_modules/zod/v3/types.js:114:22)
    at /Volumes/X SSD 2025/Users/narrowchannel/Desktop/indiiOS-Clean/packages/main/src/handlers/agent.ts:86:55
    at invokeHandler (/Volumes/X SSD 2025/Users/narrowchannel/Desktop/indiiOS-Clean/packages/main/src/handlers/agent_security.test.ts:109:16)
    at /Volumes/X SSD 2025/Users/narrowchannel/Desktop/indiiOS-Clean/packages/main/src/handlers/agent_security.test.ts:113:30
    at file:///Volumes/X%20SSD%202025/Users/narrowchannel/Desktop/indiiOS-Clean/node_modules/@vitest/runner/dist/index.js:145:11
    at file:///Volumes/X%20SSD%202025/Users/narrowchannel/Desktop/indiiOS-Clean/node_modules/@vitest/runner/dist/index.js:915:26
    at file:///Volumes/X%20SSD%202025/Users/narrowchannel/Desktop/indiiOS-Clean/node_modules/@vitest/runner/dist/index.js:1243:20
    at new Promise (<anonymous>)
    at runWithTimeout (file:///Volumes/X%20SSD%202025/Users/narrowchannel/Desktop/indiiOS-Clean/node_modules/@vitest/runner/dist/index.js:1209:10)

(node:35422) Warning: `--localstorage-file` was provided without a valid path
(Use `node --trace-warnings ...` to show where the warning was created)
stderr | packages/main/src/handlers/agent_security.test.ts > 🛡️ Shield: Agent IPC Security Test > should BLOCK navigation to Private IPs (127.0.0.1)
13:27:23.719 › Agent Navigate Failed: ZodError: [
  {
    "code": "custom",
    "message": "Invalid URL: Must be a public HTTP/HTTPS URL. Local/Private IPs are blocked.",
    "path": [
      "url"
    ]
  }
]
    at Object.get error [as error] (file:///Volumes/X%20SSD%202025/Users/narrowchannel/Desktop/indiiOS-Clean/node_modules/zod/v3/types.js:39:31)
    at ZodObject.parse (file:///Volumes/X%20SSD%202025/Users/narrowchannel/Desktop/indiiOS-Clean/node_modules/zod/v3/types.js:114:22)
    at /Volumes/X SSD 2025/Users/narrowchannel/Desktop/indiiOS-Clean/packages/main/src/handlers/agent.ts:86:55
    at invokeHandler (/Volumes/X SSD 2025/Users/narrowchannel/Desktop/indiiOS-Clean/packages/main/src/handlers/agent_security.test.ts:109:16)
    at /Volumes/X SSD 2025/Users/narrowchannel/Desktop/indiiOS-Clean/packages/main/src/handlers/agent_security.test.ts:121:30
    at file:///Volumes/X%20SSD%202025/Users/narrowchannel/Desktop/indiiOS-Clean/node_modules/@vitest/runner/dist/index.js:145:11
    at file:///Volumes/X%20SSD%202025/Users/narrowchannel/Desktop/indiiOS-Clean/node_modules/@vitest/runner/dist/index.js:915:26
    at file:///Volumes/X%20SSD%202025/Users/narrowchannel/Desktop/indiiOS-Clean/node_modules/@vitest/runner/dist/index.js:1243:20
    at new Promise (<anonymous>)
    at runWithTimeout (file:///Volumes/X%20SSD%202025/Users/narrowchannel/Desktop/indiiOS-Clean/node_modules/@vitest/runner/dist/index.js:1209:10)

stdout | packages/firebase/src/__tests__/video_generation_pipeline.test.ts > Video Generation Pipeline (Lens) > 🎥 Happy Path: Generates video and saves metadata contract
[Inngest] Starting video generation for Job: job-123 (Thinking: false)
[Inngest] Updating status to processing for job-123

stdout | packages/firebase/src/__tests__/video_generation_pipeline.test.ts > Video Generation Pipeline (Lens) > 🎥 Happy Path: Generates video and saves metadata contract
[Inngest] Status updated to processing for job-123

stdout | packages/firebase/src/__tests__/video_generation_pipeline.test.ts > Video Generation Pipeline (Lens) > 🎥 Happy Path: Generates video and saves metadata contract
[Inngest] Operation started: operations/123

stdout | packages/firebase/src/__tests__/video_generation_pipeline.test.ts > Video Generation Pipeline (Lens) > 🎥 Happy Path: Generates video and saves metadata contract
[Inngest] Final Result from Google AI: {
  "done": true,
  "response": {
    "generateVideoResponse": {
      "generatedSamples": [
        {
          "video": {
            "uri": "https://veo.google/video.mp4"
          }
        }
      ]
    }
  }
}
[Inngest] Found video URI: https://veo.google/video.mp4

stdout | packages/firebase/src/__tests__/video_generation_pipeline.test.ts > Video Generation Pipeline (Lens) > 🎥 Handles "9:16" aspect ratio correctly in metadata
[Inngest] Starting video generation for Job: job-123 (Thinking: false)
[Inngest] Updating status to processing for job-123

stdout | packages/firebase/src/__tests__/video_generation_pipeline.test.ts > Video Generation Pipeline (Lens) > 🎥 Handles "9:16" aspect ratio correctly in metadata
[Inngest] Status updated to processing for job-123

stdout | packages/firebase/src/__tests__/video_generation_pipeline.test.ts > Video Generation Pipeline (Lens) > 🎥 Handles "9:16" aspect ratio correctly in metadata
[Inngest] Operation started: operations/123

stdout | packages/firebase/src/__tests__/video_generation_pipeline.test.ts > Video Generation Pipeline (Lens) > 🎥 Handles "9:16" aspect ratio correctly in metadata
[Inngest] Final Result from Google AI: {
  "done": true,
  "response": {
    "generateVideoResponse": {
      "generatedSamples": [
        {
          "video": {
            "uri": "https://veo.google/video.mp4"
          }
        }
      ]
    }
  }
}
[Inngest] Found video URI: https://veo.google/video.mp4

stdout | packages/firebase/src/__tests__/video_generation_pipeline.test.ts > Video Generation Pipeline (Lens) > ⚡ Flash vs Pro: Verify polling mechanism handles delays
[Inngest] Starting video generation for Job: job-123 (Thinking: false)
[Inngest] Updating status to processing for job-123

stdout | packages/firebase/src/__tests__/video_generation_pipeline.test.ts > Video Generation Pipeline (Lens) > ⚡ Flash vs Pro: Verify polling mechanism handles delays
[Inngest] Status updated to processing for job-123

stdout | packages/firebase/src/__tests__/video_generation_pipeline.test.ts > Video Generation Pipeline (Lens) > ⚡ Flash vs Pro: Verify polling mechanism handles delays
[Inngest] Operation started: operations/slow

stdout | packages/firebase/src/__tests__/video_generation_pipeline.test.ts > Video Generation Pipeline (Lens) > ⚡ Flash vs Pro: Verify polling mechanism handles delays
[Inngest] Final Result from Google AI: {
  "done": true,
  "response": {
    "generateVideoResponse": {
      "generatedSamples": [
        {
          "video": {
            "uri": "https://veo.google/slow.mp4"
          }
        }
      ]
    }
  }
}
[Inngest] Found video URI: https://veo.google/slow.mp4

stdout | packages/firebase/src/__tests__/video_generation_pipeline.test.ts > Video Generation Pipeline (Lens) > 🛑 Handles API Error Gracefully
[Inngest] Starting video generation for Job: job-123 (Thinking: false)
[Inngest] Updating status to processing for job-123

stdout | packages/firebase/src/__tests__/video_generation_pipeline.test.ts > Video Generation Pipeline (Lens) > 🛑 Handles API Error Gracefully
[Inngest] Status updated to processing for job-123

stdout | packages/main/src/services/HistoryStore.test.ts > 📚 Keeper: Electron HistoryStore Persistence
[Keeper] Testing persistence in: /var/folders/h5/_k0rmph56n571tfjcqf1ldbh0000gp/T/indii-keeper-test-persistence

stderr | packages/firebase/src/__tests__/video_generation_pipeline.test.ts > Video Generation Pipeline (Lens) > 🛑 Handles API Error Gracefully
[Inngest] Error in Video Generation (job-123): Error: Vertex AI Trigger Error: 500 Internal Server Error
    at /Volumes/X SSD 2025/Users/narrowchannel/Desktop/indiiOS-Clean/packages/firebase/src/lib/video_generation.ts:260:27
    at processTicksAndRejections (node:internal/process/task_queues:104:5)
    at Object.run (/Volumes/X SSD 2025/Users/narrowchannel/Desktop/indiiOS-Clean/packages/firebase/src/__tests__/video_generation_pipeline.test.ts:89:24)
    at /Volumes/X SSD 2025/Users/narrowchannel/Desktop/indiiOS-Clean/packages/firebase/src/lib/video_generation.ts:62:31
    at /Volumes/X SSD 2025/Users/narrowchannel/Desktop/indiiOS-Clean/packages/firebase/src/__tests__/video_generation_pipeline.test.ts:228:9
    at file:///Volumes/X%20SSD%202025/Users/narrowchannel/Desktop/indiiOS-Clean/node_modules/@vitest/runner/dist/index.js:915:20

stdout | packages/firebase/src/__tests__/video_generation_pipeline.test.ts > Video Generation Pipeline (Lens) > 🛑 Handles "SafetySettings" or Policy Violation
[Inngest] Starting video generation for Job: job-123 (Thinking: false)
[Inngest] Updating status to processing for job-123

stdout | packages/firebase/src/__tests__/video_generation_pipeline.test.ts > Video Generation Pipeline (Lens) > 🛑 Handles "SafetySettings" or Policy Violation
[Inngest] Status updated to processing for job-123

stdout | packages/firebase/src/__tests__/video_generation_pipeline.test.ts > Video Generation Pipeline (Lens) > 🛑 Handles "SafetySettings" or Policy Violation
[Inngest] Operation started: operations/unsafe

stdout | packages/firebase/src/__tests__/video_generation_pipeline.test.ts > Video Generation Pipeline (Lens) > 🛑 Handles "SafetySettings" or Policy Violation
[Inngest] Final Result from Google AI: {
  "done": true,
  "response": {
    "generateVideoResponse": {
      "generatedSamples": []
    }
  }
}

stderr | packages/firebase/src/__tests__/video_generation_pipeline.test.ts > Video Generation Pipeline (Lens) > 🛑 Handles "SafetySettings" or Policy Violation
[Inngest] Error in Video Generation (job-123): Error: No video data or URI/generatedSamples found in operation response: {"generateVideoResponse":{"generatedSamples":[]}}
    at /Volumes/X SSD 2025/Users/narrowchannel/Desktop/indiiOS-Clean/packages/firebase/src/lib/video_generation.ts:417:23
    at Object.run (/Volumes/X SSD 2025/Users/narrowchannel/Desktop/indiiOS-Clean/packages/firebase/src/__tests__/video_generation_pipeline.test.ts:89:30)
    at /Volumes/X SSD 2025/Users/narrowchannel/Desktop/indiiOS-Clean/packages/firebase/src/lib/video_generation.ts:333:55
    at processTicksAndRejections (node:internal/process/task_queues:104:5)
    at /Volumes/X SSD 2025/Users/narrowchannel/Desktop/indiiOS-Clean/packages/firebase/src/__tests__/video_generation_pipeline.test.ts:258:9
    at file:///Volumes/X%20SSD%202025/Users/narrowchannel/Desktop/indiiOS-Clean/node_modules/@vitest/runner/dist/index.js:915:20

 ✓ packages/firebase/src/__tests__/video_generation_pipeline.test.ts (5 tests) 19ms
(node:35402) Warning: `--localstorage-file` was provided without a valid path
(Use `node --trace-warnings ...` to show where the warning was created)
stdout | packages/renderer/src/services/agent/__tests__/DistributionAgent.integration.test.ts
[FreezeDiagnostic] Freezing Agent "marketing" tools schema...
[FreezeDiagnostic] Agent "marketing" tools schema is now IMMUTABLE.

stdout | packages/main/src/services/HistoryStore.test.ts > 📚 Keeper: Electron HistoryStore Persistence > should save session data to disk
13:27:23.828 › [HistoryStore] Initialized at: /var/folders/h5/_k0rmph56n571tfjcqf1ldbh0000gp/T/indii-keeper-test-persistence/chat-history.json

stdout | packages/main/src/services/HistoryStore.test.ts > 📚 Keeper: Electron HistoryStore Persistence > should persist data across "Cold Boot" (store re-instantiation)
13:27:23.835 › [HistoryStore] Initialized at: /var/folders/h5/_k0rmph56n571tfjcqf1ldbh0000gp/T/indii-keeper-test-persistence/chat-history.json
13:27:23.836 › [HistoryStore] Initialized at: /var/folders/h5/_k0rmph56n571tfjcqf1ldbh0000gp/T/indii-keeper-test-persistence/chat-history.json

 ✓ packages/main/src/services/HistoryStore.test.ts (4 tests) 106ms
stderr | packages/main/src/handlers/agent_security.test.ts > 🛡️ Shield: Agent IPC Security Test > should BLOCK navigation to Cloud Metadata (AWS)
13:27:23.839 › Agent Navigate Failed: ZodError: [
  {
    "code": "custom",
    "message": "Invalid URL: Must be a public HTTP/HTTPS URL. Local/Private IPs are blocked.",
    "path": [
      "url"
    ]
  }
]
    at Object.get error [as error] (file:///Volumes/X%20SSD%202025/Users/narrowchannel/Desktop/indiiOS-Clean/node_modules/zod/v3/types.js:39:31)
    at ZodObject.parse (file:///Volumes/X%20SSD%202025/Users/narrowchannel/Desktop/indiiOS-Clean/node_modules/zod/v3/types.js:114:22)
    at /Volumes/X SSD 2025/Users/narrowchannel/Desktop/indiiOS-Clean/packages/main/src/handlers/agent.ts:86:55
    at invokeHandler (/Volumes/X SSD 2025/Users/narrowchannel/Desktop/indiiOS-Clean/packages/main/src/handlers/agent_security.test.ts:109:16)
    at /Volumes/X SSD 2025/Users/narrowchannel/Desktop/indiiOS-Clean/packages/main/src/handlers/agent_security.test.ts:128:30
    at file:///Volumes/X%20SSD%202025/Users/narrowchannel/Desktop/indiiOS-Clean/node_modules/@vitest/runner/dist/index.js:145:11
    at file:///Volumes/X%20SSD%202025/Users/narrowchannel/Desktop/indiiOS-Clean/node_modules/@vitest/runner/dist/index.js:915:26
    at file:///Volumes/X%20SSD%202025/Users/narrowchannel/Desktop/indiiOS-Clean/node_modules/@vitest/runner/dist/index.js:1243:20
    at new Promise (<anonymous>)
    at runWithTimeout (file:///Volumes/X%20SSD%202025/Users/narrowchannel/Desktop/indiiOS-Clean/node_modules/@vitest/runner/dist/index.js:1209:10)

stderr | packages/main/src/handlers/agent_security.test.ts > 🛡️ Shield: Agent IPC Security Test > should BLOCK navigation to Domains resolving to Private IPs (DNS Rebinding)
13:27:23.845 › Agent Navigate Failed: Error: Security Violation: Domain 'internal.corp' resolves to private IP 10.0.0.5.
    at validateSafeHostAsync (/Volumes/X SSD 2025/Users/narrowchannel/Desktop/indiiOS-Clean/packages/main/src/utils/network-security.ts:155:23)
    at processTicksAndRejections (node:internal/process/task_queues:104:5)
    at validateSafeUrlAsync (/Volumes/X SSD 2025/Users/narrowchannel/Desktop/indiiOS-Clean/packages/main/src/utils/network-security.ts:184:5)
    at /Volumes/X SSD 2025/Users/narrowchannel/Desktop/indiiOS-Clean/packages/main/src/handlers/agent.ts:89:17

stderr | packages/main/src/handlers/agent_security.test.ts > 🛡️ Shield: Agent IPC Security Test > should BLOCK malicious protocols (file://)
13:27:23.853 › Agent Navigate Failed: ZodError: [
  {
    "code": "custom",
    "message": "Invalid URL: Must be a public HTTP/HTTPS URL. Local/Private IPs are blocked.",
    "path": [
      "url"
    ]
  }
]
    at Object.get error [as error] (file:///Volumes/X%20SSD%202025/Users/narrowchannel/Desktop/indiiOS-Clean/node_modules/zod/v3/types.js:39:31)
    at ZodObject.parse (file:///Volumes/X%20SSD%202025/Users/narrowchannel/Desktop/indiiOS-Clean/node_modules/zod/v3/types.js:114:22)
    at /Volumes/X SSD 2025/Users/narrowchannel/Desktop/indiiOS-Clean/packages/main/src/handlers/agent.ts:86:55
    at invokeHandler (/Volumes/X SSD 2025/Users/narrowchannel/Desktop/indiiOS-Clean/packages/main/src/handlers/agent_security.test.ts:109:16)
    at /Volumes/X SSD 2025/Users/narrowchannel/Desktop/indiiOS-Clean/packages/main/src/handlers/agent_security.test.ts:151:30
    at file:///Volumes/X%20SSD%202025/Users/narrowchannel/Desktop/indiiOS-Clean/node_modules/@vitest/runner/dist/index.js:145:11
    at file:///Volumes/X%20SSD%202025/Users/narrowchannel/Desktop/indiiOS-Clean/node_modules/@vitest/runner/dist/index.js:915:26
    at file:///Volumes/X%20SSD%202025/Users/narrowchannel/Desktop/indiiOS-Clean/node_modules/@vitest/runner/dist/index.js:1243:20
    at new Promise (<anonymous>)
    at runWithTimeout (file:///Volumes/X%20SSD%202025/Users/narrowchannel/Desktop/indiiOS-Clean/node_modules/@vitest/runner/dist/index.js:1209:10)

 ✓ packages/main/src/handlers/agent_security.test.ts (6 tests) 184ms
stdout | packages/renderer/src/services/agent/__tests__/DistributionAgent.integration.test.ts
[FreezeDiagnostic] Freezing Agent "social" tools schema...
[FreezeDiagnostic] Agent "social" tools schema is now IMMUTABLE.

stdout | packages/renderer/src/services/agent/__tests__/DistributionAgent.integration.test.ts
[FreezeDiagnostic] Freezing Agent "road" tools schema...
[FreezeDiagnostic] Agent "road" tools schema is now IMMUTABLE.

stdout | packages/renderer/src/services/agent/__tests__/DistributionAgent.integration.test.ts
[FreezeDiagnostic] Freezing Agent "licensing" tools schema...
[FreezeDiagnostic] Agent "licensing" tools schema is now IMMUTABLE.

stdout | packages/renderer/src/services/agent/__tests__/DistributionAgent.integration.test.ts
[FreezeDiagnostic] Freezing Agent "security" tools schema...
[FreezeDiagnostic] Agent "security" tools schema is now IMMUTABLE.

stdout | packages/renderer/src/services/agent/__tests__/DistributionAgent.integration.test.ts
[FreezeDiagnostic] Freezing Agent "devops" tools schema...
[FreezeDiagnostic] Agent "devops" tools schema is now IMMUTABLE.

stdout | packages/renderer/src/services/agent/__tests__/DistributionAgent.integration.test.ts
[FreezeDiagnostic] Freezing Agent "music" tools schema...
[FreezeDiagnostic] Agent "music" tools schema is now IMMUTABLE.

stdout | packages/renderer/src/services/agent/__tests__/DistributionAgent.integration.test.ts
[FreezeDiagnostic] Freezing Agent "marketing" tools schema...
[FreezeDiagnostic] Agent "marketing" tools schema is now IMMUTABLE.
[FreezeDiagnostic] Freezing Agent "legal" tools schema...
[FreezeDiagnostic] Agent "legal" tools schema is now IMMUTABLE.
[FreezeDiagnostic] Freezing Agent "finance" tools schema...
[FreezeDiagnostic] Agent "finance" tools schema is now IMMUTABLE.
[FreezeDiagnostic] Freezing Agent "producer" tools schema...
[FreezeDiagnostic] Agent "producer" tools schema is now IMMUTABLE.
[FreezeDiagnostic] Freezing Agent "director" tools schema...
[FreezeDiagnostic] Agent "director" tools schema is now IMMUTABLE.
[FreezeDiagnostic] Freezing Agent "screenwriter" tools schema...
[FreezeDiagnostic] Agent "screenwriter" tools schema is now IMMUTABLE.
[FreezeDiagnostic] Freezing Agent "video" tools schema...
[FreezeDiagnostic] Agent "video" tools schema is now IMMUTABLE.
[FreezeDiagnostic] Freezing Agent "social" tools schema...
[FreezeDiagnostic] Agent "social" tools schema is now IMMUTABLE.
[FreezeDiagnostic] Freezing Agent "publicist" tools schema...
[FreezeDiagnostic] Agent "publicist" tools schema is now IMMUTABLE.
[FreezeDiagnostic] Freezing Agent "road" tools schema...
[FreezeDiagnostic] Agent "road" tools schema is now IMMUTABLE.
[FreezeDiagnostic] Freezing Agent "publishing" tools schema...
[FreezeDiagnostic] Agent "publishing" tools schema is now IMMUTABLE.
[FreezeDiagnostic] Freezing Agent "licensing" tools schema...
[FreezeDiagnostic] Agent "licensing" tools schema is now IMMUTABLE.
[FreezeDiagnostic] Freezing Agent "brand" tools schema...
[FreezeDiagnostic] Agent "brand" tools schema is now IMMUTABLE.
[FreezeDiagnostic] Freezing Agent "devops" tools schema...
[FreezeDiagnostic] Agent "devops" tools schema is now IMMUTABLE.
[FreezeDiagnostic] Freezing Agent "security" tools schema...
[FreezeDiagnostic] Agent "security" tools schema is now IMMUTABLE.
[FreezeDiagnostic] Freezing Agent "distribution" tools schema...
[FreezeDiagnostic] Agent "distribution" tools schema is now IMMUTABLE.
[FreezeDiagnostic] Freezing Agent "music" tools schema...
[FreezeDiagnostic] Agent "music" tools schema is now IMMUTABLE.

stdout | packages/renderer/src/services/agent/__tests__/DistributionAgent.integration.test.ts > DistributionAgent Integration
[AgentRegistry] Loading agent 'distribution'...

 ✓ packages/renderer/src/services/ai/__tests__/QA_Visual.test.tsx (1 test) 266ms
stdout | packages/renderer/src/services/agent/__tests__/DistributionAgent.integration.test.ts > DistributionAgent Integration
[FreezeDiagnostic] Freezing Agent "distribution" tools schema...
[FreezeDiagnostic] Agent "distribution" tools schema is now IMMUTABLE.

stdout | packages/renderer/src/services/agent/__tests__/DistributionAgent.integration.test.ts > DistributionAgent Integration
[AgentRegistry] Agent 'distribution' loaded successfully

 ✓ packages/renderer/src/services/agent/__tests__/DistributionAgent.integration.test.ts (6 tests) 32ms
(node:35424) Warning: `--localstorage-file` was provided without a valid path
(Use `node --trace-warnings ...` to show where the warning was created)
stdout | packages/firebase/src/__tests__/video_generation_metadata.test.ts > Video Generation Metadata > should persist Veo 3.1 metadata to Firestore on completion
[Inngest] Starting video generation for Job: job-123 (Thinking: false)
[Inngest] Updating status to processing for job-123

stdout | packages/firebase/src/__tests__/video_generation_metadata.test.ts > Video Generation Metadata > should persist Veo 3.1 metadata to Firestore on completion
[Inngest] Status updated to processing for job-123

stdout | packages/firebase/src/__tests__/video_generation_metadata.test.ts > Video Generation Metadata > should persist Veo 3.1 metadata to Firestore on completion
[Inngest] Operation started: projects/123/locations/us-central1/operations/op-123

stdout | packages/firebase/src/__tests__/video_generation_metadata.test.ts > Video Generation Metadata > should persist Veo 3.1 metadata to Firestore on completion
[Inngest] Final Result from Google AI: {
  "done": true,
  "response": {
    "generateVideoResponse": {
      "generatedSamples": [
        {
          "video": {
            "uri": "gs://bucket/video.mp4"
          },
          "videoMetadata": {
            "duration": "5s",
            "mimeType": "video/mp4"
          }
        }
      ]
    }
  }
}
[Inngest] Found video URI: gs://bucket/video.mp4

 ✓ packages/firebase/src/__tests__/video_generation_metadata.test.ts (1 test) 6ms
(node:35425) Warning: `--localstorage-file` was provided without a valid path
(Use `node --trace-warnings ...` to show where the warning was created)
(node:35428) Warning: `--localstorage-file` was provided without a valid path
(Use `node --trace-warnings ...` to show where the warning was created)
(node:35431) Warning: `--localstorage-file` was provided without a valid path
(Use `node --trace-warnings ...` to show where the warning was created)
(node:35430) Warning: `--localstorage-file` was provided without a valid path
(Use `node --trace-warnings ...` to show where the warning was created)
stdout | packages/renderer/src/services/ai/__tests__/Caching.test.ts > AI Caching (Browser Environment) > should cache generated text responses
[FirebaseAIService] App Check Debug: {
  DEV: true,
  debugToken: 'test-debug-token',
  key: 'test-app-check-key'
}

 ✓ packages/renderer/src/config/featureFlags.test.ts (24 tests) 102ms
(node:35434) Warning: `--localstorage-file` was provided without a valid path
(Use `node --trace-warnings ...` to show where the warning was created)
stderr | packages/renderer/src/services/ai/__tests__/Caching.test.ts > AI Caching (Browser Environment) > should cache generated text responses
[safeJsonParse] Failed to parse JSON: SyntaxError: Unexpected token 'm', "mock-model" is not valid JSON
    at JSON.parse (<anonymous>)
    at safeJsonParse (/Volumes/X SSD 2025/Users/narrowchannel/Desktop/indiiOS-Clean/packages/renderer/src/services/utils/json.ts:6:21)
    at FirebaseAIService.bootstrap (/Volumes/X SSD 2025/Users/narrowchannel/Desktop/indiiOS-Clean/packages/renderer/src/services/ai/FirebaseAIService.ts:165:40)
    at FirebaseAIService.ensureInitialized (/Volumes/X SSD 2025/Users/narrowchannel/Desktop/indiiOS-Clean/packages/renderer/src/services/ai/FirebaseAIService.ts:1017:13)
    at generateText (/Volumes/X SSD 2025/Users/narrowchannel/Desktop/indiiOS-Clean/packages/renderer/src/services/ai/generators/HighLevelAPI.ts:36:5)

stdout | packages/renderer/src/services/ai/__tests__/Caching.test.ts > AI Caching (Browser Environment) > should cache generated text responses
[FirebaseAIService] Initialized with Firebase AI SDK

 ✓ packages/renderer/src/services/audio/FingerprintService.test.ts (4 tests) 16ms
 ✓ packages/renderer/src/services/ai/__tests__/Caching.test.ts (3 tests) 93ms
 ✓ packages/renderer/src/services/distribution/AudioQCService.test.ts (4 tests) 47ms
(node:35433) Warning: `--localstorage-file` was provided without a valid path
(Use `node --trace-warnings ...` to show where the warning was created)
(node:35436) Warning: `--localstorage-file` was provided without a valid path
(Use `node --trace-warnings ...` to show where the warning was created)
 ✓ packages/main/src/handlers/deeplink.test.ts (8 tests) 6ms
(node:35437) Warning: `--localstorage-file` was provided without a valid path
(Use `node --trace-warnings ...` to show where the warning was created)
stdout | packages/renderer/src/services/agent/MemoryService.test.ts > MemoryService > retrieveRelevantMemories > should rank recent high-importance memories highest
[MemoryService] Searching 3 memories for: "query"

stdout | packages/renderer/src/services/agent/MemoryService.test.ts > MemoryService > retrieveRelevantMemories > should rank recent high-importance memories highest
[MemoryService] Top scores: "recent important…" (0.785 vec=1.000 kw=0.000) | "old important…" (0.672 vec=1.000 kw=0.000) | "recent trivial…" (0.665 vec=1.000 kw=0.000)
[MemoryService] Threshold=0.35, matched=3

stdout | packages/renderer/src/services/agent/MemoryService.test.ts > MemoryService > retrieveRelevantMemories > should update access stats for retrieved items
[MemoryService] Searching 1 memories for: "query"

stdout | packages/renderer/src/services/agent/MemoryService.test.ts > MemoryService > retrieveRelevantMemories > should update access stats for retrieved items
[MemoryService] Top scores: "recent important…" (0.785 vec=1.000 kw=0.000)
[MemoryService] Threshold=0.35, matched=1

stdout | packages/renderer/src/services/agent/MemoryService.test.ts > MemoryService > retrieveRelevantMemories > should filter memories by type
[MemoryService] Searching 3 memories for: "query"
[MemoryService] All memories excluded by metadata filters.

stdout | packages/renderer/src/services/agent/MemoryService.test.ts > MemoryService > retrieveRelevantMemories > should filter memories by type
[MemoryService] Searching 4 memories for: "query"

stdout | packages/renderer/src/services/agent/MemoryService.test.ts > MemoryService > retrieveRelevantMemories > should filter memories by type
[MemoryService] Top scores: "Always do X…" (0.935 vec=1.000 kw=0.000)
[MemoryService] Threshold=0.35, matched=1

stdout | packages/renderer/src/services/agent/MemoryService.test.ts > MemoryService > retrieveRelevantMemories > should filter memories by date range
[MemoryService] Searching 2 memories for: "query"

stdout | packages/renderer/src/services/agent/MemoryService.test.ts > MemoryService > retrieveRelevantMemories > should filter memories by date range
[MemoryService] Top scores: "recent important…" (0.635 vec=1.000 kw=0.000)
[MemoryService] Threshold=0.35, matched=1

stdout | packages/renderer/src/services/agent/MemoryService.test.ts > MemoryService > consolidateMemories > should consolidate memories using AI
[MemoryService] Consolidated 2 memories into 1 summaries.

 ✓ packages/renderer/src/services/agent/MemoryService.test.ts (9 tests) 22ms
 ✓ packages/renderer/src/modules/video/editor/VideoPopout.test.tsx (7 tests) 98ms
 ✓ packages/renderer/src/modules/dashboard/Dashboard.test.tsx (1 test) 95ms
(node:35448) Warning: `--localstorage-file` was provided without a valid path
(Use `node --trace-warnings ...` to show where the warning was created)
 ✓ packages/main/src/security.test.ts (18 tests) 67ms
(node:35450) Warning: `--localstorage-file` was provided without a valid path
(Use `node --trace-warnings ...` to show where the warning was created)
(node:35451) Warning: `--localstorage-file` was provided without a valid path
(Use `node --trace-warnings ...` to show where the warning was created)
(node:35452) Warning: `--localstorage-file` was provided without a valid path
(Use `node --trace-warnings ...` to show where the warning was created)
(node:35453) Warning: `--localstorage-file` was provided without a valid path
(Use `node --trace-warnings ...` to show where the warning was created)
(node:35455) Warning: `--localstorage-file` was provided without a valid path
(Use `node --trace-warnings ...` to show where the warning was created)
stderr | packages/renderer/src/core/store/slices/authSlice.test.ts > AuthSlice > loginAsGuest > should bypass disabled anonymous auth and mock user for founders demo
[Auth] Anonymous Auth blocked by Firebase. Injecting local mock user for Founders Demo.

stdout | packages/renderer/src/core/store/slices/authSlice.test.ts > AuthSlice > initializeAuthListener > should set user on state change
[Auth] Initializing Auth Listener...
[Auth] User went from null to valid — debouncing for 500ms to guard against rapid transitions...
[Auth] Confirmed login after debounce.
[Auth] User went null — debouncing for 500ms to guard against token refresh race...
[Auth] Confirmed logout after debounce.

stdout | packages/renderer/src/core/store/slices/authSlice.test.ts > AuthSlice > initializeAuthListener > should return early with authLoading=false when API key is fake
[Auth] Initializing Auth Listener...

stderr | packages/renderer/src/core/store/slices/authSlice.test.ts > AuthSlice > initializeAuthListener > should return early with authLoading=false when API key is fake
[Auth] No valid API Key found and not in E2E mode.

stdout | packages/renderer/src/core/store/slices/authSlice.test.ts > AuthSlice > initializeAuthListener > should timeout after 10s if onAuthStateChanged never fires
[Auth] Initializing Auth Listener...

stderr | packages/renderer/src/core/store/slices/authSlice.test.ts > AuthSlice > initializeAuthListener > should timeout after 10s if onAuthStateChanged never fires
[Auth] Auth listener timed out after 10s — falling through to login.

stdout | packages/renderer/src/core/store/slices/authSlice.test.ts > AuthSlice > initializeAuthListener > should cancel debounce if valid user arrives during debounce window
[Auth] Initializing Auth Listener...
[Auth] User went from null to valid — debouncing for 500ms to guard against rapid transitions...
[Auth] Confirmed login after debounce.
[Auth] User went null — debouncing for 500ms to guard against token refresh race...

 ✓ packages/renderer/src/core/store/slices/authSlice.test.ts (29 tests) 28ms
(node:35460) Warning: `--localstorage-file` was provided without a valid path
(Use `node --trace-warnings ...` to show where the warning was created)
stdout | packages/renderer/src/services/agent/specialists/specialists_tools.test.ts
[FreezeDiagnostic] Freezing Agent "marketing" tools schema...
[FreezeDiagnostic] Agent "marketing" tools schema is now IMMUTABLE.

stderr | packages/renderer/src/tests/features/video-gen.test.ts > VideoTools Feature > generate_video > should handle generation failures gracefully
[Tool:generate_video] execution failed: Error: API Error
    at /Volumes/X SSD 2025/Users/narrowchannel/Desktop/indiiOS-Clean/packages/renderer/src/tests/features/video-gen.test.ts:113:65
    at file:///Volumes/X%20SSD%202025/Users/narrowchannel/Desktop/indiiOS-Clean/node_modules/@vitest/runner/dist/index.js:145:11
    at file:///Volumes/X%20SSD%202025/Users/narrowchannel/Desktop/indiiOS-Clean/node_modules/@vitest/runner/dist/index.js:915:26
    at file:///Volumes/X%20SSD%202025/Users/narrowchannel/Desktop/indiiOS-Clean/node_modules/@vitest/runner/dist/index.js:1243:20
    at new Promise (<anonymous>)
    at runWithTimeout (file:///Volumes/X%20SSD%202025/Users/narrowchannel/Desktop/indiiOS-Clean/node_modules/@vitest/runner/dist/index.js:1209:10)
    at file:///Volumes/X%20SSD%202025/Users/narrowchannel/Desktop/indiiOS-Clean/node_modules/@vitest/runner/dist/index.js:1653:37
    at Traces.$ (file:///Volumes/X%20SSD%202025/Users/narrowchannel/Desktop/indiiOS-Clean/node_modules/vitest/dist/chunks/traces.CCmnQaNT.js:142:27)
    at trace (file:///Volumes/X%20SSD%202025/Users/narrowchannel/Desktop/indiiOS-Clean/node_modules/vitest/dist/chunks/test.B8ej_ZHS.js:239:21)
    at runTest (file:///Volumes/X%20SSD%202025/Users/narrowchannel/Desktop/indiiOS-Clean/node_modules/@vitest/runner/dist/index.js:1653:12)

 ✓ packages/renderer/src/tests/features/video-gen.test.ts (6 tests) 36ms
stdout | packages/renderer/src/services/agent/tools/DevOpsTools.security.test.ts > 🛡️ Shield: DevOps Tools Security Sandbox > restart_service (Destructive Action) > should ALLOW execution when User APPROVES (Authorized)
[DevOps] Restarting instance: prod-db-primary in us-central1-a

stdout | packages/renderer/src/services/agent/tools/DevOpsTools.security.test.ts > 🛡️ Shield: DevOps Tools Security Sandbox > Safe Read-Only Operations > should NOT require approval for listing instances
[DevOps] Listing GCE instances

 ✓ packages/renderer/src/services/agent/tools/DevOpsTools.security.test.ts (4 tests) 5ms
stderr | packages/renderer/src/services/agent/tools/__tests__/AgentTools.test.ts > Agent Tools Validation > BrandTools > verify_output handles invalid JSON response gracefully
[Tool:verify_output] execution failed: Error: AI Generation Failed
    at /Volumes/X SSD 2025/Users/narrowchannel/Desktop/indiiOS-Clean/packages/renderer/src/services/agent/tools/__tests__/AgentTools.test.ts:55:76
    at file:///Volumes/X%20SSD%202025/Users/narrowchannel/Desktop/indiiOS-Clean/node_modules/@vitest/runner/dist/index.js:145:11
    at file:///Volumes/X%20SSD%202025/Users/narrowchannel/Desktop/indiiOS-Clean/node_modules/@vitest/runner/dist/index.js:915:26
    at file:///Volumes/X%20SSD%202025/Users/narrowchannel/Desktop/indiiOS-Clean/node_modules/@vitest/runner/dist/index.js:1243:20
    at new Promise (<anonymous>)
    at runWithTimeout (file:///Volumes/X%20SSD%202025/Users/narrowchannel/Desktop/indiiOS-Clean/node_modules/@vitest/runner/dist/index.js:1209:10)
    at file:///Volumes/X%20SSD%202025/Users/narrowchannel/Desktop/indiiOS-Clean/node_modules/@vitest/runner/dist/index.js:1653:37
    at Traces.$ (file:///Volumes/X%20SSD%202025/Users/narrowchannel/Desktop/indiiOS-Clean/node_modules/vitest/dist/chunks/traces.CCmnQaNT.js:142:27)
    at trace (file:///Volumes/X%20SSD%202025/Users/narrowchannel/Desktop/indiiOS-Clean/node_modules/vitest/dist/chunks/test.B8ej_ZHS.js:239:21)
    at runTest (file:///Volumes/X%20SSD%202025/Users/narrowchannel/Desktop/indiiOS-Clean/node_modules/@vitest/runner/dist/index.js:1653:12)

stdout | packages/renderer/src/services/agent/tools/__tests__/AgentTools.test.ts > Agent Tools Validation > MarketingTools > create_campaign_brief handles valid JSON response
[MarketingTools] Campaign brief persisted: Test Campaign

 ✓ packages/renderer/src/services/agent/tools/__tests__/AgentTools.test.ts (4 tests) 9ms
stdout | packages/renderer/src/services/agent/specialists/specialists_tools.test.ts
[FreezeDiagnostic] Freezing Agent "social" tools schema...
[FreezeDiagnostic] Agent "social" tools schema is now IMMUTABLE.

stdout | packages/renderer/src/services/video/__tests__/LensVideoVerification.test.ts > 🎥 Lens: Veo 3.1 & Gemini 3 Integration Verification > Prompt Enhancer Flow > should inject camera and motion parameters into the prompt
[VideoGeneration] 🎬 generateVideo() called: {
  promptPreview: 'A Cyberpunk city',
  model: 'veo-3.1-generate-preview',
  duration: 8,
  aspectRatio: undefined,
  hasFirstFrame: false,
  hasLastFrame: false,
  hasReferenceImages: false,
  userId: 'lens-verifier'
}

(node:35461) Warning: `--localstorage-file` was provided without a valid path
(Use `node --trace-warnings ...` to show where the warning was created)
stdout | packages/renderer/src/services/agent/specialists/specialists_tools.test.ts
[FreezeDiagnostic] Freezing Agent "road" tools schema...
[FreezeDiagnostic] Agent "road" tools schema is now IMMUTABLE.

stdout | packages/renderer/src/services/agent/specialists/specialists_tools.test.ts
[FreezeDiagnostic] Freezing Agent "licensing" tools schema...
[FreezeDiagnostic] Agent "licensing" tools schema is now IMMUTABLE.

stdout | packages/renderer/src/services/agent/specialists/specialists_tools.test.ts
[FreezeDiagnostic] Freezing Agent "security" tools schema...
[FreezeDiagnostic] Agent "security" tools schema is now IMMUTABLE.

stdout | packages/renderer/src/services/agent/specialists/specialists_tools.test.ts
[FreezeDiagnostic] Freezing Agent "devops" tools schema...
[FreezeDiagnostic] Agent "devops" tools schema is now IMMUTABLE.

stdout | packages/renderer/src/services/agent/AlwaysOnMemoryEngine.test.ts > AlwaysOnMemoryEngine > should instantiate successfully
[AlwaysOnMemoryEngine] Stopped.

stdout | packages/renderer/src/services/agent/AlwaysOnMemoryEngine.test.ts > AlwaysOnMemoryEngine > Lifecycle Methods > should start and report isRunning = true
[AlwaysOnMemoryEngine] Stopped.
[AlwaysOnMemoryEngine] Started for user test-user-id. Consolidation every 30m.

stdout | packages/renderer/src/services/agent/AlwaysOnMemoryEngine.test.ts > AlwaysOnMemoryEngine > Lifecycle Methods > should start and report isRunning = true
[AlwaysOnMemoryEngine] Stopped.

stdout | packages/renderer/src/services/agent/AlwaysOnMemoryEngine.test.ts > AlwaysOnMemoryEngine > Lifecycle Methods > should stop and report isRunning = false
[AlwaysOnMemoryEngine] Stopped.
[AlwaysOnMemoryEngine] Started for user test-user-id. Consolidation every 30m.
[AlwaysOnMemoryEngine] Stopped.

stdout | packages/renderer/src/services/agent/AlwaysOnMemoryEngine.test.ts > AlwaysOnMemoryEngine > Lifecycle Methods > should stop and report isRunning = false
[AlwaysOnMemoryEngine] Stopped.

stdout | packages/renderer/src/services/agent/AlwaysOnMemoryEngine.test.ts > AlwaysOnMemoryEngine > ingestText > should process text and store as memory
[AlwaysOnMemoryEngine] 📥 Ingested memory #mock-id: This is a test memory fact....

stdout | packages/renderer/src/services/agent/AlwaysOnMemoryEngine.test.ts > AlwaysOnMemoryEngine > ingestText > should process text and store as memory
[AlwaysOnMemoryEngine] Stopped.

stderr | packages/renderer/src/services/agent/AlwaysOnMemoryEngine.test.ts > AlwaysOnMemoryEngine > ingestText > should reject empty text
[AlwaysOnMemoryEngine] Empty text, skipping ingestion.

stdout | packages/renderer/src/services/agent/AlwaysOnMemoryEngine.test.ts > AlwaysOnMemoryEngine > ingestText > should reject empty text
[AlwaysOnMemoryEngine] Stopped.

stdout | packages/renderer/src/services/agent/AlwaysOnMemoryEngine.test.ts > AlwaysOnMemoryEngine > ingestText > should detect duplicates and return existing id
[AlwaysOnMemoryEngine] Duplicate detected, skipping.

stdout | packages/renderer/src/services/agent/specialists/specialists_tools.test.ts
[FreezeDiagnostic] Freezing Agent "music" tools schema...
[FreezeDiagnostic] Agent "music" tools schema is now IMMUTABLE.

stdout | packages/renderer/src/services/agent/AlwaysOnMemoryEngine.test.ts > AlwaysOnMemoryEngine > ingestText > should detect duplicates and return existing id
[AlwaysOnMemoryEngine] Stopped.

stdout | packages/renderer/src/services/video/__tests__/LensVideoVerification.test.ts > 🎥 Lens: Veo 3.1 & Gemini 3 Integration Verification > Prompt Enhancer Flow > should inject camera and motion parameters into the prompt
[VideoGeneration] 🚀 Calling firebaseAI.generateVideo() with: {
  model: 'veo-3.1-generate-preview',
  promptLength: 74,
  hasImage: false,
  config: '{"aspectRatio":"16:9","durationSeconds":8}'
}

 ✓ packages/renderer/src/services/video/__tests__/LensVideoVerification.test.ts (5 tests) 128ms
stdout | packages/renderer/src/services/agent/specialists/specialists_tools.test.ts
[FreezeDiagnostic] Freezing Agent "marketing" tools schema...
[FreezeDiagnostic] Agent "marketing" tools schema is now IMMUTABLE.
[FreezeDiagnostic] Freezing Agent "legal" tools schema...
[FreezeDiagnostic] Agent "legal" tools schema is now IMMUTABLE.
[FreezeDiagnostic] Freezing Agent "finance" tools schema...
[FreezeDiagnostic] Agent "finance" tools schema is now IMMUTABLE.
[FreezeDiagnostic] Freezing Agent "producer" tools schema...
[FreezeDiagnostic] Agent "producer" tools schema is now IMMUTABLE.
[FreezeDiagnostic] Freezing Agent "director" tools schema...
[FreezeDiagnostic] Agent "director" tools schema is now IMMUTABLE.
[FreezeDiagnostic] Freezing Agent "screenwriter" tools schema...
[FreezeDiagnostic] Agent "screenwriter" tools schema is now IMMUTABLE.
[FreezeDiagnostic] Freezing Agent "video" tools schema...
[FreezeDiagnostic] Agent "video" tools schema is now IMMUTABLE.
[FreezeDiagnostic] Freezing Agent "social" tools schema...
[FreezeDiagnostic] Agent "social" tools schema is now IMMUTABLE.
[FreezeDiagnostic] Freezing Agent "publicist" tools schema...
[FreezeDiagnostic] Agent "publicist" tools schema is now IMMUTABLE.
[FreezeDiagnostic] Freezing Agent "road" tools schema...
[FreezeDiagnostic] Agent "road" tools schema is now IMMUTABLE.
[FreezeDiagnostic] Freezing Agent "publishing" tools schema...
[FreezeDiagnostic] Agent "publishing" tools schema is now IMMUTABLE.
[FreezeDiagnostic] Freezing Agent "licensing" tools schema...
[FreezeDiagnostic] Agent "licensing" tools schema is now IMMUTABLE.
[FreezeDiagnostic] Freezing Agent "brand" tools schema...
[FreezeDiagnostic] Agent "brand" tools schema is now IMMUTABLE.
[FreezeDiagnostic] Freezing Agent "devops" tools schema...
[FreezeDiagnostic] Agent "devops" tools schema is now IMMUTABLE.
[FreezeDiagnostic] Freezing Agent "security" tools schema...
[FreezeDiagnostic] Agent "security" tools schema is now IMMUTABLE.
[FreezeDiagnostic] Freezing Agent "distribution" tools schema...
[FreezeDiagnostic] Agent "distribution" tools schema is now IMMUTABLE.
[FreezeDiagnostic] Freezing Agent "music" tools schema...
[FreezeDiagnostic] Agent "music" tools schema is now IMMUTABLE.

stdout | packages/renderer/src/services/agent/specialists/specialists_tools.test.ts > Specialist Agent Tools > DirectorAgent should have visual generation tools
[AgentRegistry] Loading agent 'director'...

stdout | packages/renderer/src/services/agent/AlwaysOnMemoryEngine.test.ts > AlwaysOnMemoryEngine > queryMemory > should return early message when no memories exist
[AlwaysOnMemoryEngine] Stopped.

stdout | packages/renderer/src/services/agent/AlwaysOnMemoryEngine.test.ts > AlwaysOnMemoryEngine > queryMemory > should generate an answer when memories exist
[AlwaysOnMemoryEngine] Stopped.

stdout | packages/renderer/src/services/agent/AlwaysOnMemoryEngine.test.ts > AlwaysOnMemoryEngine > runConsolidation > should skip if insufficient unconsolidated memories
[AlwaysOnMemoryEngine] 🔄 Skipping consolidation (0 unconsolidated, need 2).

stdout | packages/renderer/src/services/agent/AlwaysOnMemoryEngine.test.ts > AlwaysOnMemoryEngine > runConsolidation > should skip if insufficient unconsolidated memories
[AlwaysOnMemoryEngine] Stopped.

stdout | packages/renderer/src/services/agent/AlwaysOnMemoryEngine.test.ts > AlwaysOnMemoryEngine > runConsolidation > should generate an insight when enough unconsolidated memories exist
[AlwaysOnMemoryEngine] 🔄 Running consolidation on 3 memories...

stdout | packages/renderer/src/services/agent/AlwaysOnMemoryEngine.test.ts > AlwaysOnMemoryEngine > runConsolidation > should generate an insight when enough unconsolidated memories exist
[WikiCompiler] Starting compilation for input: Insight: Mock Insight
Context: Mock Summary...

stderr | packages/renderer/src/services/agent/AlwaysOnMemoryEngine.test.ts > AlwaysOnMemoryEngine > runConsolidation > should generate an insight when enough unconsolidated memories exist
[WikiCompiler] Compilation pipeline failed: TypeError: service.set is not a function
    at WikiStorageAdapter.writeWikiDoc (/Volumes/X SSD 2025/Users/narrowchannel/Desktop/indiiOS-Clean/packages/renderer/src/services/agent/memory/WikiStorageAdapter.ts:78:27)
    at processTicksAndRejections (node:internal/process/task_queues:104:5)
    at WikiCompiler.compileInteraction (/Volumes/X SSD 2025/Users/narrowchannel/Desktop/indiiOS-Clean/packages/renderer/src/services/agent/memory/WikiCompiler.ts:78:13)
    at AlwaysOnMemoryEngine.runConsolidation (/Volumes/X SSD 2025/Users/narrowchannel/Desktop/indiiOS-Clean/packages/renderer/src/services/agent/AlwaysOnMemoryEngine.ts:529:13)
    at /Volumes/X SSD 2025/Users/narrowchannel/Desktop/indiiOS-Clean/packages/renderer/src/services/agent/AlwaysOnMemoryEngine.test.ts:232:29
    at file:///Volumes/X%20SSD%202025/Users/narrowchannel/Desktop/indiiOS-Clean/node_modules/@vitest/runner/dist/index.js:915:20

stdout | packages/renderer/src/services/agent/AlwaysOnMemoryEngine.test.ts > AlwaysOnMemoryEngine > runConsolidation > should generate an insight when enough unconsolidated memories exist
[AlwaysOnMemoryEngine] 📥 Ingested memory #mock-id: Consolidation Insight: Mock Insight

Context: Mock Summary...

stdout | packages/renderer/src/services/agent/AlwaysOnMemoryEngine.test.ts > AlwaysOnMemoryEngine > runConsolidation > should generate an insight when enough unconsolidated memories exist
[AlwaysOnMemoryEngine] 🔄 Consolidation complete. Insight: Mock Insight...

stdout | packages/renderer/src/services/agent/AlwaysOnMemoryEngine.test.ts > AlwaysOnMemoryEngine > runConsolidation > should generate an insight when enough unconsolidated memories exist
[AlwaysOnMemoryEngine] Stopped.

stdout | packages/renderer/src/services/agent/AlwaysOnMemoryEngine.test.ts > AlwaysOnMemoryEngine > getStatus > should return correct initial stats
[AlwaysOnMemoryEngine] Stopped.

stdout | packages/renderer/src/services/agent/AlwaysOnMemoryEngine.test.ts > AlwaysOnMemoryEngine > getStatus > should reflect running state after start
[AlwaysOnMemoryEngine] Stopped.
[AlwaysOnMemoryEngine] Started for user test-user-id. Consolidation every 30m.

stdout | packages/renderer/src/services/agent/AlwaysOnMemoryEngine.test.ts > AlwaysOnMemoryEngine > getStatus > should reflect running state after start
[AlwaysOnMemoryEngine] Stopped.

stdout | packages/renderer/src/services/agent/AlwaysOnMemoryEngine.test.ts > AlwaysOnMemoryEngine > getStatus > should return correct counts with memories
[AlwaysOnMemoryEngine] Stopped.

stdout | packages/renderer/src/services/agent/AlwaysOnMemoryEngine.test.ts > AlwaysOnMemoryEngine > clearAll > should delete all data and return counts
[AlwaysOnMemoryEngine] 🗑️ Cleared 2 memories, 1 insights.

stdout | packages/renderer/src/services/agent/AlwaysOnMemoryEngine.test.ts > AlwaysOnMemoryEngine > clearAll > should delete all data and return counts
[AlwaysOnMemoryEngine] Stopped.

 ✓ packages/renderer/src/services/agent/AlwaysOnMemoryEngine.test.ts (14 tests) 46ms
stdout | packages/renderer/src/services/agent/specialists/specialists_tools.test.ts > Specialist Agent Tools > DirectorAgent should have visual generation tools
[FreezeDiagnostic] Freezing Agent "director" tools schema...
[FreezeDiagnostic] Agent "director" tools schema is now IMMUTABLE.

stdout | packages/renderer/src/services/agent/specialists/specialists_tools.test.ts > Specialist Agent Tools > DirectorAgent should have visual generation tools
[AgentRegistry] Agent 'director' loaded successfully

stdout | packages/renderer/src/services/agent/specialists/specialists_tools.test.ts > Specialist Agent Tools > BrandAgent should have verify_output tool
[AgentRegistry] Loading agent 'brand'...

stdout | packages/renderer/src/services/agent/specialists/specialists_tools.test.ts > Specialist Agent Tools > BrandAgent should have verify_output tool
[FreezeDiagnostic] Freezing Agent "brand" tools schema...
[FreezeDiagnostic] Agent "brand" tools schema is now IMMUTABLE.

stdout | packages/renderer/src/services/agent/specialists/specialists_tools.test.ts > Specialist Agent Tools > BrandAgent should have verify_output tool
[AgentRegistry] Agent 'brand' loaded successfully

stdout | packages/renderer/src/services/agent/specialists/specialists_tools.test.ts > Specialist Agent Tools > RoadAgent should have ops tools
[AgentRegistry] Loading agent 'road'...

stdout | packages/renderer/src/services/agent/specialists/specialists_tools.test.ts > Specialist Agent Tools > RoadAgent should have ops tools
[FreezeDiagnostic] Freezing Agent "road" tools schema...
[FreezeDiagnostic] Agent "road" tools schema is now IMMUTABLE.

stdout | packages/renderer/src/services/agent/specialists/specialists_tools.test.ts > Specialist Agent Tools > RoadAgent should have ops tools
[AgentRegistry] Agent 'road' loaded successfully

stdout | packages/renderer/src/services/agent/specialists/specialists_tools.test.ts > Specialist Agent Tools > PublicistAgent should have PR tools
[AgentRegistry] Loading agent 'publicist'...

stdout | packages/renderer/src/services/agent/specialists/specialists_tools.test.ts > Specialist Agent Tools > PublicistAgent should have PR tools
[FreezeDiagnostic] Freezing Agent "publicist" tools schema...
[FreezeDiagnostic] Agent "publicist" tools schema is now IMMUTABLE.

stdout | packages/renderer/src/services/agent/specialists/specialists_tools.test.ts > Specialist Agent Tools > PublicistAgent should have PR tools
[AgentRegistry] Agent 'publicist' loaded successfully

stdout | packages/renderer/src/services/agent/specialists/specialists_tools.test.ts > Specialist Agent Tools > SocialAgent should have social and trend tools
[AgentRegistry] Loading agent 'social'...

stdout | packages/renderer/src/services/agent/specialists/specialists_tools.test.ts > Specialist Agent Tools > SocialAgent should have social and trend tools
[FreezeDiagnostic] Freezing Agent "social" tools schema...
[FreezeDiagnostic] Agent "social" tools schema is now IMMUTABLE.

stdout | packages/renderer/src/services/agent/specialists/specialists_tools.test.ts > Specialist Agent Tools > SocialAgent should have social and trend tools
[AgentRegistry] Agent 'social' loaded successfully

stdout | packages/renderer/src/services/agent/specialists/specialists_tools.test.ts > Specialist Agent Tools > FinanceAgent should have budget tools
[AgentRegistry] Loading agent 'finance'...

stdout | packages/renderer/src/services/agent/specialists/specialists_tools.test.ts > Specialist Agent Tools > FinanceAgent should have budget tools
[FreezeDiagnostic] Freezing Agent "finance" tools schema...
[FreezeDiagnostic] Agent "finance" tools schema is now IMMUTABLE.

stdout | packages/renderer/src/services/agent/specialists/specialists_tools.test.ts > Specialist Agent Tools > FinanceAgent should have budget tools
[AgentRegistry] Agent 'finance' loaded successfully

stdout | packages/renderer/src/services/agent/specialists/specialists_tools.test.ts > Specialist Agent Tools > PublishingAgent should have registration tools
[AgentRegistry] Loading agent 'publishing'...

stdout | packages/renderer/src/services/agent/specialists/specialists_tools.test.ts > Specialist Agent Tools > PublishingAgent should have registration tools
[FreezeDiagnostic] Freezing Agent "publishing" tools schema...
[FreezeDiagnostic] Agent "publishing" tools schema is now IMMUTABLE.

stdout | packages/renderer/src/services/agent/specialists/specialists_tools.test.ts > Specialist Agent Tools > PublishingAgent should have registration tools
[AgentRegistry] Agent 'publishing' loaded successfully

stdout | packages/renderer/src/services/agent/specialists/specialists_tools.test.ts > Specialist Agent Tools > LicensingAgent should have clearance tools
[AgentRegistry] Loading agent 'licensing'...

stdout | packages/renderer/src/services/agent/specialists/specialists_tools.test.ts > Specialist Agent Tools > LicensingAgent should have clearance tools
[FreezeDiagnostic] Freezing Agent "licensing" tools schema...
[FreezeDiagnostic] Agent "licensing" tools schema is now IMMUTABLE.

stdout | packages/renderer/src/services/agent/specialists/specialists_tools.test.ts > Specialist Agent Tools > LicensingAgent should have clearance tools
[AgentRegistry] Agent 'licensing' loaded successfully

 ✓ packages/renderer/src/services/agent/specialists/specialists_tools.test.ts (8 tests) 31ms
(node:35464) Warning: `--localstorage-file` was provided without a valid path
(Use `node --trace-warnings ...` to show where the warning was created)
 ✓ packages/renderer/src/services/pod/PODCredentialService.test.ts (16 tests) 6ms
(node:35479) Warning: `--localstorage-file` was provided without a valid path
(Use `node --trace-warnings ...` to show where the warning was created)
stdout | packages/renderer/src/services/image/__tests__/LensGeminiFlashPro.test.ts > Lens 🎥 - Gemini 3 Flash vs Pro Pipeline > should generate Flash image with low latency configuration
[ImageGen DEBUG] Entering generateImages { prompt: 'A quick sketch of a cat', model: 'fast' }

stdout | packages/renderer/src/services/image/__tests__/LensGeminiFlashPro.test.ts > Lens 🎥 - Gemini 3 Flash vs Pro Pipeline > should generate Flash image with low latency configuration
[ImageGen] Auth token refreshed successfully.

stdout | packages/renderer/src/services/image/__tests__/LensGeminiFlashPro.test.ts > Lens 🎥 - Gemini 3 Flash vs Pro Pipeline > should generate Flash image with low latency configuration
[ImageGen DEBUG] Quota check result: { allowed: true }
[ImageGen DEBUG] Calling generateImageV3
[ImageGen DEBUG] Full payload: {
  model: 'fast',
  aspectRatio: '1:1',
  imageSize: undefined,
  hasImages: false,
  hasThinking: false,
  hasGrounding: false,
  hasHistory: false
}

stdout | packages/renderer/src/services/image/__tests__/LensGeminiFlashPro.test.ts > Lens 🎥 - Gemini 3 Flash vs Pro Pipeline > should generate Flash image with low latency configuration
[ImageGen DEBUG] generateImageV3 returned: { data: { images: [ [Object] ] } }

stdout | packages/renderer/src/services/image/__tests__/LensGeminiFlashPro.test.ts > Lens 🎥 - Gemini 3 Flash vs Pro Pipeline > should generate Flash image with low latency configuration
[MetadataPersistence] ✅ Saved image to users/lens-tester/generated_images/mock-doc-id

stdout | packages/renderer/src/services/image/__tests__/LensGeminiFlashPro.test.ts > Lens 🎥 - Gemini 3 Flash vs Pro Pipeline > should generate Pro image with high fidelity configuration
[ImageGen DEBUG] Entering generateImages { prompt: 'A masterpiece painting of a cat', model: 'pro' }

stdout | packages/renderer/src/services/image/__tests__/LensGeminiFlashPro.test.ts > Lens 🎥 - Gemini 3 Flash vs Pro Pipeline > should generate Pro image with high fidelity configuration
[ImageGen] Auth token refreshed successfully.

stdout | packages/renderer/src/services/image/__tests__/LensGeminiFlashPro.test.ts > Lens 🎥 - Gemini 3 Flash vs Pro Pipeline > should generate Pro image with high fidelity configuration
[ImageGen DEBUG] Quota check result: { allowed: true }
[ImageGen DEBUG] Calling generateImageV3
[ImageGen DEBUG] Full payload: {
  model: 'pro',
  aspectRatio: '1:1',
  imageSize: undefined,
  hasImages: false,
  hasThinking: false,
  hasGrounding: false,
  hasHistory: false
}

stdout | packages/renderer/src/services/image/__tests__/LensGeminiFlashPro.test.ts > Lens 🎥 - Gemini 3 Flash vs Pro Pipeline > should generate Pro image with high fidelity configuration
[ImageGen DEBUG] generateImageV3 returned: { data: { images: [ [Object] ] } }

stdout | packages/renderer/src/services/image/__tests__/LensGeminiFlashPro.test.ts > Lens 🎥 - Gemini 3 Flash vs Pro Pipeline > should generate Pro image with high fidelity configuration
[MetadataPersistence] ✅ Saved image to users/lens-tester/generated_images/mock-doc-id

stdout | packages/renderer/src/services/image/__tests__/LensGeminiFlashPro.test.ts > Lens 🎥 - Gemini 3 Flash vs Pro Pipeline > should support iterative Upscale workflow (Flash -> Pro)
[ImageGen DEBUG] Entering generateImages { prompt: 'Concept art of a futuristic city', model: 'fast' }

stdout | packages/renderer/src/services/image/__tests__/LensGeminiFlashPro.test.ts > Lens 🎥 - Gemini 3 Flash vs Pro Pipeline > should support iterative Upscale workflow (Flash -> Pro)
[ImageGen] Auth token refreshed successfully.

stdout | packages/renderer/src/services/image/__tests__/LensGeminiFlashPro.test.ts > Lens 🎥 - Gemini 3 Flash vs Pro Pipeline > should support iterative Upscale workflow (Flash -> Pro)
[ImageGen DEBUG] Quota check result: { allowed: true }
[ImageGen DEBUG] Calling generateImageV3
[ImageGen DEBUG] Full payload: {
  model: 'fast',
  aspectRatio: '1:1',
  imageSize: undefined,
  hasImages: false,
  hasThinking: false,
  hasGrounding: false,
  hasHistory: false
}

stdout | packages/renderer/src/services/image/__tests__/LensGeminiFlashPro.test.ts > Lens 🎥 - Gemini 3 Flash vs Pro Pipeline > should support iterative Upscale workflow (Flash -> Pro)
[ImageGen DEBUG] generateImageV3 returned: { data: { images: [ [Object] ] } }

stdout | packages/renderer/src/services/image/__tests__/LensGeminiFlashPro.test.ts > Lens 🎥 - Gemini 3 Flash vs Pro Pipeline > should support iterative Upscale workflow (Flash -> Pro)
[MetadataPersistence] ✅ Saved image to users/lens-tester/generated_images/mock-doc-id

stdout | packages/renderer/src/services/image/__tests__/LensGeminiFlashPro.test.ts > Lens 🎥 - Gemini 3 Flash vs Pro Pipeline > should support iterative Upscale workflow (Flash -> Pro)
[ImageGen DEBUG] Entering generateImages { prompt: 'Concept art of a futuristic city', model: 'pro' }

stdout | packages/renderer/src/services/image/__tests__/LensGeminiFlashPro.test.ts > Lens 🎥 - Gemini 3 Flash vs Pro Pipeline > should support iterative Upscale workflow (Flash -> Pro)
[ImageGen] Auth token refreshed successfully.

stdout | packages/renderer/src/services/image/__tests__/LensGeminiFlashPro.test.ts > Lens 🎥 - Gemini 3 Flash vs Pro Pipeline > should support iterative Upscale workflow (Flash -> Pro)
[ImageGen DEBUG] Quota check result: { allowed: true }
[ImageGen DEBUG] Calling generateImageV3
[ImageGen DEBUG] Full payload: {
  model: 'pro',
  aspectRatio: '1:1',
  imageSize: undefined,
  hasImages: false,
  hasThinking: false,
  hasGrounding: false,
  hasHistory: false
}

stdout | packages/renderer/src/services/image/__tests__/LensGeminiFlashPro.test.ts > Lens 🎥 - Gemini 3 Flash vs Pro Pipeline > should support iterative Upscale workflow (Flash -> Pro)
[ImageGen DEBUG] generateImageV3 returned: { data: { images: [ [Object] ] } }

stdout | packages/renderer/src/services/image/__tests__/LensGeminiFlashPro.test.ts > Lens 🎥 - Gemini 3 Flash vs Pro Pipeline > should support iterative Upscale workflow (Flash -> Pro)
[MetadataPersistence] ✅ Saved image to users/lens-tester/generated_images/mock-doc-id

stdout | packages/renderer/src/services/image/__tests__/LensGeminiFlashPro.test.ts > Lens 🎥 - Gemini 3 Flash vs Pro Pipeline > should gracefully handle Gemini 3 param overrides (stripped by service)
[ImageGen DEBUG] Entering generateImages { prompt: 'A news event', useGrounding: true, thinking: true }

stdout | packages/renderer/src/services/image/__tests__/LensGeminiFlashPro.test.ts > Lens 🎥 - Gemini 3 Flash vs Pro Pipeline > should gracefully handle Gemini 3 param overrides (stripped by service)
[ImageGen] Auth token refreshed successfully.

stdout | packages/renderer/src/services/image/__tests__/LensGeminiFlashPro.test.ts > Lens 🎥 - Gemini 3 Flash vs Pro Pipeline > should gracefully handle Gemini 3 param overrides (stripped by service)
[ImageGen DEBUG] Quota check result: { allowed: true }
[ImageGen DEBUG] Calling generateImageV3
[ImageGen DEBUG] Full payload: {
  model: 'fast',
  aspectRatio: '1:1',
  imageSize: undefined,
  hasImages: false,
  hasThinking: false,
  hasGrounding: false,
  hasHistory: false
}

stdout | packages/renderer/src/services/image/__tests__/LensGeminiFlashPro.test.ts > Lens 🎥 - Gemini 3 Flash vs Pro Pipeline > should gracefully handle Gemini 3 param overrides (stripped by service)
[ImageGen DEBUG] generateImageV3 returned: { data: { images: [ [Object] ] } }

stdout | packages/renderer/src/services/image/__tests__/LensGeminiFlashPro.test.ts > Lens 🎥 - Gemini 3 Flash vs Pro Pipeline > should gracefully handle Gemini 3 param overrides (stripped by service)
[MetadataPersistence] ✅ Saved image to users/lens-tester/generated_images/mock-doc-id

 ✓ packages/renderer/src/services/image/__tests__/LensGeminiFlashPro.test.ts (4 tests) 27ms
(node:35474) Warning: `--localstorage-file` was provided without a valid path
(Use `node --trace-warnings ...` to show where the warning was created)
stderr | packages/main/src/handlers/distribution_ssrf.security.test.ts > 🛡️ Shield: Distribution & SFTP SSRF Test > should BLOCK sftp:connect to localhost (SSRF Protection)
13:27:30.312 › SFTP Connect Failed: Error: Security Violation: Access to localhost is denied.
    at /Volumes/X SSD 2025/Users/narrowchannel/Desktop/indiiOS-Clean/packages/main/src/handlers/distribution_ssrf.security.test.ts:138:13
    at file:///Volumes/X%20SSD%202025/Users/narrowchannel/Desktop/indiiOS-Clean/node_modules/@vitest/runner/dist/index.js:145:11
    at file:///Volumes/X%20SSD%202025/Users/narrowchannel/Desktop/indiiOS-Clean/node_modules/@vitest/runner/dist/index.js:915:26
    at file:///Volumes/X%20SSD%202025/Users/narrowchannel/Desktop/indiiOS-Clean/node_modules/@vitest/runner/dist/index.js:1243:20
    at new Promise (<anonymous>)
    at runWithTimeout (file:///Volumes/X%20SSD%202025/Users/narrowchannel/Desktop/indiiOS-Clean/node_modules/@vitest/runner/dist/index.js:1209:10)
    at file:///Volumes/X%20SSD%202025/Users/narrowchannel/Desktop/indiiOS-Clean/node_modules/@vitest/runner/dist/index.js:1653:37
    at Traces.$ (file:///Volumes/X%20SSD%202025/Users/narrowchannel/Desktop/indiiOS-Clean/node_modules/vitest/dist/chunks/traces.CCmnQaNT.js:142:27)
    at trace (file:///Volumes/X%20SSD%202025/Users/narrowchannel/Desktop/indiiOS-Clean/node_modules/vitest/dist/chunks/test.B8ej_ZHS.js:239:21)
    at runTest (file:///Volumes/X%20SSD%202025/Users/narrowchannel/Desktop/indiiOS-Clean/node_modules/@vitest/runner/dist/index.js:1653:12)

stderr | packages/main/src/handlers/distribution_ssrf.security.test.ts > 🛡️ Shield: Distribution & SFTP SSRF Test > should BLOCK sftp:connect to Metadata Service IP (SSRF Protection)
13:27:30.322 › SFTP Connect Failed: Error: Security Violation: Access to Cloud Metadata services is denied.
    at /Volumes/X SSD 2025/Users/narrowchannel/Desktop/indiiOS-Clean/packages/main/src/handlers/distribution_ssrf.security.test.ts:157:13
    at file:///Volumes/X%20SSD%202025/Users/narrowchannel/Desktop/indiiOS-Clean/node_modules/@vitest/runner/dist/index.js:145:11
    at file:///Volumes/X%20SSD%202025/Users/narrowchannel/Desktop/indiiOS-Clean/node_modules/@vitest/runner/dist/index.js:915:26
    at file:///Volumes/X%20SSD%202025/Users/narrowchannel/Desktop/indiiOS-Clean/node_modules/@vitest/runner/dist/index.js:1243:20
    at new Promise (<anonymous>)
    at runWithTimeout (file:///Volumes/X%20SSD%202025/Users/narrowchannel/Desktop/indiiOS-Clean/node_modules/@vitest/runner/dist/index.js:1209:10)
    at file:///Volumes/X%20SSD%202025/Users/narrowchannel/Desktop/indiiOS-Clean/node_modules/@vitest/runner/dist/index.js:1653:37
    at Traces.$ (file:///Volumes/X%20SSD%202025/Users/narrowchannel/Desktop/indiiOS-Clean/node_modules/vitest/dist/chunks/traces.CCmnQaNT.js:142:27)
    at trace (file:///Volumes/X%20SSD%202025/Users/narrowchannel/Desktop/indiiOS-Clean/node_modules/vitest/dist/chunks/test.B8ej_ZHS.js:239:21)
    at runTest (file:///Volumes/X%20SSD%202025/Users/narrowchannel/Desktop/indiiOS-Clean/node_modules/@vitest/runner/dist/index.js:1653:12)

 ✓ packages/main/src/handlers/distribution_ssrf.security.test.ts (3 tests) 92ms
(node:35499) Warning: `--localstorage-file` was provided without a valid path
(Use `node --trace-warnings ...` to show where the warning was created)
(node:35477) Warning: `--localstorage-file` was provided without a valid path
(Use `node --trace-warnings ...` to show where the warning was created)
stdout | packages/main/src/utils/python-bridge.test.ts > PythonBridge Security > should pass environment variables to spawn
[PythonBridge] Executing: python3 /Volumes/X SSD 2025/Users/narrowchannel/Desktop/indiiOS-Clean/execution/test_category/test_script.py --arg1 val1

stdout | packages/renderer/src/services/video/VeoIntegration.test.ts > Veo 3.1 Integration Pipeline > Prompt Enhancer: Should inject temporal analysis into Veo prompt when firstFrame is present
[VideoGeneration] 🎬 generateVideo() called: {
  promptPreview: 'Cyberpunk city street',
  model: 'veo-3.1-generate-preview',
  duration: 8,
  aspectRatio: undefined,
  hasFirstFrame: true,
  hasLastFrame: false,
  hasReferenceImages: false,
  userId: 'lens-tester'
}

stdout | packages/renderer/src/services/video/VeoIntegration.test.ts > Veo 3.1 Integration Pipeline > Prompt Enhancer: Should inject temporal analysis into Veo prompt when firstFrame is present
[VideoGeneration] 🚀 Calling firebaseAI.generateVideo() with: {
  model: 'veo-3.1-generate-preview',
  promptLength: 62,
  hasImage: true,
  config: '{"aspectRatio":"16:9","durationSeconds":8}'
}
[MetadataPersistence] ✅ Saved video to users/lens-tester/generated_videos/doc-id

stdout | packages/main/src/utils/python-bridge.test.ts > PythonBridge Security > should redact sensitive arguments in console logs
[PythonBridge] Executing: python3 /Volumes/X SSD 2025/Users/narrowchannel/Desktop/indiiOS-Clean/execution/test/test.py --user admin --password [REDACTED] --key [REDACTED]

 ✓ packages/renderer/src/services/video/VeoIntegration.test.ts (2 tests) 39ms
(node:35481) Warning: `--localstorage-file` was provided without a valid path
(Use `node --trace-warnings ...` to show where the warning was created)
 ✓ packages/main/src/utils/python-bridge.test.ts (2 tests) 93ms
(node:35486) Warning: `--localstorage-file` was provided without a valid path
(Use `node --trace-warnings ...` to show where the warning was created)
(node:35482) Warning: `--localstorage-file` was provided without a valid path
(Use `node --trace-warnings ...` to show where the warning was created)
 ✓ packages/renderer/src/services/agent/memory/AlwaysOnMemoryEngine.test.ts (12 tests) 6ms
 ✓ packages/renderer/src/services/agent/evolution/HelixInbreeding.test.ts (4 tests) 19ms
(node:35487) Warning: `--localstorage-file` was provided without a valid path
(Use `node --trace-warnings ...` to show where the warning was created)
(node:35488) Warning: `--localstorage-file` was provided without a valid path
(Use `node --trace-warnings ...` to show where the warning was created)
stderr | packages/renderer/src/services/dashboard/DashboardService.test.ts > DashboardService > getSalesAnalytics falls back to zero state on fetch failure
[Dashboard] API fetch failed, falling back to Firestore: Error: Network Error
    at /Volumes/X SSD 2025/Users/narrowchannel/Desktop/indiiOS-Clean/packages/renderer/src/services/dashboard/DashboardService.test.ts:147:53
    at file:///Volumes/X%20SSD%202025/Users/narrowchannel/Desktop/indiiOS-Clean/node_modules/@vitest/runner/dist/index.js:145:11
    at file:///Volumes/X%20SSD%202025/Users/narrowchannel/Desktop/indiiOS-Clean/node_modules/@vitest/runner/dist/index.js:915:26
    at file:///Volumes/X%20SSD%202025/Users/narrowchannel/Desktop/indiiOS-Clean/node_modules/@vitest/runner/dist/index.js:1243:20
    at new Promise (<anonymous>)
    at runWithTimeout (file:///Volumes/X%20SSD%202025/Users/narrowchannel/Desktop/indiiOS-Clean/node_modules/@vitest/runner/dist/index.js:1209:10)
    at file:///Volumes/X%20SSD%202025/Users/narrowchannel/Desktop/indiiOS-Clean/node_modules/@vitest/runner/dist/index.js:1653:37
    at Traces.$ (file:///Volumes/X%20SSD%202025/Users/narrowchannel/Desktop/indiiOS-Clean/node_modules/vitest/dist/chunks/traces.CCmnQaNT.js:142:27)
    at trace (file:///Volumes/X%20SSD%202025/Users/narrowchannel/Desktop/indiiOS-Clean/node_modules/vitest/dist/chunks/test.B8ej_ZHS.js:239:21)
    at runTest (file:///Volumes/X%20SSD%202025/Users/narrowchannel/Desktop/indiiOS-Clean/node_modules/@vitest/runner/dist/index.js:1653:12)

stderr | packages/renderer/src/services/dashboard/DashboardService.test.ts > DashboardService > getSalesAnalytics falls back to zero state on fetch failure
[Dashboard] Firestore data failed schema validation: ZodError: [
  {
    "code": "invalid_type",
    "expected": "object",
    "received": "undefined",
    "path": [
      "conversionRate"
    ],
    "message": "Required"
  },
  {
    "code": "invalid_type",
    "expected": "object",
    "received": "undefined",
    "path": [
      "totalVisitors"
    ],
    "message": "Required"
  },
  {
    "code": "invalid_type",
    "expected": "object",
    "received": "undefined",
    "path": [
      "clickRate"
    ],
    "message": "Required"
  },
  {
    "code": "invalid_type",
    "expected": "object",
    "received": "undefined",
    "path": [
      "avgOrderValue"
    ],
    "message": "Required"
  },
  {
    "code": "invalid_type",
    "expected": "array",
    "received": "undefined",
    "path": [
      "revenueChart"
    ],
    "message": "Required"
  }
]
    at Object.get error [as error] (file:///Volumes/X%20SSD%202025/Users/narrowchannel/Desktop/indiiOS-Clean/node_modules/zod/v3/types.js:39:31)
    at DashboardService.getSalesAnalytics (/Volumes/X SSD 2025/Users/narrowchannel/Desktop/indiiOS-Clean/packages/renderer/src/services/dashboard/DashboardService.ts:608:109)
    at processTicksAndRejections (node:internal/process/task_queues:104:5)
    at /Volumes/X SSD 2025/Users/narrowchannel/Desktop/indiiOS-Clean/packages/renderer/src/services/dashboard/DashboardService.test.ts:153:24
    at file:///Volumes/X%20SSD%202025/Users/narrowchannel/Desktop/indiiOS-Clean/node_modules/@vitest/runner/dist/index.js:915:20 {
  issues: [
    {
      code: 'invalid_type',
      expected: 'object',
      received: 'undefined',
      path: [Array],
      message: 'Required'
    },
    {
      code: 'invalid_type',
      expected: 'object',
      received: 'undefined',
      path: [Array],
      message: 'Required'
    },
    {
      code: 'invalid_type',
      expected: 'object',
      received: 'undefined',
      path: [Array],
      message: 'Required'
    },
    {
      code: 'invalid_type',
      expected: 'object',
      received: 'undefined',
      path: [Array],
      message: 'Required'
    },
    {
      code: 'invalid_type',
      expected: 'array',
      received: 'undefined',
      path: [Array],
      message: 'Required'
    }
  ],
  addIssue: [Function (anonymous)],
  addIssues: [Function (anonymous)]
}

 ✓ packages/renderer/src/services/dashboard/DashboardService.test.ts (7 tests) 21ms
stdout | packages/renderer/src/services/image/__tests__/ImageGenerationService.test.ts > ImageGenerationService > generateImages > should generate images with basic options
[ImageGen DEBUG] Entering generateImages { prompt: 'A test image', count: 1 }

stdout | packages/renderer/src/services/image/__tests__/ImageGenerationService.test.ts > ImageGenerationService > generateImages > should generate images with basic options
[ImageGen] Auth token refreshed successfully.

stdout | packages/renderer/src/services/image/__tests__/ImageGenerationService.test.ts > ImageGenerationService > generateImages > should generate images with basic options
[ImageGen DEBUG] Quota check result: { allowed: true }
[ImageGen DEBUG] Calling generateImageV3
[ImageGen DEBUG] Full payload: {
  model: 'fast',
  aspectRatio: '1:1',
  imageSize: undefined,
  hasImages: false,
  hasThinking: false,
  hasGrounding: false,
  hasHistory: false
}

stdout | packages/renderer/src/services/image/__tests__/ImageGenerationService.test.ts > ImageGenerationService > generateImages > should generate images with basic options
[ImageGen DEBUG] generateImageV3 returned: { data: { images: [ [Object] ] } }

stdout | packages/renderer/src/services/image/__tests__/ImageGenerationService.test.ts > ImageGenerationService > generateImages > should generate images with basic options
[MetadataPersistence] ✅ Saved image to users/test-user/generated_images/mock-doc-id

stdout | packages/renderer/src/services/image/__tests__/ImageGenerationService.test.ts > ImageGenerationService > generateImages > should handle distributor-aware cover art generation
[ImageGen DEBUG] Entering generateImages {
  prompt: 'My album cover',
  isCoverArt: true,
  userProfile: { distributor: 'tune-core', distributionMethod: 'aggregator' }
}

stdout | packages/renderer/src/services/image/__tests__/ImageGenerationService.test.ts > ImageGenerationService > generateImages > should handle distributor-aware cover art generation
[ImageGen] Auth token refreshed successfully.

stdout | packages/renderer/src/services/image/__tests__/ImageGenerationService.test.ts > ImageGenerationService > generateImages > should handle distributor-aware cover art generation
[ImageGen DEBUG] Quota check result: { allowed: true }
[ImageGen DEBUG] Calling generateImageV3
[ImageGen DEBUG] Full payload: {
  model: 'fast',
  aspectRatio: '1:1',
  imageSize: undefined,
  hasImages: false,
  hasThinking: false,
  hasGrounding: false,
  hasHistory: false
}

stdout | packages/renderer/src/services/image/__tests__/ImageGenerationService.test.ts > ImageGenerationService > generateImages > should handle distributor-aware cover art generation
[ImageGen DEBUG] generateImageV3 returned: { data: { images: [ [Object] ] } }

stdout | packages/renderer/src/services/image/__tests__/ImageGenerationService.test.ts > ImageGenerationService > generateImages > should handle distributor-aware cover art generation
[MetadataPersistence] ✅ Saved image to users/test-user/generated_images/mock-doc-id

stdout | packages/renderer/src/services/image/__tests__/ImageGenerationService.test.ts > ImageGenerationService > generateImages > should handle image uploads (reference images)
[ImageGen DEBUG] Entering generateImages {
  prompt: 'Edit this image',
  sourceImages: [ { mimeType: 'image/jpeg', data: 'refdata' } ]
}

stdout | packages/renderer/src/services/image/__tests__/ImageGenerationService.test.ts > ImageGenerationService > generateImages > should handle image uploads (reference images)
[ImageGen] Auth token refreshed successfully.

stdout | packages/renderer/src/services/image/__tests__/ImageGenerationService.test.ts > ImageGenerationService > generateImages > should handle image uploads (reference images)
[ImageGen DEBUG] Quota check result: { allowed: true }
[ImageGen DEBUG] Calling generateImageV3
[ImageGen DEBUG] Full payload: {
  model: 'fast',
  aspectRatio: '1:1',
  imageSize: undefined,
  hasImages: true,
  hasThinking: false,
  hasGrounding: false,
  hasHistory: false
}

stdout | packages/renderer/src/services/image/__tests__/ImageGenerationService.test.ts > ImageGenerationService > generateImages > should handle image uploads (reference images)
[ImageGen DEBUG] generateImageV3 returned: { data: { images: [ [Object] ] } }

stdout | packages/renderer/src/services/image/__tests__/ImageGenerationService.test.ts > ImageGenerationService > generateImages > should handle image uploads (reference images)
[MetadataPersistence] ✅ Saved image to users/test-user/generated_images/mock-doc-id

stdout | packages/renderer/src/services/image/__tests__/ImageGenerationService.test.ts > ImageGenerationService > generateImages > should return empty array when no candidates
[ImageGen DEBUG] Entering generateImages { prompt: 'A test image' }

stdout | packages/renderer/src/services/image/__tests__/ImageGenerationService.test.ts > ImageGenerationService > generateImages > should return empty array when no candidates
[ImageGen] Auth token refreshed successfully.

stdout | packages/renderer/src/services/image/__tests__/ImageGenerationService.test.ts > ImageGenerationService > generateImages > should return empty array when no candidates
[ImageGen DEBUG] Quota check result: { allowed: true }
[ImageGen DEBUG] Calling generateImageV3
[ImageGen DEBUG] Full payload: {
  model: 'fast',
  aspectRatio: '1:1',
  imageSize: undefined,
  hasImages: false,
  hasThinking: false,
  hasGrounding: false,
  hasHistory: false
}

stdout | packages/renderer/src/services/image/__tests__/ImageGenerationService.test.ts > ImageGenerationService > generateImages > should return empty array when no candidates
[ImageGen DEBUG] generateImageV3 returned: { data: { images: [] } }

stdout | packages/renderer/src/services/image/__tests__/ImageGenerationService.test.ts > ImageGenerationService > generateImages > should return fallback or empty on generation failure
[ImageGen DEBUG] Entering generateImages { prompt: 'A test image' }

stdout | packages/renderer/src/services/image/__tests__/ImageGenerationService.test.ts > ImageGenerationService > generateImages > should return fallback or empty on generation failure
[ImageGen] Auth token refreshed successfully.

stdout | packages/renderer/src/services/image/__tests__/ImageGenerationService.test.ts > ImageGenerationService > generateImages > should return fallback or empty on generation failure
[ImageGen DEBUG] Quota check result: { allowed: true }
[ImageGen DEBUG] Calling generateImageV3
[ImageGen DEBUG] Full payload: {
  model: 'fast',
  aspectRatio: '1:1',
  imageSize: undefined,
  hasImages: false,
  hasThinking: false,
  hasGrounding: false,
  hasHistory: false
}

stderr | packages/renderer/src/services/image/__tests__/ImageGenerationService.test.ts > ImageGenerationService > generateImages > should return fallback or empty on generation failure
Image Generation Error { message: 'Generation failed', code: undefined, details: undefined }

stdout | packages/renderer/src/services/image/__tests__/ImageGenerationService.test.ts > ImageGenerationService > generateCoverArt > should generate cover art with distributor constraints
[ImageGen DEBUG] Entering generateImages {
  prompt: 'My Album Cover',
  userProfile: { distributor: 'distribute', distributionMethod: 'aggregator' },
  isCoverArt: true,
  aspectRatio: '1:1'
}

stdout | packages/renderer/src/services/image/__tests__/ImageGenerationService.test.ts > ImageGenerationService > generateCoverArt > should generate cover art with distributor constraints
[ImageGen] Auth token refreshed successfully.

stdout | packages/renderer/src/services/image/__tests__/ImageGenerationService.test.ts > ImageGenerationService > generateCoverArt > should generate cover art with distributor constraints
[ImageGen DEBUG] Quota check result: { allowed: true }
[ImageGen DEBUG] Calling generateImageV3
[ImageGen DEBUG] Full payload: {
  model: 'fast',
  aspectRatio: '1:1',
  imageSize: undefined,
  hasImages: false,
  hasThinking: false,
  hasGrounding: false,
  hasHistory: false
}

stdout | packages/renderer/src/services/image/__tests__/ImageGenerationService.test.ts > ImageGenerationService > generateCoverArt > should generate cover art with distributor constraints
[ImageGen DEBUG] generateImageV3 returned: { data: { images: [ [Object] ] } }

stdout | packages/renderer/src/services/image/__tests__/ImageGenerationService.test.ts > ImageGenerationService > generateCoverArt > should generate cover art with distributor constraints
[MetadataPersistence] ✅ Saved image to users/test-user/generated_images/mock-doc-id

 ✓ packages/renderer/src/services/distribution/adapters/DistributorContracts.test.ts (9 tests) 134ms
stdout | packages/renderer/src/services/image/__tests__/ImageGenerationService.test.ts > ImageGenerationService > remixImage > should remix images with style reference via Direct SDK
[ImageGen] remixImage: using Direct SDK path { hasContent: true, hasStyle: true, promptSnippet: 'Apply this style' }

(node:35489) Warning: `--localstorage-file` was provided without a valid path
(Use `node --trace-warnings ...` to show where the warning was created)
 ✓ packages/renderer/src/services/image/__tests__/ImageGenerationService.test.ts (9 tests) 50ms
 ✓ packages/renderer/src/utils/crypto-random.test.ts (17 tests) 16ms
(node:35497) Warning: `--localstorage-file` was provided without a valid path
(Use `node --trace-warnings ...` to show where the warning was created)
stdout | packages/renderer/src/services/video/VideoGenerationService.integration.test.ts > VideoGenerationService Integration > generateVideo accepts valid options
[VideoGeneration] 🎬 generateVideo() called: {
  promptPreview: 'A cyberpunk city at night',
  model: 'veo-3.1-generate-preview',
  duration: 5,
  aspectRatio: '16:9',
  hasFirstFrame: false,
  hasLastFrame: false,
  hasReferenceImages: false,
  userId: 'user-123'
}

stdout | packages/renderer/src/services/video/VideoGenerationService.integration.test.ts > VideoGenerationService Integration > generateVideo accepts valid options
[VideoGeneration] 🚀 Calling firebaseAI.generateVideo() with: {
  model: 'veo-3.1-generate-preview',
  promptLength: 62,
  hasImage: false,
  config: '{"aspectRatio":"16:9","resolution":"1080p","durationSeconds":5}'
}
[MetadataPersistence] ✅ Saved video to users/user-123/generated_videos/mock-doc-id

stderr | packages/renderer/src/services/video/VideoGenerationService.integration.test.ts > VideoGenerationService Integration > generateVideo accepts valid options
[VideoGeneration] Background Storage upload failed (non-blocking): [TypeError: fetch failed] {
  [cause]: Error: invalid method
      at makeNetworkError (node:internal/deps/undici/undici:11566:35)
      at schemeFetch (node:internal/deps/undici/undici:13059:36)
      at mainFetch (node:internal/deps/undici/undici:12967:30)
      at fetching (node:internal/deps/undici/undici:12936:7)
      at fetch (node:internal/deps/undici/undici:12800:20)
      at fetch (node:internal/deps/undici/undici:17407:10)
      at fetch (node:internal/bootstrap/web/exposed-window-or-worker:83:12)
      at /Volumes/X SSD 2025/Users/narrowchannel/Desktop/indiiOS-Clean/packages/renderer/src/services/video/VideoGenerationService.ts:467:52
      at VideoGenerationService.generateVideo (/Volumes/X SSD 2025/Users/narrowchannel/Desktop/indiiOS-Clean/packages/renderer/src/services/video/VideoGenerationService.ts:494:17)
      at processTicksAndRejections (node:internal/process/task_queues:104:5)
}

 ✓ packages/renderer/src/services/video/VideoGenerationService.integration.test.ts (3 tests) 19ms
(node:35502) Warning: `--localstorage-file` was provided without a valid path
(Use `node --trace-warnings ...` to show where the warning was created)
(node:35503) Warning: `--localstorage-file` was provided without a valid path
(Use `node --trace-warnings ...` to show where the warning was created)
(node:35513) Warning: `--localstorage-file` was provided without a valid path
(Use `node --trace-warnings ...` to show where the warning was created)
(node:35508) Warning: `--localstorage-file` was provided without a valid path
(Use `node --trace-warnings ...` to show where the warning was created)
(node:35515) Warning: `--localstorage-file` was provided without a valid path
(Use `node --trace-warnings ...` to show where the warning was created)
(node:35514) Warning: `--localstorage-file` was provided without a valid path
(Use `node --trace-warnings ...` to show where the warning was created)
(node:35511) Warning: `--localstorage-file` was provided without a valid path
(Use `node --trace-warnings ...` to show where the warning was created)
 ✓ packages/renderer/src/services/persistence/MetadataPersistence.offline.test.ts (5 tests) 54ms
(node:35512) Warning: `--localstorage-file` was provided without a valid path
(Use `node --trace-warnings ...` to show where the warning was created)
 ✓ packages/renderer/src/services/agent/evolution/HelixGemini3Pro.test.ts (2 tests) 6ms
stderr | packages/main/src/handlers/video_render.security.test.ts > 🛡️ Shield: Video Render Security Test > should BLOCK malicious output paths (Path Traversal)
13:27:34.293 › [VideoHandler] Render failed: Error: Security Violation: Path traversal detected
    at /Volumes/X SSD 2025/Users/narrowchannel/Desktop/indiiOS-Clean/packages/main/src/handlers/video.ts:141:23
    at invoke (/Volumes/X SSD 2025/Users/narrowchannel/Desktop/indiiOS-Clean/packages/main/src/handlers/video_render.security.test.ts:80:16)
    at /Volumes/X SSD 2025/Users/narrowchannel/Desktop/indiiOS-Clean/packages/main/src/handlers/video_render.security.test.ts:93:22
    at file:///Volumes/X%20SSD%202025/Users/narrowchannel/Desktop/indiiOS-Clean/node_modules/@vitest/runner/dist/index.js:145:11
    at file:///Volumes/X%20SSD%202025/Users/narrowchannel/Desktop/indiiOS-Clean/node_modules/@vitest/runner/dist/index.js:915:26
    at file:///Volumes/X%20SSD%202025/Users/narrowchannel/Desktop/indiiOS-Clean/node_modules/@vitest/runner/dist/index.js:1243:20
    at new Promise (<anonymous>)
    at runWithTimeout (file:///Volumes/X%20SSD%202025/Users/narrowchannel/Desktop/indiiOS-Clean/node_modules/@vitest/runner/dist/index.js:1209:10)
    at file:///Volumes/X%20SSD%202025/Users/narrowchannel/Desktop/indiiOS-Clean/node_modules/@vitest/runner/dist/index.js:1653:37
    at Traces.$ (file:///Volumes/X%20SSD%202025/Users/narrowchannel/Desktop/indiiOS-Clean/node_modules/vitest/dist/chunks/traces.CCmnQaNT.js:142:27)

stderr | packages/main/src/handlers/video_render.security.test.ts > 🛡️ Shield: Video Render Security Test > should BLOCK unauthorized output locations via AccessControlService
13:27:34.301 › [VideoHandler] Render failed: Error: Security Violation: Access Denied to output location
    at /Volumes/X SSD 2025/Users/narrowchannel/Desktop/indiiOS-Clean/packages/main/src/handlers/video.ts:136:23
    at invoke (/Volumes/X SSD 2025/Users/narrowchannel/Desktop/indiiOS-Clean/packages/main/src/handlers/video_render.security.test.ts:80:16)
    at /Volumes/X SSD 2025/Users/narrowchannel/Desktop/indiiOS-Clean/packages/main/src/handlers/video_render.security.test.ts:105:22
    at file:///Volumes/X%20SSD%202025/Users/narrowchannel/Desktop/indiiOS-Clean/node_modules/@vitest/runner/dist/index.js:145:11
    at file:///Volumes/X%20SSD%202025/Users/narrowchannel/Desktop/indiiOS-Clean/node_modules/@vitest/runner/dist/index.js:915:26
    at file:///Volumes/X%20SSD%202025/Users/narrowchannel/Desktop/indiiOS-Clean/node_modules/@vitest/runner/dist/index.js:1243:20
    at new Promise (<anonymous>)
    at runWithTimeout (file:///Volumes/X%20SSD%202025/Users/narrowchannel/Desktop/indiiOS-Clean/node_modules/@vitest/runner/dist/index.js:1209:10)
    at file:///Volumes/X%20SSD%202025/Users/narrowchannel/Desktop/indiiOS-Clean/node_modules/@vitest/runner/dist/index.js:1653:37
    at Traces.$ (file:///Volumes/X%20SSD%202025/Users/narrowchannel/Desktop/indiiOS-Clean/node_modules/vitest/dist/chunks/traces.CCmnQaNT.js:142:27)

stderr | packages/main/src/handlers/video_render.security.test.ts > 🛡️ Shield: Video Render Security Test > should BLOCK disallowed extensions
13:27:34.301 › [VideoHandler] Render failed: Error: Security Violation: File type .exe is not allowed
    at /Volumes/X SSD 2025/Users/narrowchannel/Desktop/indiiOS-Clean/packages/main/src/handlers/video.ts:148:23
    at invoke (/Volumes/X SSD 2025/Users/narrowchannel/Desktop/indiiOS-Clean/packages/main/src/handlers/video_render.security.test.ts:80:16)
    at /Volumes/X SSD 2025/Users/narrowchannel/Desktop/indiiOS-Clean/packages/main/src/handlers/video_render.security.test.ts:115:22
    at file:///Volumes/X%20SSD%202025/Users/narrowchannel/Desktop/indiiOS-Clean/node_modules/@vitest/runner/dist/index.js:145:11
    at file:///Volumes/X%20SSD%202025/Users/narrowchannel/Desktop/indiiOS-Clean/node_modules/@vitest/runner/dist/index.js:915:26
    at file:///Volumes/X%20SSD%202025/Users/narrowchannel/Desktop/indiiOS-Clean/node_modules/@vitest/runner/dist/index.js:1243:20
    at new Promise (<anonymous>)
    at runWithTimeout (file:///Volumes/X%20SSD%202025/Users/narrowchannel/Desktop/indiiOS-Clean/node_modules/@vitest/runner/dist/index.js:1209:10)
    at file:///Volumes/X%20SSD%202025/Users/narrowchannel/Desktop/indiiOS-Clean/node_modules/@vitest/runner/dist/index.js:1653:37
    at Traces.$ (file:///Volumes/X%20SSD%202025/Users/narrowchannel/Desktop/indiiOS-Clean/node_modules/vitest/dist/chunks/traces.CCmnQaNT.js:142:27)

stdout | packages/main/src/handlers/audio_symlink.security.test.ts
13:27:34.302 › [AccessControl] Initialized

stdout | packages/main/src/handlers/audio_symlink.security.test.ts
13:27:34.304 › [AudioHandler] FFmpeg path set to: /Volumes/X SSD 2025/Users/narrowchannel/Desktop/indiiOS-Clean/node_modules/ffmpeg-static/ffmpeg
13:27:34.305 › [AudioHandler] FFprobe path set to: /Volumes/X SSD 2025/Users/narrowchannel/Desktop/indiiOS-Clean/node_modules/ffprobe-static/bin/darwin/arm64/ffprobe

 ✓ packages/main/src/security/csp.test.ts (9 tests) 10ms
 ✓ packages/main/src/handlers/video_render.security.test.ts (4 tests) 18ms
stdout | packages/main/src/handlers/audio_symlink.security.test.ts > 🛡️ Shield: Audio IPC Symlink Attack > should DETECT and BLOCK symlinks pointing to system files (/etc/passwd)
13:27:34.310 › Audio analysis requested for: /Users/victim/Music/innocent_song.mp3

stderr | packages/main/src/handlers/audio_symlink.security.test.ts > 🛡️ Shield: Audio IPC Symlink Attack > should DETECT and BLOCK symlinks pointing to system files (/etc/passwd)
13:27:34.312 › Audio analysis failed: Error: Security Violation: Access to system directory '/etc/passwd.mp3' is denied
    at validateSafeAudioPath (/Volumes/X SSD 2025/Users/narrowchannel/Desktop/indiiOS-Clean/packages/main/src/utils/file-security.ts:47:15)
    at /Volumes/X SSD 2025/Users/narrowchannel/Desktop/indiiOS-Clean/packages/main/src/handlers/audio.ts:66:35
    at invokeHandler (/Volumes/X SSD 2025/Users/narrowchannel/Desktop/indiiOS-Clean/packages/main/src/handlers/audio_symlink.security.test.ts:61:16)
    at /Volumes/X SSD 2025/Users/narrowchannel/Desktop/indiiOS-Clean/packages/main/src/handlers/audio_symlink.security.test.ts:91:28
    at file:///Volumes/X%20SSD%202025/Users/narrowchannel/Desktop/indiiOS-Clean/node_modules/@vitest/runner/dist/index.js:145:11
    at file:///Volumes/X%20SSD%202025/Users/narrowchannel/Desktop/indiiOS-Clean/node_modules/@vitest/runner/dist/index.js:915:26
    at file:///Volumes/X%20SSD%202025/Users/narrowchannel/Desktop/indiiOS-Clean/node_modules/@vitest/runner/dist/index.js:1243:20
    at new Promise (<anonymous>)
    at runWithTimeout (file:///Volumes/X%20SSD%202025/Users/narrowchannel/Desktop/indiiOS-Clean/node_modules/@vitest/runner/dist/index.js:1209:10)
    at file:///Volumes/X%20SSD%202025/Users/narrowchannel/Desktop/indiiOS-Clean/node_modules/@vitest/runner/dist/index.js:1653:37

stdout | packages/main/src/handlers/audio_symlink.security.test.ts > 🛡️ Shield: Audio IPC Symlink Attack > should ALLOW safe files that are real paths
13:27:34.320 › Audio analysis requested for: /Users/victim/Music/real_song.mp3

stdout | packages/main/src/handlers/audio_symlink.security.test.ts > 🛡️ Shield: Audio IPC Symlink Attack > should ALLOW safe files that are real paths
13:27:34.321 › Analysis Complete. Hash: e3b0c442...

stderr | packages/main/src/handlers/distribution.security.test.ts > 🛡️ Shield: Distribution Security Test > should BLOCK Path Traversal when staging files (Sandbox Escape)
13:27:34.321 › [Distribution] Stage release failed: ZodError: File name must not contain path traversal characters
    at Object.<anonymous> (/Volumes/X SSD 2025/Users/narrowchannel/Desktop/indiiOS-Clean/packages/main/src/handlers/distribution.security.test.ts:140:25)
    at Object.Mock [as parse] (file:///Volumes/X%20SSD%202025/Users/narrowchannel/Desktop/indiiOS-Clean/node_modules/@vitest/spy/dist/index.js:285:34)
    at /Volumes/X SSD 2025/Users/narrowchannel/Desktop/indiiOS-Clean/packages/main/src/handlers/distribution.ts:41:62
    at invoke (/Volumes/X SSD 2025/Users/narrowchannel/Desktop/indiiOS-Clean/packages/main/src/handlers/distribution.security.test.ts:132:16)
    at /Volumes/X SSD 2025/Users/narrowchannel/Desktop/indiiOS-Clean/packages/main/src/handlers/distribution.security.test.ts:150:30
    at processTicksAndRejections (node:internal/process/task_queues:104:5)
    at file:///Volumes/X%20SSD%202025/Users/narrowchannel/Desktop/indiiOS-Clean/node_modules/@vitest/runner/dist/index.js:915:20

stderr | packages/main/src/handlers/distribution.security.test.ts > 🛡️ Shield: Distribution Security Test > should BLOCK Absolute Path Injection (Sandbox Escape)
13:27:34.331 › [Distribution] Stage release failed: ZodError: File name must not contain path traversal characters
    at Object.<anonymous> (/Volumes/X SSD 2025/Users/narrowchannel/Desktop/indiiOS-Clean/packages/main/src/handlers/distribution.security.test.ts:160:25)
    at Object.Mock [as parse] (file:///Volumes/X%20SSD%202025/Users/narrowchannel/Desktop/indiiOS-Clean/node_modules/@vitest/spy/dist/index.js:285:34)
    at /Volumes/X SSD 2025/Users/narrowchannel/Desktop/indiiOS-Clean/packages/main/src/handlers/distribution.ts:41:62
    at invoke (/Volumes/X SSD 2025/Users/narrowchannel/Desktop/indiiOS-Clean/packages/main/src/handlers/distribution.security.test.ts:132:16)
    at /Volumes/X SSD 2025/Users/narrowchannel/Desktop/indiiOS-Clean/packages/main/src/handlers/distribution.security.test.ts:171:30
    at processTicksAndRejections (node:internal/process/task_queues:104:5)
    at file:///Volumes/X%20SSD%202025/Users/narrowchannel/Desktop/indiiOS-Clean/node_modules/@vitest/runner/dist/index.js:915:20

 ✓ packages/main/src/handlers/audio_symlink.security.test.ts (2 tests) 15ms
stderr | packages/main/src/handlers/distribution.security.test.ts > 🛡️ Shield: Distribution Security Test > should BLOCK LFI (Local File Inclusion) from system paths
13:27:34.334 › [Distribution] Stage release failed: Error: Security Violation: Access to /etc/passwd is denied. File was not authorized by user.
    at /Volumes/X SSD 2025/Users/narrowchannel/Desktop/indiiOS-Clean/packages/main/src/handlers/distribution.ts:89:31
    at processTicksAndRejections (node:internal/process/task_queues:104:5)
    at /Volumes/X SSD 2025/Users/narrowchannel/Desktop/indiiOS-Clean/packages/main/src/handlers/distribution.security.test.ts:199:24
    at file:///Volumes/X%20SSD%202025/Users/narrowchannel/Desktop/indiiOS-Clean/node_modules/@vitest/runner/dist/index.js:915:20

stderr | packages/main/src/handlers/distribution.security.test.ts > 🛡️ Shield: Distribution Security Test > should BLOCK Symlink Attack (Bypass via valid extension)
13:27:34.356 › [Distribution] Stage release failed: Error: Security Violation: Access to /Users/alice/music/song.wav is denied. File was not authorized by user.
    at /Volumes/X SSD 2025/Users/narrowchannel/Desktop/indiiOS-Clean/packages/main/src/handlers/distribution.ts:89:31
    at processTicksAndRejections (node:internal/process/task_queues:104:5)
    at /Volumes/X SSD 2025/Users/narrowchannel/Desktop/indiiOS-Clean/packages/main/src/handlers/distribution.security.test.ts:227:24
    at file:///Volumes/X%20SSD%202025/Users/narrowchannel/Desktop/indiiOS-Clean/node_modules/@vitest/runner/dist/index.js:915:20

stdout | packages/main/src/handlers/distribution.security.test.ts > 🛡️ Shield: Distribution Security Test > should ALLOW safe file staging via path
13:27:34.360 › [Distribution] Staged release 123e4567-e89b-12d3-a456-426614174000 at /mock/tmp/indiiOS-releases/123e4567-e89b-12d3-a456-426614174000

stdout | packages/main/src/handlers/distribution.security.test.ts > 🛡️ Shield: Distribution Security Test > should ALLOW safe file staging via content
13:27:34.361 › [Distribution] Staged release 123e4567-e89b-12d3-a456-426614174000 at /mock/tmp/indiiOS-releases/123e4567-e89b-12d3-a456-426614174000

stderr | packages/main/src/handlers/distribution.security.test.ts > 🛡️ Shield: Distribution Security Test > should BLOCK Path Traversal in package-itmsp
13:27:34.363 › [Distribution] Packaging failed: Error: Security Error: Invalid releaseId format. Must be a UUID.
    at /Volumes/X SSD 2025/Users/narrowchannel/Desktop/indiiOS-Clean/packages/main/src/handlers/distribution.ts:142:23
    at invoke (/Volumes/X SSD 2025/Users/narrowchannel/Desktop/indiiOS-Clean/packages/main/src/handlers/distribution.security.test.ts:132:16)
    at /Volumes/X SSD 2025/Users/narrowchannel/Desktop/indiiOS-Clean/packages/main/src/handlers/distribution.security.test.ts:282:30
    at file:///Volumes/X%20SSD%202025/Users/narrowchannel/Desktop/indiiOS-Clean/node_modules/@vitest/runner/dist/index.js:145:11
    at file:///Volumes/X%20SSD%202025/Users/narrowchannel/Desktop/indiiOS-Clean/node_modules/@vitest/runner/dist/index.js:915:26
    at file:///Volumes/X%20SSD%202025/Users/narrowchannel/Desktop/indiiOS-Clean/node_modules/@vitest/runner/dist/index.js:1243:20
    at new Promise (<anonymous>)
    at runWithTimeout (file:///Volumes/X%20SSD%202025/Users/narrowchannel/Desktop/indiiOS-Clean/node_modules/@vitest/runner/dist/index.js:1209:10)
    at file:///Volumes/X%20SSD%202025/Users/narrowchannel/Desktop/indiiOS-Clean/node_modules/@vitest/runner/dist/index.js:1653:37
    at Traces.$ (file:///Volumes/X%20SSD%202025/Users/narrowchannel/Desktop/indiiOS-Clean/node_modules/vitest/dist/chunks/traces.CCmnQaNT.js:142:27)

 ✓ packages/main/src/handlers/distribution.security.test.ts (7 tests) 82ms
stdout | packages/renderer/src/services/MembershipService.ledger_approval.test.ts > MembershipService (Ledger Approval Gates) > 💸 "Micro-Transaction": allows small charges without approval
   ✅ Micro-transaction ($0.1) approved automatically.

stdout | packages/renderer/src/services/MembershipService.ledger_approval.test.ts > MembershipService (Ledger Approval Gates) > 💸 "Major Purchase": flags expensive charges for user approval
   ⚠️ Major purchase ($0.6) flagged for user approval.

stdout | packages/renderer/src/services/MembershipService.ledger_approval.test.ts > MembershipService (Ledger Approval Gates) > 💸 "Ledger Logic": Ensures approval is flagged even if budget permits
   ⚠️ High-value transaction ($5) requires sign-off despite sufficient funds.

 ✓ packages/renderer/src/services/MembershipService.ledger_approval.test.ts (4 tests) 7ms
stderr | packages/renderer/src/services/publishing/MechanicalRoyaltyService.test.ts > MechanicalRoyaltyService > searchComposition > should return null if API fails
MechanicalRoyaltyService.searchComposition: CF unavailable or failed Error: Songfile search failed: 500
    at Object.searchComposition (/Volumes/X SSD 2025/Users/narrowchannel/Desktop/indiiOS-Clean/packages/renderer/src/services/publishing/MechanicalRoyaltyService.ts:70:32)
    at processTicksAndRejections (node:internal/process/task_queues:104:5)
    at /Volumes/X SSD 2025/Users/narrowchannel/Desktop/indiiOS-Clean/packages/renderer/src/services/publishing/MechanicalRoyaltyService.test.ts:57:28
    at file:///Volumes/X%20SSD%202025/Users/narrowchannel/Desktop/indiiOS-Clean/node_modules/@vitest/runner/dist/index.js:915:20

stdout | packages/renderer/src/services/publishing/MechanicalRoyaltyService.test.ts > MechanicalRoyaltyService > createLicense > should create a license record in Firestore
MechanicalRoyaltyService: License record created { licenseId: 'ml_test-user-id_1776792454440' }

stdout | packages/renderer/src/services/publishing/MechanicalRoyaltyService.test.ts > MechanicalRoyaltyService > requestLicense > should call the proxy API and update status
MechanicalRoyaltyService: License requested { licenseId: 'ml_123', licenseNumber: 'HFA123' }

 ✓ packages/renderer/src/services/publishing/MechanicalRoyaltyService.test.ts (8 tests) 12ms
(node:35539) Warning: `--localstorage-file` was provided without a valid path
(Use `node --trace-warnings ...` to show where the warning was created)
(node:35521) Warning: `--localstorage-file` was provided without a valid path
(Use `node --trace-warnings ...` to show where the warning was created)
 ✓ packages/renderer/src/features/audio/AudioFidelityFeature.test.ts (4 tests) 14ms
stderr | packages/renderer/src/services/ai/__tests__/QA_Stress.test.ts > QA Stress Tests: Reliability & Stability > CircuitBreaker Recovery Under Load > should open circuit after threshold failures and block immediately
[CircuitBreaker] Failure 1/3 in CLOSED state. Error: Service Down

stderr | packages/renderer/src/services/ai/__tests__/QA_Stress.test.ts > QA Stress Tests: Reliability & Stability > CircuitBreaker Recovery Under Load > should open circuit after threshold failures and block immediately
[CircuitBreaker] Failure 2/3 in CLOSED state. Error: Service Down

stderr | packages/renderer/src/services/ai/__tests__/QA_Stress.test.ts > QA Stress Tests: Reliability & Stability > CircuitBreaker Recovery Under Load > should open circuit after threshold failures and block immediately
[CircuitBreaker] 🔴 Failure threshold reached (3/3) — CLOSED → OPEN. Last error: Service Down

stderr | packages/renderer/src/services/ai/__tests__/QA_Stress.test.ts > QA Stress Tests: Reliability & Stability > CircuitBreaker Recovery Under Load > should open circuit after threshold failures and block immediately
[CircuitBreaker] Circuit OPEN — rejecting request. Retry in 5s

stderr | packages/renderer/src/services/ai/__tests__/QA_Stress.test.ts > QA Stress Tests: Reliability & Stability > CircuitBreaker Recovery Under Load > should attempt recovery (HALF_OPEN) after timeout
[CircuitBreaker] Failure 1/3 in CLOSED state. Error: Fail 1

stderr | packages/renderer/src/services/ai/__tests__/QA_Stress.test.ts > QA Stress Tests: Reliability & Stability > CircuitBreaker Recovery Under Load > should attempt recovery (HALF_OPEN) after timeout
[CircuitBreaker] Failure 2/3 in CLOSED state. Error: Fail 2

stderr | packages/renderer/src/services/ai/__tests__/QA_Stress.test.ts > QA Stress Tests: Reliability & Stability > CircuitBreaker Recovery Under Load > should attempt recovery (HALF_OPEN) after timeout
[CircuitBreaker] 🔴 Failure threshold reached (3/3) — CLOSED → OPEN. Last error: Fail 3

stdout | packages/renderer/src/services/ai/__tests__/QA_Stress.test.ts > QA Stress Tests: Reliability & Stability > CircuitBreaker Recovery Under Load > should attempt recovery (HALF_OPEN) after timeout
[CircuitBreaker] Timeout elapsed, transitioning OPEN → HALF_OPEN for probe attempt

stdout | packages/renderer/src/services/ai/__tests__/QA_Stress.test.ts > QA Stress Tests: Reliability & Stability > CircuitBreaker Recovery Under Load > should attempt recovery (HALF_OPEN) after timeout
[CircuitBreaker] ✅ Probe succeeded — HALF_OPEN → CLOSED. Service recovered.

stderr | packages/renderer/src/services/ai/__tests__/QA_Stress.test.ts > QA Stress Tests: Reliability & Stability > CircuitBreaker Recovery Under Load > should re-open circuit if probe fails in HALF_OPEN state
[CircuitBreaker] Failure 1/3 in CLOSED state. Error: Persistent Failure

stderr | packages/renderer/src/services/ai/__tests__/QA_Stress.test.ts > QA Stress Tests: Reliability & Stability > CircuitBreaker Recovery Under Load > should re-open circuit if probe fails in HALF_OPEN state
[CircuitBreaker] Failure 2/3 in CLOSED state. Error: Persistent Failure

stderr | packages/renderer/src/services/ai/__tests__/QA_Stress.test.ts > QA Stress Tests: Reliability & Stability > CircuitBreaker Recovery Under Load > should re-open circuit if probe fails in HALF_OPEN state
[CircuitBreaker] 🔴 Failure threshold reached (3/3) — CLOSED → OPEN. Last error: Persistent Failure

stdout | packages/renderer/src/services/ai/__tests__/QA_Stress.test.ts > QA Stress Tests: Reliability & Stability > CircuitBreaker Recovery Under Load > should re-open circuit if probe fails in HALF_OPEN state
[CircuitBreaker] Timeout elapsed, transitioning OPEN → HALF_OPEN for probe attempt

stderr | packages/renderer/src/services/ai/__tests__/QA_Stress.test.ts > QA Stress Tests: Reliability & Stability > CircuitBreaker Recovery Under Load > should re-open circuit if probe fails in HALF_OPEN state
[CircuitBreaker] ❌ Probe failed — HALF_OPEN → OPEN. Error: Persistent Failure

 ✓ packages/renderer/src/services/ai/__tests__/QA_Stress.test.ts (5 tests) 9ms
(node:35538) Warning: `--localstorage-file` was provided without a valid path
(Use `node --trace-warnings ...` to show where the warning was created)
(node:35532) Warning: `--localstorage-file` was provided without a valid path
(Use `node --trace-warnings ...` to show where the warning was created)
(node:35536) Warning: `--localstorage-file` was provided without a valid path
(Use `node --trace-warnings ...` to show where the warning was created)
(node:35534) Warning: `--localstorage-file` was provided without a valid path
(Use `node --trace-warnings ...` to show where the warning was created)
(node:35541) Warning: `--localstorage-file` was provided without a valid path
(Use `node --trace-warnings ...` to show where the warning was created)
stdout | packages/renderer/src/services/agent/__tests__/AgentOrchestrator.test.ts > AgentOrchestrator > determineAgent > routes legal queries to LegalAgent
[AgentOrchestrator] Routing: "Draft a split sheet for my new collaboration" -> legal (original: legal, conf: 1)

stdout | packages/renderer/src/services/agent/__tests__/AgentOrchestrator.test.ts > AgentOrchestrator > determineAgent > routes video queries to VideoAgent
[AgentOrchestrator] Routing: "Create a storyboard for the music video" -> video (original: video, conf: 1)

stdout | packages/renderer/src/services/agent/__tests__/AgentOrchestrator.test.ts > AgentOrchestrator > determineAgent > routes music queries to MusicAgent
[AgentOrchestrator] Routing: "Analyze the BPM and key of this track" -> music (original: music, conf: 1)

stdout | packages/renderer/src/services/agent/__tests__/AgentOrchestrator.test.ts > AgentOrchestrator > determineAgent > routes marketing queries to MarketingAgent
[AgentOrchestrator] Routing: "Create a social media campaign for my album release" -> marketing (original: marketing, conf: 1)

stdout | packages/renderer/src/services/agent/__tests__/AgentOrchestrator.test.ts > AgentOrchestrator > determineAgent > falls back to GeneralistAgent for ambiguous queries
[AgentOrchestrator] Routing: "How do I use this app?" -> generalist (original: generalist, conf: 1)

stderr | packages/renderer/src/services/agent/__tests__/AgentOrchestrator.test.ts > AgentOrchestrator > determineAgent > falls back to generalist on AI error
[indii:Orchestrator] Routing failed, defaulting to generalist. Error: API Error
    at /Volumes/X SSD 2025/Users/narrowchannel/Desktop/indiiOS-Clean/packages/renderer/src/services/agent/__tests__/AgentOrchestrator.test.ts:140:61
    at file:///Volumes/X%20SSD%202025/Users/narrowchannel/Desktop/indiiOS-Clean/node_modules/@vitest/runner/dist/index.js:145:11
    at file:///Volumes/X%20SSD%202025/Users/narrowchannel/Desktop/indiiOS-Clean/node_modules/@vitest/runner/dist/index.js:915:26
    at file:///Volumes/X%20SSD%202025/Users/narrowchannel/Desktop/indiiOS-Clean/node_modules/@vitest/runner/dist/index.js:1243:20
    at new Promise (<anonymous>)
    at runWithTimeout (file:///Volumes/X%20SSD%202025/Users/narrowchannel/Desktop/indiiOS-Clean/node_modules/@vitest/runner/dist/index.js:1209:10)
    at file:///Volumes/X%20SSD%202025/Users/narrowchannel/Desktop/indiiOS-Clean/node_modules/@vitest/runner/dist/index.js:1653:37
    at Traces.$ (file:///Volumes/X%20SSD%202025/Users/narrowchannel/Desktop/indiiOS-Clean/node_modules/vitest/dist/chunks/traces.CCmnQaNT.js:142:27)
    at trace (file:///Volumes/X%20SSD%202025/Users/narrowchannel/Desktop/indiiOS-Clean/node_modules/vitest/dist/chunks/test.B8ej_ZHS.js:239:21)
    at runTest (file:///Volumes/X%20SSD%202025/Users/narrowchannel/Desktop/indiiOS-Clean/node_modules/@vitest/runner/dist/index.js:1653:12)

stdout | packages/renderer/src/services/agent/__tests__/AgentOrchestrator.test.ts > AgentOrchestrator > determineAgent > falls back to generalist for invalid agent ID
[AgentOrchestrator] Routing: "Some query" -> generalist (original: invalid_agent_that_does_not_exist, conf: 1)

stdout | packages/renderer/src/services/agent/__tests__/AgentOrchestrator.test.ts > AgentOrchestrator > determineAgent > handles empty response gracefully
[AgentOrchestrator] Routing: "Some query" -> generalist (original: undefined, conf: undefined)

stdout | packages/renderer/src/services/agent/__tests__/AgentOrchestrator.test.ts > AgentOrchestrator > determineAgent > normalizes case in agent ID
[AgentOrchestrator] Routing: "Review this contract" -> legal (original: legal, conf: 1)

stdout | packages/renderer/src/services/agent/__tests__/AgentOrchestrator.test.ts > AgentOrchestrator > determineAgent > trims whitespace from agent ID
[AgentOrchestrator] Routing: "Edit my video" -> video (original: video, conf: 1)

stdout | packages/renderer/src/services/agent/__tests__/AgentOrchestrator.test.ts > AgentOrchestrator > determineAgent > falls back to generalist on low confidence
[AgentOrchestrator] Low confidence (0.5) for legal, falling back to generalist.
[AgentOrchestrator] Routing: "Draft a contract maybe?" -> generalist (original: legal, conf: 0.5)

stdout | packages/renderer/src/services/agent/__tests__/AgentOrchestrator.test.ts > AgentOrchestrator > determineAgent > passes context to AI prompt
[AgentOrchestrator] Routing: "Analyze this" -> music (original: music, conf: 1)

stdout | packages/renderer/src/services/agent/__tests__/AgentOrchestrator.test.ts > AgentOrchestrator > determineAgent > includes user query in AI prompt
[AgentOrchestrator] Routing: "Draft a publishing contract" -> legal (original: legal, conf: 1)

stdout | packages/renderer/src/services/agent/__tests__/AgentOrchestrator.test.ts > AgentOrchestrator > determineAgent > logs routing decision to trace
[AgentOrchestrator] Routing: "Draft a contract" -> legal (original: legal, conf: 0.95)

 ✓ packages/renderer/src/services/agent/__tests__/AgentOrchestrator.test.ts (14 tests) 12ms
(node:35535) Warning: `--localstorage-file` was provided without a valid path
(Use `node --trace-warnings ...` to show where the warning was created)
 ✓ packages/renderer/src/services/MembershipService.quota.test.ts (10 tests) 15ms
 ✓ packages/renderer/src/services/agent/evolution/IcarusCheck.test.ts (2 tests) 9ms
 ✓ packages/renderer/src/services/agent/__tests__/AgentDomainCompetency.stress.test.ts (66 tests) 73ms
(node:35540) Warning: `--localstorage-file` was provided without a valid path
(Use `node --trace-warnings ...` to show where the warning was created)
(node:35549) Warning: `--localstorage-file` was provided without a valid path
(Use `node --trace-warnings ...` to show where the warning was created)
stderr | packages/renderer/src/services/agent/tools/__tests__/DirectorTools.test.ts > DirectorTools > generate_image > returns error message on failure
[Tool:generate_image] execution failed: Error: API Error
    at /Volumes/X SSD 2025/Users/narrowchannel/Desktop/indiiOS-Clean/packages/renderer/src/services/agent/tools/__tests__/DirectorTools.test.ts:114:73
    at file:///Volumes/X%20SSD%202025/Users/narrowchannel/Desktop/indiiOS-Clean/node_modules/@vitest/runner/dist/index.js:145:11
    at file:///Volumes/X%20SSD%202025/Users/narrowchannel/Desktop/indiiOS-Clean/node_modules/@vitest/runner/dist/index.js:915:26
    at file:///Volumes/X%20SSD%202025/Users/narrowchannel/Desktop/indiiOS-Clean/node_modules/@vitest/runner/dist/index.js:1243:20
    at new Promise (<anonymous>)
    at runWithTimeout (file:///Volumes/X%20SSD%202025/Users/narrowchannel/Desktop/indiiOS-Clean/node_modules/@vitest/runner/dist/index.js:1209:10)
    at file:///Volumes/X%20SSD%202025/Users/narrowchannel/Desktop/indiiOS-Clean/node_modules/@vitest/runner/dist/index.js:1653:37
    at Traces.$ (file:///Volumes/X%20SSD%202025/Users/narrowchannel/Desktop/indiiOS-Clean/node_modules/vitest/dist/chunks/traces.CCmnQaNT.js:142:27)
    at trace (file:///Volumes/X%20SSD%202025/Users/narrowchannel/Desktop/indiiOS-Clean/node_modules/vitest/dist/chunks/test.B8ej_ZHS.js:239:21)
    at runTest (file:///Volumes/X%20SSD%202025/Users/narrowchannel/Desktop/indiiOS-Clean/node_modules/@vitest/runner/dist/index.js:1653:12)

 ✓ packages/renderer/src/services/marketing/CampaignAIService.test.ts (19 tests) 16ms
stdout | packages/renderer/src/modules/finance/hooks/useFinance.test.ts > useFinance > should load earnings on mount if user is logged in
[useFinance] No validated earnings data available for user.

 ✓ packages/renderer/src/services/agent/tools/__tests__/DirectorTools.test.ts (18 tests) 10ms
stderr | packages/renderer/src/modules/publishing/hooks/useReleases.test.ts > useReleases > handles errors from Firestore
Error fetching releases: Error: Firestore Error
    at /Volumes/X SSD 2025/Users/narrowchannel/Desktop/indiiOS-Clean/packages/renderer/src/modules/publishing/hooks/useReleases.test.ts:104:27
    at file:///Volumes/X%20SSD%202025/Users/narrowchannel/Desktop/indiiOS-Clean/node_modules/@vitest/runner/dist/index.js:145:11
    at file:///Volumes/X%20SSD%202025/Users/narrowchannel/Desktop/indiiOS-Clean/node_modules/@vitest/runner/dist/index.js:915:26
    at file:///Volumes/X%20SSD%202025/Users/narrowchannel/Desktop/indiiOS-Clean/node_modules/@vitest/runner/dist/index.js:1243:20
    at new Promise (<anonymous>)
    at runWithTimeout (file:///Volumes/X%20SSD%202025/Users/narrowchannel/Desktop/indiiOS-Clean/node_modules/@vitest/runner/dist/index.js:1209:10)
    at file:///Volumes/X%20SSD%202025/Users/narrowchannel/Desktop/indiiOS-Clean/node_modules/@vitest/runner/dist/index.js:1653:37
    at Traces.$ (file:///Volumes/X%20SSD%202025/Users/narrowchannel/Desktop/indiiOS-Clean/node_modules/vitest/dist/chunks/traces.CCmnQaNT.js:142:27)
    at trace (file:///Volumes/X%20SSD%202025/Users/narrowchannel/Desktop/indiiOS-Clean/node_modules/vitest/dist/chunks/test.B8ej_ZHS.js:239:21)
    at runTest (file:///Volumes/X%20SSD%202025/Users/narrowchannel/Desktop/indiiOS-Clean/node_modules/@vitest/runner/dist/index.js:1653:12)

 ✓ packages/renderer/src/modules/publishing/hooks/useReleases.test.ts (4 tests) 29ms
 ✓ packages/renderer/src/modules/finance/hooks/useFinance.test.ts (4 tests) 19ms
(node:35564) Warning: `--localstorage-file` was provided without a valid path
(Use `node --trace-warnings ...` to show where the warning was created)
(node:35548) Warning: `--localstorage-file` was provided without a valid path
(Use `node --trace-warnings ...` to show where the warning was created)
 ✓ packages/renderer/src/services/video/VideoUploadService.test.ts (8 tests) 20ms
stderr | packages/renderer/src/services/agent/tools/__tests__/ProjectTools.test.ts > ProjectTools > create_project > should handle creation errors
[Tool:create_project] execution failed: Error: Database error
    at /Volumes/X SSD 2025/Users/narrowchannel/Desktop/indiiOS-Clean/packages/renderer/src/services/agent/tools/__tests__/ProjectTools.test.ts:57:63
    at file:///Volumes/X%20SSD%202025/Users/narrowchannel/Desktop/indiiOS-Clean/node_modules/@vitest/runner/dist/index.js:145:11
    at file:///Volumes/X%20SSD%202025/Users/narrowchannel/Desktop/indiiOS-Clean/node_modules/@vitest/runner/dist/index.js:915:26
    at file:///Volumes/X%20SSD%202025/Users/narrowchannel/Desktop/indiiOS-Clean/node_modules/@vitest/runner/dist/index.js:1243:20
    at new Promise (<anonymous>)
    at runWithTimeout (file:///Volumes/X%20SSD%202025/Users/narrowchannel/Desktop/indiiOS-Clean/node_modules/@vitest/runner/dist/index.js:1209:10)
    at file:///Volumes/X%20SSD%202025/Users/narrowchannel/Desktop/indiiOS-Clean/node_modules/@vitest/runner/dist/index.js:1653:37
    at Traces.$ (file:///Volumes/X%20SSD%202025/Users/narrowchannel/Desktop/indiiOS-Clean/node_modules/vitest/dist/chunks/traces.CCmnQaNT.js:142:27)
    at trace (file:///Volumes/X%20SSD%202025/Users/narrowchannel/Desktop/indiiOS-Clean/node_modules/vitest/dist/chunks/test.B8ej_ZHS.js:239:21)
    at runTest (file:///Volumes/X%20SSD%202025/Users/narrowchannel/Desktop/indiiOS-Clean/node_modules/@vitest/runner/dist/index.js:1653:12)

 ✓ packages/renderer/src/services/agent/tools/__tests__/ProjectTools.test.ts (6 tests) 16ms
(node:35569) Warning: `--localstorage-file` was provided without a valid path
(Use `node --trace-warnings ...` to show where the warning was created)
stderr | packages/renderer/src/services/rag/ragService.test.ts > ragService > runAgenticWorkflow > should handle fallback when retrieval fails
RAG Retrieval Failed (proceeding with Pure LLM): Error: List failed
    at /Volumes/X SSD 2025/Users/narrowchannel/Desktop/indiiOS-Clean/packages/renderer/src/services/rag/ragService.test.ts:139:68
    at file:///Volumes/X%20SSD%202025/Users/narrowchannel/Desktop/indiiOS-Clean/node_modules/@vitest/runner/dist/index.js:145:11
    at file:///Volumes/X%20SSD%202025/Users/narrowchannel/Desktop/indiiOS-Clean/node_modules/@vitest/runner/dist/index.js:915:26
    at file:///Volumes/X%20SSD%202025/Users/narrowchannel/Desktop/indiiOS-Clean/node_modules/@vitest/runner/dist/index.js:1243:20
    at new Promise (<anonymous>)
    at runWithTimeout (file:///Volumes/X%20SSD%202025/Users/narrowchannel/Desktop/indiiOS-Clean/node_modules/@vitest/runner/dist/index.js:1209:10)
    at file:///Volumes/X%20SSD%202025/Users/narrowchannel/Desktop/indiiOS-Clean/node_modules/@vitest/runner/dist/index.js:1653:37
    at Traces.$ (file:///Volumes/X%20SSD%202025/Users/narrowchannel/Desktop/indiiOS-Clean/node_modules/vitest/dist/chunks/traces.CCmnQaNT.js:142:27)
    at trace (file:///Volumes/X%20SSD%202025/Users/narrowchannel/Desktop/indiiOS-Clean/node_modules/vitest/dist/chunks/test.B8ej_ZHS.js:239:21)
    at runTest (file:///Volumes/X%20SSD%202025/Users/narrowchannel/Desktop/indiiOS-Clean/node_modules/@vitest/runner/dist/index.js:1653:12)

stdout | packages/renderer/src/services/rag/ragService.test.ts > ragService > processForKnowledgeBase > should extract metadata and upload file
[RAG] Ingested native file: files/abc (text/plain)

stderr | packages/renderer/src/services/rag/ragService.test.ts > ragService > processForKnowledgeBase > should use fallback title if metadata extraction fails
Metadata extraction failed, using defaults: Error: Extraction failed
    at /Volumes/X SSD 2025/Users/narrowchannel/Desktop/indiiOS-Clean/packages/renderer/src/services/rag/ragService.test.ts:185:68
    at file:///Volumes/X%20SSD%202025/Users/narrowchannel/Desktop/indiiOS-Clean/node_modules/@vitest/runner/dist/index.js:145:11
    at file:///Volumes/X%20SSD%202025/Users/narrowchannel/Desktop/indiiOS-Clean/node_modules/@vitest/runner/dist/index.js:915:26
    at file:///Volumes/X%20SSD%202025/Users/narrowchannel/Desktop/indiiOS-Clean/node_modules/@vitest/runner/dist/index.js:1243:20
    at new Promise (<anonymous>)
    at runWithTimeout (file:///Volumes/X%20SSD%202025/Users/narrowchannel/Desktop/indiiOS-Clean/node_modules/@vitest/runner/dist/index.js:1209:10)
    at file:///Volumes/X%20SSD%202025/Users/narrowchannel/Desktop/indiiOS-Clean/node_modules/@vitest/runner/dist/index.js:1653:37
    at Traces.$ (file:///Volumes/X%20SSD%202025/Users/narrowchannel/Desktop/indiiOS-Clean/node_modules/vitest/dist/chunks/traces.CCmnQaNT.js:142:27)
    at trace (file:///Volumes/X%20SSD%202025/Users/narrowchannel/Desktop/indiiOS-Clean/node_modules/vitest/dist/chunks/test.B8ej_ZHS.js:239:21)
    at runTest (file:///Volumes/X%20SSD%202025/Users/narrowchannel/Desktop/indiiOS-Clean/node_modules/@vitest/runner/dist/index.js:1653:12)

stdout | packages/renderer/src/services/rag/ragService.test.ts > ragService > processForKnowledgeBase > should use fallback title if metadata extraction fails
[RAG] Ingested native file: files/abc (text/plain)

stderr | packages/renderer/src/services/rag/ragService.test.ts > ragService > processForKnowledgeBase > should handle upload failure gracefully
[RAG] Ingestion failed: Error: Upload failed
    at /Volumes/X SSD 2025/Users/narrowchannel/Desktop/indiiOS-Clean/packages/renderer/src/services/rag/ragService.test.ts:202:69
    at file:///Volumes/X%20SSD%202025/Users/narrowchannel/Desktop/indiiOS-Clean/node_modules/@vitest/runner/dist/index.js:145:11
    at file:///Volumes/X%20SSD%202025/Users/narrowchannel/Desktop/indiiOS-Clean/node_modules/@vitest/runner/dist/index.js:915:26
    at file:///Volumes/X%20SSD%202025/Users/narrowchannel/Desktop/indiiOS-Clean/node_modules/@vitest/runner/dist/index.js:1243:20
    at new Promise (<anonymous>)
    at runWithTimeout (file:///Volumes/X%20SSD%202025/Users/narrowchannel/Desktop/indiiOS-Clean/node_modules/@vitest/runner/dist/index.js:1209:10)
    at file:///Volumes/X%20SSD%202025/Users/narrowchannel/Desktop/indiiOS-Clean/node_modules/@vitest/runner/dist/index.js:1653:37
    at Traces.$ (file:///Volumes/X%20SSD%202025/Users/narrowchannel/Desktop/indiiOS-Clean/node_modules/vitest/dist/chunks/traces.CCmnQaNT.js:142:27)
    at trace (file:///Volumes/X%20SSD%202025/Users/narrowchannel/Desktop/indiiOS-Clean/node_modules/vitest/dist/chunks/test.B8ej_ZHS.js:239:21)
    at runTest (file:///Volumes/X%20SSD%202025/Users/narrowchannel/Desktop/indiiOS-Clean/node_modules/@vitest/runner/dist/index.js:1653:12)

stdout | packages/renderer/src/services/rag/ragService.test.ts > ragService > processForKnowledgeBase > should process large content without truncation at the service boundary
[RAG] Ingested native file: files/large-doc (text/plain)

 ✓ packages/renderer/src/services/rag/ragService.test.ts (8 tests) 24ms
(node:35573) Warning: `--localstorage-file` was provided without a valid path
(Use `node --trace-warnings ...` to show where the warning was created)
stdout | packages/renderer/src/services/video/LensVeoResilience.test.ts > Lens 🎥 - Veo 3.1 Resilience & Fallback Strategy > should proceed with generation (Resilience) when Temporal Context Analysis fails
[VideoGeneration] 🎬 generateVideo() called: {
  promptPreview: 'A cinematic shot of a cyberpunk city',
  model: 'veo-3.1-generate-preview',
  duration: 8,
  aspectRatio: undefined,
  hasFirstFrame: true,
  hasLastFrame: false,
  hasReferenceImages: false,
  userId: 'test-user-lens'
}

stdout | packages/renderer/src/services/video/LensVeoResilience.test.ts > Lens 🎥 - Veo 3.1 Resilience & Fallback Strategy > should proceed with generation (Resilience) when Temporal Context Analysis fails
[VideoGeneration] 🚀 Calling firebaseAI.generateVideo() with: {
  model: 'veo-3.1-generate-preview',
  promptLength: 36,
  hasImage: true,
  config: '{"aspectRatio":"16:9","durationSeconds":8}'
}
[MetadataPersistence] ✅ Saved video to users/test-user-lens/generated_videos/mock-doc

stdout | packages/renderer/src/services/video/LensVeoResilience.test.ts > Lens 🎥 - Veo 3.1 Resilience & Fallback Strategy > should proceed with generation (Fallback) when Quota Service fails
[VideoGeneration] 🎬 generateVideo() called: {
  promptPreview: 'A calm ocean view',
  model: 'veo-3.1-generate-preview',
  duration: 8,
  aspectRatio: undefined,
  hasFirstFrame: false,
  hasLastFrame: false,
  hasReferenceImages: false,
  userId: 'test-user-lens'
}

stderr | packages/renderer/src/services/video/LensVeoResilience.test.ts > Lens 🎥 - Veo 3.1 Resilience & Fallback Strategy > should proceed with generation (Fallback) when Quota Service fails
[VideoGeneration] Quota check failed: Error: Network Error
    at /Volumes/X SSD 2025/Users/narrowchannel/Desktop/indiiOS-Clean/packages/renderer/src/services/video/LensVeoResilience.test.ts:130:50
    at file:///Volumes/X%20SSD%202025/Users/narrowchannel/Desktop/indiiOS-Clean/node_modules/@vitest/runner/dist/index.js:145:11
    at file:///Volumes/X%20SSD%202025/Users/narrowchannel/Desktop/indiiOS-Clean/node_modules/@vitest/runner/dist/index.js:915:26
    at file:///Volumes/X%20SSD%202025/Users/narrowchannel/Desktop/indiiOS-Clean/node_modules/@vitest/runner/dist/index.js:1243:20
    at new Promise (<anonymous>)
    at runWithTimeout (file:///Volumes/X%20SSD%202025/Users/narrowchannel/Desktop/indiiOS-Clean/node_modules/@vitest/runner/dist/index.js:1209:10)
    at file:///Volumes/X%20SSD%202025/Users/narrowchannel/Desktop/indiiOS-Clean/node_modules/@vitest/runner/dist/index.js:1653:37
    at Traces.$ (file:///Volumes/X%20SSD%202025/Users/narrowchannel/Desktop/indiiOS-Clean/node_modules/vitest/dist/chunks/traces.CCmnQaNT.js:142:27)
    at trace (file:///Volumes/X%20SSD%202025/Users/narrowchannel/Desktop/indiiOS-Clean/node_modules/vitest/dist/chunks/test.B8ej_ZHS.js:239:21)
    at runTest (file:///Volumes/X%20SSD%202025/Users/narrowchannel/Desktop/indiiOS-Clean/node_modules/@vitest/runner/dist/index.js:1653:12)

stdout | packages/renderer/src/services/video/LensVeoResilience.test.ts > Lens 🎥 - Veo 3.1 Resilience & Fallback Strategy > should proceed with generation (Fallback) when Quota Service fails
[VideoGeneration] 🚀 Calling firebaseAI.generateVideo() with: {
  model: 'veo-3.1-generate-preview',
  promptLength: 17,
  hasImage: false,
  config: '{"aspectRatio":"16:9","durationSeconds":8}'
}
[MetadataPersistence] ✅ Saved video to users/test-user-lens/generated_videos/mock-doc

stdout | packages/renderer/src/services/video/LensVeoResilience.test.ts > Lens 🎥 - Veo 3.1 Resilience & Fallback Strategy > should BLOCK generation when Quota is strictly exceeded
[VideoGeneration] 🎬 generateVideo() called: {
  promptPreview: 'Expensive video generation',
  model: 'veo-3.1-generate-preview',
  duration: 8,
  aspectRatio: undefined,
  hasFirstFrame: false,
  hasLastFrame: false,
  hasReferenceImages: false,
  userId: 'test-user-lens'
}

stdout | packages/renderer/src/services/video/LensVeoResilience.test.ts > Lens 🎥 - Veo 3.1 Resilience & Fallback Strategy > should correctly enrich prompt with Veo 3.1 parameters even during Fallback
[VideoGeneration] 🎬 generateVideo() called: {
  promptPreview: 'A car chase',
  model: 'veo-3.1-generate-preview',
  duration: 8,
  aspectRatio: undefined,
  hasFirstFrame: false,
  hasLastFrame: false,
  hasReferenceImages: false,
  userId: 'test-user-lens'
}

stdout | packages/renderer/src/services/video/LensVeoResilience.test.ts > Lens 🎥 - Veo 3.1 Resilience & Fallback Strategy > should correctly enrich prompt with Veo 3.1 parameters even during Fallback
[VideoGeneration] 🚀 Calling firebaseAI.generateVideo() with: {
  model: 'veo-3.1-generate-preview',
  promptLength: 63,
  hasImage: false,
  config: '{"aspectRatio":"16:9","durationSeconds":8}'
}
[MetadataPersistence] ✅ Saved video to users/test-user-lens/generated_videos/mock-doc

stdout | packages/renderer/src/services/video/LensVeoResilience.test.ts > Lens 🎥 - Veo 3.1 Resilience & Fallback Strategy > should verify E2E pipeline: Trigger -> Wait -> Success with Veo 3.1 Metadata
[VideoGeneration] 🎬 generateVideo() called: {
  promptPreview: 'Test video',
  model: 'veo-3.1-generate-preview',
  duration: 8,
  aspectRatio: undefined,
  hasFirstFrame: false,
  hasLastFrame: false,
  hasReferenceImages: false,
  userId: 'test-user-lens'
}

stdout | packages/renderer/src/services/video/LensVeoResilience.test.ts > Lens 🎥 - Veo 3.1 Resilience & Fallback Strategy > should verify E2E pipeline: Trigger -> Wait -> Success with Veo 3.1 Metadata
[VideoGeneration] 🚀 Calling firebaseAI.generateVideo() with: {
  model: 'veo-3.1-generate-preview',
  promptLength: 10,
  hasImage: false,
  config: '{"aspectRatio":"16:9","durationSeconds":8}'
}
[MetadataPersistence] ✅ Saved video to users/test-user-lens/generated_videos/mock-doc

 ✓ packages/renderer/src/services/video/LensVeoResilience.test.ts (5 tests) 18ms
(node:35560) Warning: `--localstorage-file` was provided without a valid path
(Use `node --trace-warnings ...` to show where the warning was created)
(node:35562) Warning: `--localstorage-file` was provided without a valid path
(Use `node --trace-warnings ...` to show where the warning was created)
(node:35563) Warning: `--localstorage-file` was provided without a valid path
(Use `node --trace-warnings ...` to show where the warning was created)
 ✓ packages/renderer/src/modules/social/schemas.test.ts (10 tests) 11ms
(node:35570) Warning: `--localstorage-file` was provided without a valid path
(Use `node --trace-warnings ...` to show where the warning was created)
stdout | packages/renderer/src/services/account/DataExportService.test.ts > DataExportService > exportUserData > should export user profile from Firestore
[DataExport] Starting data export for user: uid-test-abc

stdout | packages/renderer/src/services/account/DataExportService.test.ts > DataExportService > exportUserData > should export user profile from Firestore
[DataExport] Found 0 storage files
[DataExport] Export complete for uid-test-abc

stdout | packages/renderer/src/services/account/DataExportService.test.ts > DataExportService > exportUserData > should export subcollection documents
[DataExport] Starting data export for user: uid-test-abc

stdout | packages/renderer/src/services/account/DataExportService.test.ts > DataExportService > exportUserData > should export subcollection documents
[DataExport] Exported 2 docs from releases

stdout | packages/renderer/src/services/account/DataExportService.test.ts > DataExportService > exportUserData > should export subcollection documents
[DataExport] Found 0 storage files
[DataExport] Export complete for uid-test-abc

stdout | packages/renderer/src/services/account/DataExportService.test.ts > DataExportService > exportUserData > should include Storage file URLs
[DataExport] Starting data export for user: uid-test-abc

stdout | packages/renderer/src/services/account/DataExportService.test.ts > DataExportService > exportUserData > should include Storage file URLs
[DataExport] Found 2 storage files
[DataExport] Export complete for uid-test-abc

stdout | packages/renderer/src/services/account/DataExportService.test.ts > DataExportService > exportUserData > should handle restricted Storage files gracefully
[DataExport] Starting data export for user: uid-test-abc

stdout | packages/renderer/src/services/account/DataExportService.test.ts > DataExportService > exportUserData > should handle restricted Storage files gracefully
[DataExport] Found 1 storage files
[DataExport] Export complete for uid-test-abc

stdout | packages/renderer/src/services/account/DataExportService.test.ts > DataExportService > exportUserData > should record errors but not fail completely
[DataExport] Starting data export for user: uid-test-abc

stdout | packages/renderer/src/services/account/DataExportService.test.ts > DataExportService > exportUserData > should record errors but not fail completely
[DataExport] Found 0 storage files
[DataExport] Export completed with errors for uid-test-abc

stdout | packages/renderer/src/services/account/DataExportService.test.ts > DataExportService > exportUserData > should include export metadata
[DataExport] Starting data export for user: uid-test-abc

stdout | packages/renderer/src/services/account/DataExportService.test.ts > DataExportService > exportUserData > should include export metadata
[DataExport] Found 0 storage files
[DataExport] Export complete for uid-test-abc

 ✓ packages/renderer/src/services/account/DataExportService.test.ts (7 tests) 8ms
(node:35571) Warning: `--localstorage-file` was provided without a valid path
(Use `node --trace-warnings ...` to show where the warning was created)
(node:35568) Warning: `--localstorage-file` was provided without a valid path
(Use `node --trace-warnings ...` to show where the warning was created)
stdout | packages/firebase/src/__tests__/video_generation_security.test.ts > 🛡️ Shield: Video Generation Security > should ENFORCE Safety Settings in Veo 3.1 API Request
[Inngest] Starting video generation for Job: job-security-test (Thinking: false)
[Inngest] Updating status to processing for job-security-test

stdout | packages/firebase/src/__tests__/video_generation_security.test.ts > 🛡️ Shield: Video Generation Security > should ENFORCE Safety Settings in Veo 3.1 API Request
[Inngest] Status updated to processing for job-security-test

stdout | packages/firebase/src/__tests__/video_generation_security.test.ts > 🛡️ Shield: Video Generation Security > should ENFORCE Safety Settings in Veo 3.1 API Request
[Inngest] Operation started: projects/123/locations/us-central1/operations/op-123

stdout | packages/firebase/src/__tests__/video_generation_security.test.ts > 🛡️ Shield: Video Generation Security > should ENFORCE Safety Settings in Veo 3.1 API Request
[Inngest] Final Result from Google AI: {
  "done": true,
  "response": {
    "generateVideoResponse": {
      "generatedSamples": []
    }
  }
}

stderr | packages/firebase/src/__tests__/video_generation_security.test.ts > 🛡️ Shield: Video Generation Security > should ENFORCE Safety Settings in Veo 3.1 API Request
[Inngest] Error in Video Generation (job-security-test): Error: No video data or URI/generatedSamples found in operation response: {"generateVideoResponse":{"generatedSamples":[]}}
    at /Volumes/X SSD 2025/Users/narrowchannel/Desktop/indiiOS-Clean/packages/firebase/src/lib/video_generation.ts:417:23
    at Object.<anonymous> (/Volumes/X SSD 2025/Users/narrowchannel/Desktop/indiiOS-Clean/packages/firebase/src/__tests__/video_generation_security.test.ts:81:44)
    at Object.Mock [as run] (file:///Volumes/X%20SSD%202025/Users/narrowchannel/Desktop/indiiOS-Clean/node_modules/@vitest/spy/dist/index.js:285:34)
    at /Volumes/X SSD 2025/Users/narrowchannel/Desktop/indiiOS-Clean/packages/firebase/src/lib/video_generation.ts:333:55
    at processTicksAndRejections (node:internal/process/task_queues:104:5)
    at /Volumes/X SSD 2025/Users/narrowchannel/Desktop/indiiOS-Clean/packages/firebase/src/__tests__/video_generation_security.test.ts:113:13
    at file:///Volumes/X%20SSD%202025/Users/narrowchannel/Desktop/indiiOS-Clean/node_modules/@vitest/runner/dist/index.js:915:20

stdout | packages/firebase/src/__tests__/video_generation_security.test.ts > 🛡️ Shield: Video Generation Security > should ENFORCE Safety Settings in Veo 3.1 API Request
Request Body: {
  "instances": [
    {
      "prompt": "generate a chaotic explosion"
    }
  ],
  "parameters": {
    "sampleCount": 1,
    "aspectRatio": "16:9",
    "personGeneration": "allow_adult",
    "generateAudio": true
  },
  "safetySettings": [
    {
      "category": "HARM_CATEGORY_HATE_SPEECH",
      "threshold": "BLOCK_MEDIUM_AND_ABOVE"
    },
    {
      "category": "HARM_CATEGORY_DANGEROUS_CONTENT",
      "threshold": "BLOCK_MEDIUM_AND_ABOVE"
    },
    {
      "category": "HARM_CATEGORY_SEXUALLY_EXPLICIT",
      "threshold": "BLOCK_MEDIUM_AND_ABOVE"
    },
    {
      "category": "HARM_CATEGORY_HARASSMENT",
      "threshold": "BLOCK_MEDIUM_AND_ABOVE"
    }
  ]
}

 ✓ packages/firebase/src/__tests__/video_generation_security.test.ts (1 test) 13ms
stdout | packages/renderer/src/services/MembershipService.circuitbreaker.test.ts > MembershipService (Ledger Circuit Breaker) > 💸 "Circuit Breaker": Halts a runaway loop exactly at the quota limit

💸 [Ledger] Starting "Runaway Loop" Simulation...
💸 [Ledger] Plan: 10 attempts | Limit: 5

stdout | packages/renderer/src/services/MembershipService.circuitbreaker.test.ts > MembershipService (Ledger Circuit Breaker) > 💸 "Circuit Breaker": Halts a runaway loop exactly at the quota limit
   🛑 Attempt 6: BLOCKED. Usage: 5/5
💸 [Ledger] Simulation Complete. Successes: 5

 ✓ packages/renderer/src/services/MembershipService.circuitbreaker.test.ts (2 tests) 20ms
(node:35575) Warning: `--localstorage-file` was provided without a valid path
(Use `node --trace-warnings ...` to show where the warning was created)
stderr | packages/renderer/src/services/agent/tools/__tests__/PublicistTools.test.ts > PublicistTools > handles AI failure gracefully
[Tool:write_press_release] execution failed: Error: AI Down
    at /Volumes/X SSD 2025/Users/narrowchannel/Desktop/indiiOS-Clean/packages/renderer/src/services/agent/tools/__tests__/PublicistTools.test.ts:76:72
    at file:///Volumes/X%20SSD%202025/Users/narrowchannel/Desktop/indiiOS-Clean/node_modules/@vitest/runner/dist/index.js:145:11
    at file:///Volumes/X%20SSD%202025/Users/narrowchannel/Desktop/indiiOS-Clean/node_modules/@vitest/runner/dist/index.js:915:26
    at file:///Volumes/X%20SSD%202025/Users/narrowchannel/Desktop/indiiOS-Clean/node_modules/@vitest/runner/dist/index.js:1243:20
    at new Promise (<anonymous>)
    at runWithTimeout (file:///Volumes/X%20SSD%202025/Users/narrowchannel/Desktop/indiiOS-Clean/node_modules/@vitest/runner/dist/index.js:1209:10)
    at file:///Volumes/X%20SSD%202025/Users/narrowchannel/Desktop/indiiOS-Clean/node_modules/@vitest/runner/dist/index.js:1653:37
    at Traces.$ (file:///Volumes/X%20SSD%202025/Users/narrowchannel/Desktop/indiiOS-Clean/node_modules/vitest/dist/chunks/traces.CCmnQaNT.js:142:27)
    at trace (file:///Volumes/X%20SSD%202025/Users/narrowchannel/Desktop/indiiOS-Clean/node_modules/vitest/dist/chunks/test.B8ej_ZHS.js:239:21)
    at runTest (file:///Volumes/X%20SSD%202025/Users/narrowchannel/Desktop/indiiOS-Clean/node_modules/@vitest/runner/dist/index.js:1653:12)

 ✓ packages/renderer/src/services/agent/tools/__tests__/PublicistTools.test.ts (5 tests) 14ms
 ✓ packages/renderer/src/services/agent/__tests__/AgentGuardRails.stress.test.ts (34 tests) 96ms
stdout | packages/firebase/src/lib/image_generation.test.ts > generateImageV3Fn > should construct correct payload with full Gemini 3 parameters
[GeminiImageService:generate] Tier: pro | Model: gemini-3-pro-image-preview | Prompt: "test prompt..."
[GeminiImageService] Initializing Google Gen AI Client (API_KEY: test...)
[GeminiImageService:generate] Config: {"model":"gemini-3-pro-image-preview","responseModalities":["TEXT","IMAGE"],"hasImageConfig":true,"hasThinkingConfig":false,"hasTools":true,"contentsTurns":1,"refImageCount":0}

stdout | packages/firebase/src/lib/image_generation.test.ts > generateImageV3Fn > should use fast model with correct defaults
[GeminiImageService:generate] Tier: fast | Model: gemini-3.1-flash-image-preview | Prompt: "simple prompt..."
[GeminiImageService:generate] Config: {"model":"gemini-3.1-flash-image-preview","responseModalities":["IMAGE"],"hasImageConfig":true,"hasThinkingConfig":false,"hasTools":false,"contentsTurns":1,"refImageCount":0}

stdout | packages/firebase/src/lib/image_generation.test.ts > generateImageV3Fn > should use legacy model when specified
[GeminiImageService:generate] Tier: legacy | Model: gemini-2.5-flash-image | Prompt: "legacy prompt..."
[GeminiImageService:generate] Config: {"model":"gemini-2.5-flash-image","responseModalities":["IMAGE"],"hasImageConfig":true,"hasThinkingConfig":false,"hasTools":false,"contentsTurns":1,"refImageCount":0}

stdout | packages/firebase/src/lib/image_generation.test.ts > generateImageV3Fn > should handle reference images in contents
[GeminiImageService:generate] Tier: fast | Model: gemini-3.1-flash-image-preview | Prompt: "generate with reference..."
[GeminiImageService:generate] Config: {"model":"gemini-3.1-flash-image-preview","responseModalities":["IMAGE"],"hasImageConfig":true,"hasThinkingConfig":false,"hasTools":false,"contentsTurns":1,"refImageCount":2}

(node:35580) Warning: `--localstorage-file` was provided without a valid path
(Use `node --trace-warnings ...` to show where the warning was created)
stdout | packages/firebase/src/lib/image_generation.test.ts > generateImageV3Fn > should handle conversation history for multi-turn
[GeminiImageService:generate] Tier: fast | Model: gemini-3.1-flash-image-preview | Prompt: "make it bluer..."
[GeminiImageService:generate] Config: {"model":"gemini-3.1-flash-image-preview","responseModalities":["IMAGE"],"hasImageConfig":true,"hasThinkingConfig":false,"hasTools":false,"contentsTurns":3,"refImageCount":0}

stdout | packages/firebase/src/lib/image_generation.test.ts > generateImageV3Fn > should extract thoughtSignature from response
[GeminiImageService:generate] Tier: pro | Model: gemini-3-pro-image-preview | Prompt: "test..."
[GeminiImageService:generate] Config: {"model":"gemini-3-pro-image-preview","responseModalities":["IMAGE"],"hasImageConfig":true,"hasThinkingConfig":false,"hasTools":false,"contentsTurns":1,"refImageCount":0}

stdout | packages/firebase/src/lib/image_generation.test.ts > generateImageV3Fn > should handle Flash + Image Search grounding
[GeminiImageService:generate] Tier: fast | Model: gemini-3.1-flash-image-preview | Prompt: "test with image search..."
[GeminiImageService:generate] Config: {"model":"gemini-3.1-flash-image-preview","responseModalities":["IMAGE"],"hasImageConfig":true,"hasThinkingConfig":false,"hasTools":true,"contentsTurns":1,"refImageCount":0}

stdout | packages/firebase/src/lib/image_generation.test.ts > generateImageV3Fn > should support all 14 aspect ratios for fast tier
[GeminiImageService:generate] Tier: fast | Model: gemini-3.1-flash-image-preview | Prompt: "test..."
[GeminiImageService:generate] Config: {"model":"gemini-3.1-flash-image-preview","responseModalities":["IMAGE"],"hasImageConfig":true,"hasThinkingConfig":false,"hasTools":false,"contentsTurns":1,"refImageCount":0}

stdout | packages/firebase/src/lib/image_generation.test.ts > generateImageV3Fn > should support all 14 aspect ratios for fast tier
[GeminiImageService:generate] Tier: fast | Model: gemini-3.1-flash-image-preview | Prompt: "test..."
[GeminiImageService:generate] Config: {"model":"gemini-3.1-flash-image-preview","responseModalities":["IMAGE"],"hasImageConfig":true,"hasThinkingConfig":false,"hasTools":false,"contentsTurns":1,"refImageCount":0}

stdout | packages/firebase/src/lib/image_generation.test.ts > generateImageV3Fn > should support all 14 aspect ratios for fast tier
[GeminiImageService:generate] Tier: fast | Model: gemini-3.1-flash-image-preview | Prompt: "test..."
[GeminiImageService:generate] Config: {"model":"gemini-3.1-flash-image-preview","responseModalities":["IMAGE"],"hasImageConfig":true,"hasThinkingConfig":false,"hasTools":false,"contentsTurns":1,"refImageCount":0}

stdout | packages/firebase/src/lib/image_generation.test.ts > generateImageV3Fn > should support all 14 aspect ratios for fast tier
[GeminiImageService:generate] Tier: fast | Model: gemini-3.1-flash-image-preview | Prompt: "test..."
[GeminiImageService:generate] Config: {"model":"gemini-3.1-flash-image-preview","responseModalities":["IMAGE"],"hasImageConfig":true,"hasThinkingConfig":false,"hasTools":false,"contentsTurns":1,"refImageCount":0}

stdout | packages/firebase/src/lib/image_generation.test.ts > generateImageV3Fn > should support all 14 aspect ratios for fast tier
[GeminiImageService:generate] Tier: fast | Model: gemini-3.1-flash-image-preview | Prompt: "test..."
[GeminiImageService:generate] Config: {"model":"gemini-3.1-flash-image-preview","responseModalities":["IMAGE"],"hasImageConfig":true,"hasThinkingConfig":false,"hasTools":false,"contentsTurns":1,"refImageCount":0}

stdout | packages/firebase/src/lib/image_generation.test.ts > generateImageV3Fn > should support all 14 aspect ratios for fast tier
[GeminiImageService:generate] Tier: fast | Model: gemini-3.1-flash-image-preview | Prompt: "test..."
[GeminiImageService:generate] Config: {"model":"gemini-3.1-flash-image-preview","responseModalities":["IMAGE"],"hasImageConfig":true,"hasThinkingConfig":false,"hasTools":false,"contentsTurns":1,"refImageCount":0}

stdout | packages/firebase/src/lib/image_generation.test.ts > generateImageV3Fn > should support all 14 aspect ratios for fast tier
[GeminiImageService:generate] Tier: fast | Model: gemini-3.1-flash-image-preview | Prompt: "test..."
[GeminiImageService:generate] Config: {"model":"gemini-3.1-flash-image-preview","responseModalities":["IMAGE"],"hasImageConfig":true,"hasThinkingConfig":false,"hasTools":false,"contentsTurns":1,"refImageCount":0}

stdout | packages/firebase/src/lib/image_generation.test.ts > generateImageV3Fn > should support all 14 aspect ratios for fast tier
[GeminiImageService:generate] Tier: fast | Model: gemini-3.1-flash-image-preview | Prompt: "test..."
[GeminiImageService:generate] Config: {"model":"gemini-3.1-flash-image-preview","responseModalities":["IMAGE"],"hasImageConfig":true,"hasThinkingConfig":false,"hasTools":false,"contentsTurns":1,"refImageCount":0}

stdout | packages/firebase/src/lib/image_generation.test.ts > generateImageV3Fn > should support all 14 aspect ratios for fast tier
[GeminiImageService:generate] Tier: fast | Model: gemini-3.1-flash-image-preview | Prompt: "test..."
[GeminiImageService:generate] Config: {"model":"gemini-3.1-flash-image-preview","responseModalities":["IMAGE"],"hasImageConfig":true,"hasThinkingConfig":false,"hasTools":false,"contentsTurns":1,"refImageCount":0}

stdout | packages/firebase/src/lib/image_generation.test.ts > generateImageV3Fn > should support all 14 aspect ratios for fast tier
[GeminiImageService:generate] Tier: fast | Model: gemini-3.1-flash-image-preview | Prompt: "test..."
[GeminiImageService:generate] Config: {"model":"gemini-3.1-flash-image-preview","responseModalities":["IMAGE"],"hasImageConfig":true,"hasThinkingConfig":false,"hasTools":false,"contentsTurns":1,"refImageCount":0}

stdout | packages/firebase/src/lib/image_generation.test.ts > generateImageV3Fn > should support all 14 aspect ratios for fast tier
[GeminiImageService:generate] Tier: fast | Model: gemini-3.1-flash-image-preview | Prompt: "test..."
[GeminiImageService:generate] Config: {"model":"gemini-3.1-flash-image-preview","responseModalities":["IMAGE"],"hasImageConfig":true,"hasThinkingConfig":false,"hasTools":false,"contentsTurns":1,"refImageCount":0}

stdout | packages/firebase/src/lib/image_generation.test.ts > generateImageV3Fn > should support all 14 aspect ratios for fast tier
[GeminiImageService:generate] Tier: fast | Model: gemini-3.1-flash-image-preview | Prompt: "test..."
[GeminiImageService:generate] Config: {"model":"gemini-3.1-flash-image-preview","responseModalities":["IMAGE"],"hasImageConfig":true,"hasThinkingConfig":false,"hasTools":false,"contentsTurns":1,"refImageCount":0}

stdout | packages/firebase/src/lib/image_generation.test.ts > generateImageV3Fn > should support all 14 aspect ratios for fast tier
[GeminiImageService:generate] Tier: fast | Model: gemini-3.1-flash-image-preview | Prompt: "test..."
[GeminiImageService:generate] Config: {"model":"gemini-3.1-flash-image-preview","responseModalities":["IMAGE"],"hasImageConfig":true,"hasThinkingConfig":false,"hasTools":false,"contentsTurns":1,"refImageCount":0}

stdout | packages/firebase/src/lib/image_generation.test.ts > generateImageV3Fn > should support all 14 aspect ratios for fast tier
[GeminiImageService:generate] Tier: fast | Model: gemini-3.1-flash-image-preview | Prompt: "test..."
[GeminiImageService:generate] Config: {"model":"gemini-3.1-flash-image-preview","responseModalities":["IMAGE"],"hasImageConfig":true,"hasThinkingConfig":false,"hasTools":false,"contentsTurns":1,"refImageCount":0}

stdout | packages/firebase/src/lib/image_generation.test.ts > generateImageV3Fn > should handle backward-compatible legacy fields
[GeminiImageService:generate] Tier: fast | Model: gemini-3.1-flash-image-preview | Prompt: "legacy call..."
[GeminiImageService:generate] Config: {"model":"gemini-3.1-flash-image-preview","responseModalities":["IMAGE"],"hasImageConfig":true,"hasThinkingConfig":true,"hasTools":true,"contentsTurns":1,"refImageCount":0}

stdout | packages/firebase/src/lib/image_generation.test.ts > editImageFn > should construct correct edit payload
[GeminiImageService:edit] Model: gemini-3-pro-image-preview | Prompt: "remove the background..."

stdout | packages/firebase/src/lib/image_generation.test.ts > editImageFn > should include mask in edit payload
[GeminiImageService:edit] Model: gemini-3-pro-image-preview | Prompt: "replace masked area with flowers..."

stdout | packages/firebase/src/lib/image_generation.test.ts > editImageFn > should pass reference images array
[GeminiImageService:edit] Model: gemini-3-pro-image-preview | Prompt: "blend with references..."

 ✓ packages/firebase/src/lib/image_generation.test.ts (15 tests) 91ms
stdout | packages/renderer/src/services/ddex/RINService.test.ts > ERNService > should generate a valid ERN object from metadata
RESULT {
  success: true,
  xml: '<?xml version="1.0" encoding="UTF-8"?>\n' +
    '<ern:NewReleaseMessage xmlns:ern="http://ddex.net/xml/ern/43" xmlns:xsi="http://www.w3.org/2001/XMLSchema-instance" MessageSchemaVersionId="4.3" LanguageAndScriptCode="en">\n' +
    '  <MessageHeader>\n' +
    '    <MessageId>MSG-1776792460119</MessageId>\n' +
    '    <MessageSender>\n' +
    '      <PartyId>PA-DPIDA-2025122604-E</PartyId>\n' +
    '      <PartyName>Mute Records</PartyName>\n' +
    '    </MessageSender>\n' +
    '    <MessageRecipient>\n' +
    '      <PartyId>PADPIDA2012110501U</PartyId>\n' +
    '      <PartyName>Distributor</PartyName>\n' +
    '    </MessageRecipient>\n' +
    '    <MessageCreatedDateTime>2026-04-21T17:27:40.119Z</MessageCreatedDateTime>\n' +
    '    <MessageControlType>LiveMessage</MessageControlType>\n' +
    '  </MessageHeader>\n' +
    '  <ReleaseList>\n' +
    '    <Release ReleaseReference="R1">\n' +
    '      <ReleaseId>\n' +
    '        <ICPN>123456789012</ICPN>\n' +
    '        <CatalogNumber>MUTE123</CatalogNumber>\n' +
    '      </ReleaseId>\n' +
    '      <ReleaseDetailsByTerritory>\n' +
    '        <TerritoryCode>Worldwide</TerritoryCode>\n' +
    '        <Title TitleType="FormalTitle">\n' +
    '          <TitleText>Midnight City</TitleText>\n' +
    '        </Title>\n' +
    '        <DisplayArtistName>M83</DisplayArtistName>\n' +
    '        <LabelName>Mute Records</LabelName>\n' +
    '        <Genre>\n' +
    '          <GenreText>Electronic</GenreText>\n' +
    '        </Genre>\n' +
    '        <ParentalWarningType>NotExplicit</ParentalWarningType>\n' +
    '      </ReleaseDetailsByTerritory>\n' +
    '      <ReleaseType>Single</ReleaseType>\n' +
    '      <ReleaseResourceReferenceList>\n' +
    '        <ReleaseResourceReference>A1</ReleaseResourceReference>\n' +
    '        <ReleaseResourceReference>IMG2</ReleaseResourceReference>\n' +
    '      </ReleaseResourceReferenceList>\n' +
    '      <AIGenerationInfo>\n' +
    '        <IsFullyAIGenerated>false</IsFullyAIGenerated>\n' +
    '        <IsPartiallyAIGenerated>false</IsPartiallyAIGenerated>\n' +
    '        <AIToolsUsed/>\n' +
    '      </AIGenerationInfo>\n' +
    '    </Release>\n' +
    '  </ReleaseList>\n' +
    '  <ResourceList>\n' +
    '    <SoundRecording ResourceReference="A1">\n' +
    '      <ResourceId>\n' +
    '        <ISRC>USM831100012</ISRC>\n' +
    '      </ResourceId>\n' +
    '      <ReferenceTitle>\n' +
    '        <TitleText>Midnight City</TitleText>\n' +
    '      </ReferenceTitle>\n' +
    '      <SoundRecordingDetailsByTerritory>\n' +
    '        <TerritoryCode>Worldwide</TerritoryCode>\n' +
    '        <Title TitleType="FormalTitle">\n' +
    '          <TitleText>Midnight City</TitleText>\n' +
    '        </Title>\n' +
    '        <DisplayArtistName>M83</DisplayArtistName>\n' +
    '      </SoundRecordingDetailsByTerritory>\n' +
    '    </SoundRecording>\n' +
    '    <Image ResourceReference="IMG2">\n' +
    '      <ResourceId>\n' +
    '        <ProprietaryId Namespace="PartySpecific">\n' +
    '          <Id>IMG-USM831100012</Id>\n' +
    '        </ProprietaryId>\n' +
    '      </ResourceId>\n' +
    '      <ReferenceTitle>\n' +
    '        <TitleText>Front Cover Image</TitleText>\n' +
    '      </ReferenceTitle>\n' +
    '      <ImageDetailsByTerritory>\n' +
    '        <TerritoryCode>Worldwide</TerritoryCode>\n' +
    '        <TechnicalImageDetails>\n' +
    '          <FileAvailabilityDescription>\n' +
    '            <FilePath>IMG2.jpg</FilePath>\n' +
    '          </FileAvailabilityDescription>\n' +
    '        </TechnicalImageDetails>\n' +
    '      </ImageDetailsByTerritory>\n' +
    '    </Image>\n' +
    '  </ResourceList>\n' +
    '  <DealList>\n' +
    '    <ReleaseDeal DealReference="D1">\n' +
    '      <Deal>\n' +
    '        <DealTerms>\n' +
    '          <CommercialModelType>SubscriptionModel</CommercialModelType>\n' +
    '          <Usage>\n' +
    '            <UseType>OnDemandStream</UseType>\n' +
    '          </Usage>\n' +
    '          <TerritoryCode>Worldwide</TerritoryCode>\n' +
    '          <ValidityPeriod>\n' +
    '            <StartDate>2011-10-18</StartDate>\n' +
    '          </ValidityPeriod>\n' +
    '        </DealTerms>\n' +
    '      </Deal>\n' +
    '    </ReleaseDeal>\n' +
    '    <ReleaseDeal DealReference="D2">\n' +
    '      <Deal>\n' +
    '        <DealTerms>\n' +
    '          <CommercialModelType>AdvertisementSupportedModel</CommercialModelType>\n' +
    '          <Usage>\n' +
    '            <UseType>OnDemandStream</UseType>\n' +
    '          </Usage>\n' +
    '          <TerritoryCode>Worldwide</TerritoryCode>\n' +
    '          <ValidityPeriod>\n' +
    '            <StartDate>2011-10-18</StartDate>\n' +
    '          </ValidityPeriod>\n' +
    '        </DealTerms>\n' +
    '      </Deal>\n' +
    '    </ReleaseDeal>\n' +
    '    <ReleaseDeal DealReference="D3">\n' +
    '      <Deal>\n' +
    '        <DealTerms>\n' +
    '          <CommercialModelType>SubscriptionModel</CommercialModelType>\n' +
    '          <Usage>\n' +
    '            <UseType>NonInteractiveStream</UseType>\n' +
    '          </Usage>\n' +
    '          <TerritoryCode>Worldwide</TerritoryCode>\n' +
    '          <ValidityPeriod>\n' +
    '            <StartDate>2011-10-18</StartDate>\n' +
    '          </ValidityPeriod>\n' +
    '        </DealTerms>\n' +
    '      </Deal>\n' +
    '    </ReleaseDeal>\n' +
    '    <ReleaseDeal DealReference="D4">\n' +
    '      <Deal>\n' +
    '        <DealTerms>\n' +
    '          <CommercialModelType>AdvertisementSupportedModel</CommercialModelType>\n' +
    '          <Usage>\n' +
    '            <UseType>NonInteractiveStream</UseType>\n' +
    '          </Usage>\n' +
    '          <TerritoryCode>Worldwide</TerritoryCode>\n' +
    '          <ValidityPeriod>\n' +
    '            <StartDate>2011-10-18</StartDate>\n' +
    '          </ValidityPeriod>\n' +
    '        </DealTerms>\n' +
    '      </Deal>\n' +
    '    </ReleaseDeal>\n' +
    '    <ReleaseDeal DealReference="D5">\n' +
    '      <Deal>\n' +
    '        <DealTerms>\n' +
    '          <CommercialModelType>PayAsYouGoModel</CommercialModelType>\n' +
    '          <Usage>\n' +
    '            <UseType>PermanentDownload</UseType>\n' +
    '          </Usage>\n' +
    '          <TerritoryCode>Worldwide</TerritoryCode>\n' +
    '          <ValidityPeriod>\n' +
    '            <StartDate>2011-10-18</StartDate>\n' +
    '          </ValidityPeriod>\n' +
    '        </DealTerms>\n' +
    '      </Deal>\n' +
    '    </ReleaseDeal>\n' +
    '  </DealList>\n' +
    '</ern:NewReleaseMessage>\n'
}

 ✓ packages/renderer/src/services/ddex/RINService.test.ts (9 tests) 11ms
(node:35583) Warning: `--localstorage-file` was provided without a valid path
(Use `node --trace-warnings ...` to show where the warning was created)
(node:35600) Warning: `--localstorage-file` was provided without a valid path
(Use `node --trace-warnings ...` to show where the warning was created)
(node:35604) Warning: `--localstorage-file` was provided without a valid path
(Use `node --trace-warnings ...` to show where the warning was created)
stderr | packages/renderer/src/services/agent/tools/__tests__/MemoryTools.test.ts > MemoryTools > recall_memories > should handle recall errors
[Tool:recall_memories] execution failed: Error: Database unavailable
    at /Volumes/X SSD 2025/Users/narrowchannel/Desktop/indiiOS-Clean/packages/renderer/src/services/agent/tools/__tests__/MemoryTools.test.ts:152:17
    at file:///Volumes/X%20SSD%202025/Users/narrowchannel/Desktop/indiiOS-Clean/node_modules/@vitest/runner/dist/index.js:145:11
    at file:///Volumes/X%20SSD%202025/Users/narrowchannel/Desktop/indiiOS-Clean/node_modules/@vitest/runner/dist/index.js:915:26
    at file:///Volumes/X%20SSD%202025/Users/narrowchannel/Desktop/indiiOS-Clean/node_modules/@vitest/runner/dist/index.js:1243:20
    at new Promise (<anonymous>)
    at runWithTimeout (file:///Volumes/X%20SSD%202025/Users/narrowchannel/Desktop/indiiOS-Clean/node_modules/@vitest/runner/dist/index.js:1209:10)
    at file:///Volumes/X%20SSD%202025/Users/narrowchannel/Desktop/indiiOS-Clean/node_modules/@vitest/runner/dist/index.js:1653:37
    at Traces.$ (file:///Volumes/X%20SSD%202025/Users/narrowchannel/Desktop/indiiOS-Clean/node_modules/vitest/dist/chunks/traces.CCmnQaNT.js:142:27)
    at trace (file:///Volumes/X%20SSD%202025/Users/narrowchannel/Desktop/indiiOS-Clean/node_modules/vitest/dist/chunks/test.B8ej_ZHS.js:239:21)
    at runTest (file:///Volumes/X%20SSD%202025/Users/narrowchannel/Desktop/indiiOS-Clean/node_modules/@vitest/runner/dist/index.js:1653:12)

stderr | packages/renderer/src/services/agent/tools/__tests__/MemoryTools.test.ts > MemoryTools > verify_output > should handle verification errors
[Tool:verify_output] execution failed: Error: API unavailable
    at /Volumes/X SSD 2025/Users/narrowchannel/Desktop/indiiOS-Clean/packages/renderer/src/services/agent/tools/__tests__/MemoryTools.test.ts:258:64
    at file:///Volumes/X%20SSD%202025/Users/narrowchannel/Desktop/indiiOS-Clean/node_modules/@vitest/runner/dist/index.js:145:11
    at file:///Volumes/X%20SSD%202025/Users/narrowchannel/Desktop/indiiOS-Clean/node_modules/@vitest/runner/dist/index.js:915:26
    at file:///Volumes/X%20SSD%202025/Users/narrowchannel/Desktop/indiiOS-Clean/node_modules/@vitest/runner/dist/index.js:1243:20
    at new Promise (<anonymous>)
    at runWithTimeout (file:///Volumes/X%20SSD%202025/Users/narrowchannel/Desktop/indiiOS-Clean/node_modules/@vitest/runner/dist/index.js:1209:10)
    at file:///Volumes/X%20SSD%202025/Users/narrowchannel/Desktop/indiiOS-Clean/node_modules/@vitest/runner/dist/index.js:1653:37
    at Traces.$ (file:///Volumes/X%20SSD%202025/Users/narrowchannel/Desktop/indiiOS-Clean/node_modules/vitest/dist/chunks/traces.CCmnQaNT.js:142:27)
    at trace (file:///Volumes/X%20SSD%202025/Users/narrowchannel/Desktop/indiiOS-Clean/node_modules/vitest/dist/chunks/test.B8ej_ZHS.js:239:21)
    at runTest (file:///Volumes/X%20SSD%202025/Users/narrowchannel/Desktop/indiiOS-Clean/node_modules/@vitest/runner/dist/index.js:1653:12)

stderr | packages/renderer/src/services/agent/tools/__tests__/MemoryTools.test.ts > MemoryTools > verify_output > should handle unknown errors
[Tool:verify_output] execution failed: Unknown error type

 ✓ packages/renderer/src/services/agent/tools/__tests__/MemoryTools.test.ts (14 tests) 32ms
stdout | packages/renderer/src/services/video/LensVeoAspectRatio.test.ts > Lens 🎥 - Veo 3.1 Aspect Ratio Compliance > should strictly respect explicit "16:9" aspect ratio
[VideoGeneration] 🎬 generateVideo() called: {
  promptPreview: 'Cinematic sunset',
  model: 'veo-3.1-generate-preview',
  duration: 5,
  aspectRatio: '16:9',
  hasFirstFrame: false,
  hasLastFrame: false,
  hasReferenceImages: false,
  userId: 'lens-tester'
}

stderr | packages/renderer/src/services/video/LensVeoAspectRatio.test.ts > Lens 🎥 - Veo 3.1 Aspect Ratio Compliance > should strictly respect explicit "16:9" aspect ratio
[MetadataPersistence] Save attempt 1/2 failed: Error: [vitest] No "addDoc" export is defined on the "firebase/firestore" mock. Did you forget to return it from "vi.mock"?
If you need to partially mock a module, you can use "importOriginal" helper inside:

    at VitestMocker.createError (file:///Volumes/X%20SSD%202025/Users/narrowchannel/Desktop/indiiOS-Clean/node_modules/vitest/dist/chunks/startModuleRunner.DEj0jb3e.js:311:17)
    at Object.get (file:///Volumes/X%20SSD%202025/Users/narrowchannel/Desktop/indiiOS-Clean/node_modules/vitest/dist/chunks/startModuleRunner.DEj0jb3e.js:384:16)
    at MetadataPersistenceService.save (/Volumes/X SSD 2025/Users/narrowchannel/Desktop/indiiOS-Clean/packages/renderer/src/services/persistence/MetadataPersistenceService.ts:274:38)
    at VideoGenerationService.generateVideo (/Volumes/X SSD 2025/Users/narrowchannel/Desktop/indiiOS-Clean/packages/renderer/src/services/video/VideoGenerationService.ts:364:36)
    at processTicksAndRejections (node:internal/process/task_queues:104:5)
    at /Volumes/X SSD 2025/Users/narrowchannel/Desktop/indiiOS-Clean/packages/renderer/src/services/video/LensVeoAspectRatio.test.ts:87:9
    at file:///Volumes/X%20SSD%202025/Users/narrowchannel/Desktop/indiiOS-Clean/node_modules/@vitest/runner/dist/index.js:915:20 {
  codeFrame: 'vi.mock(import("firebase/firestore"), async (importOriginal) => {\n' +
    '  const actual = await importOriginal()\n' +
    '  return {\n' +
    '    ...actual,\n' +
    '    // your mocked methods\n' +
    '  }\n' +
    '})'
}

stdout | packages/renderer/src/services/video/LensVeoAspectRatio.test.ts > Lens 🎥 - Veo 3.1 Aspect Ratio Compliance > should strictly respect explicit "16:9" aspect ratio
[VideoGeneration] 🚀 Calling firebaseAI.generateVideo() with: {
  model: 'veo-3.1-generate-preview',
  promptLength: 16,
  hasImage: false,
  config: '{"aspectRatio":"16:9","durationSeconds":5}'
}

stdout | packages/renderer/src/services/video/LensVeoAspectRatio.test.ts > Lens 🎥 - Veo 3.1 Aspect Ratio Compliance > should automatically apply "9:16" for DistroKid users (Spotify Canvas)
[VideoGeneration] 🎬 generateVideo() called: {
  promptPreview: 'Abstract loop',
  model: 'veo-3.1-generate-preview',
  duration: 8,
  aspectRatio: undefined,
  hasFirstFrame: false,
  hasLastFrame: false,
  hasReferenceImages: false,
  userId: 'lens-tester'
}

stderr | packages/renderer/src/services/video/LensVeoAspectRatio.test.ts > Lens 🎥 - Veo 3.1 Aspect Ratio Compliance > should automatically apply "9:16" for DistroKid users (Spotify Canvas)
[MetadataPersistence] Save attempt 1/2 failed: Error: [vitest] No "addDoc" export is defined on the "firebase/firestore" mock. Did you forget to return it from "vi.mock"?
If you need to partially mock a module, you can use "importOriginal" helper inside:

    at VitestMocker.createError (file:///Volumes/X%20SSD%202025/Users/narrowchannel/Desktop/indiiOS-Clean/node_modules/vitest/dist/chunks/startModuleRunner.DEj0jb3e.js:311:17)
    at Object.get (file:///Volumes/X%20SSD%202025/Users/narrowchannel/Desktop/indiiOS-Clean/node_modules/vitest/dist/chunks/startModuleRunner.DEj0jb3e.js:384:16)
    at MetadataPersistenceService.save (/Volumes/X SSD 2025/Users/narrowchannel/Desktop/indiiOS-Clean/packages/renderer/src/services/persistence/MetadataPersistenceService.ts:274:38)
    at VideoGenerationService.generateVideo (/Volumes/X SSD 2025/Users/narrowchannel/Desktop/indiiOS-Clean/packages/renderer/src/services/video/VideoGenerationService.ts:364:36)
    at processTicksAndRejections (node:internal/process/task_queues:104:5)
    at /Volumes/X SSD 2025/Users/narrowchannel/Desktop/indiiOS-Clean/packages/renderer/src/services/video/LensVeoAspectRatio.test.ts:111:9
    at file:///Volumes/X%20SSD%202025/Users/narrowchannel/Desktop/indiiOS-Clean/node_modules/@vitest/runner/dist/index.js:915:20 {
  codeFrame: 'vi.mock(import("firebase/firestore"), async (importOriginal) => {\n' +
    '  const actual = await importOriginal()\n' +
    '  return {\n' +
    '    ...actual,\n' +
    '    // your mocked methods\n' +
    '  }\n' +
    '})'
}

stdout | packages/renderer/src/services/video/LensVeoAspectRatio.test.ts > Lens 🎥 - Veo 3.1 Aspect Ratio Compliance > should automatically apply "9:16" for DistroKid users (Spotify Canvas)
[VideoGeneration] 🚀 Calling firebaseAI.generateVideo() with: {
  model: 'veo-3.1-generate-preview',
  promptLength: 96,
  hasImage: false,
  config: '{"aspectRatio":"9:16","durationSeconds":8}'
}

stdout | packages/renderer/src/services/video/LensVeoAspectRatio.test.ts > Lens 🎥 - Veo 3.1 Aspect Ratio Compliance > should respect user override (16:9) even if DistroKid is configured
[VideoGeneration] 🎬 generateVideo() called: {
  promptPreview: 'Wide music video',
  model: 'veo-3.1-generate-preview',
  duration: 8,
  aspectRatio: '16:9',
  hasFirstFrame: false,
  hasLastFrame: false,
  hasReferenceImages: false,
  userId: 'lens-tester'
}

stdout | packages/renderer/src/services/video/LensVeoAspectRatio.test.ts > Lens 🎥 - Veo 3.1 Aspect Ratio Compliance > should respect user override (16:9) even if DistroKid is configured
[VideoGeneration] 🚀 Calling firebaseAI.generateVideo() with: {
  model: 'veo-3.1-generate-preview',
  promptLength: 99,
  hasImage: false,
  config: '{"aspectRatio":"16:9","durationSeconds":8}'
}

stderr | packages/renderer/src/services/video/LensVeoAspectRatio.test.ts > Lens 🎥 - Veo 3.1 Aspect Ratio Compliance > should respect user override (16:9) even if DistroKid is configured
[MetadataPersistence] Save attempt 1/2 failed: Error: [vitest] No "addDoc" export is defined on the "firebase/firestore" mock. Did you forget to return it from "vi.mock"?
If you need to partially mock a module, you can use "importOriginal" helper inside:

    at VitestMocker.createError (file:///Volumes/X%20SSD%202025/Users/narrowchannel/Desktop/indiiOS-Clean/node_modules/vitest/dist/chunks/startModuleRunner.DEj0jb3e.js:311:17)
    at Object.get (file:///Volumes/X%20SSD%202025/Users/narrowchannel/Desktop/indiiOS-Clean/node_modules/vitest/dist/chunks/startModuleRunner.DEj0jb3e.js:384:16)
    at MetadataPersistenceService.save (/Volumes/X SSD 2025/Users/narrowchannel/Desktop/indiiOS-Clean/packages/renderer/src/services/persistence/MetadataPersistenceService.ts:274:38)
    at VideoGenerationService.generateVideo (/Volumes/X SSD 2025/Users/narrowchannel/Desktop/indiiOS-Clean/packages/renderer/src/services/video/VideoGenerationService.ts:364:36)
    at processTicksAndRejections (node:internal/process/task_queues:104:5)
    at /Volumes/X SSD 2025/Users/narrowchannel/Desktop/indiiOS-Clean/packages/renderer/src/services/video/LensVeoAspectRatio.test.ts:138:9
    at file:///Volumes/X%20SSD%202025/Users/narrowchannel/Desktop/indiiOS-Clean/node_modules/@vitest/runner/dist/index.js:915:20 {
  codeFrame: 'vi.mock(import("firebase/firestore"), async (importOriginal) => {\n' +
    '  const actual = await importOriginal()\n' +
    '  return {\n' +
    '    ...actual,\n' +
    '    // your mocked methods\n' +
    '  }\n' +
    '})'
}

 ✓ packages/renderer/src/services/video/LensVeoAspectRatio.test.ts (3 tests) 31ms
stdout | packages/renderer/src/services/ai/__tests__/RemoteAIConfig.test.ts > RemoteAIConfig & Dynamic Switching > should use default model when no remote config override exists
[FirebaseAIService] App Check Debug: { DEV: undefined, debugToken: undefined, key: 'mock-key' }

stdout | packages/renderer/src/services/ai/__tests__/RemoteAIConfig.test.ts > RemoteAIConfig & Dynamic Switching > should use default model when no remote config override exists
[FirebaseAIService] Initialized with Firebase AI SDK

stdout | packages/renderer/src/services/ai/__tests__/RemoteAIConfig.test.ts > RemoteAIConfig & Dynamic Switching > should use default model when no remote config override exists
[DEBUG-PAYLOAD] modelName: gemini-3-pro-preview
[DEBUG-PAYLOAD] prompt: "test"...
[DEBUG-PAYLOAD] config: undefined

stdout | packages/renderer/src/services/ai/__tests__/RemoteAIConfig.test.ts > RemoteAIConfig & Dynamic Switching > should intercept and replace model ID when override is present
[FirebaseAIService] App Check Debug: { DEV: undefined, debugToken: undefined, key: 'mock-key' }

stdout | packages/renderer/src/services/ai/__tests__/RemoteAIConfig.test.ts > RemoteAIConfig & Dynamic Switching > should intercept and replace model ID when override is present
[FirebaseAIService] Loaded dynamic AI config from Remote Config
[FirebaseAIService] Initialized with Firebase AI SDK

stdout | packages/renderer/src/services/ai/__tests__/RemoteAIConfig.test.ts > RemoteAIConfig & Dynamic Switching > should intercept and replace model ID when override is present
Requesting model: gemini-3-pro-preview
[DEBUG-PAYLOAD] modelName: gemini-3-pro-preview
[DEBUG-PAYLOAD] prompt: "test"...
[DEBUG-PAYLOAD] config: undefined

stdout | packages/renderer/src/services/ai/__tests__/RemoteAIConfig.test.ts > RemoteAIConfig & Dynamic Switching > should intercept and replace model ID when override is present
getGenerativeModel calls: [
  {
    "model": "gemini-3-flash-preview",
    "safetySettings": [
      {
        "category": "HARM_CATEGORY_HARASSMENT",
        "threshold": "BLOCK_MEDIUM_AND_ABOVE"
      },
      {
        "category": "HARM_CATEGORY_HATE_SPEECH",
        "threshold": "BLOCK_MEDIUM_AND_ABOVE"
      },
      {
        "category": "HARM_CATEGORY_SEXUALLY_EXPLICIT",
        "threshold": "BLOCK_MEDIUM_AND_ABOVE"
      },
      {
        "category": "HARM_CATEGORY_DANGEROUS_CONTENT",
        "threshold": "BLOCK_MEDIUM_AND_ABOVE"
      }
    ]
  },
  {
    "model": "gemini-4-ultra",
    "generationConfig": {},
    "safetySettings": [
      {
        "category": "HARM_CATEGORY_HARASSMENT",
        "threshold": "BLOCK_MEDIUM_AND_ABOVE"
      },
      {
        "category": "HARM_CATEGORY_HATE_SPEECH",
        "threshold": "BLOCK_MEDIUM_AND_ABOVE"
      },
      {
        "category": "HARM_CATEGORY_SEXUALLY_EXPLICIT",
        "threshold": "BLOCK_MEDIUM_AND_ABOVE"
      },
      {
        "category": "HARM_CATEGORY_DANGEROUS_CONTENT",
        "threshold": "BLOCK_MEDIUM_AND_ABOVE"
      }
    ]
  }
]

stdout | packages/renderer/src/services/ai/__tests__/RemoteAIConfig.test.ts > RemoteAIConfig & Dynamic Switching > should fall back if remote schema is invalid
[FirebaseAIService] App Check Debug: { DEV: undefined, debugToken: undefined, key: 'mock-key' }

stderr | packages/renderer/src/services/ai/__tests__/RemoteAIConfig.test.ts > RemoteAIConfig & Dynamic Switching > should fall back if remote schema is invalid
[safeJsonParse] Failed to parse JSON: SyntaxError: Expected ',' or '}' after property value in JSON at position 16 (line 1 column 17)
    at JSON.parse (<anonymous>)
    at safeJsonParse (/Volumes/X SSD 2025/Users/narrowchannel/Desktop/indiiOS-Clean/packages/renderer/src/services/utils/json.ts:6:21)
    at FirebaseAIService.bootstrap (/Volumes/X SSD 2025/Users/narrowchannel/Desktop/indiiOS-Clean/packages/renderer/src/services/ai/FirebaseAIService.ts:165:40)
    at processTicksAndRejections (node:internal/process/task_queues:104:5)
    at /Volumes/X SSD 2025/Users/narrowchannel/Desktop/indiiOS-Clean/packages/renderer/src/services/ai/__tests__/RemoteAIConfig.test.ts:138:9
    at file:///Volumes/X%20SSD%202025/Users/narrowchannel/Desktop/indiiOS-Clean/node_modules/@vitest/runner/dist/index.js:915:20

stdout | packages/renderer/src/services/ai/__tests__/RemoteAIConfig.test.ts > RemoteAIConfig & Dynamic Switching > should fall back if remote schema is invalid
[FirebaseAIService] Initialized with Firebase AI SDK

stdout | packages/renderer/src/services/ai/__tests__/RemoteAIConfig.test.ts > RemoteAIConfig & Dynamic Switching > should fall back if remote schema is invalid
[DEBUG-PAYLOAD] modelName: gemini-3-pro-preview
[DEBUG-PAYLOAD] prompt: "test"...
[DEBUG-PAYLOAD] config: undefined

 ✓ packages/renderer/src/services/ai/__tests__/RemoteAIConfig.test.ts (5 tests) 102ms
(node:35595) Warning: `--localstorage-file` was provided without a valid path
(Use `node --trace-warnings ...` to show where the warning was created)
 ✓ packages/renderer/src/services/agent/__tests__/fine-tuned-models.test.ts (5 tests) 82ms
(node:35589) Warning: `--localstorage-file` was provided without a valid path
(Use `node --trace-warnings ...` to show where the warning was created)
(node:35588) Warning: `--localstorage-file` was provided without a valid path
(Use `node --trace-warnings ...` to show where the warning was created)
stdout | packages/main/src/handlers/distribution_security.test.ts > 🛡️ Shield: Distribution Security > should BLOCK execution of forensics on non-audio files
13:27:41.870 › [Distribution] Running audio forensics on: /tmp/malware.exe

stderr | packages/main/src/handlers/distribution_security.test.ts > 🛡️ Shield: Distribution Security > should BLOCK execution of forensics on non-audio files
13:27:41.873 › [Distribution] Forensics failed: Error: Security Violation: File type '.exe' is not allowed
    at /Volumes/X SSD 2025/Users/narrowchannel/Desktop/indiiOS-Clean/packages/main/src/handlers/distribution_security.test.ts:133:19
    at Mock (file:///Volumes/X%20SSD%202025/Users/narrowchannel/Desktop/indiiOS-Clean/node_modules/@vitest/spy/dist/index.js:285:34)
    at /Volumes/X SSD 2025/Users/narrowchannel/Desktop/indiiOS-Clean/packages/main/src/handlers/distribution.ts:122:13
    at invokeHandler (/Volumes/X SSD 2025/Users/narrowchannel/Desktop/indiiOS-Clean/packages/main/src/handlers/distribution_security.test.ts:124:16)
    at /Volumes/X SSD 2025/Users/narrowchannel/Desktop/indiiOS-Clean/packages/main/src/handlers/distribution_security.test.ts:136:30
    at file:///Volumes/X%20SSD%202025/Users/narrowchannel/Desktop/indiiOS-Clean/node_modules/@vitest/runner/dist/index.js:145:11
    at file:///Volumes/X%20SSD%202025/Users/narrowchannel/Desktop/indiiOS-Clean/node_modules/@vitest/runner/dist/index.js:915:26
    at file:///Volumes/X%20SSD%202025/Users/narrowchannel/Desktop/indiiOS-Clean/node_modules/@vitest/runner/dist/index.js:1243:20
    at new Promise (<anonymous>)
    at runWithTimeout (file:///Volumes/X%20SSD%202025/Users/narrowchannel/Desktop/indiiOS-Clean/node_modules/@vitest/runner/dist/index.js:1209:10)

stdout | packages/main/src/handlers/distribution_security.test.ts > 🛡️ Shield: Distribution Security > should BLOCK execution of forensics on system files
13:27:41.876 › [Distribution] Running audio forensics on: /etc/passwd

stderr | packages/main/src/handlers/distribution_security.test.ts > 🛡️ Shield: Distribution Security > should BLOCK execution of forensics on system files
13:27:41.877 › [Distribution] Forensics failed: Error: Security Violation: Access to system directory '/etc/passwd' is denied
    at /Volumes/X SSD 2025/Users/narrowchannel/Desktop/indiiOS-Clean/packages/main/src/handlers/distribution_security.test.ts:151:19
    at Mock (file:///Volumes/X%20SSD%202025/Users/narrowchannel/Desktop/indiiOS-Clean/node_modules/@vitest/spy/dist/index.js:285:34)
    at /Volumes/X SSD 2025/Users/narrowchannel/Desktop/indiiOS-Clean/packages/main/src/handlers/distribution.ts:122:13
    at invokeHandler (/Volumes/X SSD 2025/Users/narrowchannel/Desktop/indiiOS-Clean/packages/main/src/handlers/distribution_security.test.ts:124:16)
    at /Volumes/X SSD 2025/Users/narrowchannel/Desktop/indiiOS-Clean/packages/main/src/handlers/distribution_security.test.ts:154:30
    at file:///Volumes/X%20SSD%202025/Users/narrowchannel/Desktop/indiiOS-Clean/node_modules/@vitest/runner/dist/index.js:145:11
    at file:///Volumes/X%20SSD%202025/Users/narrowchannel/Desktop/indiiOS-Clean/node_modules/@vitest/runner/dist/index.js:915:26
    at file:///Volumes/X%20SSD%202025/Users/narrowchannel/Desktop/indiiOS-Clean/node_modules/@vitest/runner/dist/index.js:1243:20
    at new Promise (<anonymous>)
    at runWithTimeout (file:///Volumes/X%20SSD%202025/Users/narrowchannel/Desktop/indiiOS-Clean/node_modules/@vitest/runner/dist/index.js:1209:10)

(node:35599) Warning: `--localstorage-file` was provided without a valid path
(Use `node --trace-warnings ...` to show where the warning was created)
 ✓ packages/main/src/handlers/distribution_security.test.ts (2 tests) 17ms
 ✓ packages/renderer/src/services/agent/__tests__/AgentRouting.stress.test.ts (31 tests) 40ms
 ✓ packages/renderer/src/services/dashboard/DashboardService.sales.test.ts (5 tests) 48ms
(node:35598) Warning: `--localstorage-file` was provided without a valid path
(Use `node --trace-warnings ...` to show where the warning was created)
stderr | packages/renderer/src/services/distribution/DeliveryService.integration.test.ts > DeliveryService Integration > should handle missing asset source files gracefully (warn but proceed)
[DeliveryService] Asset file not found: /missing/audio.wav

 ✓ packages/renderer/src/services/distribution/DeliveryService.integration.test.ts (3 tests) 8ms
(node:35605) Warning: `--localstorage-file` was provided without a valid path
(Use `node --trace-warnings ...` to show where the warning was created)
(node:35607) Warning: `--localstorage-file` was provided without a valid path
(Use `node --trace-warnings ...` to show where the warning was created)
(node:35606) Warning: `--localstorage-file` was provided without a valid path
(Use `node --trace-warnings ...` to show where the warning was created)
stderr | packages/main/src/handlers/distribution_transmit.security.test.ts > Distribution Security - Argument Leakage > does not pass password as argument and it is not in logs
[PythonBridge] Could not parse output as JSON, returning raw string.

 ✓ packages/main/src/handlers/distribution_transmit.security.test.ts (1 test) 138ms
 ✓ packages/renderer/src/services/agent/BaseAgentUsage.test.ts (2 tests) 11ms
stdout | packages/renderer/src/services/ai/__tests__/QA_Streaming.test.ts > Streaming QA > should pass AbortSignal to SDK
[FirebaseAIService] App Check Debug: { DEV: undefined, debugToken: undefined, key: undefined }
[FirebaseAIService] Fallback Mode Initialization: {
  foundKey: true,
  source: 'env.VITE_API_KEY',
  keyPrefix: 'mock-key...'
}
[FirebaseAIService] Initialized with direct Gemini SDK (fallback mode)

stderr | packages/renderer/src/services/ai/__tests__/QA_Streaming.test.ts > Streaming QA > should pass AbortSignal to SDK
[FirebaseAIService] App Check not configured, using direct Gemini SDK fallback

stdout | packages/renderer/src/services/ai/__tests__/QA_Streaming.test.ts > Streaming QA > should pass AbortSignal to SDK
[FallbackClient] Model "gemini-3-flash-preview" is not available on the Developer API. Using fallback model "gemini-2.5-flash" instead.

stdout | packages/renderer/src/services/ai/__tests__/QA_Streaming.test.ts > Streaming QA > should tolerate chunk errors
[FirebaseAIService] App Check Debug: { DEV: undefined, debugToken: undefined, key: undefined }
[FirebaseAIService] Fallback Mode Initialization: {
  foundKey: true,
  source: 'env.VITE_API_KEY',
  keyPrefix: 'mock-key...'
}
[FirebaseAIService] Initialized with direct Gemini SDK (fallback mode)

stderr | packages/renderer/src/services/ai/__tests__/QA_Streaming.test.ts > Streaming QA > should tolerate chunk errors
[FirebaseAIService] App Check not configured, using direct Gemini SDK fallback

stdout | packages/renderer/src/services/ai/__tests__/QA_Streaming.test.ts > Streaming QA > should tolerate chunk errors
[FallbackClient] Model "gemini-3-flash-preview" is not available on the Developer API. Using fallback model "gemini-2.5-flash" instead.

(node:35631) Warning: `--localstorage-file` was provided without a valid path
(Use `node --trace-warnings ...` to show where the warning was created)
(node:35610) Warning: `--localstorage-file` was provided without a valid path
(Use `node --trace-warnings ...` to show where the warning was created)
stdout | packages/renderer/src/services/ai/__tests__/QA_Streaming.test.ts > Streaming QA > should tolerate chunk errors
CAUGHT CHUNK ERROR Error: Bad
    at Object.text (/Volumes/X SSD 2025/Users/narrowchannel/Desktop/indiiOS-Clean/packages/renderer/src/services/ai/__tests__/QA_Streaming.test.ts:117:41)
    at Object.start (/Volumes/X SSD 2025/Users/narrowchannel/Desktop/indiiOS-Clean/packages/renderer/src/services/ai/fallback/FallbackClient.ts:276:70)
    at processTicksAndRejections (node:internal/process/task_queues:104:5)

 ✓ packages/renderer/src/services/ai/__tests__/QA_Streaming.test.ts (2 tests) 92ms
 ✓ packages/renderer/src/services/agent/tools/__tests__/SecurityTools.test.ts (14 tests) 6ms
 ✓ packages/renderer/src/services/video/LensVeoValidation.test.ts (9 tests) 208ms
(node:35615) Warning: `--localstorage-file` was provided without a valid path
(Use `node --trace-warnings ...` to show where the warning was created)
(node:35622) Warning: `--localstorage-file` was provided without a valid path
(Use `node --trace-warnings ...` to show where the warning was created)
 ✓ packages/renderer/src/services/subscription/__tests__/SubscriptionService.test.ts (11 tests) 62ms
 ✓ packages/renderer/src/services/agent/evolution/HelixChronos.test.ts (1 test) 4ms
(node:35625) Warning: `--localstorage-file` was provided without a valid path
(Use `node --trace-warnings ...` to show where the warning was created)
(node:35617) Warning: `--localstorage-file` was provided without a valid path
(Use `node --trace-warnings ...` to show where the warning was created)
stdout | packages/renderer/src/services/payment/PaymentService.test.ts > PaymentService > createOneTimePayment > should create a checkout session and return the URL
[PaymentService] Checkout session created: cs_test_abc

stdout | packages/renderer/src/services/payment/PaymentService.test.ts > PaymentService > createOneTimePayment > should use custom success/cancel URLs when provided
[PaymentService] Checkout session created: cs_test_def

stderr | packages/renderer/src/services/payment/PaymentService.test.ts > PaymentService > createOneTimePayment > should throw when no checkout URL is returned
[PaymentService] Failed to create checkout session: Error: No checkout URL returned from server.
    at Module.createOneTimePayment (/Volumes/X SSD 2025/Users/narrowchannel/Desktop/indiiOS-Clean/packages/renderer/src/services/payment/PaymentService.ts:62:19)
    at processTicksAndRejections (node:internal/process/task_queues:104:5)

stderr | packages/renderer/src/services/payment/PaymentService.test.ts > PaymentService > createOneTimePayment > should propagate Cloud Function errors
[PaymentService] Failed to create checkout session: Error: Stripe rate limit exceeded
    at /Volumes/X SSD 2025/Users/narrowchannel/Desktop/indiiOS-Clean/packages/renderer/src/services/payment/PaymentService.test.ts:108:17
    at file:///Volumes/X%20SSD%202025/Users/narrowchannel/Desktop/indiiOS-Clean/node_modules/@vitest/runner/dist/index.js:145:11
    at file:///Volumes/X%20SSD%202025/Users/narrowchannel/Desktop/indiiOS-Clean/node_modules/@vitest/runner/dist/index.js:915:26
    at file:///Volumes/X%20SSD%202025/Users/narrowchannel/Desktop/indiiOS-Clean/node_modules/@vitest/runner/dist/index.js:1243:20
    at new Promise (<anonymous>)
    at runWithTimeout (file:///Volumes/X%20SSD%202025/Users/narrowchannel/Desktop/indiiOS-Clean/node_modules/@vitest/runner/dist/index.js:1209:10)
    at file:///Volumes/X%20SSD%202025/Users/narrowchannel/Desktop/indiiOS-Clean/node_modules/@vitest/runner/dist/index.js:1653:37
    at Traces.$ (file:///Volumes/X%20SSD%202025/Users/narrowchannel/Desktop/indiiOS-Clean/node_modules/vitest/dist/chunks/traces.CCmnQaNT.js:142:27)
    at trace (file:///Volumes/X%20SSD%202025/Users/narrowchannel/Desktop/indiiOS-Clean/node_modules/vitest/dist/chunks/test.B8ej_ZHS.js:239:21)
    at runTest (file:///Volumes/X%20SSD%202025/Users/narrowchannel/Desktop/indiiOS-Clean/node_modules/@vitest/runner/dist/index.js:1653:12)

 ✓ packages/renderer/src/services/payment/PaymentService.test.ts (6 tests) 140ms
stdout | packages/renderer/src/services/agent/AgentService.torture.test.ts > 🛡️ Shield: Agent Torture Test > 🛡️ Jailbreak Resistance: Agent receives the jailbreak prompt but execution is sandboxed
[AgentService] sendMessage routing: { isBoardroomMode: undefined }

(node:35621) Warning: `--localstorage-file` was provided without a valid path
(Use `node --trace-warnings ...` to show where the warning was created)
 ✓ packages/renderer/src/services/agent/AgentService.torture.test.ts (2 tests) 45ms
 ✓ packages/renderer/src/services/ai/context/Keeper_EndToEnd.test.ts (1 test) 14ms
(node:35632) Warning: `--localstorage-file` was provided without a valid path
(Use `node --trace-warnings ...` to show where the warning was created)
(node:35666) Warning: `--localstorage-file` was provided without a valid path
(Use `node --trace-warnings ...` to show where the warning was created)
stdout | packages/main/src/handlers/sftp_security.test.ts
13:27:45.779 › [AccessControl] Initialized

stdout | packages/renderer/src/services/video/LensVeoMultimodal.test.ts > Lens 🎥 - Gemini 3 Native Multimodal Pipeline > should inject Gemini 3 temporal analysis into Veo prompt when `firstFrame` is present
[VideoGeneration] 🎬 generateVideo() called: {
  promptPreview: 'A cybernetic cat jumping',
  model: 'veo-3.1-generate-preview',
  duration: 8,
  aspectRatio: undefined,
  hasFirstFrame: true,
  hasLastFrame: false,
  hasReferenceImages: false,
  userId: 'lens-user'
}

stdout | packages/renderer/src/services/video/LensVeoMultimodal.test.ts > Lens 🎥 - Gemini 3 Native Multimodal Pipeline > should inject Gemini 3 temporal analysis into Veo prompt when `firstFrame` is present
[VideoGeneration] 🚀 Calling firebaseAI.generateVideo() with: {
  model: 'veo-3.1-generate-preview',
  promptLength: 93,
  hasImage: true,
  config: '{"aspectRatio":"16:9","durationSeconds":8}'
}
[MetadataPersistence] ✅ Saved video to users/lens-user/generated_videos/mock-doc-id

stderr | packages/main/src/handlers/sftp_security.test.ts > 🛡️ Shield: SFTP Security Integration Test > should BLOCK upload from unauthorized system directories (Sandbox Escape Attempt)
13:27:45.792 › [AccessControl] Access denied: /etc
13:27:45.793 › [Security] Blocked SFTP upload from unauthorized path: /etc
13:27:45.793 › SFTP Upload Failed: Error: Security: Access Denied. Cannot upload from this directory.
    at /Volumes/X SSD 2025/Users/narrowchannel/Desktop/indiiOS-Clean/packages/main/src/handlers/sftp.ts:81:23
    at invokeHandler (/Volumes/X SSD 2025/Users/narrowchannel/Desktop/indiiOS-Clean/packages/main/src/handlers/sftp_security.test.ts:104:16)
    at /Volumes/X SSD 2025/Users/narrowchannel/Desktop/indiiOS-Clean/packages/main/src/handlers/sftp_security.test.ts:112:30
    at file:///Volumes/X%20SSD%202025/Users/narrowchannel/Desktop/indiiOS-Clean/node_modules/@vitest/runner/dist/index.js:145:11
    at file:///Volumes/X%20SSD%202025/Users/narrowchannel/Desktop/indiiOS-Clean/node_modules/@vitest/runner/dist/index.js:915:26
    at file:///Volumes/X%20SSD%202025/Users/narrowchannel/Desktop/indiiOS-Clean/node_modules/@vitest/runner/dist/index.js:1243:20
    at new Promise (<anonymous>)
    at runWithTimeout (file:///Volumes/X%20SSD%202025/Users/narrowchannel/Desktop/indiiOS-Clean/node_modules/@vitest/runner/dist/index.js:1209:10)
    at file:///Volumes/X%20SSD%202025/Users/narrowchannel/Desktop/indiiOS-Clean/node_modules/@vitest/runner/dist/index.js:1653:37
    at Traces.$ (file:///Volumes/X%20SSD%202025/Users/narrowchannel/Desktop/indiiOS-Clean/node_modules/vitest/dist/chunks/traces.CCmnQaNT.js:142:27)

stderr | packages/main/src/handlers/sftp_security.test.ts > 🛡️ Shield: SFTP Security Integration Test > should BLOCK Path Traversal attempting to escape safe directory
13:27:45.797 › SFTP Upload Failed: ZodError: [
  {
    "code": "custom",
    "message": "Path traversal detected in local or remote path",
    "path": []
  }
]
    at Object.get error [as error] (file:///Volumes/X%20SSD%202025/Users/narrowchannel/Desktop/indiiOS-Clean/node_modules/zod/v3/types.js:39:31)
    at ZodEffects.parse (file:///Volumes/X%20SSD%202025/Users/narrowchannel/Desktop/indiiOS-Clean/node_modules/zod/v3/types.js:114:22)
    at /Volumes/X SSD 2025/Users/narrowchannel/Desktop/indiiOS-Clean/packages/main/src/handlers/sftp.ts:66:48
    at invokeHandler (/Volumes/X SSD 2025/Users/narrowchannel/Desktop/indiiOS-Clean/packages/main/src/handlers/sftp_security.test.ts:104:16)
    at /Volumes/X SSD 2025/Users/narrowchannel/Desktop/indiiOS-Clean/packages/main/src/handlers/sftp_security.test.ts:124:30
    at file:///Volumes/X%20SSD%202025/Users/narrowchannel/Desktop/indiiOS-Clean/node_modules/@vitest/runner/dist/index.js:145:11
    at file:///Volumes/X%20SSD%202025/Users/narrowchannel/Desktop/indiiOS-Clean/node_modules/@vitest/runner/dist/index.js:915:26
    at file:///Volumes/X%20SSD%202025/Users/narrowchannel/Desktop/indiiOS-Clean/node_modules/@vitest/runner/dist/index.js:1243:20
    at new Promise (<anonymous>)
    at runWithTimeout (file:///Volumes/X%20SSD%202025/Users/narrowchannel/Desktop/indiiOS-Clean/node_modules/@vitest/runner/dist/index.js:1209:10)

stderr | packages/main/src/handlers/sftp_security.test.ts > 🛡️ Shield: SFTP Security Integration Test > should BLOCK execution from untrusted IPC sender
13:27:45.802 › SFTP Upload Failed: Error: Security: Unauthorized sender URL: https://evil.com/exploit.html
    at validateSender (/Volumes/X SSD 2025/Users/narrowchannel/Desktop/indiiOS-Clean/packages/main/src/utils/ipc-security.ts:62:11)
    at /Volumes/X SSD 2025/Users/narrowchannel/Desktop/indiiOS-Clean/packages/main/src/handlers/sftp.ts:63:13
    at /Volumes/X SSD 2025/Users/narrowchannel/Desktop/indiiOS-Clean/packages/main/src/handlers/sftp_security.test.ts:162:30
    at file:///Volumes/X%20SSD%202025/Users/narrowchannel/Desktop/indiiOS-Clean/node_modules/@vitest/runner/dist/index.js:145:11
    at file:///Volumes/X%20SSD%202025/Users/narrowchannel/Desktop/indiiOS-Clean/node_modules/@vitest/runner/dist/index.js:915:26
    at file:///Volumes/X%20SSD%202025/Users/narrowchannel/Desktop/indiiOS-Clean/node_modules/@vitest/runner/dist/index.js:1243:20
    at new Promise (<anonymous>)
    at runWithTimeout (file:///Volumes/X%20SSD%202025/Users/narrowchannel/Desktop/indiiOS-Clean/node_modules/@vitest/runner/dist/index.js:1209:10)
    at file:///Volumes/X%20SSD%202025/Users/narrowchannel/Desktop/indiiOS-Clean/node_modules/@vitest/runner/dist/index.js:1653:37
    at Traces.$ (file:///Volumes/X%20SSD%202025/Users/narrowchannel/Desktop/indiiOS-Clean/node_modules/vitest/dist/chunks/traces.CCmnQaNT.js:142:27)

(node:35636) Warning: `--localstorage-file` was provided without a valid path
(Use `node --trace-warnings ...` to show where the warning was created)
 ✓ packages/main/src/handlers/sftp_security.test.ts (5 tests) 18ms
stdout | packages/renderer/src/services/video/LensVeoMultimodal.test.ts > Lens 🎥 - Gemini 3 Native Multimodal Pipeline > should bypass temporal analysis if no reference frame is provided
[VideoGeneration] 🎬 generateVideo() called: {
  promptPreview: 'Pure text generation',
  model: 'veo-3.1-generate-preview',
  duration: 8,
  aspectRatio: undefined,
  hasFirstFrame: false,
  hasLastFrame: false,
  hasReferenceImages: false,
  userId: 'lens-user'
}

stdout | packages/renderer/src/services/video/LensVeoMultimodal.test.ts > Lens 🎥 - Gemini 3 Native Multimodal Pipeline > should bypass temporal analysis if no reference frame is provided
[VideoGeneration] 🚀 Calling firebaseAI.generateVideo() with: {
  model: 'veo-3.1-generate-preview',
  promptLength: 20,
  hasImage: false,
  config: '{"aspectRatio":"16:9","durationSeconds":8}'
}
[MetadataPersistence] ✅ Saved video to users/lens-user/generated_videos/mock-doc-id

 ✓ packages/renderer/src/services/video/LensVeoMultimodal.test.ts (2 tests) 70ms
 ✓ packages/renderer/src/services/agent/evolution/HelixGeminiLoop.test.ts (3 tests) 32ms
(node:35639) Warning: `--localstorage-file` was provided without a valid path
(Use `node --trace-warnings ...` to show where the warning was created)
stdout | packages/renderer/src/services/ai/FirebaseAIService.config.test.ts > FirebaseAIService Configuration Mapping > should map thinkingBudget and set includeThoughts in generateText
[FirebaseAIService] App Check Debug: { DEV: undefined, debugToken: undefined, key: 'mock-key' }

stdout | packages/renderer/src/services/ai/FirebaseAIService.config.test.ts > FirebaseAIService Configuration Mapping > should map thinkingBudget and set includeThoughts in generateText
[FirebaseAIService] Initialized with Firebase AI SDK

stdout | packages/renderer/src/services/ai/FirebaseAIService.config.test.ts > FirebaseAIService Configuration Mapping > should map thinkingBudget in generateStructuredData
[FirebaseAIService] App Check Debug: { DEV: undefined, debugToken: undefined, key: 'mock-key' }

stdout | packages/renderer/src/services/ai/FirebaseAIService.config.test.ts > FirebaseAIService Configuration Mapping > should map thinkingBudget in generateStructuredData
[FirebaseAIService] Initialized with Firebase AI SDK

stdout | packages/renderer/src/services/ai/FirebaseAIService.config.test.ts > FirebaseAIService Configuration Mapping > should configure dynamic retrieval in generateGroundedContent
[FirebaseAIService] App Check Debug: { DEV: undefined, debugToken: undefined, key: 'mock-key' }

stdout | packages/renderer/src/services/ai/FirebaseAIService.config.test.ts > FirebaseAIService Configuration Mapping > should configure dynamic retrieval in generateGroundedContent
[FirebaseAIService] Initialized with Firebase AI SDK

stdout | packages/renderer/src/services/ai/FirebaseAIService.config.test.ts > FirebaseAIService Configuration Mapping > should use basic google search if no dynamic options provided
[FirebaseAIService] App Check Debug: { DEV: undefined, debugToken: undefined, key: 'mock-key' }

stdout | packages/renderer/src/services/ai/FirebaseAIService.config.test.ts > FirebaseAIService Configuration Mapping > should use basic google search if no dynamic options provided
[FirebaseAIService] Initialized with Firebase AI SDK

(node:35638) Warning: `--localstorage-file` was provided without a valid path
(Use `node --trace-warnings ...` to show where the warning was created)
stdout | packages/renderer/src/services/distribution/verify-adapters.test.ts
[DistributorService] Registered adapter: DistroKid
[DistributorService] Registered adapter: TuneCore
[DistributorService] Registered adapter: CDBaby
[DistributorService] Registered adapter: Symphonic

stdout | packages/renderer/src/services/distribution/verify-adapters.test.ts > Distribution System Verification
[DistributorService] Registered adapter: DistroKid
[DistributorService] Registered adapter: TuneCore
[DistributorService] Registered adapter: CDBaby
[DistributorService] Registered adapter: Symphonic

stdout | packages/renderer/src/services/distribution/verify-adapters.test.ts > Distribution System Verification > DistroKid Adapter > should connect successfully
[DistroKidAdapter] Attempting real connection...

stdout | packages/renderer/src/services/distribution/verify-adapters.test.ts > Distribution System Verification > DistroKid Adapter > should connect successfully
[DistroKidAdapter] SFTP Connection Verified.
[DistroKidAdapter] Connected successfully.

stdout | packages/renderer/src/services/distribution/verify-adapters.test.ts > Distribution System Verification > DistroKid Adapter > should create release
[DistroKid] Executing real SFTP delivery...

stdout | packages/renderer/src/services/distribution/verify-adapters.test.ts > Distribution System Verification > DistroKid Adapter > should create release
[DistroKid] Files staged at /mock/staging/path. Starting upload...
[DistroKid] Starting SFTP upload: /mock/staging/path -> /incoming/123456789012

stdout | packages/renderer/src/services/distribution/verify-adapters.test.ts > Distribution System Verification > DistroKid Adapter > should create release
[DistroKid] Upload complete.

stdout | packages/renderer/src/services/distribution/verify-adapters.test.ts > Distribution System Verification > TuneCore Adapter > should connect successfully
[TuneCoreAdapter] Attempting real connection...
[TuneCoreAdapter] Connected successfully.

 ✓ packages/renderer/src/services/ai/FirebaseAIService.config.test.ts (4 tests) 10ms
stderr | packages/renderer/src/services/distribution/verify-adapters.test.ts > Distribution System Verification > TuneCore Adapter > should create release
[TuneCore] HTTP API delivery failed, returning ERN-ready status: Error: Network unavailable in tests
    at /Volumes/X SSD 2025/Users/narrowchannel/Desktop/indiiOS-Clean/packages/renderer/src/services/distribution/verify-adapters.test.ts:50:50
    at processTicksAndRejections (node:internal/process/task_queues:104:5)
    at VitestModuleEvaluator._runInlinedModule (file:///Volumes/X%20SSD%202025/Users/narrowchannel/Desktop/indiiOS-Clean/node_modules/vitest/dist/module-evaluator.js:196:4)
    at VitestModuleRunner.directRequest (file:///Volumes/X%20SSD%202025/Users/narrowchannel/Desktop/indiiOS-Clean/node_modules/vite/dist/node/module-runner.js:1284:61)
    at VitestModuleRunner.cachedRequest (file:///Volumes/X%20SSD%202025/Users/narrowchannel/Desktop/indiiOS-Clean/node_modules/vite/dist/node/module-runner.js:1180:76)
    at VitestModuleRunner.import (file:///Volumes/X%20SSD%202025/Users/narrowchannel/Desktop/indiiOS-Clean/node_modules/vite/dist/node/module-runner.js:1117:12)
    at file:///Volumes/X%20SSD%202025/Users/narrowchannel/Desktop/indiiOS-Clean/node_modules/@vitest/runner/dist/index.js:1385:5
    at collectTests (file:///Volumes/X%20SSD%202025/Users/narrowchannel/Desktop/indiiOS-Clean/node_modules/@vitest/runner/dist/index.js:1365:3)
    at startTests (file:///Volumes/X%20SSD%202025/Users/narrowchannel/Desktop/indiiOS-Clean/node_modules/@vitest/runner/dist/index.js:1937:17)
    at file:///Volumes/X%20SSD%202025/Users/narrowchannel/Desktop/indiiOS-Clean/node_modules/vitest/dist/chunks/base.CJ0Y4ePK.js:86:26

(node:35672) Warning: `--localstorage-file` was provided without a valid path
(Use `node --trace-warnings ...` to show where the warning was created)
(node:35671) Warning: `--localstorage-file` was provided without a valid path
(Use `node --trace-warnings ...` to show where the warning was created)
stdout | packages/renderer/src/services/distribution/verify-adapters.test.ts > Distribution System Verification > CD Baby Adapter > should connect successfully
[CDBabyAdapter] Attempting real connection...
[CDBabyAdapter] Connected successfully.

stdout | packages/renderer/src/services/distribution/verify-adapters.test.ts > Distribution System Verification > CD Baby Adapter > should create release
[CDBaby] Staging release files...

stdout | packages/renderer/src/services/distribution/verify-adapters.test.ts > Distribution System Verification > CD Baby Adapter > should create release
[CDBaby] Files staged at /mock/staging/path.

stdout | packages/renderer/src/services/distribution/verify-adapters.test.ts > Distribution System Verification > Symphonic Adapter > should connect successfully
[SymphonicAdapter] Attempting real connection...
[SymphonicAdapter] Connected successfully.

stdout | packages/renderer/src/services/distribution/verify-adapters.test.ts > Distribution System Verification > Symphonic Adapter > should create release
[Symphonic] Initiating release delivery: Neon Nights

stderr | packages/renderer/src/services/distribution/verify-adapters.test.ts > Distribution System Verification > Symphonic Adapter > should create release
[Symphonic] SFTP credentials required. Configure them in Settings > Integrations.

 ✓ packages/renderer/src/services/distribution/verify-adapters.test.ts (13 tests) 148ms
stdout | packages/renderer/src/services/video/VideoGenerationService.schema.test.ts > VideoGenerationService - Forge Hardening (Schema & Input) > Input Validation (Schema) > should accept valid inputs
[VideoGeneration] 🎬 generateVideo() called: {
  promptPreview: 'A beautiful sunset',
  model: 'veo-3.1-generate-preview',
  duration: 5,
  aspectRatio: '16:9',
  hasFirstFrame: false,
  hasLastFrame: false,
  hasReferenceImages: false,
  userId: 'test-user'
}

stdout | packages/renderer/src/services/video/VideoGenerationService.schema.test.ts > VideoGenerationService - Forge Hardening (Schema & Input) > Input Validation (Schema) > should accept valid inputs
[VideoGeneration] 🚀 Calling firebaseAI.generateVideo() with: {
  model: 'veo-3.1-generate-preview',
  promptLength: 18,
  hasImage: false,
  config: '{"aspectRatio":"16:9","resolution":"1080p","durationSeconds":5}'
}
[MetadataPersistence] ✅ Saved video to users/test-user/generated_videos/mock-doc

stdout | packages/renderer/src/services/video/VideoGenerationService.schema.test.ts > VideoGenerationService - Forge Hardening (Schema & Input) > Input Sanitization & Edge Cases > should handle extra fields by stripping them (Zod default behavior) or ignoring them
[VideoGeneration] 🎬 generateVideo() called: {
  promptPreview: 'test',
  model: 'veo-3.1-generate-preview',
  duration: 8,
  aspectRatio: undefined,
  hasFirstFrame: false,
  hasLastFrame: false,
  hasReferenceImages: false,
  userId: 'test-user'
}

stdout | packages/renderer/src/services/video/VideoGenerationService.schema.test.ts > VideoGenerationService - Forge Hardening (Schema & Input) > Input Sanitization & Edge Cases > should handle extra fields by stripping them (Zod default behavior) or ignoring them
[VideoGeneration] 🚀 Calling firebaseAI.generateVideo() with: {
  model: 'veo-3.1-generate-preview',
  promptLength: 4,
  hasImage: false,
  config: '{"aspectRatio":"16:9","durationSeconds":8}'
}
[MetadataPersistence] ✅ Saved video to users/test-user/generated_videos/mock-doc

 ✓ packages/renderer/src/services/video/VideoGenerationService.schema.test.ts (10 tests) 14ms
 ✓ packages/renderer/src/services/video/VeoCompliance.test.ts (8 tests) 91ms
(node:35655) Warning: `--localstorage-file` was provided without a valid path
(Use `node --trace-warnings ...` to show where the warning was created)
(node:35660) Warning: `--localstorage-file` was provided without a valid path
(Use `node --trace-warnings ...` to show where the warning was created)
stderr | packages/renderer/src/services/revenue/DistributionRevenueService.test.ts > DistributionRevenueService > getAggregatedEarnings > should handle adapter errors gracefully
Failed to fetch earnings from DistroKid Error: API timeout
    at /Volumes/X SSD 2025/Users/narrowchannel/Desktop/indiiOS-Clean/packages/renderer/src/services/revenue/DistributionRevenueService.test.ts:163:56
    at file:///Volumes/X%20SSD%202025/Users/narrowchannel/Desktop/indiiOS-Clean/node_modules/@vitest/runner/dist/index.js:145:11
    at file:///Volumes/X%20SSD%202025/Users/narrowchannel/Desktop/indiiOS-Clean/node_modules/@vitest/runner/dist/index.js:915:26
    at file:///Volumes/X%20SSD%202025/Users/narrowchannel/Desktop/indiiOS-Clean/node_modules/@vitest/runner/dist/index.js:1243:20
    at new Promise (<anonymous>)
    at runWithTimeout (file:///Volumes/X%20SSD%202025/Users/narrowchannel/Desktop/indiiOS-Clean/node_modules/@vitest/runner/dist/index.js:1209:10)
    at file:///Volumes/X%20SSD%202025/Users/narrowchannel/Desktop/indiiOS-Clean/node_modules/@vitest/runner/dist/index.js:1653:37
    at Traces.$ (file:///Volumes/X%20SSD%202025/Users/narrowchannel/Desktop/indiiOS-Clean/node_modules/vitest/dist/chunks/traces.CCmnQaNT.js:142:27)
    at trace (file:///Volumes/X%20SSD%202025/Users/narrowchannel/Desktop/indiiOS-Clean/node_modules/vitest/dist/chunks/test.B8ej_ZHS.js:239:21)
    at runTest (file:///Volumes/X%20SSD%202025/Users/narrowchannel/Desktop/indiiOS-Clean/node_modules/@vitest/runner/dist/index.js:1653:12)

 ✓ packages/renderer/src/services/revenue/DistributionRevenueService.test.ts (8 tests) 6ms
stderr | packages/renderer/src/modules/video/store/videoEditorStore.test.ts > useVideoEditorStore > enforces standard duration limit
Project duration limited to 8 minutes (Free tier). Upgrade to Pro for longer video durations

 ✓ packages/renderer/src/modules/video/store/videoEditorStore.test.ts (4 tests) 21ms
(node:35656) Warning: `--localstorage-file` was provided without a valid path
(Use `node --trace-warnings ...` to show where the warning was created)
stdout | packages/renderer/src/services/agent/tools/__tests__/BigQueryTools.test.ts > BigQueryTools (Real BigQuery via Cloud Functions) > execute_bigquery_query calls executeBigQueryQuery function
[BigQuery] Executing query: SELECT * FROM sales WHERE year = 2025...

stdout | packages/renderer/src/services/agent/tools/__tests__/BigQueryTools.test.ts > BigQueryTools (Real BigQuery via Cloud Functions) > execute_bigquery_query accepts custom maxResults
[BigQuery] Executing query: SELECT * FROM large_table...

stdout | packages/renderer/src/services/agent/tools/__tests__/BigQueryTools.test.ts > BigQueryTools (Real BigQuery via Cloud Functions) > get_table_schema calls getBigQueryTableSchema function
[BigQuery] Getting schema for: analytics.sales_data

stdout | packages/renderer/src/services/agent/tools/__tests__/BigQueryTools.test.ts > BigQueryTools (Real BigQuery via Cloud Functions) > list_datasets calls listBigQueryDatasets function
[BigQuery] Listing datasets

stdout | packages/renderer/src/services/agent/tools/__tests__/BigQueryTools.test.ts > BigQueryTools (Real BigQuery via Cloud Functions) > handles query errors gracefully
[BigQuery] Executing query: INVALID SQL...

stderr | packages/renderer/src/services/agent/tools/__tests__/BigQueryTools.test.ts > BigQueryTools (Real BigQuery via Cloud Functions) > handles query errors gracefully
[Tool:execute_bigquery_query] execution failed: Error: Invalid SQL syntax
    at /Volumes/X SSD 2025/Users/narrowchannel/Desktop/indiiOS-Clean/packages/renderer/src/services/agent/tools/__tests__/BigQueryTools.test.ts:119:56
    at file:///Volumes/X%20SSD%202025/Users/narrowchannel/Desktop/indiiOS-Clean/node_modules/@vitest/runner/dist/index.js:145:11
    at file:///Volumes/X%20SSD%202025/Users/narrowchannel/Desktop/indiiOS-Clean/node_modules/@vitest/runner/dist/index.js:915:26
    at file:///Volumes/X%20SSD%202025/Users/narrowchannel/Desktop/indiiOS-Clean/node_modules/@vitest/runner/dist/index.js:1243:20
    at new Promise (<anonymous>)
    at runWithTimeout (file:///Volumes/X%20SSD%202025/Users/narrowchannel/Desktop/indiiOS-Clean/node_modules/@vitest/runner/dist/index.js:1209:10)
    at file:///Volumes/X%20SSD%202025/Users/narrowchannel/Desktop/indiiOS-Clean/node_modules/@vitest/runner/dist/index.js:1653:37
    at Traces.$ (file:///Volumes/X%20SSD%202025/Users/narrowchannel/Desktop/indiiOS-Clean/node_modules/vitest/dist/chunks/traces.CCmnQaNT.js:142:27)
    at trace (file:///Volumes/X%20SSD%202025/Users/narrowchannel/Desktop/indiiOS-Clean/node_modules/vitest/dist/chunks/test.B8ej_ZHS.js:239:21)
    at runTest (file:///Volumes/X%20SSD%202025/Users/narrowchannel/Desktop/indiiOS-Clean/node_modules/@vitest/runner/dist/index.js:1653:12)

stdout | packages/renderer/src/services/agent/tools/__tests__/BigQueryTools.test.ts > BigQueryTools (Real BigQuery via Cloud Functions) > handles schema errors for unknown tables
[BigQuery] Getting schema for: analytics.unknown_table

stderr | packages/renderer/src/services/agent/tools/__tests__/BigQueryTools.test.ts > BigQueryTools (Real BigQuery via Cloud Functions) > handles schema errors for unknown tables
[Tool:get_table_schema] execution failed: Error: Table not found
    at /Volumes/X SSD 2025/Users/narrowchannel/Desktop/indiiOS-Clean/packages/renderer/src/services/agent/tools/__tests__/BigQueryTools.test.ts:129:56
    at file:///Volumes/X%20SSD%202025/Users/narrowchannel/Desktop/indiiOS-Clean/node_modules/@vitest/runner/dist/index.js:145:11
    at file:///Volumes/X%20SSD%202025/Users/narrowchannel/Desktop/indiiOS-Clean/node_modules/@vitest/runner/dist/index.js:915:26
    at file:///Volumes/X%20SSD%202025/Users/narrowchannel/Desktop/indiiOS-Clean/node_modules/@vitest/runner/dist/index.js:1243:20
    at new Promise (<anonymous>)
    at runWithTimeout (file:///Volumes/X%20SSD%202025/Users/narrowchannel/Desktop/indiiOS-Clean/node_modules/@vitest/runner/dist/index.js:1209:10)
    at file:///Volumes/X%20SSD%202025/Users/narrowchannel/Desktop/indiiOS-Clean/node_modules/@vitest/runner/dist/index.js:1653:37
    at Traces.$ (file:///Volumes/X%20SSD%202025/Users/narrowchannel/Desktop/indiiOS-Clean/node_modules/vitest/dist/chunks/traces.CCmnQaNT.js:142:27)
    at trace (file:///Volumes/X%20SSD%202025/Users/narrowchannel/Desktop/indiiOS-Clean/node_modules/vitest/dist/chunks/test.B8ej_ZHS.js:239:21)
    at runTest (file:///Volumes/X%20SSD%202025/Users/narrowchannel/Desktop/indiiOS-Clean/node_modules/@vitest/runner/dist/index.js:1653:12)

 ✓ packages/renderer/src/services/agent/tools/__tests__/BigQueryTools.test.ts (6 tests) 9ms
(node:35663) Warning: `--localstorage-file` was provided without a valid path
(Use `node --trace-warnings ...` to show where the warning was created)
stdout | packages/renderer/src/core/store/slices/profileSlice.test.ts > ProfileSlice Persistence > loadUserProfile should load profile from storage
[Profile] Loading user profile for: test-uid

stdout | packages/renderer/src/core/store/slices/profileSlice.test.ts > ProfileSlice Persistence > loadUserProfile should load profile from storage
[Profile] Loaded profile for: test-uid

stdout | packages/renderer/src/core/store/slices/profileSlice.test.ts > ProfileSlice Persistence > loadUserProfile should use default profile if storage is empty
[Profile] Loading user profile for: test-uid

stdout | packages/renderer/src/core/store/slices/profileSlice.test.ts > ProfileSlice Persistence > loadUserProfile should use default profile if storage is empty
[Profile] No profile found, creating default for: test-uid

 ✓ packages/renderer/src/core/store/slices/profileSlice.test.ts (4 tests) 99ms
(node:35673) Warning: `--localstorage-file` was provided without a valid path
(Use `node --trace-warnings ...` to show where the warning was created)
stdout | packages/renderer/src/services/distribution/DistributorService.test.ts
[DistributorService] Registered adapter: DistroKid
[DistributorService] Registered adapter: TuneCore
[DistributorService] Registered adapter: CDBaby
[DistributorService] Registered adapter: Symphonic

stdout | packages/renderer/src/services/distribution/DistributorService.test.ts > DistributorService.getAggregatedEarnings > should aggregate earnings from multiple distributors and convert to target currency
[DistributorService] Registered adapter: DistroKid
[DistributorService] Registered adapter: TuneCore

stderr | packages/renderer/src/services/distribution/DistributorService.test.ts > DistributorService.getAggregatedEarnings > should aggregate earnings from multiple distributors and convert to target currency
[DistributorService] Failed to fetch earnings from cdbaby: window.electronAPI.sftp.isConnected is not a function
[DistributorService] Failed to fetch earnings from symphonic: window.electronAPI.sftp.isConnected is not a function

stderr | packages/renderer/src/services/distribution/DistributorService.test.ts > DistributorService.getAggregatedEarnings > should aggregate earnings from multiple distributors and convert to target currency
[DistributorService] Failed to fetch earnings from cdbaby: window.electronAPI.sftp.isConnected is not a function
[DistributorService] Failed to fetch earnings from symphonic: window.electronAPI.sftp.isConnected is not a function

stdout | packages/renderer/src/services/distribution/DistributorService.test.ts > DistributorService.createRelease > should pass userId and orgId to persistence service
[DistributorService] Registered adapter: DistroKid

stdout | packages/renderer/src/services/distribution/DistributorService.test.ts > DistributorService.createRelease > should throw if userProfile is missing
[DistributorService] Registered adapter: DistroKid

 ✓ packages/renderer/src/services/distribution/DistributorService.test.ts (3 tests) 13ms
(node:35675) Warning: `--localstorage-file` was provided without a valid path
(Use `node --trace-warnings ...` to show where the warning was created)
(node:35676) Warning: `--localstorage-file` was provided without a valid path
(Use `node --trace-warnings ...` to show where the warning was created)
stdout | packages/renderer/src/services/security/FraudDetectionService.test.ts > FraudDetectionService > Broad Spectrum ACR > should flag "sped up" / nightcore content
[FraudDetection] Running Broad Spectrum analysis...

stdout | packages/renderer/src/services/security/FraudDetectionService.test.ts > FraudDetectionService > Broad Spectrum ACR > should flag "slowed" content
[FraudDetection] Running Broad Spectrum analysis...

stdout | packages/renderer/src/services/security/FraudDetectionService.test.ts > FraudDetectionService > Broad Spectrum ACR > should pass standard files
[FraudDetection] Running Broad Spectrum analysis...

 ✓ packages/renderer/src/services/security/FraudDetectionService.test.ts (5 tests) 17ms
(node:35677) Warning: `--localstorage-file` was provided without a valid path
(Use `node --trace-warnings ...` to show where the warning was created)
 ✓ packages/renderer/src/services/agent/__tests__/FineTunedModel.validation.test.ts (15 tests) 14ms
stderr | packages/renderer/src/services/agent/LedgerCircuitBreaker.test.ts > Ledger Circuit Breaker (Integration) > 💸 stops execution when "Fake High Usage" metadata triggers the budget limit
[BaseAgent] Budget DENIED in ledger-agent. profileEmail=(empty), authEmail=(no auth user), Tier: Free, Max: $1.00/day, Remaining: $-0.25

stdout | packages/renderer/src/services/agent/LedgerCircuitBreaker.test.ts > Ledger Circuit Breaker (Integration) > 💸 stops execution when "Fake High Usage" metadata triggers the budget limit
💸 [Ledger] Test Verification:
        - Spend Recorded: $1.25
        - Circuit Breaker Tripped: Daily spend limit reached
        

 ✓ packages/renderer/src/services/agent/LedgerCircuitBreaker.test.ts (1 test) 22ms
(node:35699) Warning: `--localstorage-file` was provided without a valid path
(Use `node --trace-warnings ...` to show where the warning was created)
(node:35680) Warning: `--localstorage-file` was provided without a valid path
(Use `node --trace-warnings ...` to show where the warning was created)
 ✓ packages/renderer/src/services/agent/__tests__/AgentCollaboration.test.ts (2 tests) 48ms
(node:35683) Warning: `--localstorage-file` was provided without a valid path
(Use `node --trace-warnings ...` to show where the warning was created)
 ✓ packages/renderer/src/services/video/LensVeoSubscriptionRace.test.ts (4 tests) 5ms
(node:35684) Warning: `--localstorage-file` was provided without a valid path
(Use `node --trace-warnings ...` to show where the warning was created)
 ✓ packages/renderer/src/services/agent/BaseAgentValidation.test.ts (2 tests) 12ms
 ✓ packages/renderer/src/services/timeline/TimelineOrchestratorService.test.ts (25 tests) 24ms
(node:35686) Warning: `--localstorage-file` was provided without a valid path
(Use `node --trace-warnings ...` to show where the warning was created)
stderr | packages/renderer/src/services/agent/tools/__tests__/FinanceTools.test.ts > FinanceTools > analyze_receipt > should handle AI errors gracefully via wrapTool
[Tool:analyze_receipt] execution failed: Error: AI Error
    at /Volumes/X SSD 2025/Users/narrowchannel/Desktop/indiiOS-Clean/packages/renderer/src/services/agent/tools/__tests__/FinanceTools.test.ts:79:58
    at file:///Volumes/X%20SSD%202025/Users/narrowchannel/Desktop/indiiOS-Clean/node_modules/@vitest/runner/dist/index.js:145:11
    at file:///Volumes/X%20SSD%202025/Users/narrowchannel/Desktop/indiiOS-Clean/node_modules/@vitest/runner/dist/index.js:915:26
    at file:///Volumes/X%20SSD%202025/Users/narrowchannel/Desktop/indiiOS-Clean/node_modules/@vitest/runner/dist/index.js:1243:20
    at new Promise (<anonymous>)
    at runWithTimeout (file:///Volumes/X%20SSD%202025/Users/narrowchannel/Desktop/indiiOS-Clean/node_modules/@vitest/runner/dist/index.js:1209:10)
    at file:///Volumes/X%20SSD%202025/Users/narrowchannel/Desktop/indiiOS-Clean/node_modules/@vitest/runner/dist/index.js:1653:37
    at Traces.$ (file:///Volumes/X%20SSD%202025/Users/narrowchannel/Desktop/indiiOS-Clean/node_modules/vitest/dist/chunks/traces.CCmnQaNT.js:142:27)
    at trace (file:///Volumes/X%20SSD%202025/Users/narrowchannel/Desktop/indiiOS-Clean/node_modules/vitest/dist/chunks/test.B8ej_ZHS.js:239:21)
    at runTest (file:///Volumes/X%20SSD%202025/Users/narrowchannel/Desktop/indiiOS-Clean/node_modules/@vitest/runner/dist/index.js:1653:12)

 ✓ packages/renderer/src/services/agent/tools/__tests__/FinanceTools.test.ts (6 tests) 11ms
(node:35690) Warning: `--localstorage-file` was provided without a valid path
(Use `node --trace-warnings ...` to show where the warning was created)
 ✓ packages/renderer/src/utils/async.test.ts (5 tests) 15ms
(node:35697) Warning: `--localstorage-file` was provided without a valid path
(Use `node --trace-warnings ...` to show where the warning was created)
 ✓ packages/renderer/src/services/onboarding/__tests__/DistributorContext.test.ts (28 tests) 10ms
(node:35702) Warning: `--localstorage-file` was provided without a valid path
(Use `node --trace-warnings ...` to show where the warning was created)
(node:35700) Warning: `--localstorage-file` was provided without a valid path
(Use `node --trace-warnings ...` to show where the warning was created)
 ✓ packages/renderer/src/services/security/PromptSanitizer.test.ts (31 tests) 24ms
 ✓ packages/renderer/src/modules/merchandise/components/__tests__/DesignCanvas.export.test.tsx (3 tests) 70ms
(node:35705) Warning: `--localstorage-file` was provided without a valid path
(Use `node --trace-warnings ...` to show where the warning was created)
(node:35707) Warning: `--localstorage-file` was provided without a valid path
(Use `node --trace-warnings ...` to show where the warning was created)
(node:35704) Warning: `--localstorage-file` was provided without a valid path
(Use `node --trace-warnings ...` to show where the warning was created)
(node:35708) Warning: `--localstorage-file` was provided without a valid path
(Use `node --trace-warnings ...` to show where the warning was created)
(node:35713) Warning: `--localstorage-file` was provided without a valid path
(Use `node --trace-warnings ...` to show where the warning was created)
 ✓ packages/renderer/src/services/security/CredentialService.test.ts (8 tests) 28ms
stdout | packages/renderer/src/services/video/VideoGenerationService.security.test.ts > 🛡️ Shield: Video Generation PII Security Test > should REDACT Credit Card numbers from prompt before triggering backend generation
[VideoGeneration] 🎬 generateVideo() called: {
  promptPreview: 'Generate a cinematic video of a credit card 4111 1111 1111 1111 lying on a table.',
  model: 'veo-3.1-generate-preview',
  duration: 5,
  aspectRatio: '16:9',
  hasFirstFrame: false,
  hasLastFrame: false,
  hasReferenceImages: false,
  userId: 'test-user'
}

stderr | packages/renderer/src/services/video/VideoGenerationService.security.test.ts > 🛡️ Shield: Video Generation PII Security Test > should REDACT Credit Card numbers from prompt before triggering backend generation
[MetadataPersistence] Save attempt 1/2 failed: Error: [vitest] No "addDoc" export is defined on the "firebase/firestore" mock. Did you forget to return it from "vi.mock"?
If you need to partially mock a module, you can use "importOriginal" helper inside:

    at VitestMocker.createError (file:///Volumes/X%20SSD%202025/Users/narrowchannel/Desktop/indiiOS-Clean/node_modules/vitest/dist/chunks/startModuleRunner.DEj0jb3e.js:311:17)
    at Object.get (file:///Volumes/X%20SSD%202025/Users/narrowchannel/Desktop/indiiOS-Clean/node_modules/vitest/dist/chunks/startModuleRunner.DEj0jb3e.js:384:16)
    at MetadataPersistenceService.save (/Volumes/X SSD 2025/Users/narrowchannel/Desktop/indiiOS-Clean/packages/renderer/src/services/persistence/MetadataPersistenceService.ts:274:38)
    at VideoGenerationService.generateVideo (/Volumes/X SSD 2025/Users/narrowchannel/Desktop/indiiOS-Clean/packages/renderer/src/services/video/VideoGenerationService.ts:364:36)
    at processTicksAndRejections (node:internal/process/task_queues:104:5)
    at /Volumes/X SSD 2025/Users/narrowchannel/Desktop/indiiOS-Clean/packages/renderer/src/services/video/VideoGenerationService.security.test.ts:90:9
    at file:///Volumes/X%20SSD%202025/Users/narrowchannel/Desktop/indiiOS-Clean/node_modules/@vitest/runner/dist/index.js:915:20 {
  codeFrame: 'vi.mock(import("firebase/firestore"), async (importOriginal) => {\n' +
    '  const actual = await importOriginal()\n' +
    '  return {\n' +
    '    ...actual,\n' +
    '    // your mocked methods\n' +
    '  }\n' +
    '})'
}

stdout | packages/renderer/src/services/video/VideoGenerationService.security.test.ts > 🛡️ Shield: Video Generation PII Security Test > should REDACT Credit Card numbers from prompt before triggering backend generation
[VideoGeneration] 🚀 Calling firebaseAI.generateVideo() with: {
  model: 'veo-3.1-generate-preview',
  promptLength: 84,
  hasImage: false,
  config: '{"aspectRatio":"16:9","durationSeconds":5}'
}

stdout | packages/renderer/src/services/video/VideoGenerationService.security.test.ts > 🛡️ Shield: Video Generation PII Security Test > should REDACT Credit Card numbers from prompt before triggering backend generation
Captured Prompt Payload: Generate a cinematic video of a credit card [REDACTED_CREDIT_CARD] lying on a table.

stdout | packages/renderer/src/services/video/VideoGenerationService.security.test.ts > 🛡️ Shield: Video Generation PII Security Test > should REDACT Passwords/Secrets from prompt before triggering backend generation
[VideoGeneration] 🎬 generateVideo() called: {
  promptPreview: 'Show a hacker typing password: SuperSecretPassword123! on a screen.',
  model: 'veo-3.1-generate-preview',
  duration: 5,
  aspectRatio: '16:9',
  hasFirstFrame: false,
  hasLastFrame: false,
  hasReferenceImages: false,
  userId: 'test-user'
}

stderr | packages/renderer/src/services/video/VideoGenerationService.security.test.ts > 🛡️ Shield: Video Generation PII Security Test > should REDACT Passwords/Secrets from prompt before triggering backend generation
[MetadataPersistence] Save attempt 1/2 failed: Error: [vitest] No "addDoc" export is defined on the "firebase/firestore" mock. Did you forget to return it from "vi.mock"?
If you need to partially mock a module, you can use "importOriginal" helper inside:

    at VitestMocker.createError (file:///Volumes/X%20SSD%202025/Users/narrowchannel/Desktop/indiiOS-Clean/node_modules/vitest/dist/chunks/startModuleRunner.DEj0jb3e.js:311:17)
    at Object.get (file:///Volumes/X%20SSD%202025/Users/narrowchannel/Desktop/indiiOS-Clean/node_modules/vitest/dist/chunks/startModuleRunner.DEj0jb3e.js:384:16)
    at MetadataPersistenceService.save (/Volumes/X SSD 2025/Users/narrowchannel/Desktop/indiiOS-Clean/packages/renderer/src/services/persistence/MetadataPersistenceService.ts:274:38)
    at VideoGenerationService.generateVideo (/Volumes/X SSD 2025/Users/narrowchannel/Desktop/indiiOS-Clean/packages/renderer/src/services/video/VideoGenerationService.ts:364:36)
    at processTicksAndRejections (node:internal/process/task_queues:104:5)
    at /Volumes/X SSD 2025/Users/narrowchannel/Desktop/indiiOS-Clean/packages/renderer/src/services/video/VideoGenerationService.security.test.ts:112:9
    at file:///Volumes/X%20SSD%202025/Users/narrowchannel/Desktop/indiiOS-Clean/node_modules/@vitest/runner/dist/index.js:915:20 {
  codeFrame: 'vi.mock(import("firebase/firestore"), async (importOriginal) => {\n' +
    '  const actual = await importOriginal()\n' +
    '  return {\n' +
    '    ...actual,\n' +
    '    // your mocked methods\n' +
    '  }\n' +
    '})'
}

stdout | packages/renderer/src/services/video/VideoGenerationService.security.test.ts > 🛡️ Shield: Video Generation PII Security Test > should REDACT Passwords/Secrets from prompt before triggering backend generation
[VideoGeneration] 🚀 Calling firebaseAI.generateVideo() with: {
  model: 'veo-3.1-generate-preview',
  promptLength: 61,
  hasImage: false,
  config: '{"aspectRatio":"16:9","durationSeconds":5}'
}

 ✓ packages/renderer/src/services/video/VideoGenerationService.security.test.ts (2 tests) 65ms
stderr | packages/firebase/src/__tests__/stripeWebhook.test.ts > Stripe Webhook Handler (WO-8) > should reject requests with invalid Stripe signature (400)
[stripeWebhook] Signature verification failed: Error: Invalid signature
    at Object.<anonymous> (/Volumes/X SSD 2025/Users/narrowchannel/Desktop/indiiOS-Clean/packages/firebase/src/__tests__/stripeWebhook.test.ts:204:19)
    at Object.Mock [as constructEvent] (file:///Volumes/X%20SSD%202025/Users/narrowchannel/Desktop/indiiOS-Clean/node_modules/@vitest/spy/dist/index.js:285:34)
    at verifyStripeWebhook (/Volumes/X SSD 2025/Users/narrowchannel/Desktop/indiiOS-Clean/packages/firebase/src/stripe/webhookHandler.ts:22:26)
    at /Volumes/X SSD 2025/Users/narrowchannel/Desktop/indiiOS-Clean/packages/firebase/src/stripe/webhookHandler.ts:306:13
    at /Volumes/X SSD 2025/Users/narrowchannel/Desktop/indiiOS-Clean/packages/firebase/src/__tests__/stripeWebhook.test.ts:208:15
    at file:///Volumes/X%20SSD%202025/Users/narrowchannel/Desktop/indiiOS-Clean/node_modules/@vitest/runner/dist/index.js:145:11
    at file:///Volumes/X%20SSD%202025/Users/narrowchannel/Desktop/indiiOS-Clean/node_modules/@vitest/runner/dist/index.js:915:26
    at file:///Volumes/X%20SSD%202025/Users/narrowchannel/Desktop/indiiOS-Clean/node_modules/@vitest/runner/dist/index.js:1243:20
    at new Promise (<anonymous>)
    at runWithTimeout (file:///Volumes/X%20SSD%202025/Users/narrowchannel/Desktop/indiiOS-Clean/node_modules/@vitest/runner/dist/index.js:1209:10)

stdout | packages/firebase/src/__tests__/stripeWebhook.test.ts > Stripe Webhook Handler (WO-8) > should skip duplicate webhook events gracefully
[stripeWebhook] Duplicate delivery skipped: evt_dup

stdout | packages/firebase/src/__tests__/stripeWebhook.test.ts > Stripe Webhook Handler (WO-8) > should handle checkout.session.completed for a subscription
[handleCheckoutCompleted] Updated subscription for user user-123

stdout | packages/firebase/src/__tests__/stripeWebhook.test.ts > Stripe Webhook Handler (WO-8) > should handle checkout.session.completed for a founder pass
[handleFounderPassCheckoutCompleted] Pending activation written for user user-123

stdout | packages/firebase/src/__tests__/stripeWebhook.test.ts > Stripe Webhook Handler (WO-8) > should handle customer.subscription.created
[handleSubscriptionCreated] Updated subscription for user user-123

stdout | packages/firebase/src/__tests__/stripeWebhook.test.ts > Stripe Webhook Handler (WO-8) > should handle customer.subscription.updated
[handleSubscriptionUpdated] Updated subscription for user user-123

stdout | packages/firebase/src/__tests__/stripeWebhook.test.ts > Stripe Webhook Handler (WO-8) > should handle customer.subscription.deleted — downgrades to free
[handleSubscriptionDeleted] Updated subscription for user user-123

stdout | packages/firebase/src/__tests__/stripeWebhook.test.ts > Stripe Webhook Handler (WO-8) > should handle invoice.paid and write ledger entry
[handleInvoicePaid] Updated subscription for user user-123

stdout | packages/firebase/src/__tests__/stripeWebhook.test.ts > Stripe Webhook Handler (WO-8) > should handle invoice.paid and write ledger entry
[handleInvoicePaid] Ledger entry written for user user-123

stdout | packages/firebase/src/__tests__/stripeWebhook.test.ts > Stripe Webhook Handler (WO-8) > should handle invoice.payment_failed and queue dunning notification
[handleInvoicePaymentFailed] Updated subscription for user user-123

stdout | packages/firebase/src/__tests__/stripeWebhook.test.ts > Stripe Webhook Handler (WO-8) > should handle invoice.payment_failed and queue dunning notification
[handleInvoicePaymentFailed] Dunning notification queued for user user-123

stdout | packages/firebase/src/__tests__/stripeWebhook.test.ts > Stripe Webhook Handler (WO-8) > should handle unknown event types gracefully (200 received:true)
[stripeWebhook] Unhandled event type: payment_intent.created

stdout | packages/renderer/src/services/agent/Phase3.test.ts > Phase 3: Architectural Improvements > Transaction Management > should start a transaction and snapshot state
[StateManager] Snapshot captured for tx-60359d46-5445-49dd-a097-b5d663253f9a

stdout | packages/renderer/src/services/agent/Phase3.test.ts > Phase 3: Architectural Improvements > Transaction Management > should commit a transaction (clearing snapshot)
[StateManager] Snapshot captured for tx-69332da8-4139-4cf7-a7cb-685d2887b2ec

stdout | packages/renderer/src/services/agent/Phase3.test.ts > Phase 3: Architectural Improvements > Transaction Management > should commit a transaction (clearing snapshot)
[StateManager] Snapshot discarded (committed) for tx-69332da8-4139-4cf7-a7cb-685d2887b2ec

stdout | packages/renderer/src/services/agent/Phase3.test.ts > Phase 3: Architectural Improvements > Transaction Management > should rollback a transaction (restoring state)
[StateManager] Snapshot captured for tx-d097bbec-b539-48a2-a9f5-abf71a739275

stderr | packages/renderer/src/services/agent/Phase3.test.ts > Phase 3: Architectural Improvements > Transaction Management > should rollback a transaction (restoring state)
[StateManager] Restoring snapshot for tx-d097bbec-b539-48a2-a9f5-abf71a739275

stdout | packages/renderer/src/services/agent/Phase3.test.ts > Phase 3: Architectural Improvements > AgentExecutionContext > should commit changes to the store
[ExecutionContext] Committed 1 modifications for agent test-agent

stdout | packages/renderer/src/services/agent/Phase3.test.ts > Phase 3: Architectural Improvements > AgentExecutionContext > should rollback changes and discard them
[ExecutionContext] Rolling back 1 modifications for agent test-agent

 ✓ packages/renderer/src/services/agent/Phase3.test.ts (9 tests) 4ms
 ✓ packages/firebase/src/__tests__/stripeWebhook.test.ts (10 tests) 55ms
stdout | packages/renderer/src/services/video/__tests__/RenderService.test.ts > RenderService > should call renderMedia with correct parameters
[RenderService] Starting local render for TestComp...

stdout | packages/renderer/src/services/video/__tests__/RenderService.test.ts > RenderService > should call renderMedia with correct parameters
[RenderService] Render complete: /tmp/output.mp4

stdout | packages/renderer/src/services/video/__tests__/RenderService.test.ts > RenderService > should throw error when renderMedia fails
[RenderService] Starting local render for FailComp...

stderr | packages/renderer/src/services/video/__tests__/RenderService.test.ts > RenderService > should throw error when renderMedia fails
[RenderService] Render failed: Error: Render error
    at /Volumes/X SSD 2025/Users/narrowchannel/Desktop/indiiOS-Clean/packages/renderer/src/services/video/__tests__/RenderService.test.ts:51:66
    at file:///Volumes/X%20SSD%202025/Users/narrowchannel/Desktop/indiiOS-Clean/node_modules/@vitest/runner/dist/index.js:145:11
    at file:///Volumes/X%20SSD%202025/Users/narrowchannel/Desktop/indiiOS-Clean/node_modules/@vitest/runner/dist/index.js:915:26
    at file:///Volumes/X%20SSD%202025/Users/narrowchannel/Desktop/indiiOS-Clean/node_modules/@vitest/runner/dist/index.js:1243:20
    at new Promise (<anonymous>)
    at runWithTimeout (file:///Volumes/X%20SSD%202025/Users/narrowchannel/Desktop/indiiOS-Clean/node_modules/@vitest/runner/dist/index.js:1209:10)
    at file:///Volumes/X%20SSD%202025/Users/narrowchannel/Desktop/indiiOS-Clean/node_modules/@vitest/runner/dist/index.js:1653:37
    at Traces.$ (file:///Volumes/X%20SSD%202025/Users/narrowchannel/Desktop/indiiOS-Clean/node_modules/vitest/dist/chunks/traces.CCmnQaNT.js:142:27)
    at trace (file:///Volumes/X%20SSD%202025/Users/narrowchannel/Desktop/indiiOS-Clean/node_modules/vitest/dist/chunks/test.B8ej_ZHS.js:239:21)
    at runTest (file:///Volumes/X%20SSD%202025/Users/narrowchannel/Desktop/indiiOS-Clean/node_modules/@vitest/runner/dist/index.js:1653:12)

 ✓ packages/renderer/src/services/video/__tests__/RenderService.test.ts (2 tests) 12ms
(node:35715) Warning: `--localstorage-file` was provided without a valid path
(Use `node --trace-warnings ...` to show where the warning was created)
stdout | packages/renderer/src/services/agent/tools/__tests__/CanvasTools.test.ts > CanvasTools > canvas_push > should push a markdown panel
[CanvasTools] Pushed "Analysis Results" (markdown) to canvas

stdout | packages/renderer/src/services/agent/tools/__tests__/CanvasTools.test.ts > CanvasTools > canvas_push > should push a table panel
[CanvasTools] Pushed "Track Status" (table) to canvas

stdout | packages/renderer/src/services/agent/tools/__tests__/CanvasTools.test.ts > CanvasTools > canvas_clear > should clear all panels
[CanvasTools] Canvas cleared

 ✓ packages/renderer/src/services/agent/tools/__tests__/CanvasTools.test.ts (5 tests) 8ms
(node:35738) Warning: `--localstorage-file` was provided without a valid path
(Use `node --trace-warnings ...` to show where the warning was created)
 ✓ packages/main/src/utils/validation.test.ts (10 tests) 91ms
(node:35722) Warning: `--localstorage-file` was provided without a valid path
(Use `node --trace-warnings ...` to show where the warning was created)
 ✓ packages/renderer/src/services/agent/__tests__/AgentDelegation.test.ts (28 tests) 4ms
(node:35725) Warning: `--localstorage-file` was provided without a valid path
(Use `node --trace-warnings ...` to show where the warning was created)
(node:35726) Warning: `--localstorage-file` was provided without a valid path
(Use `node --trace-warnings ...` to show where the warning was created)
 ✓ packages/main/src/security/index.test.ts (15 tests) 48ms
 ✓ packages/renderer/src/services/ddex/DDEX_YouTube_Integration.test.ts (1 test) 21ms
(node:35731) Warning: `--localstorage-file` was provided without a valid path
(Use `node --trace-warnings ...` to show where the warning was created)
(node:35735) Warning: `--localstorage-file` was provided without a valid path
(Use `node --trace-warnings ...` to show where the warning was created)
 ✓ packages/renderer/src/services/agent/evolution/HelixFitnessStability.test.ts (4 tests) 35ms
 ✓ packages/main/src/test/security/validation.test.ts (8 tests) 12ms
(node:35734) Warning: `--localstorage-file` was provided without a valid path
(Use `node --trace-warnings ...` to show where the warning was created)
(node:35732) Warning: `--localstorage-file` was provided without a valid path
(Use `node --trace-warnings ...` to show where the warning was created)
stdout | packages/renderer/src/core/store/slices/__tests__/agentPlanSlice.test.ts > agentPlanSlice > setPlan > should set the active plan
[AgentPlanSlice] New plan: "Test Plan" with 3 steps

stdout | packages/renderer/src/core/store/slices/__tests__/agentPlanSlice.test.ts > agentPlanSlice > setPlan > should replace existing active plan
[AgentPlanSlice] New plan: "Test Plan" with 3 steps
[AgentPlanSlice] New plan: "Plan 2" with 3 steps

stdout | packages/renderer/src/core/store/slices/__tests__/agentPlanSlice.test.ts > agentPlanSlice > updatePlanStep > should update a step status to running
[AgentPlanSlice] New plan: "Test Plan" with 3 steps

stdout | packages/renderer/src/core/store/slices/__tests__/agentPlanSlice.test.ts > agentPlanSlice > updatePlanStep > should update a step status to done
[AgentPlanSlice] New plan: "Test Plan" with 3 steps

stdout | packages/renderer/src/core/store/slices/__tests__/agentPlanSlice.test.ts > agentPlanSlice > updatePlanStep > should update a step status to failed with error
[AgentPlanSlice] New plan: "Test Plan" with 3 steps

stdout | packages/renderer/src/core/store/slices/__tests__/agentPlanSlice.test.ts > agentPlanSlice > updatePlanStep > should not update if plan ID does not match
[AgentPlanSlice] New plan: "Test Plan" with 3 steps

stderr | packages/renderer/src/core/store/slices/__tests__/agentPlanSlice.test.ts > agentPlanSlice > updatePlanStep > should not update if plan ID does not match
[AgentPlanSlice] Cannot update step — plan "wrong-plan" is not active

stdout | packages/renderer/src/core/store/slices/__tests__/agentPlanSlice.test.ts > agentPlanSlice > updatePlanStep > should move plan to history when all steps are terminal
[AgentPlanSlice] New plan: "Test Plan" with 3 steps
[AgentPlanSlice] Plan "Test Plan" completed — all steps terminal

stdout | packages/renderer/src/core/store/slices/__tests__/agentPlanSlice.test.ts > agentPlanSlice > updatePlanStep > should not move to history when steps are mixed terminal and non-terminal
[AgentPlanSlice] New plan: "Test Plan" with 3 steps

stdout | packages/renderer/src/core/store/slices/__tests__/agentPlanSlice.test.ts > agentPlanSlice > updatePlanStep > should treat skipped as terminal
[AgentPlanSlice] New plan: "Test Plan" with 3 steps
[AgentPlanSlice] Plan "Test Plan" completed — all steps terminal

stdout | packages/renderer/src/core/store/slices/__tests__/agentPlanSlice.test.ts > agentPlanSlice > clearPlan > should clear the active plan
[AgentPlanSlice] New plan: "Test Plan" with 3 steps
[AgentPlanSlice] Clearing plan: "Test Plan"

stdout | packages/renderer/src/core/store/slices/__tests__/agentPlanSlice.test.ts > agentPlanSlice > clearPlan > should move active plan to history when clearing
[AgentPlanSlice] New plan: "Test Plan" with 3 steps
[AgentPlanSlice] Clearing plan: "Test Plan"

stdout | packages/renderer/src/core/store/slices/__tests__/agentPlanSlice.test.ts > agentPlanSlice > clearPlan > should not duplicate in history if already there
[AgentPlanSlice] New plan: "Test Plan" with 3 steps
[AgentPlanSlice] Plan "Test Plan" completed — all steps terminal
[AgentPlanSlice] Clearing plan: "Test Plan"

 ✓ packages/renderer/src/core/store/slices/__tests__/agentPlanSlice.test.ts (13 tests) 8ms
(node:35739) Warning: `--localstorage-file` was provided without a valid path
(Use `node --trace-warnings ...` to show where the warning was created)
stdout | packages/renderer/src/services/agent/CostCircuitBreaker.test.ts > BaseAgent Cost Circuit Breaker > 🛑 should stop execution when budget is exceeded (Cost Circuit Breaker)
[ExecutionContext] Rolling back 0 modifications for agent ledger-agent

stderr | packages/renderer/src/services/agent/CostCircuitBreaker.test.ts > BaseAgent Cost Circuit Breaker > 🛑 should stop execution when budget is exceeded (Cost Circuit Breaker)
[BaseAgent] Budget DENIED in ledger-agent. profileEmail=(empty), authEmail=(no auth user), Tier: Free, Max: $1.00/day, Remaining: $-0.10

 ✓ packages/renderer/src/services/agent/CostCircuitBreaker.test.ts (1 test) 21ms
stdout | packages/main/src/services/IndiiRemoteService.test.ts > IndiiRemoteService > startup validation > should fail closed when starting without a password
[IndiiRemoteService] Shutting down remote service...

stdout | packages/main/src/services/IndiiRemoteService.test.ts > IndiiRemoteService > startup validation > should fail closed when starting without a password
[IndiiRemoteService] Shutdown complete.

stdout | packages/main/src/services/IndiiRemoteService.test.ts > IndiiRemoteService > startup validation > should fail closed when starting with an empty password
[IndiiRemoteService] Shutting down remote service...

stdout | packages/main/src/services/IndiiRemoteService.test.ts > IndiiRemoteService > startup validation > should fail closed when starting with an empty password
[IndiiRemoteService] Shutdown complete.

stdout | packages/main/src/services/IndiiRemoteService.test.ts > IndiiRemoteService > concurrent startups > should implement a mutex to prevent multiple concurrent _doStart calls
[IndiiRemoteService] Shutting down remote service...

stdout | packages/main/src/services/IndiiRemoteService.test.ts > IndiiRemoteService > concurrent startups > should implement a mutex to prevent multiple concurrent _doStart calls
[IndiiRemoteService] Shutdown complete.

stderr | packages/main/src/services/IndiiRemoteService.test.ts > IndiiRemoteService > concurrent startups > should implement a mutex to prevent multiple concurrent _doStart calls
[IndiiRemoteService] No Ngrok token provided. Running locally only at http://127.0.0.1:3333

stdout | packages/main/src/services/IndiiRemoteService.test.ts > IndiiRemoteService > concurrent startups > should implement a mutex to prevent multiple concurrent _doStart calls
[IndiiRemoteService] Starting background infrastructure...
[IndiiRemoteService] Startup already in progress, waiting...
[IndiiRemoteService] Local server listening on http://127.0.0.1:3333

stdout | packages/main/src/services/IndiiRemoteService.test.ts > IndiiRemoteService > successful start > should start successfully with a valid password
[IndiiRemoteService] Shutting down remote service...

stdout | packages/main/src/services/IndiiRemoteService.test.ts > IndiiRemoteService > successful start > should start successfully with a valid password
[IndiiRemoteService] Shutdown complete.

stdout | packages/main/src/services/IndiiRemoteService.test.ts > IndiiRemoteService > successful start > should start successfully with a valid password
[IndiiRemoteService] Starting background infrastructure...

stdout | packages/main/src/services/IndiiRemoteService.test.ts > IndiiRemoteService > successful start > should start successfully with a valid password
[IndiiRemoteService] Local server listening on http://127.0.0.1:3333

stderr | packages/main/src/services/IndiiRemoteService.test.ts > IndiiRemoteService > successful start > should start successfully with a valid password
[IndiiRemoteService] No Ngrok token provided. Running locally only at http://127.0.0.1:3333

stdout | packages/main/src/services/IndiiRemoteService.test.ts > IndiiRemoteService > successful start > should return existing url if already running
[IndiiRemoteService] Shutting down remote service...

stdout | packages/main/src/services/IndiiRemoteService.test.ts > IndiiRemoteService > successful start > should return existing url if already running
[IndiiRemoteService] Shutdown complete.

stdout | packages/main/src/services/IndiiRemoteService.test.ts > IndiiRemoteService > successful start > should return existing url if already running
[IndiiRemoteService] Starting background infrastructure...

stdout | packages/main/src/services/IndiiRemoteService.test.ts > IndiiRemoteService > successful start > should return existing url if already running
[IndiiRemoteService] Local server listening on http://127.0.0.1:3333

stderr | packages/main/src/services/IndiiRemoteService.test.ts > IndiiRemoteService > successful start > should return existing url if already running
[IndiiRemoteService] No Ngrok token provided. Running locally only at http://127.0.0.1:3333

stdout | packages/main/src/services/IndiiRemoteService.test.ts > IndiiRemoteService > successful start > should return existing url if already running
[IndiiRemoteService] Already running at: http://127.0.0.1:3333

 ✓ packages/main/src/services/IndiiRemoteService.test.ts (5 tests) 9ms
(node:35744) Warning: `--localstorage-file` was provided without a valid path
(Use `node --trace-warnings ...` to show where the warning was created)
stderr | packages/renderer/src/services/marketplace/MarketplaceService.test.ts > MarketplaceService > purchaseProduct > should throw error as payments are disabled
[PaymentService] Failed to create checkout session: Error: No checkout URL returned from server.
    at createOneTimePayment (/Volumes/X SSD 2025/Users/narrowchannel/Desktop/indiiOS-Clean/packages/renderer/src/services/payment/PaymentService.ts:62:19)
    at processTicksAndRejections (node:internal/process/task_queues:104:5)
    at MarketplaceService.purchaseProduct (/Volumes/X SSD 2025/Users/narrowchannel/Desktop/indiiOS-Clean/packages/renderer/src/services/marketplace/MarketplaceService.ts:200:33)
    at /Volumes/X SSD 2025/Users/narrowchannel/Desktop/indiiOS-Clean/packages/renderer/src/services/marketplace/MarketplaceService.test.ts:143:13
    at file:///Volumes/X%20SSD%202025/Users/narrowchannel/Desktop/indiiOS-Clean/node_modules/@vitest/runner/dist/index.js:915:20

stderr | packages/renderer/src/services/marketplace/MarketplaceService.test.ts > MarketplaceService > purchaseProduct > should throw error as payments are disabled
[MarketplaceService] Purchase failed: Error: No checkout URL returned from server.
    at createOneTimePayment (/Volumes/X SSD 2025/Users/narrowchannel/Desktop/indiiOS-Clean/packages/renderer/src/services/payment/PaymentService.ts:62:19)
    at processTicksAndRejections (node:internal/process/task_queues:104:5)
    at MarketplaceService.purchaseProduct (/Volumes/X SSD 2025/Users/narrowchannel/Desktop/indiiOS-Clean/packages/renderer/src/services/marketplace/MarketplaceService.ts:200:33)
    at /Volumes/X SSD 2025/Users/narrowchannel/Desktop/indiiOS-Clean/packages/renderer/src/services/marketplace/MarketplaceService.test.ts:143:13
    at file:///Volumes/X%20SSD%202025/Users/narrowchannel/Desktop/indiiOS-Clean/node_modules/@vitest/runner/dist/index.js:915:20

stdout | packages/renderer/src/services/marketplace/MarketplaceService.test.ts > MarketplaceService > purchaseProduct > should throw error as payments are disabled
[MarketplaceService] Rolled back inventory for prod-1

 ✓ packages/renderer/src/services/marketplace/MarketplaceService.test.ts (3 tests) 12ms
(node:35751) Warning: `--localstorage-file` was provided without a valid path
(Use `node --trace-warnings ...` to show where the warning was created)
 ✓ packages/renderer/src/services/MembershipService.budget.test.ts (4 tests) 5ms
(node:35754) Warning: `--localstorage-file` was provided without a valid path
(Use `node --trace-warnings ...` to show where the warning was created)
(node:35756) Warning: `--localstorage-file` was provided without a valid path
(Use `node --trace-warnings ...` to show where the warning was created)
(node:35757) Warning: `--localstorage-file` was provided without a valid path
(Use `node --trace-warnings ...` to show where the warning was created)
(node:35761) Warning: `--localstorage-file` was provided without a valid path
(Use `node --trace-warnings ...` to show where the warning was created)
 ✓ packages/renderer/src/services/ai/context/Keeper_ContextIntegrity.test.ts (1 test) 120ms
stdout | packages/renderer/src/services/ddex/ERNService.test.ts > ERNService > should generate a valid ERN object from metadata
RESULT {
  success: true,
  xml: '<?xml version="1.0" encoding="UTF-8"?>\n' +
    '<ern:NewReleaseMessage xmlns:ern="http://ddex.net/xml/ern/43" xmlns:xsi="http://www.w3.org/2001/XMLSchema-instance" MessageSchemaVersionId="4.3" LanguageAndScriptCode="en">\n' +
    '  <MessageHeader>\n' +
    '    <MessageId>MSG-1776792477136</MessageId>\n' +
    '    <MessageSender>\n' +
    '      <PartyId>PA-DPIDA-2025122604-E</PartyId>\n' +
    '      <PartyName>Mute Records</PartyName>\n' +
    '    </MessageSender>\n' +
    '    <MessageRecipient>\n' +
    '      <PartyId>PADPIDA2012110501U</PartyId>\n' +
    '      <PartyName>Distributor</PartyName>\n' +
    '    </MessageRecipient>\n' +
    '    <MessageCreatedDateTime>2026-04-21T17:27:57.136Z</MessageCreatedDateTime>\n' +
    '    <MessageControlType>LiveMessage</MessageControlType>\n' +
    '  </MessageHeader>\n' +
    '  <ReleaseList>\n' +
    '    <Release ReleaseReference="R1">\n' +
    '      <ReleaseId>\n' +
    '        <ICPN>123456789012</ICPN>\n' +
    '        <CatalogNumber>MUTE123</CatalogNumber>\n' +
    '      </ReleaseId>\n' +
    '      <ReleaseDetailsByTerritory>\n' +
    '        <TerritoryCode>Worldwide</TerritoryCode>\n' +
    '        <Title TitleType="FormalTitle">\n' +
    '          <TitleText>Midnight City</TitleText>\n' +
    '        </Title>\n' +
    '        <DisplayArtistName>M83</DisplayArtistName>\n' +
    '        <LabelName>Mute Records</LabelName>\n' +
    '        <Genre>\n' +
    '          <GenreText>Electronic</GenreText>\n' +
    '        </Genre>\n' +
    '        <ParentalWarningType>NotExplicit</ParentalWarningType>\n' +
    '      </ReleaseDetailsByTerritory>\n' +
    '      <ReleaseType>Single</ReleaseType>\n' +
    '      <ReleaseResourceReferenceList>\n' +
    '        <ReleaseResourceReference>A1</ReleaseResourceReference>\n' +
    '        <ReleaseResourceReference>IMG2</ReleaseResourceReference>\n' +
    '      </ReleaseResourceReferenceList>\n' +
    '      <AIGenerationInfo>\n' +
    '        <IsFullyAIGenerated>false</IsFullyAIGenerated>\n' +
    '        <IsPartiallyAIGenerated>false</IsPartiallyAIGenerated>\n' +
    '        <AIToolsUsed/>\n' +
    '      </AIGenerationInfo>\n' +
    '    </Release>\n' +
    '  </ReleaseList>\n' +
    '  <ResourceList>\n' +
    '    <SoundRecording ResourceReference="A1">\n' +
    '      <ResourceId>\n' +
    '        <ISRC>USM831100012</ISRC>\n' +
    '      </ResourceId>\n' +
    '      <ReferenceTitle>\n' +
    '        <TitleText>Midnight City</TitleText>\n' +
    '      </ReferenceTitle>\n' +
    '      <SoundRecordingDetailsByTerritory>\n' +
    '        <TerritoryCode>Worldwide</TerritoryCode>\n' +
    '        <Title TitleType="FormalTitle">\n' +
    '          <TitleText>Midnight City</TitleText>\n' +
    '        </Title>\n' +
    '        <DisplayArtistName>M83</DisplayArtistName>\n' +
    '      </SoundRecordingDetailsByTerritory>\n' +
    '    </SoundRecording>\n' +
    '    <Image ResourceReference="IMG2">\n' +
    '      <ResourceId>\n' +
    '        <ProprietaryId Namespace="PartySpecific">\n' +
    '          <Id>IMG-USM831100012</Id>\n' +
    '        </ProprietaryId>\n' +
    '      </ResourceId>\n' +
    '      <ReferenceTitle>\n' +
    '        <TitleText>Front Cover Image</TitleText>\n' +
    '      </ReferenceTitle>\n' +
    '      <ImageDetailsByTerritory>\n' +
    '        <TerritoryCode>Worldwide</TerritoryCode>\n' +
    '        <TechnicalImageDetails>\n' +
    '          <FileAvailabilityDescription>\n' +
    '            <FilePath>IMG2.jpg</FilePath>\n' +
    '          </FileAvailabilityDescription>\n' +
    '        </TechnicalImageDetails>\n' +
    '      </ImageDetailsByTerritory>\n' +
    '    </Image>\n' +
    '  </ResourceList>\n' +
    '  <DealList>\n' +
    '    <ReleaseDeal DealReference="D1">\n' +
    '      <Deal>\n' +
    '        <DealTerms>\n' +
    '          <CommercialModelType>SubscriptionModel</CommercialModelType>\n' +
    '          <Usage>\n' +
    '            <UseType>OnDemandStream</UseType>\n' +
    '          </Usage>\n' +
    '          <TerritoryCode>Worldwide</TerritoryCode>\n' +
    '          <ValidityPeriod>\n' +
    '            <StartDate>2011-10-18</StartDate>\n' +
    '          </ValidityPeriod>\n' +
    '        </DealTerms>\n' +
    '      </Deal>\n' +
    '    </ReleaseDeal>\n' +
    '    <ReleaseDeal DealReference="D2">\n' +
    '      <Deal>\n' +
    '        <DealTerms>\n' +
    '          <CommercialModelType>AdvertisementSupportedModel</CommercialModelType>\n' +
    '          <Usage>\n' +
    '            <UseType>OnDemandStream</UseType>\n' +
    '          </Usage>\n' +
    '          <TerritoryCode>Worldwide</TerritoryCode>\n' +
    '          <ValidityPeriod>\n' +
    '            <StartDate>2011-10-18</StartDate>\n' +
    '          </ValidityPeriod>\n' +
    '        </DealTerms>\n' +
    '      </Deal>\n' +
    '    </ReleaseDeal>\n' +
    '    <ReleaseDeal DealReference="D3">\n' +
    '      <Deal>\n' +
    '        <DealTerms>\n' +
    '          <CommercialModelType>SubscriptionModel</CommercialModelType>\n' +
    '          <Usage>\n' +
    '            <UseType>NonInteractiveStream</UseType>\n' +
    '          </Usage>\n' +
    '          <TerritoryCode>Worldwide</TerritoryCode>\n' +
    '          <ValidityPeriod>\n' +
    '            <StartDate>2011-10-18</StartDate>\n' +
    '          </ValidityPeriod>\n' +
    '        </DealTerms>\n' +
    '      </Deal>\n' +
    '    </ReleaseDeal>\n' +
    '    <ReleaseDeal DealReference="D4">\n' +
    '      <Deal>\n' +
    '        <DealTerms>\n' +
    '          <CommercialModelType>AdvertisementSupportedModel</CommercialModelType>\n' +
    '          <Usage>\n' +
    '            <UseType>NonInteractiveStream</UseType>\n' +
    '          </Usage>\n' +
    '          <TerritoryCode>Worldwide</TerritoryCode>\n' +
    '          <ValidityPeriod>\n' +
    '            <StartDate>2011-10-18</StartDate>\n' +
    '          </ValidityPeriod>\n' +
    '        </DealTerms>\n' +
    '      </Deal>\n' +
    '    </ReleaseDeal>\n' +
    '    <ReleaseDeal DealReference="D5">\n' +
    '      <Deal>\n' +
    '        <DealTerms>\n' +
    '          <CommercialModelType>PayAsYouGoModel</CommercialModelType>\n' +
    '          <Usage>\n' +
    '            <UseType>PermanentDownload</UseType>\n' +
    '          </Usage>\n' +
    '          <TerritoryCode>Worldwide</TerritoryCode>\n' +
    '          <ValidityPeriod>\n' +
    '            <StartDate>2011-10-18</StartDate>\n' +
    '          </ValidityPeriod>\n' +
    '        </DealTerms>\n' +
    '      </Deal>\n' +
    '    </ReleaseDeal>\n' +
    '  </DealList>\n' +
    '</ern:NewReleaseMessage>\n'
}

(node:35762) Warning: `--localstorage-file` was provided without a valid path
(Use `node --trace-warnings ...` to show where the warning was created)
 ✓ packages/renderer/src/services/agent/utils/ZodUtils.test.ts (5 tests) 5ms
 ✓ packages/renderer/src/services/ddex/ERNService.test.ts (8 tests) 51ms
(node:35765) Warning: `--localstorage-file` was provided without a valid path
(Use `node --trace-warnings ...` to show where the warning was created)
(node:35764) Warning: `--localstorage-file` was provided without a valid path
(Use `node --trace-warnings ...` to show where the warning was created)
 ✓ packages/renderer/src/services/scheduler/SchedulerClientService.test.ts (18 tests) 10ms
 ✓ packages/main/src/security/AccessControl.test.ts (14 tests) 4ms
stdout | packages/renderer/src/services/agent/hybrid/__tests__/HybridOrchestrator.test.ts > HybridOrchestrator Integration > should handle multi-turn reasoning to completion
[indii:Hybrid] Turn 1/10...

stdout | packages/renderer/src/services/agent/hybrid/__tests__/HybridOrchestrator.test.ts > HybridOrchestrator Integration > should handle multi-turn reasoning to completion
[indii:Hybrid] Using system tool: browser_control

stdout | packages/renderer/src/services/agent/OrchestrationService.test.ts > OrchestrationService > should route campaign launch to the correct workflow with state tracking
[Orchestration] Starting workflow: Campaign Launch (CAMPAIGN_LAUNCH), trace: 168dd359-e4f1-4ddd-83d2-62d9a950293d

stdout | packages/renderer/src/services/agent/OrchestrationService.test.ts > OrchestrationService > should persist failure on the exact step and halt
[Orchestration] Starting workflow: AI Merch Drop (AI_MERCH_DROP), trace: 3c1841e4-22d1-4f37-afad-a5e9dc176e13

stdout | packages/renderer/src/services/agent/hybrid/__tests__/HybridOrchestrator.test.ts > HybridOrchestrator Integration > should handle multi-turn reasoning to completion
[indii:Hybrid] Turn 2/10...

stdout | packages/renderer/src/services/agent/OrchestrationService.test.ts > OrchestrationService > should route "deploy protocol" to INDII_GROWTH_PROTOCOL
[Orchestration] Starting workflow: indii Growth Protocol (INDII_GROWTH_PROTOCOL), trace: a7fdcd49-1da3-4dc7-8cd5-8949c9f5a9f9

stdout | packages/renderer/src/services/agent/hybrid/__tests__/HybridOrchestrator.test.ts > HybridOrchestrator Integration > should prune excessively long tool results
[indii:Hybrid] Turn 1/10...

stdout | packages/renderer/src/services/agent/hybrid/__tests__/HybridOrchestrator.test.ts > HybridOrchestrator Integration > should prune excessively long tool results
[indii:Hybrid] Using system tool: browser_control

stdout | packages/renderer/src/services/agent/hybrid/__tests__/HybridOrchestrator.test.ts > HybridOrchestrator Integration > should prune excessively long tool results
[indii:Hybrid] Turn 2/10...

 ✓ packages/renderer/src/services/agent/OrchestrationService.test.ts (6 tests) 7ms
 ✓ packages/renderer/src/services/agent/hybrid/__tests__/HybridOrchestrator.test.ts (2 tests) 11ms
(node:35781) Warning: `--localstorage-file` was provided without a valid path
(Use `node --trace-warnings ...` to show where the warning was created)
 ✓ packages/renderer/src/services/agent/memory/__tests__/CaptainsLogService.test.ts (11 tests) 22ms
(node:35768) Warning: `--localstorage-file` was provided without a valid path
(Use `node --trace-warnings ...` to show where the warning was created)
stdout | packages/renderer/src/services/ddex/MEADService.test.ts > ERNService > should generate a valid ERN object from metadata
RESULT {
  success: true,
  xml: '<?xml version="1.0" encoding="UTF-8"?>\n' +
    '<ern:NewReleaseMessage xmlns:ern="http://ddex.net/xml/ern/43" xmlns:xsi="http://www.w3.org/2001/XMLSchema-instance" MessageSchemaVersionId="4.3" LanguageAndScriptCode="en">\n' +
    '  <MessageHeader>\n' +
    '    <MessageId>MSG-1776792477703</MessageId>\n' +
    '    <MessageSender>\n' +
    '      <PartyId>PA-DPIDA-2025122604-E</PartyId>\n' +
    '      <PartyName>Mute Records</PartyName>\n' +
    '    </MessageSender>\n' +
    '    <MessageRecipient>\n' +
    '      <PartyId>PADPIDA2012110501U</PartyId>\n' +
    '      <PartyName>Distributor</PartyName>\n' +
    '    </MessageRecipient>\n' +
    '    <MessageCreatedDateTime>2026-04-21T17:27:57.703Z</MessageCreatedDateTime>\n' +
    '    <MessageControlType>LiveMessage</MessageControlType>\n' +
    '  </MessageHeader>\n' +
    '  <ReleaseList>\n' +
    '    <Release ReleaseReference="R1">\n' +
    '      <ReleaseId>\n' +
    '        <ICPN>123456789012</ICPN>\n' +
    '        <CatalogNumber>MUTE123</CatalogNumber>\n' +
    '      </ReleaseId>\n' +
    '      <ReleaseDetailsByTerritory>\n' +
    '        <TerritoryCode>Worldwide</TerritoryCode>\n' +
    '        <Title TitleType="FormalTitle">\n' +
    '          <TitleText>Midnight City</TitleText>\n' +
    '        </Title>\n' +
    '        <DisplayArtistName>M83</DisplayArtistName>\n' +
    '        <LabelName>Mute Records</LabelName>\n' +
    '        <Genre>\n' +
    '          <GenreText>Electronic</GenreText>\n' +
    '        </Genre>\n' +
    '        <ParentalWarningType>NotExplicit</ParentalWarningType>\n' +
    '      </ReleaseDetailsByTerritory>\n' +
    '      <ReleaseType>Single</ReleaseType>\n' +
    '      <ReleaseResourceReferenceList>\n' +
    '        <ReleaseResourceReference>A1</ReleaseResourceReference>\n' +
    '        <ReleaseResourceReference>IMG2</ReleaseResourceReference>\n' +
    '      </ReleaseResourceReferenceList>\n' +
    '      <AIGenerationInfo>\n' +
    '        <IsFullyAIGenerated>false</IsFullyAIGenerated>\n' +
    '        <IsPartiallyAIGenerated>false</IsPartiallyAIGenerated>\n' +
    '        <AIToolsUsed/>\n' +
    '      </AIGenerationInfo>\n' +
    '    </Release>\n' +
    '  </ReleaseList>\n' +
    '  <ResourceList>\n' +
    '    <SoundRecording ResourceReference="A1">\n' +
    '      <ResourceId>\n' +
    '        <ISRC>USM831100012</ISRC>\n' +
    '      </ResourceId>\n' +
    '      <ReferenceTitle>\n' +
    '        <TitleText>Midnight City</TitleText>\n' +
    '      </ReferenceTitle>\n' +
    '      <SoundRecordingDetailsByTerritory>\n' +
    '        <TerritoryCode>Worldwide</TerritoryCode>\n' +
    '        <Title TitleType="FormalTitle">\n' +
    '          <TitleText>Midnight City</TitleText>\n' +
    '        </Title>\n' +
    '        <DisplayArtistName>M83</DisplayArtistName>\n' +
    '      </SoundRecordingDetailsByTerritory>\n' +
    '    </SoundRecording>\n' +
    '    <Image ResourceReference="IMG2">\n' +
    '      <ResourceId>\n' +
    '        <ProprietaryId Namespace="PartySpecific">\n' +
    '          <Id>IMG-USM831100012</Id>\n' +
    '        </ProprietaryId>\n' +
    '      </ResourceId>\n' +
    '      <ReferenceTitle>\n' +
    '        <TitleText>Front Cover Image</TitleText>\n' +
    '      </ReferenceTitle>\n' +
    '      <ImageDetailsByTerritory>\n' +
    '        <TerritoryCode>Worldwide</TerritoryCode>\n' +
    '        <TechnicalImageDetails>\n' +
    '          <FileAvailabilityDescription>\n' +
    '            <FilePath>IMG2.jpg</FilePath>\n' +
    '          </FileAvailabilityDescription>\n' +
    '        </TechnicalImageDetails>\n' +
    '      </ImageDetailsByTerritory>\n' +
    '    </Image>\n' +
    '  </ResourceList>\n' +
    '  <DealList>\n' +
    '    <ReleaseDeal DealReference="D1">\n' +
    '      <Deal>\n' +
    '        <DealTerms>\n' +
    '          <CommercialModelType>SubscriptionModel</CommercialModelType>\n' +
    '          <Usage>\n' +
    '            <UseType>OnDemandStream</UseType>\n' +
    '          </Usage>\n' +
    '          <TerritoryCode>Worldwide</TerritoryCode>\n' +
    '          <ValidityPeriod>\n' +
    '            <StartDate>2011-10-18</StartDate>\n' +
    '          </ValidityPeriod>\n' +
    '        </DealTerms>\n' +
    '      </Deal>\n' +
    '    </ReleaseDeal>\n' +
    '    <ReleaseDeal DealReference="D2">\n' +
    '      <Deal>\n' +
    '        <DealTerms>\n' +
    '          <CommercialModelType>AdvertisementSupportedModel</CommercialModelType>\n' +
    '          <Usage>\n' +
    '            <UseType>OnDemandStream</UseType>\n' +
    '          </Usage>\n' +
    '          <TerritoryCode>Worldwide</TerritoryCode>\n' +
    '          <ValidityPeriod>\n' +
    '            <StartDate>2011-10-18</StartDate>\n' +
    '          </ValidityPeriod>\n' +
    '        </DealTerms>\n' +
    '      </Deal>\n' +
    '    </ReleaseDeal>\n' +
    '    <ReleaseDeal DealReference="D3">\n' +
    '      <Deal>\n' +
    '        <DealTerms>\n' +
    '          <CommercialModelType>SubscriptionModel</CommercialModelType>\n' +
    '          <Usage>\n' +
    '            <UseType>NonInteractiveStream</UseType>\n' +
    '          </Usage>\n' +
    '          <TerritoryCode>Worldwide</TerritoryCode>\n' +
    '          <ValidityPeriod>\n' +
    '            <StartDate>2011-10-18</StartDate>\n' +
    '          </ValidityPeriod>\n' +
    '        </DealTerms>\n' +
    '      </Deal>\n' +
    '    </ReleaseDeal>\n' +
    '    <ReleaseDeal DealReference="D4">\n' +
    '      <Deal>\n' +
    '        <DealTerms>\n' +
    '          <CommercialModelType>AdvertisementSupportedModel</CommercialModelType>\n' +
    '          <Usage>\n' +
    '            <UseType>NonInteractiveStream</UseType>\n' +
    '          </Usage>\n' +
    '          <TerritoryCode>Worldwide</TerritoryCode>\n' +
    '          <ValidityPeriod>\n' +
    '            <StartDate>2011-10-18</StartDate>\n' +
    '          </ValidityPeriod>\n' +
    '        </DealTerms>\n' +
    '      </Deal>\n' +
    '    </ReleaseDeal>\n' +
    '    <ReleaseDeal DealReference="D5">\n' +
    '      <Deal>\n' +
    '        <DealTerms>\n' +
    '          <CommercialModelType>PayAsYouGoModel</CommercialModelType>\n' +
    '          <Usage>\n' +
    '            <UseType>PermanentDownload</UseType>\n' +
    '          </Usage>\n' +
    '          <TerritoryCode>Worldwide</TerritoryCode>\n' +
    '          <ValidityPeriod>\n' +
    '            <StartDate>2011-10-18</StartDate>\n' +
    '          </ValidityPeriod>\n' +
    '        </DealTerms>\n' +
    '      </Deal>\n' +
    '    </ReleaseDeal>\n' +
    '  </DealList>\n' +
    '</ern:NewReleaseMessage>\n'
}

 ✓ packages/renderer/src/services/ddex/MEADService.test.ts (9 tests) 130ms
(node:35773) Warning: `--localstorage-file` was provided without a valid path
(Use `node --trace-warnings ...` to show where the warning was created)
stdout | packages/main/src/services/mcp/MCPClientService.test.ts > MCPClientService > should connect successfully
✅ Connected to local MCP Server over Stdio

stdout | packages/main/src/services/mcp/MCPClientService.test.ts > MCPClientService > should connect successfully
🛑 Disconnected from local MCP Server
🛑 Disconnected from remote MCP Server

stdout | packages/main/src/services/mcp/MCPClientService.test.ts > MCPClientService > should disconnect successfully
✅ Connected to local MCP Server over Stdio

stdout | packages/main/src/services/mcp/MCPClientService.test.ts > MCPClientService > should disconnect successfully
🛑 Disconnected from local MCP Server
🛑 Disconnected from remote MCP Server

stdout | packages/main/src/services/mcp/MCPClientService.test.ts > MCPClientService > should disconnect successfully
🛑 Disconnected from local MCP Server
🛑 Disconnected from remote MCP Server

stdout | packages/main/src/services/mcp/MCPClientService.test.ts > MCPClientService > should throw an error when calling tool without connecting
🛑 Disconnected from local MCP Server
🛑 Disconnected from remote MCP Server

stdout | packages/main/src/services/mcp/MCPClientService.test.ts > MCPClientService > should call an MCP tool successfully
✅ Connected to local MCP Server over Stdio

stdout | packages/main/src/services/mcp/MCPClientService.test.ts > MCPClientService > should call an MCP tool successfully
🛑 Disconnected from local MCP Server
🛑 Disconnected from remote MCP Server

 ✓ packages/main/src/services/mcp/MCPClientService.test.ts (4 tests) 4ms
(node:35796) Warning: `--localstorage-file` was provided without a valid path
(Use `node --trace-warnings ...` to show where the warning was created)
 ✓ packages/renderer/src/services/agent/memory/__tests__/CoreVaultService.test.ts (9 tests) 58ms
(node:35778) Warning: `--localstorage-file` was provided without a valid path
(Use `node --trace-warnings ...` to show where the warning was created)
(node:35780) Warning: `--localstorage-file` was provided without a valid path
(Use `node --trace-warnings ...` to show where the warning was created)
stdout | packages/renderer/src/services/distribution/__tests__/ISRCService.test.ts > ISRCService > should record a new ISRC assignment
[ISRC] Recorded assignment for US-XXX-24-00001

 ✓ packages/renderer/src/services/distribution/__tests__/ISRCService.test.ts (4 tests) 12ms
(node:35785) Warning: `--localstorage-file` was provided without a valid path
(Use `node --trace-warnings ...` to show where the warning was created)
 ✓ packages/renderer/src/services/agent/evolution/HelixMacroEvolution.test.ts (1 test) 21ms
(node:35783) Warning: `--localstorage-file` was provided without a valid path
(Use `node --trace-warnings ...` to show where the warning was created)
stderr | packages/renderer/src/services/agent/components/__tests__/AgentExecutor.test.ts > AgentExecutor > should fail trace if agent throws error
[AgentExecutor] Agent Mock Agent failed: Error: Agent Failed
    at /Volumes/X SSD 2025/Users/narrowchannel/Desktop/indiiOS-Clean/packages/renderer/src/services/agent/components/__tests__/AgentExecutor.test.ts:94:48
    at file:///Volumes/X%20SSD%202025/Users/narrowchannel/Desktop/indiiOS-Clean/node_modules/@vitest/runner/dist/index.js:145:11
    at file:///Volumes/X%20SSD%202025/Users/narrowchannel/Desktop/indiiOS-Clean/node_modules/@vitest/runner/dist/index.js:915:26
    at file:///Volumes/X%20SSD%202025/Users/narrowchannel/Desktop/indiiOS-Clean/node_modules/@vitest/runner/dist/index.js:1243:20
    at new Promise (<anonymous>)
    at runWithTimeout (file:///Volumes/X%20SSD%202025/Users/narrowchannel/Desktop/indiiOS-Clean/node_modules/@vitest/runner/dist/index.js:1209:10)
    at file:///Volumes/X%20SSD%202025/Users/narrowchannel/Desktop/indiiOS-Clean/node_modules/@vitest/runner/dist/index.js:1653:37
    at Traces.$ (file:///Volumes/X%20SSD%202025/Users/narrowchannel/Desktop/indiiOS-Clean/node_modules/vitest/dist/chunks/traces.CCmnQaNT.js:142:27)
    at trace (file:///Volumes/X%20SSD%202025/Users/narrowchannel/Desktop/indiiOS-Clean/node_modules/vitest/dist/chunks/test.B8ej_ZHS.js:239:21)
    at runTest (file:///Volumes/X%20SSD%202025/Users/narrowchannel/Desktop/indiiOS-Clean/node_modules/@vitest/runner/dist/index.js:1653:12)

 ✓ packages/renderer/src/services/agent/components/__tests__/AgentExecutor.test.ts (3 tests) 7ms
 ✓ packages/renderer/src/services/agent/evolution/HelixMutationSafety.test.ts (2 tests) 4ms
(node:35787) Warning: `--localstorage-file` was provided without a valid path
(Use `node --trace-warnings ...` to show where the warning was created)
(node:35786) Warning: `--localstorage-file` was provided without a valid path
(Use `node --trace-warnings ...` to show where the warning was created)
stdout | packages/renderer/src/services/RevenueService.test.ts > RevenueService (Production Logic) > recordSale should add document to "revenue" collection
[RevenueService] Sale recorded successfully

 ✓ packages/renderer/src/services/RevenueService.test.ts (4 tests) 81ms
 ✓ packages/renderer/src/services/image/__tests__/DJAxiomPowerUser.test.ts (24 tests) 27ms
(node:35793) Warning: `--localstorage-file` was provided without a valid path
(Use `node --trace-warnings ...` to show where the warning was created)
stderr | packages/renderer/src/services/agent/tools/__tests__/FinanceTools.integration.test.ts > FinanceTools > initiate_split_escrow > gracefully falls back when Cloud Function is unavailable
[FinanceTools] Escrow Cloud Function unavailable, using local tracking: Error: Function not deployed
    at /Volumes/X SSD 2025/Users/narrowchannel/Desktop/indiiOS-Clean/packages/renderer/src/services/agent/tools/__tests__/FinanceTools.integration.test.ts:73:23
    at /Volumes/X SSD 2025/Users/narrowchannel/Desktop/indiiOS-Clean/packages/renderer/src/services/agent/tools/FinanceTools.ts:193:34
    at Object.initiate_split_escrow (/Volumes/X SSD 2025/Users/narrowchannel/Desktop/indiiOS-Clean/packages/renderer/src/services/agent/utils/ToolUtils.ts:48:34)
    at /Volumes/X SSD 2025/Users/narrowchannel/Desktop/indiiOS-Clean/packages/renderer/src/services/agent/tools/__tests__/FinanceTools.integration.test.ts:76:47
    at processTicksAndRejections (node:internal/process/task_queues:104:5)
    at file:///Volumes/X%20SSD%202025/Users/narrowchannel/Desktop/indiiOS-Clean/node_modules/@vitest/runner/dist/index.js:915:20

 ✓ packages/renderer/src/services/agent/tools/__tests__/FinanceTools.integration.test.ts (4 tests) 9ms
(node:35800) Warning: `--localstorage-file` was provided without a valid path
(Use `node --trace-warnings ...` to show where the warning was created)
(node:35801) Warning: `--localstorage-file` was provided without a valid path
(Use `node --trace-warnings ...` to show where the warning was created)
 ✓ packages/renderer/src/services/ai/context/Keeper_ContextIntegrity.repro.test.ts (1 test) 15ms
 ✓ packages/renderer/src/services/agent/MaestroBatchingService.test.ts (3 tests) 8ms
(node:35823) Warning: `--localstorage-file` was provided without a valid path
(Use `node --trace-warnings ...` to show where the warning was created)
 ✓ packages/renderer/src/services/video/VeoTimeout.test.ts (4 tests) 54ms
(node:35805) Warning: `--localstorage-file` was provided without a valid path
(Use `node --trace-warnings ...` to show where the warning was created)
(node:35804) Warning: `--localstorage-file` was provided without a valid path
(Use `node --trace-warnings ...` to show where the warning was created)
(node:35808) Warning: `--localstorage-file` was provided without a valid path
(Use `node --trace-warnings ...` to show where the warning was created)
stdout | packages/main/src/handlers/audio.security.test.ts
13:28:02.080 › [AccessControl] Initialized

stdout | packages/main/src/handlers/audio.security.test.ts
13:28:02.086 › [AudioHandler] FFmpeg path set to: ffmpeg-bin
13:28:02.089 › [AudioHandler] FFprobe path set to: ffprobe-bin

(node:35814) Warning: `--localstorage-file` was provided without a valid path
(Use `node --trace-warnings ...` to show where the warning was created)
(node:35809) Warning: `--localstorage-file` was provided without a valid path
(Use `node --trace-warnings ...` to show where the warning was created)
stdout | packages/main/src/handlers/audio.security.test.ts > Vulnerability: Audio Handler Symlink Exploit > should BLOCK analyzing a symlink that points to a restricted file
13:28:02.105 › Audio analysis requested for: /tmp/exploit.wav

stderr | packages/main/src/handlers/audio.security.test.ts > Vulnerability: Audio Handler Symlink Exploit > should BLOCK analyzing a symlink that points to a restricted file
13:28:02.106 › [AccessControl] Access denied: /etc/passwd
13:28:02.110 › Audio analysis failed: Error: Security Violation: Access to /tmp/exploit.wav is denied. File was not authorized by user.
    at /Volumes/X SSD 2025/Users/narrowchannel/Desktop/indiiOS-Clean/packages/main/src/handlers/audio.ts:62:23
    at /Volumes/X SSD 2025/Users/narrowchannel/Desktop/indiiOS-Clean/packages/main/src/handlers/audio.security.test.ts:80:22
    at file:///Volumes/X%20SSD%202025/Users/narrowchannel/Desktop/indiiOS-Clean/node_modules/@vitest/runner/dist/index.js:145:11
    at file:///Volumes/X%20SSD%202025/Users/narrowchannel/Desktop/indiiOS-Clean/node_modules/@vitest/runner/dist/index.js:915:26
    at file:///Volumes/X%20SSD%202025/Users/narrowchannel/Desktop/indiiOS-Clean/node_modules/@vitest/runner/dist/index.js:1243:20
    at new Promise (<anonymous>)
    at runWithTimeout (file:///Volumes/X%20SSD%202025/Users/narrowchannel/Desktop/indiiOS-Clean/node_modules/@vitest/runner/dist/index.js:1209:10)
    at file:///Volumes/X%20SSD%202025/Users/narrowchannel/Desktop/indiiOS-Clean/node_modules/@vitest/runner/dist/index.js:1653:37
    at Traces.$ (file:///Volumes/X%20SSD%202025/Users/narrowchannel/Desktop/indiiOS-Clean/node_modules/vitest/dist/chunks/traces.CCmnQaNT.js:142:27)
    at trace (file:///Volumes/X%20SSD%202025/Users/narrowchannel/Desktop/indiiOS-Clean/node_modules/vitest/dist/chunks/test.B8ej_ZHS.js:239:21)

 ✓ packages/main/src/handlers/audio.security.test.ts (1 test) 41ms
stderr | packages/renderer/src/services/agent/components/__tests__/SwarmStability.test.ts > Swarm Stability Integration > should handle failure propagation from child agents
[AgentExecutor] Agent Failure failed: Error: Intentional Failure
    at FailingAgent.execute (/Volumes/X SSD 2025/Users/narrowchannel/Desktop/indiiOS-Clean/packages/renderer/src/services/agent/components/__tests__/SwarmStability.test.ts:68:15)
    at AgentExecutor.execute (/Volumes/X SSD 2025/Users/narrowchannel/Desktop/indiiOS-Clean/packages/renderer/src/services/agent/components/AgentExecutor.ts:136:42)
    at processTicksAndRejections (node:internal/process/task_queues:104:5)
    at AgentExecutor.execute (/Volumes/X SSD 2025/Users/narrowchannel/Desktop/indiiOS-Clean/packages/renderer/src/services/agent/components/AgentExecutor.ts:136:30)
    at /Volumes/X SSD 2025/Users/narrowchannel/Desktop/indiiOS-Clean/packages/renderer/src/services/agent/components/__tests__/SwarmStability.test.ts:114:9
    at file:///Volumes/X%20SSD%202025/Users/narrowchannel/Desktop/indiiOS-Clean/node_modules/@vitest/runner/dist/index.js:915:20

stderr | packages/renderer/src/services/agent/components/__tests__/SwarmStability.test.ts > Swarm Stability Integration > should handle failure propagation from child agents
[AgentExecutor] Agent Parent failed: Error: Intentional Failure
    at FailingAgent.execute (/Volumes/X SSD 2025/Users/narrowchannel/Desktop/indiiOS-Clean/packages/renderer/src/services/agent/components/__tests__/SwarmStability.test.ts:68:15)
    at AgentExecutor.execute (/Volumes/X SSD 2025/Users/narrowchannel/Desktop/indiiOS-Clean/packages/renderer/src/services/agent/components/AgentExecutor.ts:136:42)
    at processTicksAndRejections (node:internal/process/task_queues:104:5)
    at AgentExecutor.execute (/Volumes/X SSD 2025/Users/narrowchannel/Desktop/indiiOS-Clean/packages/renderer/src/services/agent/components/AgentExecutor.ts:136:30)
    at /Volumes/X SSD 2025/Users/narrowchannel/Desktop/indiiOS-Clean/packages/renderer/src/services/agent/components/__tests__/SwarmStability.test.ts:114:9
    at file:///Volumes/X%20SSD%202025/Users/narrowchannel/Desktop/indiiOS-Clean/node_modules/@vitest/runner/dist/index.js:915:20

 ✓ packages/renderer/src/services/agent/components/__tests__/SwarmStability.test.ts (2 tests) 7ms
stdout | packages/renderer/src/services/agent/definitions/LicensingAgent.test.ts
[FreezeDiagnostic] Freezing Agent "licensing" tools schema...
[FreezeDiagnostic] Agent "licensing" tools schema is now IMMUTABLE.

 ✓ packages/renderer/src/services/agent/definitions/LicensingAgent.test.ts (5 tests) 4ms
stdout | packages/renderer/src/services/MembershipService.cost_predictor.test.ts > MembershipService (Ledger's Cost Predictor Integration) > 💸 "The Predictive Stop": Blocks Veo 3.1 generation if predicted cost exceeds budget
💸 [Ledger] Predicted Cost: $0.05 | Budget: $0.02
   🛑 STOP SWITCH ACTIVATED! User cannot afford Veo 3.1.

 ✓ packages/renderer/src/services/MembershipService.cost_predictor.test.ts (2 tests) 11ms
(node:35815) Warning: `--localstorage-file` was provided without a valid path
(Use `node --trace-warnings ...` to show where the warning was created)
stdout | packages/renderer/src/services/ingestion/TrackIngestionService.test.ts > TrackIngestionService > should skip analysis if track already exists (Idempotency)
[TrackIngestion] Starting ingestion for: test-song.mp3 

stdout | packages/renderer/src/services/ingestion/TrackIngestionService.test.ts > TrackIngestionService > should skip analysis if track already exists (Idempotency)
[TrackIngestion] Track already exists: SONIC-TEST-12345 

stdout | packages/renderer/src/services/ingestion/TrackIngestionService.test.ts > TrackIngestionService > should perform full analysis and save if track is new
[TrackIngestion] Starting ingestion for: test-song.mp3 

stdout | packages/renderer/src/services/ingestion/TrackIngestionService.test.ts > TrackIngestionService > should perform full analysis and save if track is new
[TrackIngestion] Requesting full Audio Intelligence analysis... 

stdout | packages/renderer/src/services/ingestion/TrackIngestionService.test.ts > TrackIngestionService > should perform full analysis and save if track is new
[TrackIngestion] Saving new track metadata... 

stdout | packages/renderer/src/services/ingestion/TrackIngestionService.test.ts > TrackIngestionService > should throw error if fingerprinting fails
[TrackIngestion] Starting ingestion for: test-song.mp3 

 ✓ packages/renderer/src/services/ingestion/TrackIngestionService.test.ts (3 tests) 8ms
(node:35820) Warning: `--localstorage-file` was provided without a valid path
(Use `node --trace-warnings ...` to show where the warning was created)
 ✓ packages/renderer/src/services/ddex/DDEX_CLIP_Integration.test.ts (1 test) 10ms
(node:35840) Warning: `--localstorage-file` was provided without a valid path
(Use `node --trace-warnings ...` to show where the warning was created)
 ✓ packages/renderer/src/services/video/VeoPayloadValidation.test.ts (3 tests) 9ms
stdout | packages/firebase/src/lib/image_edit_vertex.test.ts > GeminiImageService Dual-Client Logic > should use standard client (API Key) when no mask is provided
[GeminiImageService:edit] Model: gemini-3-pro-image-preview | Prompt: "test prompt..."
[GeminiImageService] Initializing Google Gen AI Client (API_KEY: mock...)

stdout | packages/firebase/src/lib/image_edit_vertex.test.ts > GeminiImageService Dual-Client Logic > should use the standard API-key client when mask is provided
[GeminiImageService:edit] Model: gemini-3-pro-image-preview | Prompt: "test prompt..."
[GeminiImageService] Initializing Google Gen AI Client (API_KEY: mock...)

 ✓ packages/firebase/src/lib/image_edit_vertex.test.ts (2 tests) 4ms
(node:35824) Warning: `--localstorage-file` was provided without a valid path
(Use `node --trace-warnings ...` to show where the warning was created)
stdout | packages/renderer/src/services/agent/tools/__tests__/NotificationTools.test.ts > NotificationTools > send_notification > should send a notification successfully
[NotificationTools] Sent [info] notification: "Test Alert" (desktop: true)

stderr | packages/renderer/src/services/agent/tools/__tests__/NotificationTools.test.ts > NotificationTools > send_notification > should handle denied notification permission
[NotificationTools] Notification permission denied by user

stdout | packages/renderer/src/services/agent/tools/__tests__/NotificationTools.test.ts > NotificationTools > send_notification > should handle denied notification permission
[NotificationTools] Sent [info] notification: "Denied Test" (desktop: false)

stdout | packages/renderer/src/services/agent/tools/__tests__/NotificationTools.test.ts > NotificationTools > send_notification > should include action_url in response when provided
[NotificationTools] Sent [info] notification: "Navigate" (desktop: true)

 ✓ packages/renderer/src/services/agent/tools/__tests__/NotificationTools.test.ts (5 tests) 37ms
(node:35827) Warning: `--localstorage-file` was provided without a valid path
(Use `node --trace-warnings ...` to show where the warning was created)
 ✓ packages/renderer/src/modules/video/schemas.test.ts (7 tests) 10ms
(node:35838) Warning: `--localstorage-file` was provided without a valid path
(Use `node --trace-warnings ...` to show where the warning was created)
(node:35832) Warning: `--localstorage-file` was provided without a valid path
(Use `node --trace-warnings ...` to show where the warning was created)
 ✓ packages/renderer/src/features/distribution/ItmspPackagingFeature.test.ts (7 tests) 4ms
stdout | packages/main/src/handlers/video.security.test.ts
13:28:04.883 › [AccessControl] Initialized

stderr | packages/main/src/handlers/video.security.test.ts > 🛡️ Shield: Video Handler Security Test > video:save-asset > should validate sender
13:28:04.890 › [VideoHandler] Failed to save asset: Error: Security Violation
    at /Volumes/X SSD 2025/Users/narrowchannel/Desktop/indiiOS-Clean/packages/main/src/handlers/video.security.test.ts:90:23
    at Mock (file:///Volumes/X%20SSD%202025/Users/narrowchannel/Desktop/indiiOS-Clean/node_modules/@vitest/spy/dist/index.js:285:34)
    at /Volumes/X SSD 2025/Users/narrowchannel/Desktop/indiiOS-Clean/packages/main/src/handlers/video.ts:39:13
    at invoke (/Volumes/X SSD 2025/Users/narrowchannel/Desktop/indiiOS-Clean/packages/main/src/handlers/video.security.test.ts:84:16)
    at /Volumes/X SSD 2025/Users/narrowchannel/Desktop/indiiOS-Clean/packages/main/src/handlers/video.security.test.ts:93:26
    at file:///Volumes/X%20SSD%202025/Users/narrowchannel/Desktop/indiiOS-Clean/node_modules/@vitest/runner/dist/index.js:145:11
    at file:///Volumes/X%20SSD%202025/Users/narrowchannel/Desktop/indiiOS-Clean/node_modules/@vitest/runner/dist/index.js:915:26
    at file:///Volumes/X%20SSD%202025/Users/narrowchannel/Desktop/indiiOS-Clean/node_modules/@vitest/runner/dist/index.js:1243:20
    at new Promise (<anonymous>)
    at runWithTimeout (file:///Volumes/X%20SSD%202025/Users/narrowchannel/Desktop/indiiOS-Clean/node_modules/@vitest/runner/dist/index.js:1209:10)

stderr | packages/main/src/handlers/video.security.test.ts > 🛡️ Shield: Video Handler Security Test > video:save-asset > should block non-http/https URLs
13:28:04.895 › [VideoHandler] Failed to save asset: ZodError: [
  {
    "code": "custom",
    "message": "Invalid URL: Must be a public HTTP/HTTPS URL. Local/Private IPs are blocked.",
    "path": []
  }
]
    at Object.get error [as error] (file:///Volumes/X%20SSD%202025/Users/narrowchannel/Desktop/indiiOS-Clean/node_modules/zod/v3/types.js:39:31)
    at ZodEffects.parse (file:///Volumes/X%20SSD%202025/Users/narrowchannel/Desktop/indiiOS-Clean/node_modules/zod/v3/types.js:114:22)
    at /Volumes/X SSD 2025/Users/narrowchannel/Desktop/indiiOS-Clean/packages/main/src/handlers/video.ts:51:28
    at invoke (/Volumes/X SSD 2025/Users/narrowchannel/Desktop/indiiOS-Clean/packages/main/src/handlers/video.security.test.ts:84:16)
    at /Volumes/X SSD 2025/Users/narrowchannel/Desktop/indiiOS-Clean/packages/main/src/handlers/video.security.test.ts:99:26
    at file:///Volumes/X%20SSD%202025/Users/narrowchannel/Desktop/indiiOS-Clean/node_modules/@vitest/runner/dist/index.js:145:11
    at file:///Volumes/X%20SSD%202025/Users/narrowchannel/Desktop/indiiOS-Clean/node_modules/@vitest/runner/dist/index.js:915:26
    at file:///Volumes/X%20SSD%202025/Users/narrowchannel/Desktop/indiiOS-Clean/node_modules/@vitest/runner/dist/index.js:1243:20
    at new Promise (<anonymous>)
    at runWithTimeout (file:///Volumes/X%20SSD%202025/Users/narrowchannel/Desktop/indiiOS-Clean/node_modules/@vitest/runner/dist/index.js:1209:10)

stderr | packages/main/src/handlers/video.security.test.ts > 🛡️ Shield: Video Handler Security Test > video:save-asset > should block local IPs (SSRF prevention)
13:28:04.897 › [VideoHandler] Failed to save asset: ZodError: [
  {
    "code": "custom",
    "message": "Invalid URL: Must be a public HTTP/HTTPS URL. Local/Private IPs are blocked.",
    "path": []
  }
]
    at Object.get error [as error] (file:///Volumes/X%20SSD%202025/Users/narrowchannel/Desktop/indiiOS-Clean/node_modules/zod/v3/types.js:39:31)
    at ZodEffects.parse (file:///Volumes/X%20SSD%202025/Users/narrowchannel/Desktop/indiiOS-Clean/node_modules/zod/v3/types.js:114:22)
    at /Volumes/X SSD 2025/Users/narrowchannel/Desktop/indiiOS-Clean/packages/main/src/handlers/video.ts:51:28
    at invoke (/Volumes/X SSD 2025/Users/narrowchannel/Desktop/indiiOS-Clean/packages/main/src/handlers/video.security.test.ts:84:16)
    at /Volumes/X SSD 2025/Users/narrowchannel/Desktop/indiiOS-Clean/packages/main/src/handlers/video.security.test.ts:105:26
    at file:///Volumes/X%20SSD%202025/Users/narrowchannel/Desktop/indiiOS-Clean/node_modules/@vitest/runner/dist/index.js:145:11
    at file:///Volumes/X%20SSD%202025/Users/narrowchannel/Desktop/indiiOS-Clean/node_modules/@vitest/runner/dist/index.js:915:26
    at file:///Volumes/X%20SSD%202025/Users/narrowchannel/Desktop/indiiOS-Clean/node_modules/@vitest/runner/dist/index.js:1243:20
    at new Promise (<anonymous>)
    at runWithTimeout (file:///Volumes/X%20SSD%202025/Users/narrowchannel/Desktop/indiiOS-Clean/node_modules/@vitest/runner/dist/index.js:1209:10)

stderr | packages/main/src/handlers/video.security.test.ts > 🛡️ Shield: Video Handler Security Test > video:save-asset > should sanitize filename to prevent path traversal
13:28:04.900 › [VideoHandler] Failed to save asset: Error: Invalid filename: Path traversal detected in "../../../../etc/passwd"
    at /Volumes/X SSD 2025/Users/narrowchannel/Desktop/indiiOS-Clean/packages/main/src/handlers/video.ts:44:23
    at invoke (/Volumes/X SSD 2025/Users/narrowchannel/Desktop/indiiOS-Clean/packages/main/src/handlers/video.security.test.ts:84:16)
    at /Volumes/X SSD 2025/Users/narrowchannel/Desktop/indiiOS-Clean/packages/main/src/handlers/video.security.test.ts:119:26
    at file:///Volumes/X%20SSD%202025/Users/narrowchannel/Desktop/indiiOS-Clean/node_modules/@vitest/runner/dist/index.js:145:11
    at file:///Volumes/X%20SSD%202025/Users/narrowchannel/Desktop/indiiOS-Clean/node_modules/@vitest/runner/dist/index.js:915:26
    at file:///Volumes/X%20SSD%202025/Users/narrowchannel/Desktop/indiiOS-Clean/node_modules/@vitest/runner/dist/index.js:1243:20
    at new Promise (<anonymous>)
    at runWithTimeout (file:///Volumes/X%20SSD%202025/Users/narrowchannel/Desktop/indiiOS-Clean/node_modules/@vitest/runner/dist/index.js:1209:10)
    at file:///Volumes/X%20SSD%202025/Users/narrowchannel/Desktop/indiiOS-Clean/node_modules/@vitest/runner/dist/index.js:1653:37
    at Traces.$ (file:///Volumes/X%20SSD%202025/Users/narrowchannel/Desktop/indiiOS-Clean/node_modules/vitest/dist/chunks/traces.CCmnQaNT.js:142:27)

stderr | packages/main/src/handlers/video.security.test.ts > 🛡️ Shield: Video Handler Security Test > video:open-folder > should block path traversal outside asset directory
13:28:04.904 › [VideoHandler] Open folder failed: Error: Security Warning: Unauthorized path access
    at /Volumes/X SSD 2025/Users/narrowchannel/Desktop/indiiOS-Clean/packages/main/src/handlers/video.ts:108:27
    at invoke (/Volumes/X SSD 2025/Users/narrowchannel/Desktop/indiiOS-Clean/packages/main/src/handlers/video.security.test.ts:84:16)
    at /Volumes/X SSD 2025/Users/narrowchannel/Desktop/indiiOS-Clean/packages/main/src/handlers/video.security.test.ts:130:26
    at file:///Volumes/X%20SSD%202025/Users/narrowchannel/Desktop/indiiOS-Clean/node_modules/@vitest/runner/dist/index.js:145:11
    at file:///Volumes/X%20SSD%202025/Users/narrowchannel/Desktop/indiiOS-Clean/node_modules/@vitest/runner/dist/index.js:915:26
    at file:///Volumes/X%20SSD%202025/Users/narrowchannel/Desktop/indiiOS-Clean/node_modules/@vitest/runner/dist/index.js:1243:20
    at new Promise (<anonymous>)
    at runWithTimeout (file:///Volumes/X%20SSD%202025/Users/narrowchannel/Desktop/indiiOS-Clean/node_modules/@vitest/runner/dist/index.js:1209:10)
    at file:///Volumes/X%20SSD%202025/Users/narrowchannel/Desktop/indiiOS-Clean/node_modules/@vitest/runner/dist/index.js:1653:37
    at Traces.$ (file:///Volumes/X%20SSD%202025/Users/narrowchannel/Desktop/indiiOS-Clean/node_modules/vitest/dist/chunks/traces.CCmnQaNT.js:142:27)

(node:35848) Warning: `--localstorage-file` was provided without a valid path
(Use `node --trace-warnings ...` to show where the warning was created)
 ✓ packages/main/src/handlers/video.security.test.ts (5 tests) 31ms
(node:35833) Warning: `--localstorage-file` was provided without a valid path
(Use `node --trace-warnings ...` to show where the warning was created)
 ✓ packages/renderer/src/lib/mobile.test.ts (17 tests) 50ms
 ✓ packages/renderer/src/services/agent/sdk/AgentSDK.test.ts (2 tests) 11ms
(node:35841) Warning: `--localstorage-file` was provided without a valid path
(Use `node --trace-warnings ...` to show where the warning was created)
 ✓ packages/renderer/src/services/agent/evolution/HelixResilience.test.ts (2 tests) 11ms
(node:35845) Warning: `--localstorage-file` was provided without a valid path
(Use `node --trace-warnings ...` to show where the warning was created)
 ✓ packages/renderer/src/services/OrganizationService.test.ts (2 tests) 4ms
(node:35854) Warning: `--localstorage-file` was provided without a valid path
(Use `node --trace-warnings ...` to show where the warning was created)
(node:35853) Warning: `--localstorage-file` was provided without a valid path
(Use `node --trace-warnings ...` to show where the warning was created)
stdout | packages/renderer/src/services/video/__tests__/VideoDistributorIntegration.test.ts
[DistributorService] Registered adapter: DistroKid
[DistributorService] Registered adapter: TuneCore
[DistributorService] Registered adapter: CDBaby
[DistributorService] Registered adapter: Symphonic

stdout | packages/renderer/src/services/agent/benchmark_clearAllMemories.test.ts > UserMemoryService Benchmark > measures performance of clearAllMemories
[UserMemoryService] Cleared all memories for user test_user

stdout | packages/renderer/src/services/agent/benchmark_clearAllMemories.test.ts > UserMemoryService Benchmark > measures performance of clearAllMemories
Time taken: 0.95ms
Deletes called: 0
DeleteMany called: 1

 ✓ packages/renderer/src/services/agent/benchmark_clearAllMemories.test.ts (1 test) 4ms
stdout | packages/renderer/src/services/video/__tests__/VideoDistributorIntegration.test.ts > VideoGenerationService - Distributor Integration > Distributors with Canvas support (9:16) > applies 9:16 for DistroKid Canvas
[VideoGeneration] 🎬 generateVideo() called: {
  promptPreview: 'A cool video',
  model: 'veo-3.1-generate-preview',
  duration: 8,
  aspectRatio: undefined,
  hasFirstFrame: false,
  hasLastFrame: false,
  hasReferenceImages: false,
  userId: 'test-user'
}

stdout | packages/renderer/src/services/video/__tests__/VideoDistributorIntegration.test.ts > VideoGenerationService - Distributor Integration > Distributors with Canvas support (9:16) > applies 9:16 for DistroKid Canvas
[VideoGeneration] 🚀 Calling firebaseAI.generateVideo() with: {
  model: 'veo-3.1-generate-preview',
  promptLength: 95,
  hasImage: false,
  config: '{"aspectRatio":"9:16","durationSeconds":8}'
}

stdout | packages/renderer/src/services/video/__tests__/VideoDistributorIntegration.test.ts > VideoGenerationService - Distributor Integration > Distributors with Canvas support (9:16) > applies 9:16 for TuneCore Canvas
[VideoGeneration] 🎬 generateVideo() called: {
  promptPreview: 'A cool video',
  model: 'veo-3.1-generate-preview',
  duration: 8,
  aspectRatio: undefined,
  hasFirstFrame: false,
  hasLastFrame: false,
  hasReferenceImages: false,
  userId: 'test-user'
}

stdout | packages/renderer/src/services/video/__tests__/VideoDistributorIntegration.test.ts > VideoGenerationService - Distributor Integration > Distributors with Canvas support (9:16) > applies 9:16 for TuneCore Canvas
[VideoGeneration] 🚀 Calling firebaseAI.generateVideo() with: {
  model: 'veo-3.1-generate-preview',
  promptLength: 95,
  hasImage: false,
  config: '{"aspectRatio":"9:16","durationSeconds":8}'
}

stdout | packages/renderer/src/services/video/__tests__/VideoDistributorIntegration.test.ts > VideoGenerationService - Distributor Integration > Distributors without Canvas support > does NOT apply Canvas constraints for CD Baby
[VideoGeneration] 🎬 generateVideo() called: {
  promptPreview: 'A cool video',
  model: 'veo-3.1-generate-preview',
  duration: 8,
  aspectRatio: undefined,
  hasFirstFrame: false,
  hasLastFrame: false,
  hasReferenceImages: false,
  userId: 'test-user'
}

stdout | packages/renderer/src/services/video/__tests__/VideoDistributorIntegration.test.ts > VideoGenerationService - Distributor Integration > Distributors without Canvas support > does NOT apply Canvas constraints for CD Baby
[VideoGeneration] 🚀 Calling firebaseAI.generateVideo() with: {
  model: 'veo-3.1-generate-preview',
  promptLength: 12,
  hasImage: false,
  config: '{"aspectRatio":"16:9","durationSeconds":8}'
}

stdout | packages/renderer/src/services/video/__tests__/VideoDistributorIntegration.test.ts > VideoGenerationService - Distributor Integration > Distributors without Canvas support > does NOT apply Canvas constraints for Ditto
[VideoGeneration] 🎬 generateVideo() called: {
  promptPreview: 'A cool video',
  model: 'veo-3.1-generate-preview',
  duration: 8,
  aspectRatio: undefined,
  hasFirstFrame: false,
  hasLastFrame: false,
  hasReferenceImages: false,
  userId: 'test-user'
}

stdout | packages/renderer/src/services/video/__tests__/VideoDistributorIntegration.test.ts > VideoGenerationService - Distributor Integration > Distributors without Canvas support > does NOT apply Canvas constraints for Ditto
[VideoGeneration] 🚀 Calling firebaseAI.generateVideo() with: {
  model: 'veo-3.1-generate-preview',
  promptLength: 12,
  hasImage: false,
  config: '{"aspectRatio":"16:9","durationSeconds":8}'
}

stdout | packages/renderer/src/services/video/__tests__/VideoDistributorIntegration.test.ts > VideoGenerationService - Distributor Integration > Distributors without Canvas support > does NOT apply Canvas constraints for AWAL
[VideoGeneration] 🎬 generateVideo() called: {
  promptPreview: 'A cool video',
  model: 'veo-3.1-generate-preview',
  duration: 8,
  aspectRatio: undefined,
  hasFirstFrame: false,
  hasLastFrame: false,
  hasReferenceImages: false,
  userId: 'test-user'
}

(node:35858) Warning: `--localstorage-file` was provided without a valid path
(Use `node --trace-warnings ...` to show where the warning was created)
stdout | packages/renderer/src/services/video/__tests__/VideoDistributorIntegration.test.ts > VideoGenerationService - Distributor Integration > Distributors without Canvas support > does NOT apply Canvas constraints for AWAL
[VideoGeneration] 🚀 Calling firebaseAI.generateVideo() with: {
  model: 'veo-3.1-generate-preview',
  promptLength: 12,
  hasImage: false,
  config: '{"aspectRatio":"16:9","durationSeconds":8}'
}

stdout | packages/renderer/src/services/video/__tests__/VideoDistributorIntegration.test.ts > VideoGenerationService - Distributor Integration > Distributors without Canvas support > does NOT apply Canvas constraints for UnitedMasters
[VideoGeneration] 🎬 generateVideo() called: {
  promptPreview: 'A cool video',
  model: 'veo-3.1-generate-preview',
  duration: 8,
  aspectRatio: undefined,
  hasFirstFrame: false,
  hasLastFrame: false,
  hasReferenceImages: false,
  userId: 'test-user'
}

stdout | packages/renderer/src/services/video/__tests__/VideoDistributorIntegration.test.ts > VideoGenerationService - Distributor Integration > Distributors without Canvas support > does NOT apply Canvas constraints for UnitedMasters
[VideoGeneration] 🚀 Calling firebaseAI.generateVideo() with: {
  model: 'veo-3.1-generate-preview',
  promptLength: 12,
  hasImage: false,
  config: '{"aspectRatio":"16:9","durationSeconds":8}'
}

stdout | packages/renderer/src/services/video/__tests__/VideoDistributorIntegration.test.ts > VideoGenerationService - Distributor Integration > Distributors without Canvas support > does NOT apply Canvas constraints for Amuse
[VideoGeneration] 🎬 generateVideo() called: {
  promptPreview: 'A cool video',
  model: 'veo-3.1-generate-preview',
  duration: 8,
  aspectRatio: undefined,
  hasFirstFrame: false,
  hasLastFrame: false,
  hasReferenceImages: false,
  userId: 'test-user'
}

stdout | packages/renderer/src/services/video/__tests__/VideoDistributorIntegration.test.ts > VideoGenerationService - Distributor Integration > Distributors without Canvas support > does NOT apply Canvas constraints for Amuse
[VideoGeneration] 🚀 Calling firebaseAI.generateVideo() with: {
  model: 'veo-3.1-generate-preview',
  promptLength: 12,
  hasImage: false,
  config: '{"aspectRatio":"16:9","durationSeconds":8}'
}

stdout | packages/renderer/src/services/video/__tests__/VideoDistributorIntegration.test.ts > VideoGenerationService - Distributor Integration > Edge cases > falls back to defaults when no distributor configured
[VideoGeneration] 🎬 generateVideo() called: {
  promptPreview: 'A cool video',
  model: 'veo-3.1-generate-preview',
  duration: 8,
  aspectRatio: undefined,
  hasFirstFrame: false,
  hasLastFrame: false,
  hasReferenceImages: false,
  userId: 'test-user'
}

stdout | packages/renderer/src/services/video/__tests__/VideoDistributorIntegration.test.ts > VideoGenerationService - Distributor Integration > Edge cases > falls back to defaults when no distributor configured
[VideoGeneration] 🚀 Calling firebaseAI.generateVideo() with: {
  model: 'veo-3.1-generate-preview',
  promptLength: 12,
  hasImage: false,
  config: '{"aspectRatio":"16:9","durationSeconds":8}'
}

stdout | packages/renderer/src/services/video/__tests__/VideoDistributorIntegration.test.ts > VideoGenerationService - Distributor Integration > Edge cases > falls back to defaults when no userProfile provided
[VideoGeneration] 🎬 generateVideo() called: {
  promptPreview: 'A cool video',
  model: 'veo-3.1-generate-preview',
  duration: 8,
  aspectRatio: undefined,
  hasFirstFrame: false,
  hasLastFrame: false,
  hasReferenceImages: false,
  userId: 'test-user'
}

stdout | packages/renderer/src/services/video/__tests__/VideoDistributorIntegration.test.ts > VideoGenerationService - Distributor Integration > Edge cases > falls back to defaults when no userProfile provided
[VideoGeneration] 🚀 Calling firebaseAI.generateVideo() with: {
  model: 'veo-3.1-generate-preview',
  promptLength: 12,
  hasImage: false,
  config: '{"aspectRatio":"16:9","durationSeconds":8}'
}

stdout | packages/renderer/src/services/video/__tests__/VideoDistributorIntegration.test.ts > VideoGenerationService - Distributor Integration > Edge cases > explicit aspectRatio overrides distributor default
[VideoGeneration] 🎬 generateVideo() called: {
  promptPreview: 'A cool video',
  model: 'veo-3.1-generate-preview',
  duration: 8,
  aspectRatio: '16:9',
  hasFirstFrame: false,
  hasLastFrame: false,
  hasReferenceImages: false,
  userId: 'test-user'
}

stdout | packages/renderer/src/services/video/__tests__/VideoDistributorIntegration.test.ts > VideoGenerationService - Distributor Integration > Edge cases > explicit aspectRatio overrides distributor default
[VideoGeneration] 🚀 Calling firebaseAI.generateVideo() with: {
  model: 'veo-3.1-generate-preview',
  promptLength: 95,
  hasImage: false,
  config: '{"aspectRatio":"16:9","durationSeconds":8}'
}

stdout | packages/renderer/src/services/video/__tests__/VideoDistributorIntegration.test.ts > VideoGenerationService - Distributor Integration > Edge cases > handles unknown distributor gracefully
[VideoGeneration] 🎬 generateVideo() called: {
  promptPreview: 'A cool video',
  model: 'veo-3.1-generate-preview',
  duration: 8,
  aspectRatio: undefined,
  hasFirstFrame: false,
  hasLastFrame: false,
  hasReferenceImages: false,
  userId: 'test-user'
}

stdout | packages/renderer/src/services/video/__tests__/VideoDistributorIntegration.test.ts > VideoGenerationService - Distributor Integration > Edge cases > handles unknown distributor gracefully
[VideoGeneration] 🚀 Calling firebaseAI.generateVideo() with: {
  model: 'veo-3.1-generate-preview',
  promptLength: 12,
  hasImage: false,
  config: '{"aspectRatio":"16:9","durationSeconds":8}'
}

 ✓ packages/renderer/src/services/agent/__tests__/AgentCollaboration.stress.test.ts (15 tests) 9ms
stdout | packages/renderer/src/services/video/__tests__/VideoDistributorIntegration.test.ts > VideoGenerationService - Distributor Integration > Long-form video generation > applies distributor constraints to long-form videos
[DaisyChain] Segment 1/4: Last frame extracted (image/jpeg)

stdout | packages/renderer/src/services/video/__tests__/VideoDistributorIntegration.test.ts > VideoGenerationService - Distributor Integration > Long-form video generation > applies distributor constraints to long-form videos
[DaisyChain] Segment 1/4: Scene analysis complete — "Mocked temporal analysis result...."

stdout | packages/renderer/src/services/video/__tests__/VideoDistributorIntegration.test.ts > VideoGenerationService - Distributor Integration > Long-form video generation > applies distributor constraints to long-form videos
[DaisyChain] Segment 2/4: Last frame extracted (image/jpeg)

stdout | packages/renderer/src/services/video/__tests__/VideoDistributorIntegration.test.ts > VideoGenerationService - Distributor Integration > Long-form video generation > applies distributor constraints to long-form videos
[DaisyChain] Segment 2/4: Scene analysis complete — "Mocked temporal analysis result...."

stdout | packages/renderer/src/services/video/__tests__/VideoDistributorIntegration.test.ts > VideoGenerationService - Distributor Integration > Long-form video generation > applies distributor constraints to long-form videos
[DaisyChain] Segment 3/4: Last frame extracted (image/jpeg)

stdout | packages/renderer/src/services/video/__tests__/VideoDistributorIntegration.test.ts > VideoGenerationService - Distributor Integration > Long-form video generation > applies distributor constraints to long-form videos
[DaisyChain] Segment 3/4: Scene analysis complete — "Mocked temporal analysis result...."

 ✓ packages/renderer/src/services/video/__tests__/VideoDistributorIntegration.test.ts (12 tests) 76ms
(node:35879) Warning: `--localstorage-file` was provided without a valid path
(Use `node --trace-warnings ...` to show where the warning was created)
 ✓ packages/renderer/src/services/video/LensVeoSafety.test.ts (3 tests) 22ms
(node:35861) Warning: `--localstorage-file` was provided without a valid path
(Use `node --trace-warnings ...` to show where the warning was created)
(node:35866) Warning: `--localstorage-file` was provided without a valid path
(Use `node --trace-warnings ...` to show where the warning was created)
(node:35871) Warning: `--localstorage-file` was provided without a valid path
(Use `node --trace-warnings ...` to show where the warning was created)
(node:35863) Warning: `--localstorage-file` was provided without a valid path
(Use `node --trace-warnings ...` to show where the warning was created)
 ✓ packages/renderer/src/services/agent/tools/__tests__/DevOpsTools.test.ts (4 tests) 17ms
 ✓ packages/renderer/src/services/agent/evolution/EvolutionEngine.test.ts (4 tests) 9ms
(node:35869) Warning: `--localstorage-file` was provided without a valid path
(Use `node --trace-warnings ...` to show where the warning was created)
 ✓ packages/renderer/src/services/agent/evolution/HelixFitnessValidator.test.ts (3 tests) 11ms
 ✓ packages/renderer/src/services/video/__tests__/VeoGenerationPipeline.test.ts (4 tests) 22ms
(node:35872) Warning: `--localstorage-file` was provided without a valid path
(Use `node --trace-warnings ...` to show where the warning was created)
stdout | packages/renderer/src/services/subscription/__tests__/LedgerQuota.test.ts > Ledger's "Circuit Breaker" Test 💸 > should halt execution EXACTLY when the hard limit is breached
Ledger Report: Paid for 10 loops. Circuit breaker tripped: true

 ✓ packages/renderer/src/services/subscription/__tests__/LedgerQuota.test.ts (1 test) 5ms
objc[35866]: Class GNotificationCenterDelegate is implemented in both /Volumes/X SSD 2025/Users/narrowchannel/Desktop/indiiOS-Clean/node_modules/canvas/build/Release/libgio-2.0.0.dylib (0x10550c4b8) and /Volumes/X SSD 2025/Users/narrowchannel/Desktop/indiiOS-Clean/node_modules/@img/sharp-libvips-darwin-arm64/lib/libvips-cpp.8.17.3.dylib (0x13eddd978). This may cause spurious casting failures and mysterious crashes. One of the duplicates must be removed or renamed.
(node:35876) Warning: `--localstorage-file` was provided without a valid path
(Use `node --trace-warnings ...` to show where the warning was created)
 ✓ packages/renderer/src/services/legal/LegalService.test.ts (8 tests) 3ms
(node:35878) Warning: `--localstorage-file` was provided without a valid path
(Use `node --trace-warnings ...` to show where the warning was created)
stdout | packages/renderer/src/services/ai/__tests__/QA_Batching.test.ts > Request Batching QA > FirebaseAIService.batchEmbedContents (Polyfill) > should fallback to concurrent embedContent requests
[FirebaseAIService] App Check Debug: { DEV: true, debugToken: undefined, key: undefined }
[FirebaseAIService] Fallback Mode Initialization: {
  foundKey: true,
  source: 'env.VITE_API_KEY',
  keyPrefix: 'test-api...'
}
[FirebaseAIService] Initialized with direct Gemini SDK (fallback mode)

stderr | packages/renderer/src/services/ai/__tests__/QA_Batching.test.ts > Request Batching QA > FirebaseAIService.batchEmbedContents (Polyfill) > should fallback to concurrent embedContent requests
[FirebaseAIService] DEV mode detected without Debug Token. Disabling App Check.
[FirebaseAIService] App Check not configured, using direct Gemini SDK fallback

 ✓ packages/renderer/src/services/ai/__tests__/QA_Batching.test.ts (3 tests) 17ms
(node:35882) Warning: `--localstorage-file` was provided without a valid path
(Use `node --trace-warnings ...` to show where the warning was created)
 ✓ packages/renderer/src/core/store/slices/__tests__/appSlice.test.ts (4 tests) 24ms
(node:35893) Warning: `--localstorage-file` was provided without a valid path
(Use `node --trace-warnings ...` to show where the warning was created)
(node:35887) Warning: `--localstorage-file` was provided without a valid path
(Use `node --trace-warnings ...` to show where the warning was created)
(node:35886) Warning: `--localstorage-file` was provided without a valid path
(Use `node --trace-warnings ...` to show where the warning was created)
stdout | packages/renderer/src/services/account/AccountDeletionService.test.ts > AccountDeletionService > successful deletion > returns success when all operations succeed with no data
[AccountDeletion] Starting account deletion for user: user-123 (test@example.com)

stdout | packages/renderer/src/services/account/AccountDeletionService.test.ts > AccountDeletionService > successful deletion > returns success when all operations succeed with no data
[AccountDeletion] Deleted 0 storage files

stdout | packages/renderer/src/services/account/AccountDeletionService.test.ts > AccountDeletionService > successful deletion > returns success when all operations succeed with no data
[AccountDeletion] Firebase Auth account deleted
[AccountDeletion] Deletion complete for user-123

stdout | packages/renderer/src/services/account/AccountDeletionService.test.ts > AccountDeletionService > successful deletion > writes an audit log before deletion
[AccountDeletion] Starting account deletion for user: user-123 (test@example.com)

stdout | packages/renderer/src/services/account/AccountDeletionService.test.ts > AccountDeletionService > successful deletion > writes an audit log before deletion
[AccountDeletion] Deleted 0 storage files

stdout | packages/renderer/src/services/account/AccountDeletionService.test.ts > AccountDeletionService > successful deletion > writes an audit log before deletion
[AccountDeletion] Firebase Auth account deleted
[AccountDeletion] Deletion complete for user-123

stdout | packages/renderer/src/services/account/AccountDeletionService.test.ts > AccountDeletionService > successful deletion > lists expected pending external actions
[AccountDeletion] Starting account deletion for user: user-123 (test@example.com)

stdout | packages/renderer/src/services/account/AccountDeletionService.test.ts > AccountDeletionService > successful deletion > lists expected pending external actions
[AccountDeletion] Deleted 0 storage files

stdout | packages/renderer/src/services/account/AccountDeletionService.test.ts > AccountDeletionService > successful deletion > lists expected pending external actions
[AccountDeletion] Firebase Auth account deleted
[AccountDeletion] Deletion complete for user-123

stdout | packages/renderer/src/services/account/AccountDeletionService.test.ts > AccountDeletionService > partial failures > continues deletion when audit log fails
[AccountDeletion] Starting account deletion for user: user-123 (test@example.com)

stderr | packages/renderer/src/services/account/AccountDeletionService.test.ts > AccountDeletionService > partial failures > continues deletion when audit log fails
[AccountDeletion] Failed to write pre-deletion audit log

stdout | packages/renderer/src/services/account/AccountDeletionService.test.ts > AccountDeletionService > partial failures > continues deletion when audit log fails
[AccountDeletion] Deleted 0 storage files

stdout | packages/renderer/src/services/account/AccountDeletionService.test.ts > AccountDeletionService > partial failures > continues deletion when audit log fails
[AccountDeletion] Firebase Auth account deleted
[AccountDeletion] Deletion complete for user-123

stdout | packages/renderer/src/services/account/AccountDeletionService.test.ts > AccountDeletionService > partial failures > records errors when subcollection deletion fails
[AccountDeletion] Starting account deletion for user: user-123 (test@example.com)

stderr | packages/renderer/src/services/account/AccountDeletionService.test.ts > AccountDeletionService > partial failures > records errors when subcollection deletion fails
[AccountDeletion] Failed to delete auditLogs: Error: Permission denied

stderr | packages/renderer/src/services/account/AccountDeletionService.test.ts > AccountDeletionService > partial failures > records errors when subcollection deletion fails
[AccountDeletion] Failed to delete releases: Error: Permission denied

stderr | packages/renderer/src/services/account/AccountDeletionService.test.ts > AccountDeletionService > partial failures > records errors when subcollection deletion fails
[AccountDeletion] Failed to delete tracks: Error: Permission denied

stderr | packages/renderer/src/services/account/AccountDeletionService.test.ts > AccountDeletionService > partial failures > records errors when subcollection deletion fails
[AccountDeletion] Failed to delete contracts: Error: Permission denied

stderr | packages/renderer/src/services/account/AccountDeletionService.test.ts > AccountDeletionService > partial failures > records errors when subcollection deletion fails
[AccountDeletion] Failed to delete campaigns: Error: Permission denied

stderr | packages/renderer/src/services/account/AccountDeletionService.test.ts > AccountDeletionService > partial failures > records errors when subcollection deletion fails
[AccountDeletion] Failed to delete notifications: Error: Permission denied

stderr | packages/renderer/src/services/account/AccountDeletionService.test.ts > AccountDeletionService > partial failures > records errors when subcollection deletion fails
[AccountDeletion] Failed to delete analytics: Error: Permission denied

stderr | packages/renderer/src/services/account/AccountDeletionService.test.ts > AccountDeletionService > partial failures > records errors when subcollection deletion fails
[AccountDeletion] Failed to delete brandAssets: Error: Permission denied

stderr | packages/renderer/src/services/account/AccountDeletionService.test.ts > AccountDeletionService > partial failures > records errors when subcollection deletion fails
[AccountDeletion] Failed to delete generatedImages: Error: Permission denied

stderr | packages/renderer/src/services/account/AccountDeletionService.test.ts > AccountDeletionService > partial failures > records errors when subcollection deletion fails
[AccountDeletion] Failed to delete generatedVideos: Error: Permission denied

stderr | packages/renderer/src/services/account/AccountDeletionService.test.ts > AccountDeletionService > partial failures > records errors when subcollection deletion fails
[AccountDeletion] Failed to delete splitSheets: Error: Permission denied

stderr | packages/renderer/src/services/account/AccountDeletionService.test.ts > AccountDeletionService > partial failures > records errors when subcollection deletion fails
[AccountDeletion] Failed to delete invoices: Error: Permission denied

stderr | packages/renderer/src/services/account/AccountDeletionService.test.ts > AccountDeletionService > partial failures > records errors when subcollection deletion fails
[AccountDeletion] Failed to delete messages: Error: Permission denied

stdout | packages/renderer/src/services/account/AccountDeletionService.test.ts > AccountDeletionService > partial failures > records errors when subcollection deletion fails
[AccountDeletion] Deleted 0 storage files

stdout | packages/renderer/src/services/account/AccountDeletionService.test.ts > AccountDeletionService > partial failures > records errors when subcollection deletion fails
[AccountDeletion] Firebase Auth account deleted
[AccountDeletion] Deletion completed with errors for user-123

stdout | packages/renderer/src/services/account/AccountDeletionService.test.ts > AccountDeletionService > partial failures > reports error when user is not signed in for auth deletion
[AccountDeletion] Starting account deletion for user: user-123 (test@example.com)

stdout | packages/renderer/src/services/account/AccountDeletionService.test.ts > AccountDeletionService > partial failures > reports error when user is not signed in for auth deletion
[AccountDeletion] Deleted 0 storage files
[AccountDeletion] Deletion completed with errors for user-123

stdout | packages/renderer/src/services/account/AccountDeletionService.test.ts > AccountDeletionService > partial failures > reports error when signed-in user UID does not match
[AccountDeletion] Starting account deletion for user: user-123 (test@example.com)

stdout | packages/renderer/src/services/account/AccountDeletionService.test.ts > AccountDeletionService > partial failures > reports error when signed-in user UID does not match
[AccountDeletion] Deleted 0 storage files
[AccountDeletion] Deletion completed with errors for user-123

stdout | packages/renderer/src/services/account/AccountDeletionService.test.ts > AccountDeletionService > result structure > returns proper DeletionResult interface
[AccountDeletion] Starting account deletion for user: user-123 (test@example.com)

stdout | packages/renderer/src/services/account/AccountDeletionService.test.ts > AccountDeletionService > result structure > returns proper DeletionResult interface
[AccountDeletion] Deleted 0 storage files

stdout | packages/renderer/src/services/account/AccountDeletionService.test.ts > AccountDeletionService > result structure > returns proper DeletionResult interface
[AccountDeletion] Firebase Auth account deleted
[AccountDeletion] Deletion complete for user-123

 ✓ packages/renderer/src/services/account/AccountDeletionService.test.ts (8 tests) 50ms
stdout | packages/renderer/src/services/MembershipService.ledger_transaction.test.ts > MembershipService (Ledger Transaction Integrity) > 💸 "The Standard Transaction": Verifies correct credit deduction flow
   ✅ Transaction Verified: $0.2 deducted from wallet.

stdout | packages/renderer/src/services/MembershipService.ledger_transaction.test.ts > MembershipService (Ledger Transaction Integrity) > 💸 "The Hard Limit Rejection": Aborts transaction when funds are insufficient
   🛑 Transaction Aborted: Insufficient funds.

stdout | packages/renderer/src/services/MembershipService.ledger_transaction.test.ts > MembershipService (Ledger Transaction Integrity) > 💸 "Fake High Usage Injection": Triggers Stop Switch immediately
   🛑 Stop Switch Triggered: Detected High Usage (999999).

 ✓ packages/renderer/src/services/MembershipService.ledger_transaction.test.ts (3 tests) 10ms
 ✓ packages/renderer/src/services/agent/definitions/PublicistAgent.test.ts (5 tests) 92ms
(node:35896) Warning: `--localstorage-file` was provided without a valid path
(Use `node --trace-warnings ...` to show where the warning was created)
 ✓ packages/main/src/utils/pkce.test.ts (6 tests) 6ms
(node:35898) Warning: `--localstorage-file` was provided without a valid path
(Use `node --trace-warnings ...` to show where the warning was created)
 ✓ packages/renderer/src/services/ai/RateLimiter.test.ts (4 tests) 13ms
(node:35899) Warning: `--localstorage-file` was provided without a valid path
(Use `node --trace-warnings ...` to show where the warning was created)
 ✓ packages/renderer/src/services/agent/evolution/HelixBloat.test.ts (1 test) 6ms
(node:35904) Warning: `--localstorage-file` was provided without a valid path
(Use `node --trace-warnings ...` to show where the warning was created)
stderr | packages/renderer/src/modules/social/tools.test.ts > SOCIAL_TOOLS > generate_social_identity > should throw error if AI fails
Failed to generate social identity Error: AI Error
    at /Volumes/X SSD 2025/Users/narrowchannel/Desktop/indiiOS-Clean/packages/renderer/src/modules/social/tools.test.ts:50:84
    at file:///Volumes/X%20SSD%202025/Users/narrowchannel/Desktop/indiiOS-Clean/node_modules/@vitest/runner/dist/index.js:145:11
    at file:///Volumes/X%20SSD%202025/Users/narrowchannel/Desktop/indiiOS-Clean/node_modules/@vitest/runner/dist/index.js:915:26
    at file:///Volumes/X%20SSD%202025/Users/narrowchannel/Desktop/indiiOS-Clean/node_modules/@vitest/runner/dist/index.js:1243:20
    at new Promise (<anonymous>)
    at runWithTimeout (file:///Volumes/X%20SSD%202025/Users/narrowchannel/Desktop/indiiOS-Clean/node_modules/@vitest/runner/dist/index.js:1209:10)
    at file:///Volumes/X%20SSD%202025/Users/narrowchannel/Desktop/indiiOS-Clean/node_modules/@vitest/runner/dist/index.js:1653:37
    at Traces.$ (file:///Volumes/X%20SSD%202025/Users/narrowchannel/Desktop/indiiOS-Clean/node_modules/vitest/dist/chunks/traces.CCmnQaNT.js:142:27)
    at trace (file:///Volumes/X%20SSD%202025/Users/narrowchannel/Desktop/indiiOS-Clean/node_modules/vitest/dist/chunks/test.B8ej_ZHS.js:239:21)
    at runTest (file:///Volumes/X%20SSD%202025/Users/narrowchannel/Desktop/indiiOS-Clean/node_modules/@vitest/runner/dist/index.js:1653:12)

 ✓ packages/renderer/src/modules/social/tools.test.ts (2 tests) 7ms
stdout | packages/firebase/src/__tests__/video.test.ts > Video Functions > triggerVideoJob > should successfully queue a video job
[VideoJob] Triggered for JobID: job-123, User: user123

stdout | packages/firebase/src/__tests__/video.test.ts > Video Functions > triggerVideoJob > should accept generateAudio option
[VideoJob] Triggered for JobID: job-audio-123, User: user123

 ✓ packages/firebase/src/__tests__/video.test.ts (5 tests) 9ms
(node:35908) Warning: `--localstorage-file` was provided without a valid path
(Use `node --trace-warnings ...` to show where the warning was created)
 ✓ packages/renderer/src/services/agent/evolution/HelixEvolutionaryLoop.test.ts (7 tests) 27ms
(node:35911) Warning: `--localstorage-file` was provided without a valid path
(Use `node --trace-warnings ...` to show where the warning was created)
(node:35912) Warning: `--localstorage-file` was provided without a valid path
(Use `node --trace-warnings ...` to show where the warning was created)
(node:35919) Warning: `--localstorage-file` was provided without a valid path
(Use `node --trace-warnings ...` to show where the warning was created)
(node:35922) Warning: `--localstorage-file` was provided without a valid path
(Use `node --trace-warnings ...` to show where the warning was created)
stdout | packages/renderer/src/services/MembershipService.ledger_alerts.test.ts > MembershipService (Ledger Alerts) > 💸 "High Usage Injection": Triggers Stop Switch when Token Usage spikes

💸 [Ledger] Starting "High Usage" Simulation...

stdout | packages/renderer/src/services/MembershipService.ledger_alerts.test.ts > MembershipService (Ledger Alerts) > 💸 "High Usage Injection": Triggers Stop Switch when Token Usage spikes
   ✅ Initial Status: Green Light (Budget: $1.00)
   💸 Injecting "Deep Think" Cost: $0.98...

stdout | packages/renderer/src/services/MembershipService.ledger_alerts.test.ts > MembershipService (Ledger Alerts) > 💸 "High Usage Injection": Triggers Stop Switch when Token Usage spikes
   ✅ Wallet Updated: Spent $0.98
   💸 Attempting followup task (Cost: $0.05)...

stdout | packages/renderer/src/services/MembershipService.ledger_alerts.test.ts > MembershipService (Ledger Alerts) > 💸 "High Usage Injection": Triggers Stop Switch when Token Usage spikes
   🛑 STOP SWITCH ACTIVATED! Remaining: $0.02
   ✅ Test Passed: Ledger successfully blocked debt.

stdout | packages/renderer/src/services/MembershipService.ledger_alerts.test.ts > MembershipService (Ledger Alerts) > 💸 "Budget Alert": Detects "Near Limit" state correctly
   ⚠️ BUDGET ALERT: Low Funds! Only $0.10 left.

 ✓ packages/renderer/src/services/MembershipService.ledger_alerts.test.ts (2 tests) 5ms
(node:35917) Warning: `--localstorage-file` was provided without a valid path
(Use `node --trace-warnings ...` to show where the warning was created)
 ✓ packages/renderer/src/core/store/slices/distributionSlice.test.ts (4 tests) 3ms
 ✓ packages/renderer/src/services/agent/evolution/HelixGodMode.test.ts (3 tests) 5ms
 ✓ packages/renderer/src/services/agent/evolution/HelixEvolution.test.ts (7 tests) 10ms
(node:35920) Warning: `--localstorage-file` was provided without a valid path
(Use `node --trace-warnings ...` to show where the warning was created)
stderr | packages/renderer/src/services/security/BiometricService.test.ts > BiometricService > isAvailable > returns false when availability check throws
[BiometricService] Availability check failed: Error: Failed
    at /Volumes/X SSD 2025/Users/narrowchannel/Desktop/indiiOS-Clean/packages/renderer/src/services/security/BiometricService.test.ts:62:90
    at file:///Volumes/X%20SSD%202025/Users/narrowchannel/Desktop/indiiOS-Clean/node_modules/@vitest/runner/dist/index.js:145:11
    at file:///Volumes/X%20SSD%202025/Users/narrowchannel/Desktop/indiiOS-Clean/node_modules/@vitest/runner/dist/index.js:915:26
    at file:///Volumes/X%20SSD%202025/Users/narrowchannel/Desktop/indiiOS-Clean/node_modules/@vitest/runner/dist/index.js:1243:20
    at new Promise (<anonymous>)
    at runWithTimeout (file:///Volumes/X%20SSD%202025/Users/narrowchannel/Desktop/indiiOS-Clean/node_modules/@vitest/runner/dist/index.js:1209:10)
    at file:///Volumes/X%20SSD%202025/Users/narrowchannel/Desktop/indiiOS-Clean/node_modules/@vitest/runner/dist/index.js:1653:37
    at Traces.$ (file:///Volumes/X%20SSD%202025/Users/narrowchannel/Desktop/indiiOS-Clean/node_modules/vitest/dist/chunks/traces.CCmnQaNT.js:142:27)
    at trace (file:///Volumes/X%20SSD%202025/Users/narrowchannel/Desktop/indiiOS-Clean/node_modules/vitest/dist/chunks/test.B8ej_ZHS.js:239:21)
    at runTest (file:///Volumes/X%20SSD%202025/Users/narrowchannel/Desktop/indiiOS-Clean/node_modules/@vitest/runner/dist/index.js:1653:12)

stderr | packages/renderer/src/services/security/BiometricService.test.ts > BiometricService > register > returns false when credential creation fails
[BiometricService] Registration failed: Error: User cancelled
    at /Volumes/X SSD 2025/Users/narrowchannel/Desktop/indiiOS-Clean/packages/renderer/src/services/security/BiometricService.test.ts:128:55
    at file:///Volumes/X%20SSD%202025/Users/narrowchannel/Desktop/indiiOS-Clean/node_modules/@vitest/runner/dist/index.js:145:11
    at file:///Volumes/X%20SSD%202025/Users/narrowchannel/Desktop/indiiOS-Clean/node_modules/@vitest/runner/dist/index.js:915:26
    at file:///Volumes/X%20SSD%202025/Users/narrowchannel/Desktop/indiiOS-Clean/node_modules/@vitest/runner/dist/index.js:1243:20
    at new Promise (<anonymous>)
    at runWithTimeout (file:///Volumes/X%20SSD%202025/Users/narrowchannel/Desktop/indiiOS-Clean/node_modules/@vitest/runner/dist/index.js:1209:10)
    at file:///Volumes/X%20SSD%202025/Users/narrowchannel/Desktop/indiiOS-Clean/node_modules/@vitest/runner/dist/index.js:1653:37
    at Traces.$ (file:///Volumes/X%20SSD%202025/Users/narrowchannel/Desktop/indiiOS-Clean/node_modules/vitest/dist/chunks/traces.CCmnQaNT.js:142:27)
    at trace (file:///Volumes/X%20SSD%202025/Users/narrowchannel/Desktop/indiiOS-Clean/node_modules/vitest/dist/chunks/test.B8ej_ZHS.js:239:21)
    at runTest (file:///Volumes/X%20SSD%202025/Users/narrowchannel/Desktop/indiiOS-Clean/node_modules/@vitest/runner/dist/index.js:1653:12)

stderr | packages/renderer/src/services/security/BiometricService.test.ts > BiometricService > verify > returns false when user cancels or verification fails
[BiometricService] Verification failed or cancelled: Error: User cancelled biometric verification
    at /Volumes/X SSD 2025/Users/narrowchannel/Desktop/indiiOS-Clean/packages/renderer/src/services/security/BiometricService.test.ts:191:52
    at file:///Volumes/X%20SSD%202025/Users/narrowchannel/Desktop/indiiOS-Clean/node_modules/@vitest/runner/dist/index.js:145:11
    at file:///Volumes/X%20SSD%202025/Users/narrowchannel/Desktop/indiiOS-Clean/node_modules/@vitest/runner/dist/index.js:915:26
    at file:///Volumes/X%20SSD%202025/Users/narrowchannel/Desktop/indiiOS-Clean/node_modules/@vitest/runner/dist/index.js:1243:20
    at new Promise (<anonymous>)
    at runWithTimeout (file:///Volumes/X%20SSD%202025/Users/narrowchannel/Desktop/indiiOS-Clean/node_modules/@vitest/runner/dist/index.js:1209:10)
    at file:///Volumes/X%20SSD%202025/Users/narrowchannel/Desktop/indiiOS-Clean/node_modules/@vitest/runner/dist/index.js:1653:37
    at Traces.$ (file:///Volumes/X%20SSD%202025/Users/narrowchannel/Desktop/indiiOS-Clean/node_modules/vitest/dist/chunks/traces.CCmnQaNT.js:142:27)
    at trace (file:///Volumes/X%20SSD%202025/Users/narrowchannel/Desktop/indiiOS-Clean/node_modules/vitest/dist/chunks/test.B8ej_ZHS.js:239:21)
    at runTest (file:///Volumes/X%20SSD%202025/Users/narrowchannel/Desktop/indiiOS-Clean/node_modules/@vitest/runner/dist/index.js:1653:12)

 ✓ packages/renderer/src/services/security/BiometricService.test.ts (10 tests) 13ms
 ✓ packages/renderer/src/services/agent/tools/__tests__/VideoTools.whisk.test.ts (4 tests) 9ms
(node:35928) Warning: `--localstorage-file` was provided without a valid path
(Use `node --trace-warnings ...` to show where the warning was created)
 ✓ packages/renderer/src/services/agent/tools/__tests__/MapsTools.test.ts (3 tests) 10ms
(node:35933) Warning: `--localstorage-file` was provided without a valid path
(Use `node --trace-warnings ...` to show where the warning was created)
 ✓ packages/renderer/src/services/agent/observability/__tests__/TraceService.test.ts (3 tests) 12ms
(node:35946) Warning: `--localstorage-file` was provided without a valid path
(Use `node --trace-warnings ...` to show where the warning was created)
(node:35940) Warning: `--localstorage-file` was provided without a valid path
(Use `node --trace-warnings ...` to show where the warning was created)
(node:35948) Warning: `--localstorage-file` was provided without a valid path
(Use `node --trace-warnings ...` to show where the warning was created)
(node:35947) Warning: `--localstorage-file` was provided without a valid path
(Use `node --trace-warnings ...` to show where the warning was created)
 ✓ packages/renderer/src/config/env.test.ts (1 test) 30ms
(node:35949) Warning: `--localstorage-file` was provided without a valid path
(Use `node --trace-warnings ...` to show where the warning was created)
stdout | packages/main/src/handlers/audio_security.test.ts
13:28:16.082 › [AudioHandler] FFmpeg path set to: /Volumes/X SSD 2025/Users/narrowchannel/Desktop/indiiOS-Clean/node_modules/ffmpeg-static/ffmpeg
13:28:16.083 › [AudioHandler] FFprobe path set to: /Volumes/X SSD 2025/Users/narrowchannel/Desktop/indiiOS-Clean/node_modules/ffprobe-static/bin/darwin/arm64/ffprobe

 ✓ packages/renderer/src/services/agent/evolution/GeminiEvolution.test.ts (3 tests) 7ms
stdout | packages/main/src/handlers/audio_security.test.ts > 🛡️ Shield: Audio Analysis Security > should BLOCK Path Traversal attempting to analyze system files
13:28:16.088 › Audio analysis requested for: ../../etc/passwd.mp3

stderr | packages/main/src/handlers/audio_security.test.ts > 🛡️ Shield: Audio Analysis Security > should BLOCK Path Traversal attempting to analyze system files
13:28:16.088 › Audio analysis failed: ZodError: [
  {
    "code": "custom",
    "message": "Invalid audio file path (Traversal detected or unsupported extension)",
    "path": []
  }
]
    at Object.get error [as error] (file:///Volumes/X%20SSD%202025/Users/narrowchannel/Desktop/indiiOS-Clean/node_modules/zod/v3/types.js:39:31)
    at ZodEffects.parse (file:///Volumes/X%20SSD%202025/Users/narrowchannel/Desktop/indiiOS-Clean/node_modules/zod/v3/types.js:114:22)
    at /Volumes/X SSD 2025/Users/narrowchannel/Desktop/indiiOS-Clean/packages/main/src/handlers/audio.ts:58:48
    at invokeHandler (/Volumes/X SSD 2025/Users/narrowchannel/Desktop/indiiOS-Clean/packages/main/src/handlers/audio_security.test.ts:106:16)
    at /Volumes/X SSD 2025/Users/narrowchannel/Desktop/indiiOS-Clean/packages/main/src/handlers/audio_security.test.ts:114:30
    at file:///Volumes/X%20SSD%202025/Users/narrowchannel/Desktop/indiiOS-Clean/node_modules/@vitest/runner/dist/index.js:145:11
    at file:///Volumes/X%20SSD%202025/Users/narrowchannel/Desktop/indiiOS-Clean/node_modules/@vitest/runner/dist/index.js:915:26
    at file:///Volumes/X%20SSD%202025/Users/narrowchannel/Desktop/indiiOS-Clean/node_modules/@vitest/runner/dist/index.js:1243:20
    at new Promise (<anonymous>)
    at runWithTimeout (file:///Volumes/X%20SSD%202025/Users/narrowchannel/Desktop/indiiOS-Clean/node_modules/@vitest/runner/dist/index.js:1209:10)

stdout | packages/main/src/handlers/audio_security.test.ts > 🛡️ Shield: Audio Analysis Security > should BLOCK Path Traversal with encoded characters (Basic)
13:28:16.092 › Audio analysis requested for: /tmp/../etc/shadow.wav

stderr | packages/main/src/handlers/audio_security.test.ts > 🛡️ Shield: Audio Analysis Security > should BLOCK Path Traversal with encoded characters (Basic)
13:28:16.092 › Audio analysis failed: ZodError: [
  {
    "code": "custom",
    "message": "Invalid audio file path (Traversal detected or unsupported extension)",
    "path": []
  }
]
    at Object.get error [as error] (file:///Volumes/X%20SSD%202025/Users/narrowchannel/Desktop/indiiOS-Clean/node_modules/zod/v3/types.js:39:31)
    at ZodEffects.parse (file:///Volumes/X%20SSD%202025/Users/narrowchannel/Desktop/indiiOS-Clean/node_modules/zod/v3/types.js:114:22)
    at /Volumes/X SSD 2025/Users/narrowchannel/Desktop/indiiOS-Clean/packages/main/src/handlers/audio.ts:58:48
    at invokeHandler (/Volumes/X SSD 2025/Users/narrowchannel/Desktop/indiiOS-Clean/packages/main/src/handlers/audio_security.test.ts:106:16)
    at /Volumes/X SSD 2025/Users/narrowchannel/Desktop/indiiOS-Clean/packages/main/src/handlers/audio_security.test.ts:126:30
    at file:///Volumes/X%20SSD%202025/Users/narrowchannel/Desktop/indiiOS-Clean/node_modules/@vitest/runner/dist/index.js:145:11
    at file:///Volumes/X%20SSD%202025/Users/narrowchannel/Desktop/indiiOS-Clean/node_modules/@vitest/runner/dist/index.js:915:26
    at file:///Volumes/X%20SSD%202025/Users/narrowchannel/Desktop/indiiOS-Clean/node_modules/@vitest/runner/dist/index.js:1243:20
    at new Promise (<anonymous>)
    at runWithTimeout (file:///Volumes/X%20SSD%202025/Users/narrowchannel/Desktop/indiiOS-Clean/node_modules/@vitest/runner/dist/index.js:1209:10)

stdout | packages/main/src/handlers/audio_security.test.ts > 🛡️ Shield: Audio Analysis Security > should BLOCK unsupported file types (e.g. executables)
13:28:16.093 › Audio analysis requested for: /tmp/malware.exe

stderr | packages/main/src/handlers/audio_security.test.ts > 🛡️ Shield: Audio Analysis Security > should BLOCK unsupported file types (e.g. executables)
13:28:16.093 › Audio analysis failed: ZodError: [
  {
    "code": "custom",
    "message": "Invalid audio file path (Traversal detected or unsupported extension)",
    "path": []
  }
]
    at Object.get error [as error] (file:///Volumes/X%20SSD%202025/Users/narrowchannel/Desktop/indiiOS-Clean/node_modules/zod/v3/types.js:39:31)
    at ZodEffects.parse (file:///Volumes/X%20SSD%202025/Users/narrowchannel/Desktop/indiiOS-Clean/node_modules/zod/v3/types.js:114:22)
    at /Volumes/X SSD 2025/Users/narrowchannel/Desktop/indiiOS-Clean/packages/main/src/handlers/audio.ts:58:48
    at invokeHandler (/Volumes/X SSD 2025/Users/narrowchannel/Desktop/indiiOS-Clean/packages/main/src/handlers/audio_security.test.ts:106:16)
    at /Volumes/X SSD 2025/Users/narrowchannel/Desktop/indiiOS-Clean/packages/main/src/handlers/audio_security.test.ts:137:30
    at file:///Volumes/X%20SSD%202025/Users/narrowchannel/Desktop/indiiOS-Clean/node_modules/@vitest/runner/dist/index.js:145:11
    at file:///Volumes/X%20SSD%202025/Users/narrowchannel/Desktop/indiiOS-Clean/node_modules/@vitest/runner/dist/index.js:915:26
    at file:///Volumes/X%20SSD%202025/Users/narrowchannel/Desktop/indiiOS-Clean/node_modules/@vitest/runner/dist/index.js:1243:20
    at new Promise (<anonymous>)
    at runWithTimeout (file:///Volumes/X%20SSD%202025/Users/narrowchannel/Desktop/indiiOS-Clean/node_modules/@vitest/runner/dist/index.js:1209:10)

stdout | packages/main/src/handlers/audio_security.test.ts > 🛡️ Shield: Audio Analysis Security > should ALLOW valid audio files in safe paths
13:28:16.093 › Audio analysis requested for: /Users/jules/Music/song.mp3

stdout | packages/main/src/handlers/audio_security.test.ts > 🛡️ Shield: Audio Analysis Security > should ALLOW valid audio files in safe paths
13:28:16.093 › Analysis Complete. Hash: mock-has...

stdout | packages/main/src/handlers/audio_security.test.ts > 🛡️ Shield: Audio Analysis Security > should BLOCK execution from untrusted IPC sender (e.g. Web)
13:28:16.094 › Audio analysis requested for: /tmp/song.mp3

stderr | packages/main/src/handlers/audio_security.test.ts > 🛡️ Shield: Audio Analysis Security > should BLOCK execution from untrusted IPC sender (e.g. Web)
13:28:16.094 › Audio analysis failed: Error: Security: Unauthorized sender URL: https://evil.com/exploit.html
    at validateSender (/Volumes/X SSD 2025/Users/narrowchannel/Desktop/indiiOS-Clean/packages/main/src/utils/ipc-security.ts:62:11)
    at /Volumes/X SSD 2025/Users/narrowchannel/Desktop/indiiOS-Clean/packages/main/src/handlers/audio.ts:56:13
    at /Volumes/X SSD 2025/Users/narrowchannel/Desktop/indiiOS-Clean/packages/main/src/handlers/audio_security.test.ts:184:22
    at file:///Volumes/X%20SSD%202025/Users/narrowchannel/Desktop/indiiOS-Clean/node_modules/@vitest/runner/dist/index.js:145:11
    at file:///Volumes/X%20SSD%202025/Users/narrowchannel/Desktop/indiiOS-Clean/node_modules/@vitest/runner/dist/index.js:915:26
    at file:///Volumes/X%20SSD%202025/Users/narrowchannel/Desktop/indiiOS-Clean/node_modules/@vitest/runner/dist/index.js:1243:20
    at new Promise (<anonymous>)
    at runWithTimeout (file:///Volumes/X%20SSD%202025/Users/narrowchannel/Desktop/indiiOS-Clean/node_modules/@vitest/runner/dist/index.js:1209:10)
    at file:///Volumes/X%20SSD%202025/Users/narrowchannel/Desktop/indiiOS-Clean/node_modules/@vitest/runner/dist/index.js:1653:37
    at Traces.$ (file:///Volumes/X%20SSD%202025/Users/narrowchannel/Desktop/indiiOS-Clean/node_modules/vitest/dist/chunks/traces.CCmnQaNT.js:142:27)

 ✓ packages/main/src/handlers/audio_security.test.ts (5 tests) 8ms
(node:35945) Warning: `--localstorage-file` was provided without a valid path
(Use `node --trace-warnings ...` to show where the warning was created)
 ✓ packages/renderer/src/services/agent/evolution/HelixGeminiVerification.test.ts (2 tests) 8ms
 ✓ packages/renderer/src/services/storage/StorageMigrationService.test.ts (2 tests) 8ms
 ✓ packages/renderer/src/services/MembershipService.test.ts (25 tests) 11ms
(node:35953) Warning: `--localstorage-file` was provided without a valid path
(Use `node --trace-warnings ...` to show where the warning was created)
 ✓ packages/renderer/src/services/subscription/schemas.test.ts (4 tests) 9ms
(node:35958) Warning: `--localstorage-file` was provided without a valid path
(Use `node --trace-warnings ...` to show where the warning was created)
 ✓ packages/main/src/utils/network-security.test.ts (27 tests) 8ms
(node:35963) Warning: `--localstorage-file` was provided without a valid path
(Use `node --trace-warnings ...` to show where the warning was created)
stdout | packages/renderer/src/core/store/slices/__tests__/agentCanvasSlice.test.ts > agentCanvasSlice > pushCanvas > should push a panel and open the canvas
[AgentCanvasSlice] Canvas push: "Test Panel" (markdown) from conductor

stdout | packages/renderer/src/core/store/slices/__tests__/agentCanvasSlice.test.ts > agentCanvasSlice > pushCanvas > should accumulate multiple panels
[AgentCanvasSlice] Canvas push: "Test Panel" (markdown) from conductor
[AgentCanvasSlice] Canvas push: "Test Panel" (markdown) from conductor
[AgentCanvasSlice] Canvas push: "Test Panel" (markdown) from conductor

stdout | packages/renderer/src/core/store/slices/__tests__/agentCanvasSlice.test.ts > agentCanvasSlice > clearCanvas > should remove all panels and close canvas
[AgentCanvasSlice] Canvas push: "Test Panel" (markdown) from conductor
[AgentCanvasSlice] Canvas push: "Test Panel" (markdown) from conductor
[AgentCanvasSlice] Clearing all canvas panels

stdout | packages/renderer/src/core/store/slices/__tests__/agentCanvasSlice.test.ts > agentCanvasSlice > removePanel > should remove a specific panel by ID
[AgentCanvasSlice] Canvas push: "Test Panel" (markdown) from conductor
[AgentCanvasSlice] Canvas push: "Test Panel" (markdown) from conductor

stdout | packages/renderer/src/core/store/slices/__tests__/agentCanvasSlice.test.ts > agentCanvasSlice > removePanel > should close canvas when last panel is removed
[AgentCanvasSlice] Canvas push: "Test Panel" (markdown) from conductor

 ✓ packages/renderer/src/core/store/slices/__tests__/agentCanvasSlice.test.ts (7 tests) 4ms
(node:35968) Warning: `--localstorage-file` was provided without a valid path
(Use `node --trace-warnings ...` to show where the warning was created)
(node:35969) Warning: `--localstorage-file` was provided without a valid path
(Use `node --trace-warnings ...` to show where the warning was created)
(node:35971) Warning: `--localstorage-file` was provided without a valid path
(Use `node --trace-warnings ...` to show where the warning was created)
(node:35973) Warning: `--localstorage-file` was provided without a valid path
(Use `node --trace-warnings ...` to show where the warning was created)
(node:35970) Warning: `--localstorage-file` was provided without a valid path
(Use `node --trace-warnings ...` to show where the warning was created)
 ✓ packages/renderer/src/services/touring/schemas.test.ts (3 tests) 18ms
 ✓ packages/renderer/src/services/creative/__tests__/PromptImproverService.test.ts (10 tests) 28ms
(node:35972) Warning: `--localstorage-file` was provided without a valid path
(Use `node --trace-warnings ...` to show where the warning was created)
 ✓ packages/renderer/src/services/CostCircuitBreaker.test.ts (3 tests) 8ms
 ✓ packages/renderer/src/services/distribution/DeliveryServiceIntegration.test.ts (2 tests) 6ms
(node:35975) Warning: `--localstorage-file` was provided without a valid path
(Use `node --trace-warnings ...` to show where the warning was created)
stdout | packages/renderer/src/services/agent/tools/__tests__/CodeExecutionTools.test.ts > CodeExecutionTools > execute_code > should execute Python code successfully
[CodeExecutionTools] Script executed successfully in 42ms

stderr | packages/renderer/src/services/agent/tools/__tests__/CodeExecutionTools.test.ts > CodeExecutionTools > execute_code > should handle sidecar unavailable
[CodeExecutionTools] execute_code error: Error: Connection refused
    at /Volumes/X SSD 2025/Users/narrowchannel/Desktop/indiiOS-Clean/packages/renderer/src/services/agent/tools/__tests__/CodeExecutionTools.test.ts:85:45
    at file:///Volumes/X%20SSD%202025/Users/narrowchannel/Desktop/indiiOS-Clean/node_modules/@vitest/runner/dist/index.js:145:11
    at file:///Volumes/X%20SSD%202025/Users/narrowchannel/Desktop/indiiOS-Clean/node_modules/@vitest/runner/dist/index.js:915:26
    at file:///Volumes/X%20SSD%202025/Users/narrowchannel/Desktop/indiiOS-Clean/node_modules/@vitest/runner/dist/index.js:1243:20
    at new Promise (<anonymous>)
    at runWithTimeout (file:///Volumes/X%20SSD%202025/Users/narrowchannel/Desktop/indiiOS-Clean/node_modules/@vitest/runner/dist/index.js:1209:10)
    at file:///Volumes/X%20SSD%202025/Users/narrowchannel/Desktop/indiiOS-Clean/node_modules/@vitest/runner/dist/index.js:1653:37
    at Traces.$ (file:///Volumes/X%20SSD%202025/Users/narrowchannel/Desktop/indiiOS-Clean/node_modules/vitest/dist/chunks/traces.CCmnQaNT.js:142:27)
    at trace (file:///Volumes/X%20SSD%202025/Users/narrowchannel/Desktop/indiiOS-Clean/node_modules/vitest/dist/chunks/test.B8ej_ZHS.js:239:21)
    at runTest (file:///Volumes/X%20SSD%202025/Users/narrowchannel/Desktop/indiiOS-Clean/node_modules/@vitest/runner/dist/index.js:1653:12)

stderr | packages/renderer/src/services/distribution/DistributionService.integration.test.ts > DistributionService Integration > should handle tax calculation errors gracefully
[Distribution] Tax calculation failed: Invalid User ID
[Distribution] Unexpected tax engine error: Error: Invalid User ID
    at DistributionService.calculateWithholding (/Volumes/X SSD 2025/Users/narrowchannel/Desktop/indiiOS-Clean/packages/renderer/src/services/distribution/DistributionService.ts:199:23)
    at processTicksAndRejections (node:internal/process/task_queues:104:5)

 ✓ packages/renderer/src/services/distribution/DistributionService.integration.test.ts (7 tests) 34ms
stderr | packages/renderer/src/services/agent/tools/__tests__/CodeExecutionTools.test.ts > CodeExecutionTools > execute_code > should reject code longer than 50KB
[CodeExecutionTools] execute_code error: TypeError: Cannot read properties of undefined (reading 'ok')
    at /Volumes/X SSD 2025/Users/narrowchannel/Desktop/indiiOS-Clean/packages/renderer/src/services/agent/tools/CodeExecutionTools.ts:77:27
    at processTicksAndRejections (node:internal/process/task_queues:104:5)
    at Object.execute_code (/Volumes/X SSD 2025/Users/narrowchannel/Desktop/indiiOS-Clean/packages/renderer/src/services/agent/utils/ToolUtils.ts:48:28)
    at /Volumes/X SSD 2025/Users/narrowchannel/Desktop/indiiOS-Clean/packages/renderer/src/services/agent/tools/__tests__/CodeExecutionTools.test.ts:117:28
    at file:///Volumes/X%20SSD%202025/Users/narrowchannel/Desktop/indiiOS-Clean/node_modules/@vitest/runner/dist/index.js:915:20

 ✓ packages/renderer/src/services/agent/tools/__tests__/CodeExecutionTools.test.ts (6 tests) 76ms
 ✓ packages/renderer/src/services/agent/evolution/HelixSafetyFilter.test.ts (1 test) 3ms
(node:35979) Warning: `--localstorage-file` was provided without a valid path
(Use `node --trace-warnings ...` to show where the warning was created)
 ✓ packages/renderer/src/services/video/__tests__/SceneExtensionService.test.ts (1 test) 6ms
(node:35987) Warning: `--localstorage-file` was provided without a valid path
(Use `node --trace-warnings ...` to show where the warning was created)
 ✓ packages/main/src/utils/file-security.test.ts (9 tests) 12ms
(node:35997) Warning: `--localstorage-file` was provided without a valid path
(Use `node --trace-warnings ...` to show where the warning was created)
(node:35993) Warning: `--localstorage-file` was provided without a valid path
(Use `node --trace-warnings ...` to show where the warning was created)
 ✓ packages/renderer/src/modules/marketing/schemas.test.ts (5 tests) 20ms
(node:35998) Warning: `--localstorage-file` was provided without a valid path
(Use `node --trace-warnings ...` to show where the warning was created)
(node:35995) Warning: `--localstorage-file` was provided without a valid path
(Use `node --trace-warnings ...` to show where the warning was created)
(node:36000) Warning: `--localstorage-file` was provided without a valid path
(Use `node --trace-warnings ...` to show where the warning was created)
 ✓ packages/renderer/src/services/agent/evolution/HelixValidation.test.ts (1 test) 23ms
 ✓ packages/renderer/src/services/agent/SessionService.test.ts (4 tests) 4ms
 ✓ packages/renderer/src/services/agent/evolution/HelixReferenceIntegrity.test.ts (2 tests) 9ms
 ✓ packages/main/src/test/security/ssrf-exploit.test.ts (12 tests) 4ms
(node:35999) Warning: `--localstorage-file` was provided without a valid path
(Use `node --trace-warnings ...` to show where the warning was created)
 ✓ packages/renderer/src/services/agent/evolution/HelixGeminiMutation.test.ts (2 tests) 11ms
(node:36003) Warning: `--localstorage-file` was provided without a valid path
(Use `node --trace-warnings ...` to show where the warning was created)
 ✓ packages/renderer/src/modules/finance/schemas.test.ts (5 tests) 5ms
(node:36006) Warning: `--localstorage-file` was provided without a valid path
(Use `node --trace-warnings ...` to show where the warning was created)
 ✓ packages/renderer/src/services/agent/evolution/HelixEmptySoul.test.ts (1 test) 6ms
(node:36010) Warning: `--localstorage-file` was provided without a valid path
(Use `node --trace-warnings ...` to show where the warning was created)
 ✓ packages/renderer/src/modules/publicist/schema.test.ts (5 tests) 3ms
(node:36016) Warning: `--localstorage-file` was provided without a valid path
(Use `node --trace-warnings ...` to show where the warning was created)
(node:36019) Warning: `--localstorage-file` was provided without a valid path
(Use `node --trace-warnings ...` to show where the warning was created)
(node:36017) Warning: `--localstorage-file` was provided without a valid path
(Use `node --trace-warnings ...` to show where the warning was created)
(node:36025) Warning: `--localstorage-file` was provided without a valid path
(Use `node --trace-warnings ...` to show where the warning was created)
 ✓ packages/renderer/src/services/ddex/ERNMapper.test.ts (17 tests) 31ms
stdout | packages/renderer/src/services/MembershipService.ledger.test.ts > MembershipService (Ledger Budget Checks) > 💸 "The Hard Limit": Halts a runaway loop exactly when budget is breached

💸 [Ledger] Starting "Hard Limit" Budget Simulation...
💸 [Ledger] Cost: $0.1 | Budget: $1

 ✓ packages/renderer/src/services/ai/billing/TokenUsageService.test.ts (5 tests) 23ms
stdout | packages/renderer/src/services/MembershipService.ledger.test.ts > MembershipService (Ledger Budget Checks) > 💸 "The Hard Limit": Halts a runaway loop exactly when budget is breached
   🛑 Action 11: BLOCKED. Budget Exhausted.
💸 [Ledger] Simulation Complete. Successes: 10

(node:36020) Warning: `--localstorage-file` was provided without a valid path
(Use `node --trace-warnings ...` to show where the warning was created)
 ✓ packages/renderer/src/services/MembershipService.ledger.test.ts (2 tests) 26ms
(node:36023) Warning: `--localstorage-file` was provided without a valid path
(Use `node --trace-warnings ...` to show where the warning was created)
stderr | packages/main/src/utils/ipc-security.test.ts > Sentinel: IPC Validation Security > validateSender (IPC Hijack Protection) > should REJECT file:// URLs outside app bundle (Vulnerability Fix)
13:28:24.041 › Security: Blocked unauthorized file URL: file:///tmp/malicious.html

 ✓ packages/renderer/src/core/store/slices/fileSystemSlice.test.ts (1 test) 5ms
 ✓ packages/main/src/utils/ipc-security.test.ts (9 tests) 14ms
(node:36021) Warning: `--localstorage-file` was provided without a valid path
(Use `node --trace-warnings ...` to show where the warning was created)
 ✓ packages/renderer/src/core/store/slices/creativeSlice.test.ts (3 tests) 8ms
(node:36029) Warning: `--localstorage-file` was provided without a valid path
(Use `node --trace-warnings ...` to show where the warning was created)
 ✓ packages/renderer/src/core/store/slices/agentSlice.agents.test.ts (3 tests) 8ms
stdout | packages/renderer/src/services/agent/AgentDefinitions.test.ts
[FreezeDiagnostic] Freezing Agent "marketing" tools schema...
[FreezeDiagnostic] Agent "marketing" tools schema is now IMMUTABLE.

stdout | packages/renderer/src/services/agent/AgentDefinitions.test.ts
[FreezeDiagnostic] Freezing Agent "brand" tools schema...
[FreezeDiagnostic] Agent "brand" tools schema is now IMMUTABLE.

 ✓ packages/renderer/src/services/agent/AgentDefinitions.test.ts (6 tests) 3ms
(node:36050) Warning: `--localstorage-file` was provided without a valid path
(Use `node --trace-warnings ...` to show where the warning was created)
(node:36035) Warning: `--localstorage-file` was provided without a valid path
(Use `node --trace-warnings ...` to show where the warning was created)
 ✓ packages/renderer/src/services/video/LensVeoCompliance.test.ts (6 tests) 32ms
stderr | packages/renderer/src/services/agent/tools/__tests__/StorageTools.test.ts > StorageTools > search_files > should handle service errors gracefully
[Tool:search_files] execution failed: Error: Database error
    at /Volumes/X SSD 2025/Users/narrowchannel/Desktop/indiiOS-Clean/packages/renderer/src/services/agent/tools/__tests__/StorageTools.test.ts:105:69
    at file:///Volumes/X%20SSD%202025/Users/narrowchannel/Desktop/indiiOS-Clean/node_modules/@vitest/runner/dist/index.js:145:11
    at file:///Volumes/X%20SSD%202025/Users/narrowchannel/Desktop/indiiOS-Clean/node_modules/@vitest/runner/dist/index.js:915:26
    at file:///Volumes/X%20SSD%202025/Users/narrowchannel/Desktop/indiiOS-Clean/node_modules/@vitest/runner/dist/index.js:1243:20
    at new Promise (<anonymous>)
    at runWithTimeout (file:///Volumes/X%20SSD%202025/Users/narrowchannel/Desktop/indiiOS-Clean/node_modules/@vitest/runner/dist/index.js:1209:10)
    at file:///Volumes/X%20SSD%202025/Users/narrowchannel/Desktop/indiiOS-Clean/node_modules/@vitest/runner/dist/index.js:1653:37
    at Traces.$ (file:///Volumes/X%20SSD%202025/Users/narrowchannel/Desktop/indiiOS-Clean/node_modules/vitest/dist/chunks/traces.CCmnQaNT.js:142:27)
    at trace (file:///Volumes/X%20SSD%202025/Users/narrowchannel/Desktop/indiiOS-Clean/node_modules/vitest/dist/chunks/test.B8ej_ZHS.js:239:21)
    at runTest (file:///Volumes/X%20SSD%202025/Users/narrowchannel/Desktop/indiiOS-Clean/node_modules/@vitest/runner/dist/index.js:1653:12)

 ✓ packages/renderer/src/services/agent/tools/__tests__/StorageTools.test.ts (9 tests) 61ms
(node:36056) Warning: `--localstorage-file` was provided without a valid path
(Use `node --trace-warnings ...` to show where the warning was created)
(node:36047) Warning: `--localstorage-file` was provided without a valid path
(Use `node --trace-warnings ...` to show where the warning was created)
(node:36048) Warning: `--localstorage-file` was provided without a valid path
(Use `node --trace-warnings ...` to show where the warning was created)
(node:36052) Warning: `--localstorage-file` was provided without a valid path
(Use `node --trace-warnings ...` to show where the warning was created)
(node:36049) Warning: `--localstorage-file` was provided without a valid path
(Use `node --trace-warnings ...` to show where the warning was created)
(node:36046) Warning: `--localstorage-file` was provided without a valid path
(Use `node --trace-warnings ...` to show where the warning was created)
(node:36055) Warning: `--localstorage-file` was provided without a valid path
(Use `node --trace-warnings ...` to show where the warning was created)
 ✓ packages/renderer/src/services/agent/evolution/HelixBrainless.test.ts (1 test) 7ms
 ✓ packages/renderer/src/services/agent/evolution/HelixGeneLoss.test.ts (2 tests) 8ms
 ✓ packages/renderer/src/services/agent/tools/__tests__/BrandTools.test.ts (4 tests) 11ms
 ✓ packages/renderer/src/modules/video/TheDirector.test.tsx (2 tests) 3ms
stdout | packages/renderer/src/services/ai/__tests__/QA_Voice.test.ts > Voice Interface QA > should sanitize special characters
[FirebaseAIService] App Check Debug: { DEV: undefined, debugToken: undefined, key: undefined }
[FirebaseAIService] Fallback Mode Initialization: {
  foundKey: true,
  source: 'env.VITE_API_KEY',
  keyPrefix: 'mock-key...'
}
[FirebaseAIService] Initialized with direct Gemini SDK (fallback mode)

stderr | packages/renderer/src/services/ai/__tests__/QA_Voice.test.ts > Voice Interface QA > should sanitize special characters
[FirebaseAIService] App Check not configured, using direct Gemini SDK fallback

stdout | packages/renderer/src/services/ai/__tests__/QA_Voice.test.ts > Voice Interface QA > should throw error on API failure
[FirebaseAIService] App Check Debug: { DEV: undefined, debugToken: undefined, key: undefined }
[FirebaseAIService] Fallback Mode Initialization: {
  foundKey: true,
  source: 'env.VITE_API_KEY',
  keyPrefix: 'mock-key...'
}
[FirebaseAIService] Initialized with direct Gemini SDK (fallback mode)

stderr | packages/renderer/src/services/ai/__tests__/QA_Voice.test.ts > Voice Interface QA > should throw error on API failure
[FirebaseAIService] App Check not configured, using direct Gemini SDK fallback

stderr | packages/renderer/src/services/ai/__tests__/QA_Voice.test.ts > Voice Interface QA > should throw error on API failure
[CircuitBreaker] Non-recoverable error bypassing breaker (AppException(INTERNAL_ERROR, retryable=false)): AI Service Failure: API Down

 ✓ packages/renderer/src/services/ai/__tests__/QA_Voice.test.ts (3 tests) 10ms
 ✓ packages/renderer/src/services/finance/FinanceService.integration.test.ts (4 tests) 135ms
objc[36055]: Class GNotificationCenterDelegate is implemented in both /Volumes/X SSD 2025/Users/narrowchannel/Desktop/indiiOS-Clean/node_modules/canvas/build/Release/libgio-2.0.0.dylib (0x106ed04b8) and /Volumes/X SSD 2025/Users/narrowchannel/Desktop/indiiOS-Clean/node_modules/@img/sharp-libvips-darwin-arm64/lib/libvips-cpp.8.17.3.dylib (0x130ddd978). This may cause spurious casting failures and mysterious crashes. One of the duplicates must be removed or renamed.
(node:36061) Warning: `--localstorage-file` was provided without a valid path
(Use `node --trace-warnings ...` to show where the warning was created)
 ✓ packages/renderer/src/services/agent/evolution/HelixGeminiRealMutation.test.ts (1 test) 9ms
(node:36062) Warning: `--localstorage-file` was provided without a valid path
(Use `node --trace-warnings ...` to show where the warning was created)
 ✓ packages/renderer/src/services/revenue/schema.test.ts (3 tests) 7ms
(node:36074) Warning: `--localstorage-file` was provided without a valid path
(Use `node --trace-warnings ...` to show where the warning was created)
(node:36075) Warning: `--localstorage-file` was provided without a valid path
(Use `node --trace-warnings ...` to show where the warning was created)
(node:36077) Warning: `--localstorage-file` was provided without a valid path
(Use `node --trace-warnings ...` to show where the warning was created)
(node:36078) Warning: `--localstorage-file` was provided without a valid path
(Use `node --trace-warnings ...` to show where the warning was created)
 ✓ packages/renderer/src/utils/security.test.ts (9 tests) 18ms
(node:36071) Warning: `--localstorage-file` was provided without a valid path
(Use `node --trace-warnings ...` to show where the warning was created)
stderr | packages/renderer/src/services/ai/context/Keeper_SmartContext.test.ts > 📚 Keeper: Smart Context Window > should preserve system instructions (priority #1)
[ContextManager] Context over limit (14/10) after 0 drops. Recent messages are too large.

 ✓ packages/renderer/src/services/ai/context/Keeper_SmartContext.test.ts (3 tests) 8ms
stdout | packages/renderer/src/services/distribution/adapters/DistributionAdapters.test.ts > Distribution Adapters > SymphonicAdapter > should return delivery unavailable when SFTP is not configured
[SymphonicAdapter] Attempting real connection...
[SymphonicAdapter] Connected successfully.

stderr | packages/renderer/src/services/distribution/adapters/DistributionAdapters.test.ts > Distribution Adapters > SymphonicAdapter > should return delivery unavailable when SFTP is not configured
[Symphonic] SFTP credentials required. Configure them in Settings > Integrations.

stdout | packages/renderer/src/services/distribution/adapters/DistributionAdapters.test.ts > Distribution Adapters > SymphonicAdapter > should return delivery unavailable when SFTP is not configured
[Symphonic] Initiating release delivery: Unit Test Track

stdout | packages/renderer/src/services/distribution/adapters/DistributionAdapters.test.ts > Distribution Adapters > DistroKidAdapter > should return connection error when SFTP is not configured
[DistroKidAdapter] Attempting real connection...
[DistroKidAdapter] Connected successfully.

stderr | packages/renderer/src/services/distribution/adapters/DistributionAdapters.test.ts > Distribution Adapters > DistroKidAdapter > should return connection error when SFTP is not configured
[DistroKid] SFTP unavailable or credentials missing.

stdout | packages/renderer/src/services/distribution/adapters/DistributionAdapters.test.ts > Distribution Adapters > TuneCoreAdapter (REST API) > should simulate API delivery success
[TuneCoreAdapter] Attempting real connection...
[TuneCoreAdapter] Connected successfully.

stderr | packages/renderer/src/services/distribution/adapters/DistributionAdapters.test.ts > Distribution Adapters > TuneCoreAdapter (REST API) > should simulate API delivery success
[TuneCore] HTTP API delivery failed, returning ERN-ready status: Error: Network unavailable in tests
    at /Volumes/X SSD 2025/Users/narrowchannel/Desktop/indiiOS-Clean/packages/renderer/src/services/distribution/adapters/DistributionAdapters.test.ts:67:50
    at processTicksAndRejections (node:internal/process/task_queues:104:5)
    at VitestModuleEvaluator._runInlinedModule (file:///Volumes/X%20SSD%202025/Users/narrowchannel/Desktop/indiiOS-Clean/node_modules/vitest/dist/module-evaluator.js:196:4)
    at VitestModuleRunner.directRequest (file:///Volumes/X%20SSD%202025/Users/narrowchannel/Desktop/indiiOS-Clean/node_modules/vite/dist/node/module-runner.js:1284:61)
    at VitestModuleRunner.cachedRequest (file:///Volumes/X%20SSD%202025/Users/narrowchannel/Desktop/indiiOS-Clean/node_modules/vite/dist/node/module-runner.js:1180:76)
    at VitestModuleRunner.import (file:///Volumes/X%20SSD%202025/Users/narrowchannel/Desktop/indiiOS-Clean/node_modules/vite/dist/node/module-runner.js:1117:12)
    at file:///Volumes/X%20SSD%202025/Users/narrowchannel/Desktop/indiiOS-Clean/node_modules/@vitest/runner/dist/index.js:1385:5
    at collectTests (file:///Volumes/X%20SSD%202025/Users/narrowchannel/Desktop/indiiOS-Clean/node_modules/@vitest/runner/dist/index.js:1365:3)
    at startTests (file:///Volumes/X%20SSD%202025/Users/narrowchannel/Desktop/indiiOS-Clean/node_modules/@vitest/runner/dist/index.js:1937:17)
    at file:///Volumes/X%20SSD%202025/Users/narrowchannel/Desktop/indiiOS-Clean/node_modules/vitest/dist/chunks/base.CJ0Y4ePK.js:86:26

stdout | packages/renderer/src/services/distribution/adapters/DistributionAdapters.test.ts > Distribution Adapters > CDBabyAdapter (DDEX) > should successfully build DDEX package and simulate upload
[CDBabyAdapter] Attempting real connection...
[CDBabyAdapter] Connected successfully.

stdout | packages/renderer/src/services/distribution/adapters/DistributionAdapters.test.ts > Distribution Adapters > CDBabyAdapter (DDEX) > should successfully build DDEX package and simulate upload
[CDBaby] Staging release files...

stdout | packages/renderer/src/services/distribution/adapters/DistributionAdapters.test.ts > Distribution Adapters > CDBabyAdapter (DDEX) > should successfully build DDEX package and simulate upload
[CDBaby] Files staged at /tmp/package.

 ✓ packages/renderer/src/services/distribution/adapters/DistributionAdapters.test.ts (9 tests) 30ms
 ✓ packages/renderer/src/services/agent/tools/__tests__/LegalTools.test.ts (2 tests) 7ms
(node:36080) Warning: `--localstorage-file` was provided without a valid path
(Use `node --trace-warnings ...` to show where the warning was created)
 ✓ packages/renderer/src/services/ddex/ERNDistribution.test.ts (4 tests) 2ms
 ✓ packages/renderer/src/modules/video/TheAnarchist.test.tsx (3 tests) 3ms
(node:36093) Warning: `--localstorage-file` was provided without a valid path
(Use `node --trace-warnings ...` to show where the warning was created)
(node:36081) Warning: `--localstorage-file` was provided without a valid path
(Use `node --trace-warnings ...` to show where the warning was created)
stdout | packages/renderer/src/services/MembershipService.ledger.reset.test.ts > MembershipService (Ledger Quota Reset) > 💸 "The Quota Reset": Ensures daily free limits reset correctly at midnight

💸 [Ledger] Starting "Quota Reset" Simulation on 2024-01-01...
💸 [Ledger] Consuming full quota on Day 1...

stdout | packages/renderer/src/services/MembershipService.ledger.reset.test.ts > MembershipService (Ledger Quota Reset) > 💸 "The Quota Reset": Ensures daily free limits reset correctly at midnight
   ✅ Day 1 Quota correctly enforced (Blocked).
💸 [Ledger] 🕛 MIDNIGHT STRIKES! Clock is now 2024-01-02...

stdout | packages/renderer/src/services/MembershipService.ledger.reset.test.ts > MembershipService (Ledger Quota Reset) > 💸 "The Quota Reset": Ensures daily free limits reset correctly at midnight
   ✅ Day 2 Quota reset successful (Allowed).

stdout | packages/renderer/src/services/MembershipService.ledger.reset.test.ts > MembershipService (Ledger Quota Reset) > 💸 "The Quota Reset": Ensures daily free limits reset correctly at midnight
   ✅ Day 1 Audit Trail preserved.

 ✓ packages/renderer/src/services/MembershipService.ledger.reset.test.ts (1 test) 9ms
(node:36083) Warning: `--localstorage-file` was provided without a valid path
(Use `node --trace-warnings ...` to show where the warning was created)
 ✓ packages/renderer/src/services/agent/evolution/HelixPopulationControl.test.ts (2 tests) 6ms
stdout | packages/firebase/src/__tests__/image_gen.test.ts > Image and Content Generation Functions > generateImageV3 > should call @google/genai SDK with correct parameters
[GeminiImageService:generate] Tier: fast | Model: gemini-3.1-flash-image-preview | Prompt: "a beautiful cat..."
[GeminiImageService] Initializing Google Gen AI Client (API_KEY: mock...)
[GeminiImageService:generate] Config: {"model":"gemini-3.1-flash-image-preview","responseModalities":["IMAGE"],"hasImageConfig":true,"hasThinkingConfig":false,"hasTools":false,"contentsTurns":1,"refImageCount":0}

stdout | packages/firebase/src/__tests__/image_gen.test.ts > Image and Content Generation Functions > editImage > should construct multimodal parts correctly
[GeminiImageService:edit] Model: gemini-3-pro-image-preview | Prompt: "add a hat..."

 ✓ packages/renderer/src/services/video/LensVeoFlashProRace.test.ts (3 tests) 4ms
 ✓ packages/firebase/src/__tests__/image_gen.test.ts (3 tests) 207ms
(node:36094) Warning: `--localstorage-file` was provided without a valid path
(Use `node --trace-warnings ...` to show where the warning was created)
(node:36096) Warning: `--localstorage-file` was provided without a valid path
(Use `node --trace-warnings ...` to show where the warning was created)
(node:36099) Warning: `--localstorage-file` was provided without a valid path
(Use `node --trace-warnings ...` to show where the warning was created)
(node:36101) Warning: `--localstorage-file` was provided without a valid path
(Use `node --trace-warnings ...` to show where the warning was created)
 ✓ packages/renderer/src/services/ai/context/ContextManager.test.ts (4 tests) 39ms
 ✓ packages/shared/dist/schemas/env.schema.test.js (2 tests) 20ms
(node:36102) Warning: `--localstorage-file` was provided without a valid path
(Use `node --trace-warnings ...` to show where the warning was created)
stdout | packages/renderer/src/services/agent/governance/__tests__/DigitalHandshake.test.ts > DigitalHandshake > should pause execution if budget exceeded
[DigitalHandshake] Pinging ~/indiiOS/memory-inbox/ for User user_123

stderr | packages/renderer/src/services/agent/governance/__tests__/DigitalHandshake.test.ts > DigitalHandshake > should pause execution if budget exceeded
[DigitalHandshake] Action Paused: Budget exceeded Action
[DigitalHandshake] Compute Exceeded: true, RiskTier: unset, Destructive: false

stdout | packages/renderer/src/services/agent/governance/__tests__/DigitalHandshake.test.ts > DigitalHandshake > should pause execution if destructive action regardless of budget
[DigitalHandshake] Pinging ~/indiiOS/memory-inbox/ for User user_123

stderr | packages/renderer/src/services/agent/governance/__tests__/DigitalHandshake.test.ts > DigitalHandshake > should pause execution if destructive action regardless of budget
[DigitalHandshake] Action Paused: Destructive Action
[DigitalHandshake] Compute Exceeded: false, RiskTier: unset, Destructive: true

 ✓ packages/renderer/src/services/agent/governance/__tests__/DigitalHandshake.test.ts (4 tests) 5ms
 ✓ packages/renderer/src/services/social/SocialService.test.ts (4 tests) 12ms
(node:36104) Warning: `--localstorage-file` was provided without a valid path
(Use `node --trace-warnings ...` to show where the warning was created)
stdout | packages/renderer/src/services/subscription/SubscriptionService.token_circuit_breaker.test.ts > SubscriptionService (Token Circuit Breaker) > 💸 "Token Circuit Breaker": Detects sudden high token usage and immediately blocks next request
💸 [Ledger] Initial Check. Used: 0/10000

stdout | packages/renderer/src/services/subscription/SubscriptionService.token_circuit_breaker.test.ts > SubscriptionService (Token Circuit Breaker) > 💸 "Token Circuit Breaker": Detects sudden high token usage and immediately blocks next request
💸 [Ledger] Injecting FAKE HIGH USAGE spike...
💸 [Ledger] Post-Spike Check. Used: 12000/10000

stdout | packages/renderer/src/services/subscription/SubscriptionService.token_circuit_breaker.test.ts > SubscriptionService (Token Circuit Breaker) > 💸 "Token Circuit Breaker": Detects sudden high token usage and immediately blocks next request
   🛑 STOP SWITCH ACTIVATED! Reason: AI chat token quota exceeded. Upgrade to continue using AI chat.

 ✓ packages/renderer/src/services/subscription/SubscriptionService.token_circuit_breaker.test.ts (1 test) 6ms
(node:36108) Warning: `--localstorage-file` was provided without a valid path
(Use `node --trace-warnings ...` to show where the warning was created)
 ✓ packages/firebase/src/lib/audio.test.ts (3 tests) 5ms
 ✓ packages/renderer/src/services/agent/evolution/HelixImmunity.test.ts (2 tests) 10ms
(node:36111) Warning: `--localstorage-file` was provided without a valid path
(Use `node --trace-warnings ...` to show where the warning was created)
 ✓ packages/renderer/src/services/agent/evolution/HelixGeminiThinking.test.ts (3 tests) 3ms
(node:36110) Warning: `--localstorage-file` was provided without a valid path
(Use `node --trace-warnings ...` to show where the warning was created)
 ✓ packages/renderer/src/modules/publicist/PublicistAgent.test.ts (3 tests) 6ms
(node:36124) Warning: `--localstorage-file` was provided without a valid path
(Use `node --trace-warnings ...` to show where the warning was created)
stdout | packages/renderer/src/services/agent/tools/__tests__/CoreTools.test.ts > CoreTools > request_approval > should handle approved request
[CoreTools] Requesting approval for: Post this tweet (type: default)

stdout | packages/renderer/src/services/agent/tools/__tests__/CoreTools.test.ts > CoreTools > request_approval > should handle rejected request
[CoreTools] Requesting approval for: Dangerous action (type: default)

 ✓ packages/renderer/src/services/agent/tools/__tests__/CoreTools.test.ts (5 tests) 7ms
(node:36119) Warning: `--localstorage-file` was provided without a valid path
(Use `node --trace-warnings ...` to show where the warning was created)
(node:36116) Warning: `--localstorage-file` was provided without a valid path
(Use `node --trace-warnings ...` to show where the warning was created)
(node:36123) Warning: `--localstorage-file` was provided without a valid path
(Use `node --trace-warnings ...` to show where the warning was created)
 ✓ packages/renderer/src/services/licensing/LicensingService.test.ts (4 tests) 30ms
 ✓ packages/renderer/src/services/subscription/SubscriptionService.test.ts (5 tests) 17ms
(node:36120) Warning: `--localstorage-file` was provided without a valid path
(Use `node --trace-warnings ...` to show where the warning was created)
stdout | packages/renderer/src/services/ddex/DSRService_Fee.test.ts
[DistributorService] Registered adapter: DistroKid
[DistributorService] Registered adapter: TuneCore
[DistributorService] Registered adapter: CDBaby
[DistributorService] Registered adapter: Symphonic

 ✓ packages/renderer/src/services/ddex/DSRService_Fee.test.ts (2 tests) 7ms
 ✓ packages/renderer/src/core/config/__tests__/validateModels.test.ts (3 tests) 5ms
(node:36129) Warning: `--localstorage-file` was provided without a valid path
(Use `node --trace-warnings ...` to show where the warning was created)
 ✓ packages/renderer/src/services/storage/repository.test.ts (1 test) 5ms
(node:36130) Warning: `--localstorage-file` was provided without a valid path
(Use `node --trace-warnings ...` to show where the warning was created)
(node:36135) Warning: `--localstorage-file` was provided without a valid path
(Use `node --trace-warnings ...` to show where the warning was created)
 ✓ packages/main/src/utils/ipc-validator.test.ts (14 tests) 4ms
(node:36133) Warning: `--localstorage-file` was provided without a valid path
(Use `node --trace-warnings ...` to show where the warning was created)
 ✓ packages/renderer/src/services/distribution/DeliveryService.test.ts (2 tests) 31ms
(node:36131) Warning: `--localstorage-file` was provided without a valid path
(Use `node --trace-warnings ...` to show where the warning was created)
stdout | packages/renderer/src/services/blockchain/SmartContractService.test.ts > SmartContractService > should deploy a split contract and return an address
[SmartContract] Deploying Split Contract for ISRC: US-XYZ-26-00001...

stderr | packages/renderer/src/services/blockchain/SmartContractService.test.ts > SmartContractService > should deploy a split contract and return an address
[SmartContract] No wallet available — recording deployment intent to Firestore

 ✓ packages/main/src/handlers/deeplink.security.test.ts (10 tests) 6ms
stdout | packages/renderer/src/services/blockchain/SmartContractService.test.ts > SmartContractService > should deploy a split contract and return an address
[Blockchain Ledger] New Block: 8fe4cebcea23de51... | SPLIT_EXECUTION | US-XYZ-26-00001

stdout | packages/renderer/src/services/blockchain/SmartContractService.test.ts > SmartContractService > should throw error for invalid split percentages
[SmartContract] Deploying Split Contract for ISRC: US-FAIL...

stdout | packages/renderer/src/services/blockchain/SmartContractService.test.ts > SmartContractService > should record transactions to the immutable ledger
[SmartContract] Deploying Split Contract for ISRC: US-LEDGER-TEST...

stderr | packages/renderer/src/services/blockchain/SmartContractService.test.ts > SmartContractService > should record transactions to the immutable ledger
[SmartContract] No wallet available — recording deployment intent to Firestore

stdout | packages/renderer/src/services/blockchain/SmartContractService.test.ts > SmartContractService > should record transactions to the immutable ledger
[Blockchain Ledger] New Block: 6f7b9babc1c127c8... | SPLIT_EXECUTION | US-LEDGER-TEST

stdout | packages/renderer/src/services/blockchain/SmartContractService.test.ts > SmartContractService > should mint tokens (SongShares)
[SmartContract] Minting 100 SongShares for US-TOKEN...

stderr | packages/renderer/src/services/blockchain/SmartContractService.test.ts > SmartContractService > should mint tokens (SongShares)
[SmartContract] No wallet available — token recorded to Firestore only.

stdout | packages/renderer/src/services/blockchain/SmartContractService.test.ts > SmartContractService > should mint tokens (SongShares)
[Blockchain Ledger] New Block: 798a233d56b1694d... | TOKEN_MINT | US-TOKEN

 ✓ packages/renderer/src/services/blockchain/SmartContractService.test.ts (4 tests) 11ms
(node:36153) Warning: `--localstorage-file` was provided without a valid path
(Use `node --trace-warnings ...` to show where the warning was created)
 ✓ packages/renderer/src/services/video/LensVeoAssetIntegrity.test.ts (4 tests) 9ms
(node:36157) Warning: `--localstorage-file` was provided without a valid path
(Use `node --trace-warnings ...` to show where the warning was created)
 ✓ packages/renderer/src/services/agent/memory/__tests__/BigBrainEngine.test.ts (8 tests) 15ms
(node:36145) Warning: `--localstorage-file` was provided without a valid path
(Use `node --trace-warnings ...` to show where the warning was created)
 ✓ packages/renderer/src/services/onboarding/onboardingService.test.ts (9 tests) 5ms
(node:36147) Warning: `--localstorage-file` was provided without a valid path
(Use `node --trace-warnings ...` to show where the warning was created)
 ✓ packages/main/src/utils/security-checks.test.ts (5 tests) 2ms
(node:36148) Warning: `--localstorage-file` was provided without a valid path
(Use `node --trace-warnings ...` to show where the warning was created)
 ✓ packages/renderer/src/services/agent/evolution/HelixDiversity.test.ts (2 tests) 5ms
(node:36146) Warning: `--localstorage-file` was provided without a valid path
(Use `node --trace-warnings ...` to show where the warning was created)
(node:36149) Warning: `--localstorage-file` was provided without a valid path
(Use `node --trace-warnings ...` to show where the warning was created)
 ✓ packages/renderer/src/services/agent/evolution/HelixSanity.test.ts (1 test) 6ms
stderr | packages/renderer/src/services/ai/utils/InputSanitizer.test.ts > InputSanitizer > sanitize > should truncate extremely long input
[InputSanitizer] Input truncated from 100005 to 100000

 ✓ packages/renderer/src/services/ai/utils/InputSanitizer.test.ts (13 tests) 20ms
(node:36150) Warning: `--localstorage-file` was provided without a valid path
(Use `node --trace-warnings ...` to show where the warning was created)
 ✓ packages/main/src/handlers/distribution_transmit_guardrails.security.test.ts (3 tests) 4ms
(node:36151) Warning: `--localstorage-file` was provided without a valid path
(Use `node --trace-warnings ...` to show where the warning was created)
(node:36152) Warning: `--localstorage-file` was provided without a valid path
(Use `node --trace-warnings ...` to show where the warning was created)
stderr | packages/renderer/src/services/ai/context/Keeper_TokenBudget.test.ts > 📚 Keeper: Token Budget & Context Integrity > should account for System Instruction tokens
[ContextManager] Context over limit (1071/1000) after 0 drops. Recent messages are too large.
[ContextManager] Context over limit (1071/1000) after 1 drops. Recent messages are too large.

 ✓ packages/renderer/src/services/ai/context/Keeper_TokenBudget.test.ts (5 tests) 10ms
 ✓ packages/renderer/src/services/distribution/DistributionSyncService.test.ts (4 tests) 6ms
(node:36159) Warning: `--localstorage-file` was provided without a valid path
(Use `node --trace-warnings ...` to show where the warning was created)
 ✓ packages/renderer/src/modules/video/components/DailyItem.utils.test.ts (7 tests) 3ms
(node:36160) Warning: `--localstorage-file` was provided without a valid path
(Use `node --trace-warnings ...` to show where the warning was created)
(node:36164) Warning: `--localstorage-file` was provided without a valid path
(Use `node --trace-warnings ...` to show where the warning was created)
(node:36161) Warning: `--localstorage-file` was provided without a valid path
(Use `node --trace-warnings ...` to show where the warning was created)
 ✓ packages/renderer/src/shared/schemas/env.schema.test.ts (2 tests) 4ms
(node:36166) Warning: `--localstorage-file` was provided without a valid path
(Use `node --trace-warnings ...` to show where the warning was created)
 ✓ packages/renderer/src/services/agent/tools/__tests__/RoadTools.test.ts (2 tests) 7ms
 ✓ packages/renderer/src/modules/merchandise/types.test.ts (4 tests) 66ms
 ✓ packages/shared/src/schemas/env.schema.test.ts (2 tests) 107ms
(node:36165) Warning: `--localstorage-file` was provided without a valid path
(Use `node --trace-warnings ...` to show where the warning was created)
 ✓ packages/renderer/src/services/FileSystemService.test.ts (1 test) 4ms
(node:36174) Warning: `--localstorage-file` was provided without a valid path
(Use `node --trace-warnings ...` to show where the warning was created)
 ✓ packages/renderer/src/services/MembershipService.subscription.test.ts (5 tests) 3ms
(node:36175) Warning: `--localstorage-file` was provided without a valid path
(Use `node --trace-warnings ...` to show where the warning was created)
(node:36176) Warning: `--localstorage-file` was provided without a valid path
(Use `node --trace-warnings ...` to show where the warning was created)
 ✓ packages/renderer/src/modules/social/components/SocialFeed.utils.test.ts (9 tests) 4ms
(node:36210) Warning: `--localstorage-file` was provided without a valid path
(Use `node --trace-warnings ...` to show where the warning was created)
 ✓ packages/renderer/src/services/agent/evolution/HelixSelectionPressure.test.ts (1 test) 17ms
stdout | packages/renderer/src/services/agent/agent_restore.test.ts > indii Conductor Restoration > request_approval tool should return approved message
[CoreTools] Requesting approval for: Post this? (type: default)

 ✓ packages/renderer/src/services/agent/agent_restore.test.ts (4 tests) 6ms
(node:36215) Warning: `--localstorage-file` was provided without a valid path
(Use `node --trace-warnings ...` to show where the warning was created)
(node:36222) Warning: `--localstorage-file` was provided without a valid path
(Use `node --trace-warnings ...` to show where the warning was created)
(node:36216) Warning: `--localstorage-file` was provided without a valid path
(Use `node --trace-warnings ...` to show where the warning was created)
 ✓ packages/renderer/src/utils/dateUtils.test.ts (15 tests) 7ms
stdout | packages/renderer/src/services/storage/repository_profile.test.ts > Profile Persistence > should load profile from storage
[Repository] Serving profile from Local Cache

 ✓ packages/renderer/src/services/storage/repository_profile.test.ts (3 tests) 11ms
 ✓ packages/renderer/src/services/agent/tools/__tests__/StandardGrammar.test.ts (3 tests) 7ms
(node:36223) Warning: `--localstorage-file` was provided without a valid path
(Use `node --trace-warnings ...` to show where the warning was created)
(node:36224) Warning: `--localstorage-file` was provided without a valid path
(Use `node --trace-warnings ...` to show where the warning was created)
 ✓ packages/renderer/src/services/ai/context/Keeper_Persistence.test.ts (3 tests) 30ms
(node:36228) Warning: `--localstorage-file` was provided without a valid path
(Use `node --trace-warnings ...` to show where the warning was created)
stdout | packages/renderer/src/services/agent/__tests__/AlwaysOnMemoryEngine.benchmark.test.ts > AlwaysOnMemoryEngine ClearAll Optimization Verification > should use deleteMany in clearAll
[AlwaysOnMemoryEngine] 🗑️ Cleared 100 memories, 100 insights.

 ✓ packages/renderer/src/services/agent/__tests__/AlwaysOnMemoryEngine.benchmark.test.ts (3 tests) 6ms
 ✓ packages/renderer/src/services/agent/__tests__/IndiiBranding.test.ts (35 tests) 29ms
(node:36231) Warning: `--localstorage-file` was provided without a valid path
(Use `node --trace-warnings ...` to show where the warning was created)
stdout | packages/renderer/src/services/ddex/DSRService.test.ts
[DistributorService] Registered adapter: DistroKid
[DistributorService] Registered adapter: TuneCore
[DistributorService] Registered adapter: CDBaby
[DistributorService] Registered adapter: Symphonic

 ✓ packages/renderer/src/services/ddex/DSRService.test.ts (2 tests) 6ms
(node:36234) Warning: `--localstorage-file` was provided without a valid path
(Use `node --trace-warnings ...` to show where the warning was created)
(node:36235) Warning: `--localstorage-file` was provided without a valid path
(Use `node --trace-warnings ...` to show where the warning was created)
 ✓ packages/renderer/src/services/agent/tools/__tests__/KnowledgeTools.test.ts (2 tests) 6ms
stdout | packages/renderer/src/services/video/VideoGenerationService.ledger.test.ts > VideoGenerationService (Ledger Circuit Breaker) > 💸 "Cost Circuit Breaker": Halts generation when quota is exceeded

💸 [Ledger] Testing Service Layer Circuit Breaker...
[VideoGeneration] 🎬 generateVideo() called: {
  promptPreview: 'A cinematic shot of a ledger book closing firmly.',
  model: 'veo-3.1-generate-preview',
  duration: 4,
  aspectRatio: '16:9',
  hasFirstFrame: false,
  hasLastFrame: false,
  hasReferenceImages: false,
  userId: 'ledger-test-user'
}

stdout | packages/renderer/src/services/video/VideoGenerationService.ledger.test.ts > VideoGenerationService (Ledger Circuit Breaker) > 💸 "Cost Circuit Breaker": Halts generation when quota is exceeded
   ✅ Circuit Breaker tripped successfully.
   ✅ "Spend" Button (Cloud Function) was NOT pressed.

 ✓ packages/renderer/src/services/video/VideoGenerationService.ledger.test.ts (1 test) 12ms
(node:36237) Warning: `--localstorage-file` was provided without a valid path
(Use `node --trace-warnings ...` to show where the warning was created)
 ✓ packages/renderer/src/services/distribution/DSPCompliance.test.ts (2 tests) 8ms
(node:36238) Warning: `--localstorage-file` was provided without a valid path
(Use `node --trace-warnings ...` to show where the warning was created)
(node:36236) Warning: `--localstorage-file` was provided without a valid path
(Use `node --trace-warnings ...` to show where the warning was created)
 ✓ packages/renderer/src/services/touring/TouringService.test.ts (3 tests) 7ms
 ✓ packages/renderer/src/test/security/firestore-rules.test.ts (10 tests) 2ms
(node:36241) Warning: `--localstorage-file` was provided without a valid path
(Use `node --trace-warnings ...` to show where the warning was created)
 ✓ packages/renderer/src/services/agent/evolution/HelixMicroUniverse.test.ts (2 tests) 111ms
(node:36242) Warning: `--localstorage-file` was provided without a valid path
(Use `node --trace-warnings ...` to show where the warning was created)
(node:36243) Warning: `--localstorage-file` was provided without a valid path
(Use `node --trace-warnings ...` to show where the warning was created)
 ✓ packages/renderer/src/services/agent/evolution/HelixLifecycle.test.ts (2 tests) 20ms
(node:36244) Warning: `--localstorage-file` was provided without a valid path
(Use `node --trace-warnings ...` to show where the warning was created)
stdout | packages/renderer/src/services/agent/__tests__/AgentRegistry.test.ts
[FreezeDiagnostic] Freezing Agent "marketing" tools schema...
[FreezeDiagnostic] Agent "marketing" tools schema is now IMMUTABLE.

stdout | packages/renderer/src/services/agent/SchemaDiagnostic.test.ts
[FreezeDiagnostic] Freezing Agent "marketing" tools schema...
[FreezeDiagnostic] Agent "marketing" tools schema is now IMMUTABLE.

stdout | packages/renderer/src/services/agent/__tests__/AgentRegistry.test.ts
[FreezeDiagnostic] Freezing Agent "social" tools schema...
[FreezeDiagnostic] Agent "social" tools schema is now IMMUTABLE.

stdout | packages/renderer/src/services/agent/SchemaDiagnostic.test.ts
[FreezeDiagnostic] Freezing Agent "social" tools schema...
[FreezeDiagnostic] Agent "social" tools schema is now IMMUTABLE.

stdout | packages/renderer/src/services/agent/__tests__/AgentRegistry.test.ts
[FreezeDiagnostic] Freezing Agent "road" tools schema...
[FreezeDiagnostic] Agent "road" tools schema is now IMMUTABLE.

stdout | packages/renderer/src/services/agent/__tests__/AgentRegistry.test.ts
[FreezeDiagnostic] Freezing Agent "licensing" tools schema...
[FreezeDiagnostic] Agent "licensing" tools schema is now IMMUTABLE.

stdout | packages/renderer/src/services/agent/SchemaDiagnostic.test.ts
[FreezeDiagnostic] Freezing Agent "road" tools schema...
[FreezeDiagnostic] Agent "road" tools schema is now IMMUTABLE.

stdout | packages/renderer/src/services/agent/SchemaDiagnostic.test.ts
[FreezeDiagnostic] Freezing Agent "licensing" tools schema...
[FreezeDiagnostic] Agent "licensing" tools schema is now IMMUTABLE.

stdout | packages/renderer/src/services/agent/__tests__/AgentRegistry.test.ts
[FreezeDiagnostic] Freezing Agent "security" tools schema...
[FreezeDiagnostic] Agent "security" tools schema is now IMMUTABLE.

stdout | packages/renderer/src/services/agent/__tests__/AgentRegistry.test.ts
[FreezeDiagnostic] Freezing Agent "devops" tools schema...
[FreezeDiagnostic] Agent "devops" tools schema is now IMMUTABLE.

stdout | packages/renderer/src/services/agent/SchemaDiagnostic.test.ts
[FreezeDiagnostic] Freezing Agent "security" tools schema...
[FreezeDiagnostic] Agent "security" tools schema is now IMMUTABLE.

stdout | packages/renderer/src/services/agent/__tests__/AgentRegistry.test.ts
[FreezeDiagnostic] Freezing Agent "music" tools schema...
[FreezeDiagnostic] Agent "music" tools schema is now IMMUTABLE.

stdout | packages/renderer/src/services/agent/SchemaDiagnostic.test.ts
[FreezeDiagnostic] Freezing Agent "devops" tools schema...
[FreezeDiagnostic] Agent "devops" tools schema is now IMMUTABLE.

stdout | packages/renderer/src/services/agent/SchemaDiagnostic.test.ts
[FreezeDiagnostic] Freezing Agent "music" tools schema...
[FreezeDiagnostic] Agent "music" tools schema is now IMMUTABLE.

stdout | packages/renderer/src/services/agent/SchemaDiagnostic.test.ts
[FreezeDiagnostic] Freezing Agent "marketing" tools schema...
[FreezeDiagnostic] Agent "marketing" tools schema is now IMMUTABLE.
[FreezeDiagnostic] Freezing Agent "legal" tools schema...
[FreezeDiagnostic] Agent "legal" tools schema is now IMMUTABLE.
[FreezeDiagnostic] Freezing Agent "finance" tools schema...
[FreezeDiagnostic] Agent "finance" tools schema is now IMMUTABLE.
[FreezeDiagnostic] Freezing Agent "producer" tools schema...
[FreezeDiagnostic] Agent "producer" tools schema is now IMMUTABLE.
[FreezeDiagnostic] Freezing Agent "director" tools schema...
[FreezeDiagnostic] Agent "director" tools schema is now IMMUTABLE.
[FreezeDiagnostic] Freezing Agent "screenwriter" tools schema...
[FreezeDiagnostic] Agent "screenwriter" tools schema is now IMMUTABLE.
[FreezeDiagnostic] Freezing Agent "video" tools schema...
[FreezeDiagnostic] Agent "video" tools schema is now IMMUTABLE.
[FreezeDiagnostic] Freezing Agent "social" tools schema...
[FreezeDiagnostic] Agent "social" tools schema is now IMMUTABLE.
[FreezeDiagnostic] Freezing Agent "publicist" tools schema...
[FreezeDiagnostic] Agent "publicist" tools schema is now IMMUTABLE.
[FreezeDiagnostic] Freezing Agent "road" tools schema...
[FreezeDiagnostic] Agent "road" tools schema is now IMMUTABLE.
[FreezeDiagnostic] Freezing Agent "publishing" tools schema...
[FreezeDiagnostic] Agent "publishing" tools schema is now IMMUTABLE.
[FreezeDiagnostic] Freezing Agent "licensing" tools schema...
[FreezeDiagnostic] Agent "licensing" tools schema is now IMMUTABLE.
[FreezeDiagnostic] Freezing Agent "brand" tools schema...
[FreezeDiagnostic] Agent "brand" tools schema is now IMMUTABLE.
[FreezeDiagnostic] Freezing Agent "devops" tools schema...
[FreezeDiagnostic] Agent "devops" tools schema is now IMMUTABLE.
[FreezeDiagnostic] Freezing Agent "security" tools schema...
[FreezeDiagnostic] Agent "security" tools schema is now IMMUTABLE.
[FreezeDiagnostic] Freezing Agent "distribution" tools schema...
[FreezeDiagnostic] Agent "distribution" tools schema is now IMMUTABLE.
[FreezeDiagnostic] Freezing Agent "music" tools schema...
[FreezeDiagnostic] Agent "music" tools schema is now IMMUTABLE.

stdout | packages/renderer/src/services/agent/__tests__/AgentRegistry.test.ts
[FreezeDiagnostic] Freezing Agent "marketing" tools schema...
[FreezeDiagnostic] Agent "marketing" tools schema is now IMMUTABLE.
[FreezeDiagnostic] Freezing Agent "legal" tools schema...
[FreezeDiagnostic] Agent "legal" tools schema is now IMMUTABLE.
[FreezeDiagnostic] Freezing Agent "finance" tools schema...
[FreezeDiagnostic] Agent "finance" tools schema is now IMMUTABLE.
[FreezeDiagnostic] Freezing Agent "producer" tools schema...
[FreezeDiagnostic] Agent "producer" tools schema is now IMMUTABLE.
[FreezeDiagnostic] Freezing Agent "director" tools schema...
[FreezeDiagnostic] Agent "director" tools schema is now IMMUTABLE.
[FreezeDiagnostic] Freezing Agent "screenwriter" tools schema...
[FreezeDiagnostic] Agent "screenwriter" tools schema is now IMMUTABLE.
[FreezeDiagnostic] Freezing Agent "video" tools schema...
[FreezeDiagnostic] Agent "video" tools schema is now IMMUTABLE.
[FreezeDiagnostic] Freezing Agent "social" tools schema...
[FreezeDiagnostic] Agent "social" tools schema is now IMMUTABLE.
[FreezeDiagnostic] Freezing Agent "publicist" tools schema...
[FreezeDiagnostic] Agent "publicist" tools schema is now IMMUTABLE.
[FreezeDiagnostic] Freezing Agent "road" tools schema...
[FreezeDiagnostic] Agent "road" tools schema is now IMMUTABLE.
[FreezeDiagnostic] Freezing Agent "publishing" tools schema...
[FreezeDiagnostic] Agent "publishing" tools schema is now IMMUTABLE.
[FreezeDiagnostic] Freezing Agent "licensing" tools schema...
[FreezeDiagnostic] Agent "licensing" tools schema is now IMMUTABLE.
[FreezeDiagnostic] Freezing Agent "brand" tools schema...
[FreezeDiagnostic] Agent "brand" tools schema is now IMMUTABLE.
[FreezeDiagnostic] Freezing Agent "devops" tools schema...
[FreezeDiagnostic] Agent "devops" tools schema is now IMMUTABLE.
[FreezeDiagnostic] Freezing Agent "security" tools schema...
[FreezeDiagnostic] Agent "security" tools schema is now IMMUTABLE.
[FreezeDiagnostic] Freezing Agent "distribution" tools schema...
[FreezeDiagnostic] Agent "distribution" tools schema is now IMMUTABLE.
[FreezeDiagnostic] Freezing Agent "music" tools schema...
[FreezeDiagnostic] Agent "music" tools schema is now IMMUTABLE.

stdout | packages/renderer/src/services/agent/SchemaDiagnostic.test.ts > Schema Diagnostic > should have correct required parameters for BrandAgent in AGENT_CONFIGS
AGENT_CONFIGS BrandAgent required: ["content","type"]

stdout | packages/renderer/src/services/agent/SchemaDiagnostic.test.ts > Schema Diagnostic > should have correct required parameters for direct BrandAgent import
Direct BrandAgent required: ["content","type"]

stdout | packages/renderer/src/services/agent/__tests__/AgentRegistry.test.ts > AgentRegistry > should lazy load an agent
[AgentRegistry] Loading agent 'test-agent'...

stdout | packages/renderer/src/services/agent/__tests__/AgentRegistry.test.ts > AgentRegistry > should lazy load an agent
[AgentRegistry] Agent 'test-agent' loaded successfully

 ✓ packages/renderer/src/services/agent/SchemaDiagnostic.test.ts (2 tests) 4ms
 ✓ packages/renderer/src/services/agent/__tests__/AgentRegistry.test.ts (2 tests) 6ms
(node:36254) Warning: `--localstorage-file` was provided without a valid path
(Use `node --trace-warnings ...` to show where the warning was created)
(node:36257) Warning: `--localstorage-file` was provided without a valid path
(Use `node --trace-warnings ...` to show where the warning was created)
(node:36260) Warning: `--localstorage-file` was provided without a valid path
(Use `node --trace-warnings ...` to show where the warning was created)
 ✓ packages/renderer/src/services/agent/FinanceIntegration.test.ts (2 tests) 14ms
stdout | packages/renderer/src/services/agent/tools/__tests__/MarketingTools.test.ts > MarketingTools > create_campaign_brief calls AI
[MarketingTools] Campaign brief persisted: Test

 ✓ packages/renderer/src/services/agent/tools/__tests__/MarketingTools.test.ts (2 tests) 9ms
(node:36261) Warning: `--localstorage-file` was provided without a valid path
(Use `node --trace-warnings ...` to show where the warning was created)
 ✓ packages/renderer/src/services/StorageService.test.ts (1 test) 3ms
 ✓ packages/firebase/src/__tests__/url_replacement.test.ts (7 tests) 3ms
(node:36264) Warning: `--localstorage-file` was provided without a valid path
(Use `node --trace-warnings ...` to show where the warning was created)
(node:36262) Warning: `--localstorage-file` was provided without a valid path
(Use `node --trace-warnings ...` to show where the warning was created)
 ✓ packages/renderer/src/services/ddex/ERNMapperDeals.test.ts (2 tests) 4ms
(node:36266) Warning: `--localstorage-file` was provided without a valid path
(Use `node --trace-warnings ...` to show where the warning was created)
 ✓ packages/renderer/src/services/agent/evolution/HelixDoomsday.test.ts (3 tests) 98ms
stdout | packages/renderer/src/services/agent/GeneralistAgent.test.ts
[DistributorService] Registered adapter: DistroKid
[DistributorService] Registered adapter: TuneCore
[DistributorService] Registered adapter: CDBaby
[DistributorService] Registered adapter: Symphonic

stderr | packages/renderer/src/services/agent/GeneralistAgent.test.ts > GeneralistAgent > detects and prevents infinite loops
[GeneralistAgent] Loop detected: same tool test_tool called twice with same args

 ✓ packages/renderer/src/services/agent/GeneralistAgent.test.ts (5 tests) 63ms
(node:36274) Warning: `--localstorage-file` was provided without a valid path
(Use `node --trace-warnings ...` to show where the warning was created)
 ✓ packages/renderer/src/services/ai/context/ContextManager.keeper.test.ts (4 tests) 9ms
(node:36275) Warning: `--localstorage-file` was provided without a valid path
(Use `node --trace-warnings ...` to show where the warning was created)
 ✓ packages/main/src/handlers/distribution_redaction.security.test.ts (5 tests) 31ms
(node:36284) Warning: `--localstorage-file` was provided without a valid path
(Use `node --trace-warnings ...` to show where the warning was created)
(node:36279) Warning: `--localstorage-file` was provided without a valid path
(Use `node --trace-warnings ...` to show where the warning was created)
(node:36282) Warning: `--localstorage-file` was provided without a valid path
(Use `node --trace-warnings ...` to show where the warning was created)
stdout | packages/renderer/src/services/finance/RoyaltyService.test.ts > RoyaltyService > should calculate splits correctly and apply recoupment
[RoyaltyService] Recooped 100 for release_123. Remaining: 0

 ✓ packages/renderer/src/services/finance/RoyaltyService.test.ts (1 test) 9ms
 ✓ packages/renderer/src/services/agent/components/__tests__/AgentExecutor.swarm.test.ts (2 tests) 10ms
(node:36283) Warning: `--localstorage-file` was provided without a valid path
(Use `node --trace-warnings ...` to show where the warning was created)
stdout | packages/renderer/src/services/ai/FirebaseAIService.security.test.ts > FirebaseAIService Security > should NOT leak raw PII in debug logs
[FirebaseAIService] Initialized with direct Gemini SDK (fallback mode)

stderr | packages/renderer/src/services/ai/FirebaseAIService.security.test.ts > FirebaseAIService Security > should NOT leak raw PII in debug logs
[FirebaseAIService] App Check not configured, using direct Gemini SDK fallback

stdout | packages/renderer/src/services/ai/FirebaseAIService.security.test.ts > FirebaseAIService Security > should NOT leak raw PII in debug logs
[FallbackClient] Model "gemini-3-flash-preview" is not available on the Developer API. Using fallback model "gemini-2.5-flash" instead.

 ✓ packages/renderer/src/services/ai/FirebaseAIService.security.test.ts (1 test) 8ms
(node:36286) Warning: `--localstorage-file` was provided without a valid path
(Use `node --trace-warnings ...` to show where the warning was created)
stdout | packages/renderer/src/services/agent/WorkflowStateService.test.ts > WorkflowStateService > createExecution > should create a new execution with all steps as planned
[WorkflowState] Created execution test-execution-id for workflow 'CAMPAIGN_LAUNCH' with 3 steps

stdout | packages/renderer/src/services/agent/WorkflowStateService.test.ts > WorkflowStateService > advanceStep > should mark the workflow as completed when all steps are done
[WorkflowState] Execution exec-2 fully completed

stderr | packages/renderer/src/services/agent/WorkflowStateService.test.ts > WorkflowStateService > failStep > should mark a step and the workflow as failed while preserving remaining planned steps
[WorkflowState] Step 1 (marketing) failed: API timeout

stdout | packages/renderer/src/services/agent/WorkflowStateService.test.ts > WorkflowStateService > cancelExecution > should cancel the execution and all non-terminal steps
[WorkflowState] Execution exec-4 cancelled

 ✓ packages/renderer/src/services/agent/WorkflowStateService.test.ts (6 tests) 5ms
 ✓ packages/renderer/src/services/agent/tools/__tests__/NarrativeTools.test.ts (4 tests) 6ms
(node:36288) Warning: `--localstorage-file` was provided without a valid path
(Use `node --trace-warnings ...` to show where the warning was created)
 ✓ packages/renderer/src/services/ProjectService.test.ts (1 test) 4ms
(node:36291) Warning: `--localstorage-file` was provided without a valid path
(Use `node --trace-warnings ...` to show where the warning was created)
(node:36295) Warning: `--localstorage-file` was provided without a valid path
(Use `node --trace-warnings ...` to show where the warning was created)
(node:36293) Warning: `--localstorage-file` was provided without a valid path
(Use `node --trace-warnings ...` to show where the warning was created)
 ✓ packages/renderer/src/core/config/EndpointService.test.ts (2 tests) 3ms
 ✓ packages/renderer/src/services/agent/tools/__tests__/SocialTools.test.ts (2 tests) 5ms
stdout | packages/renderer/src/services/agent/specialists/Agents.test.ts
[FreezeDiagnostic] Freezing Agent "marketing" tools schema...
[FreezeDiagnostic] Agent "marketing" tools schema is now IMMUTABLE.

stdout | packages/renderer/src/services/agent/specialists/Agents.test.ts
[FreezeDiagnostic] Freezing Agent "social" tools schema...
[FreezeDiagnostic] Agent "social" tools schema is now IMMUTABLE.

stdout | packages/renderer/src/services/agent/specialists/Agents.test.ts
[FreezeDiagnostic] Freezing Agent "road" tools schema...
[FreezeDiagnostic] Agent "road" tools schema is now IMMUTABLE.

stdout | packages/renderer/src/services/agent/specialists/Agents.test.ts
[FreezeDiagnostic] Freezing Agent "licensing" tools schema...
[FreezeDiagnostic] Agent "licensing" tools schema is now IMMUTABLE.

stdout | packages/renderer/src/services/agent/specialists/Agents.test.ts
[FreezeDiagnostic] Freezing Agent "security" tools schema...
[FreezeDiagnostic] Agent "security" tools schema is now IMMUTABLE.

stdout | packages/renderer/src/services/agent/specialists/Agents.test.ts
[FreezeDiagnostic] Freezing Agent "devops" tools schema...
[FreezeDiagnostic] Agent "devops" tools schema is now IMMUTABLE.

stdout | packages/renderer/src/services/agent/specialists/Agents.test.ts
[FreezeDiagnostic] Freezing Agent "music" tools schema...
[FreezeDiagnostic] Agent "music" tools schema is now IMMUTABLE.

stdout | packages/renderer/src/services/agent/specialists/Agents.test.ts
[FreezeDiagnostic] Freezing Agent "marketing" tools schema...
[FreezeDiagnostic] Agent "marketing" tools schema is now IMMUTABLE.
[FreezeDiagnostic] Freezing Agent "legal" tools schema...
[FreezeDiagnostic] Agent "legal" tools schema is now IMMUTABLE.
[FreezeDiagnostic] Freezing Agent "finance" tools schema...
[FreezeDiagnostic] Agent "finance" tools schema is now IMMUTABLE.
[FreezeDiagnostic] Freezing Agent "producer" tools schema...
[FreezeDiagnostic] Agent "producer" tools schema is now IMMUTABLE.
[FreezeDiagnostic] Freezing Agent "director" tools schema...
[FreezeDiagnostic] Agent "director" tools schema is now IMMUTABLE.
[FreezeDiagnostic] Freezing Agent "screenwriter" tools schema...
[FreezeDiagnostic] Agent "screenwriter" tools schema is now IMMUTABLE.
[FreezeDiagnostic] Freezing Agent "video" tools schema...
[FreezeDiagnostic] Agent "video" tools schema is now IMMUTABLE.
[FreezeDiagnostic] Freezing Agent "social" tools schema...
[FreezeDiagnostic] Agent "social" tools schema is now IMMUTABLE.
[FreezeDiagnostic] Freezing Agent "publicist" tools schema...
[FreezeDiagnostic] Agent "publicist" tools schema is now IMMUTABLE.
[FreezeDiagnostic] Freezing Agent "road" tools schema...
[FreezeDiagnostic] Agent "road" tools schema is now IMMUTABLE.
[FreezeDiagnostic] Freezing Agent "publishing" tools schema...
[FreezeDiagnostic] Agent "publishing" tools schema is now IMMUTABLE.
[FreezeDiagnostic] Freezing Agent "licensing" tools schema...
[FreezeDiagnostic] Agent "licensing" tools schema is now IMMUTABLE.
[FreezeDiagnostic] Freezing Agent "brand" tools schema...
[FreezeDiagnostic] Agent "brand" tools schema is now IMMUTABLE.
[FreezeDiagnostic] Freezing Agent "devops" tools schema...
[FreezeDiagnostic] Agent "devops" tools schema is now IMMUTABLE.
[FreezeDiagnostic] Freezing Agent "security" tools schema...
[FreezeDiagnostic] Agent "security" tools schema is now IMMUTABLE.
[FreezeDiagnostic] Freezing Agent "distribution" tools schema...
[FreezeDiagnostic] Agent "distribution" tools schema is now IMMUTABLE.
[FreezeDiagnostic] Freezing Agent "music" tools schema...
[FreezeDiagnostic] Agent "music" tools schema is now IMMUTABLE.

 ✓ packages/renderer/src/services/agent/specialists/Agents.test.ts (7 tests) 11ms
(node:36301) Warning: `--localstorage-file` was provided without a valid path
(Use `node --trace-warnings ...` to show where the warning was created)
(node:36302) Warning: `--localstorage-file` was provided without a valid path
(Use `node --trace-warnings ...` to show where the warning was created)
(node:36300) Warning: `--localstorage-file` was provided without a valid path
(Use `node --trace-warnings ...` to show where the warning was created)
 ✓ packages/renderer/src/modules/workflow/utils/validationUtils.test.ts (6 tests) 2ms
(node:36299) Warning: `--localstorage-file` was provided without a valid path
(Use `node --trace-warnings ...` to show where the warning was created)
stdout | packages/renderer/src/services/music/__tests__/MusicLibraryService.test.ts > MusicLibraryService > should save analysis to Firestore
[MusicLibrary] Saved analysis for track: test.mp3 (track-1)

stdout | packages/renderer/src/services/music/__tests__/MusicLibraryService.test.ts > MusicLibraryService > should retrieve cached analysis
[MusicLibrary] Cache hit for track: track-1

stdout | packages/renderer/src/services/music/__tests__/MusicLibraryService.test.ts > MusicLibraryService > should list library items
[MusicLibrary] Listing library for user: user-123

stdout | packages/renderer/src/services/music/__tests__/MusicLibraryService.test.ts > MusicLibraryService > should list library items
[MusicLibrary] Found 2 analyzed tracks.

 ✓ packages/renderer/src/services/music/__tests__/MusicLibraryService.test.ts (5 tests) 6ms
(node:36303) Warning: `--localstorage-file` was provided without a valid path
(Use `node --trace-warnings ...` to show where the warning was created)
 ✓ packages/renderer/src/utils/textChunker.test.ts (9 tests) 5ms
 ✓ packages/renderer/src/services/WhiskService.video.test.ts (2 tests) 158ms
(node:36306) Warning: `--localstorage-file` was provided without a valid path
(Use `node --trace-warnings ...` to show where the warning was created)
 ✓ packages/renderer/src/services/agent/EvolutionaryLoop.test.ts (4 tests) 28ms
 ✓ packages/renderer/src/services/agent/__tests__/tools.safety.test.ts (1 test) 4ms
(node:36312) Warning: `--localstorage-file` was provided without a valid path
(Use `node --trace-warnings ...` to show where the warning was created)
stderr | packages/renderer/src/services/image/__tests__/ImageResolutionNormalization.test.ts > Image Resolution Normalization > Edge cases > defaults unknown value "ULTRA" to "1K"
[ImageGen] Unknown resolution "ULTRA", defaulting to 1K

 ✓ packages/renderer/src/services/image/__tests__/ImageResolutionNormalization.test.ts (13 tests) 10ms
(node:36313) Warning: `--localstorage-file` was provided without a valid path
(Use `node --trace-warnings ...` to show where the warning was created)
 ✓ packages/renderer/src/services/agent/components/__tests__/ContextResolver.test.ts (1 test) 107ms
(node:36314) Warning: `--localstorage-file` was provided without a valid path
(Use `node --trace-warnings ...` to show where the warning was created)
 ✓ packages/renderer/src/services/timeline/TimelinePhaseTemplates.test.ts (3 tests) 10ms
(node:36320) Warning: `--localstorage-file` was provided without a valid path
(Use `node --trace-warnings ...` to show where the warning was created)
 ✓ packages/renderer/src/modules/workflow/TheArchitect.test.tsx (3 tests) 10ms
(node:36322) Warning: `--localstorage-file` was provided without a valid path
(Use `node --trace-warnings ...` to show where the warning was created)
 ✓ packages/renderer/src/services/ddex/DDEXMapper.test.ts (3 tests) 4ms
(node:36321) Warning: `--localstorage-file` was provided without a valid path
(Use `node --trace-warnings ...` to show where the warning was created)
 ✓ packages/renderer/src/services/directive/__tests__/DirectiveService.test.ts (2 tests) 2ms
(node:36323) Warning: `--localstorage-file` was provided without a valid path
(Use `node --trace-warnings ...` to show where the warning was created)
(node:36325) Warning: `--localstorage-file` was provided without a valid path
(Use `node --trace-warnings ...` to show where the warning was created)
 ✓ packages/renderer/src/services/agent/AgentLoading.repro.test.ts (2 tests) 4ms
stdout | packages/renderer/src/test/env.diagnostic.test.ts > Environment Diagnostic > should log all relevant environment indicators
--- ENV DIAGNOSTIC ---
import.meta.env.MODE: test
process.env.VITEST: true
process.env.NODE_ENV: test
process.env.VITEST_WORKER_ID: 542
----------------------

 ✓ packages/renderer/src/test/env.diagnostic.test.ts (1 test) 2ms
(node:36330) Warning: `--localstorage-file` was provided without a valid path
(Use `node --trace-warnings ...` to show where the warning was created)
 ✓ packages/renderer/src/services/distribution/CanonicalMapService.test.ts (4 tests) 4ms
(node:36331) Warning: `--localstorage-file` was provided without a valid path
(Use `node --trace-warnings ...` to show where the warning was created)
 ✓ packages/renderer/src/services/WhiskService.test.ts (3 tests) 129ms
(node:36334) Warning: `--localstorage-file` was provided without a valid path
(Use `node --trace-warnings ...` to show where the warning was created)
 ✓ packages/renderer/src/services/rag/GeminiRetrievalService.test.ts (1 test) 4ms
(node:36337) Warning: `--localstorage-file` was provided without a valid path
(Use `node --trace-warnings ...` to show where the warning was created)
 ✓ packages/renderer/src/services/publicist/PublicistService.test.ts (1 test) 1ms

⎯⎯⎯⎯⎯⎯⎯ Failed Tests 2 ⎯⎯⎯⎯⎯⎯⎯

 FAIL  packages/renderer/src/core/store/slices/Keeper_Persistence.test.ts > 📚 Keeper: Persistence > should persist conversation history to SessionService when adding a message
Error: Test timed out in 5000ms.
If this is a long-running test, pass a timeout value as the last argument or configure it globally with "testTimeout".
 ❯ packages/renderer/src/core/store/slices/Keeper_Persistence.test.ts:61:5
     59|     });
     60| 
     61|     it('should persist conversation history to SessionService when add…
       |     ^
     62|         const newMessage: AgentMessage = {
     63|             id: 'msg-1',

⎯⎯⎯⎯⎯⎯⎯⎯⎯⎯⎯⎯⎯⎯⎯⎯⎯⎯⎯⎯⎯⎯⎯⎯[1/2]⎯

 FAIL  packages/renderer/src/modules/creative/components/CreativeDaisychain12.interaction.test.tsx > Creative Director 12-Click Daisychain > completes the 12-click journey: Gallery -> Canvas -> Refine -> Builder -> Tag -> Showroom -> Preset -> Product -> Generate -> Animate -> Canvas
TestingLibraryElementError: Found multiple elements by: [data-testid="category-Brand-trigger"]

Here are the matching elements:

Ignored nodes: comments, script, style
[36m<button[39m
  [33mdata-testid[39m=[32m"category-Brand-trigger"[39m
[36m>[39m
  [0mBrand[0m
[36m</button>[39m

Ignored nodes: comments, script, style
[36m<button[39m
  [33mdata-testid[39m=[32m"category-Brand-trigger"[39m
[36m>[39m
  [0mBrand[0m
[36m</button>[39m

(If this is intentional, then use the `*AllBy*` variant of the query (like `queryAllByText`, `getAllByText`, or `findAllByText`)).

Ignored nodes: comments, script, style
[36m<body>[39m
  [36m<div>[39m
    [36m<div>[39m
      [36m<div[39m
        [33mclass[39m=[32m"flex flex-col z-20 relative bg-[#060608]/90 backdrop-blur-xl border-b border-white/6 select-none "[39m
      [36m>[39m
        [36m<div[39m
          [33mclass[39m=[32m"flex items-center justify-between px-3 md:px-4 py-2 h-12 gap-2"[39m
        [36m>[39m
          [36m<div[39m
            [33mclass[39m=[32m"flex items-center gap-2 md:gap-3 min-w-0"[39m
          [36m>[39m
            [36m<div[39m
              [33mclass[39m=[32m"flex items-center gap-2 text-gray-400 shrink-0"[39m
            [36m>[39m
              [36m<svg[39m
                [33mclass[39m=[32m"text-purple-400"[39m
                [33mdata-testid[39m=[32m"icon-Palette"[39m
                [33msize[39m=[32m"15"[39m
              [36m/>[39m
              [36m<h1[39m
                [33mclass[39m=[32m"text-xs font-bold text-gray-300 tracking-tight hidden sm:block"[39m
              [36m>[39m
                [0mCreative Director[0m
              [36m</h1>[39m
            [36m</div>[39m
            [36m<div[39m
              [33mclass[39m=[32m"h-3.5 w-px bg-white/8 mx-0.5"[39m
            [36m/>[39m
            [36m<div[39m
              [33mclass[39m=[32m"flex bg-white/4 p-0.5 rounded-lg border border-white/6 overflow-x-auto no-scrollbar"[39m
            [36m>[39m
              [36m<button[39m
                [33mclass[39m=[32m"flex items-center gap-1.5 px-2.5 py-1 rounded-md text-[10px] uppercase font-bold tracking-wider transition-all text-gray-500 hover:text-gray-300 hover:bg-white/4"[39m
                [33mdata-testid[39m=[32m"direct-view-btn"[39m
              [36m>[39m
                [36m<svg[39m
                  [33mclass[39m=[32m""[39m
                  [33mdata-testid[39m=[32m"icon-Wand2"[39m
                  [33msize[39m=[32m"11"[39m
                [36m/>[39m
                [36m<span[39m
                  [33mclass[39m=[32m"hidden sm:inline"[39m
                [36m>[39m
                  [0mGenerate[0m
                [36m</span>[39m
              [36m</button>[39m
              [36m<button[39m
                [33mclass[39m=[32m"flex items-center gap-1.5 px-2.5 py-1 rounded-md text-[10px] uppercase font-bold tracking-wider transition-all text-gray-500 hover:text-gray-300 hover:bg-white/4"[39m
                [33mdata-testid[39m=[32m"canvas-view-btn"[39m
              [36m>[39m
                [36m<svg[39m
                  [33mclass[39m=[32m""[39m
                  [33mdata-testid[39m=[32m"icon-Image"[39m
                  [33msize[39m=[32m"11"[39m
                [36m/>[39m
                [36m<span[39m
                  [33mclass[39m=[32m"hidden sm:inline"[39m
                [36m>[39m
                  [0mCanvas[0m
                [36m</span>[39m
              [36m</button>[39m
              [36m<button[39m
                [33mclass[39m=[32m"flex items-center gap-1.5 px-2.5 py-1 rounded-md text-[10px] uppercase font-bold tracking-wider transition-all text-gray-500 hover:text-gray-300 hover:bg-white/4"[39m
                [33mdata-testid[39m=[32m"lab-view-btn"[39m
              [36m>[39m
                [36m<svg[39m
                  [33mclass[39m=[32m""[39m
                  [33mdata-testid[39m=[32m"icon-FlaskConical"[39m
                  [33msize[39m=[32m"11"[39m
                [36m/>[39m
                [36m<span[39m
                  [33mclass[39m=[32m"hidden sm:inline"[39m
                [36m>[39m
                  [0mKeyframes[0m
                [36m</span>[39m
              [36m</button>[39m
            [36m</div>[39m
          [36m</div>[39m
          [36m<div[39m
            [33mclass[39m=[32m"hidden md:flex items-center gap-2"[39m
          [36m>[39m
            [36m<div[39m
              [33mclass[39m=[32m"flex items-center gap-1.5"[39m
            [36m>[39m
              [36m<button[39m
                [33mclass[39m=[32m"flex items-center gap-1 px-2 py-1 rounded-md border transition-all text-[9px] font-semibold uppercase tracking-wide
                                    bg-blue-500/15 border-blue-500/30 text-blue-300"[39m
                [33mdata-testid[39m=[32m"builder-btn"[39m
              [36m>[39m
                [36m<svg[39m
                  [33mdata-testid[39m=[32m"icon-MessageSquare"[39m
                  [33msize[39m=[32m"10"[39m
                [36m/>[39m
                [0m Builder[0m
              [36m</button>[39m
              [36m<button[39m
                [33mclass[39m=[32m"flex items-center gap-1 px-2 py-1 rounded-md border transition-all text-[9px] font-semibold uppercase tracking-wide
                                    bg-white/3 border-white/6 text-gray-500 hover:text-gray-300 hover:bg-white/6"[39m
              [36m>[39m
                [36m<svg[39m
                  [33mdata-testid[39m=[32m"icon-Sparkles"[39m
                  [33msize[39m=[32m"10"[39m
                [36m/>[39m
                [0m Brand[0m
              [36m</button>[39m
              [36m<button[39m
                [33mclass[39m=[32m"flex items-center gap-1 px-2 py-1 rounded-md border transition-all text-[9px] font-semibold uppercase tracking-wide
                                    bg-white/3 border-white/6 text-gray-500 hover:text-gray-300 hover:bg-white/6"[39m
              [36m>[39m
                [36m<svg[39m
                  [33mdata-testid[39m=[32m"icon-Clock"[39m
                  [33msize[39m=[32m"10"[39m
                [36m/>[39m
                [0m History[0m
              [36m</button>[39m
            [36m</div>[39m
            [36m<div[39m
              [33mclass[39m=[32m"h-3.5 w-px bg-white/8 mx-0.5"[39m
            [36m/>[39m
            [36m<button[39m
              [33mclass[39m=[32m"flex items-center gap-1 px-2 py-1 rounded-md border transition-all text-[9px] font-semibold uppercase tracking-wide
                            bg-white/3 border-white/6 text-gray-500 hover:text-gray-300 hover:bg-white/6"[39m
              [33mdata-testid[39m=[32m"settings-btn"[39m
            [36m>[39m
              [36m<svg[39m
                [33mdata-testid[39m=[32m"icon-Settings2"[39m
                [33msize[39m=[32m"10"[39m
              [36m/>[39m
              [36m<span[39m
                [33mclass[39m=[32m"hidden lg:inline"[39m
              [36m>[39m
                [0mSettings[0m
              [36m</span>[39m
            [36m</button>[39m
            [36m<button[39m
              [33mclass[39m=[32m"flex items-center gap-1.5 px-2.5 py-1 rounded-md border transition-all text-[10px] font-bold uppercase tracking-wider
                            bg-white/3 border-white/6 text-gray-500 hover:text-gray-300 hover:bg-white/6"[3...

Ignored nodes: comments, script, style
[36m<body>[39m
  [36m<div>[39m
    [36m<div>[39m
      [36m<div[39m
        [33mclass[39m=[32m"flex flex-col z-20 relative bg-[#060608]/90 backdrop-blur-xl border-b border-white/6 select-none "[39m
      [36m>[39m
        [36m<div[39m
          [33mclass[39m=[32m"flex items-center justify-between px-3 md:px-4 py-2 h-12 gap-2"[39m
        [36m>[39m
          [36m<div[39m
            [33mclass[39m=[32m"flex items-center gap-2 md:gap-3 min-w-0"[39m
          [36m>[39m
            [36m<div[39m
              [33mclass[39m=[32m"flex items-center gap-2 text-gray-400 shrink-0"[39m
            [36m>[39m
              [36m<svg[39m
                [33mclass[39m=[32m"text-purple-400"[39m
                [33mdata-testid[39m=[32m"icon-Palette"[39m
                [33msize[39m=[32m"15"[39m
              [36m/>[39m
              [36m<h1[39m
                [33mclass[39m=[32m"text-xs font-bold text-gray-300 tracking-tight hidden sm:block"[39m
              [36m>[39m
                [0mCreative Director[0m
              [36m</h1>[39m
            [36m</div>[39m
            [36m<div[39m
              [33mclass[39m=[32m"h-3.5 w-px bg-white/8 mx-0.5"[39m
            [36m/>[39m
            [36m<div[39m
              [33mclass[39m=[32m"flex bg-white/4 p-0.5 rounded-lg border border-white/6 overflow-x-auto no-scrollbar"[39m
            [36m>[39m
              [36m<button[39m
                [33mclass[39m=[32m"flex items-center gap-1.5 px-2.5 py-1 rounded-md text-[10px] uppercase font-bold tracking-wider transition-all text-gray-500 hover:text-gray-300 hover:bg-white/4"[39m
                [33mdata-testid[39m=[32m"direct-view-btn"[39m
              [36m>[39m
                [36m<svg[39m
                  [33mclass[39m=[32m""[39m
                  [33mdata-testid[39m=[32m"icon-Wand2"[39m
                  [33msize[39m=[32m"11"[39m
                [36m/>[39m
                [36m<span[39m
                  [33mclass[39m=[32m"hidden sm:inline"[39m
                [36m>[39m
                  [0mGenerate[0m
                [36m</span>[39m
              [36m</button>[39m
              [36m<button[39m
                [33mclass[39m=[32m"flex items-center gap-1.5 px-2.5 py-1 rounded-md text-[10px] uppercase font-bold tracking-wider transition-all text-gray-500 hover:text-gray-300 hover:bg-white/4"[39m
                [33mdata-testid[39m=[32m"canvas-view-btn"[39m
              [36m>[39m
                [36m<svg[39m
                  [33mclass[39m=[32m""[39m
                  [33mdata-testid[39m=[32m"icon-Image"[39m
                  [33msize[39m=[32m"11"[39m
                [36m/>[39m
                [36m<span[39m
                  [33mclass[39m=[32m"hidden sm:inline"[39m
                [36m>[39m
                  [0mCanvas[0m
                [36m</span>[39m
              [36m</button>[39m
              [36m<button[39m
                [33mclass[39m=[32m"flex items-center gap-1.5 px-2.5 py-1 rounded-md text-[10px] uppercase font-bold tracking-wider transition-all text-gray-500 hover:text-gray-300 hover:bg-white/4"[39m
                [33mdata-testid[39m=[32m"lab-view-btn"[39m
              [36m>[39m
                [36m<svg[39m
                  [33mclass[39m=[32m""[39m
                  [33mdata-testid[39m=[32m"icon-FlaskConical"[39m
                  [33msize[39m=[32m"11"[39m
                [36m/>[39m
                [36m<span[39m
                  [33mclass[39m=[32m"hidden sm:inline"[39m
                [36m>[39m
                  [0mKeyframes[0m
                [36m</span>[39m
              [36m</button>[39m
            [36m</div>[39m
          [36m</div>[39m
          [36m<div[39m
            [33mclass[39m=[32m"hidden md:flex items-center gap-2"[39m
          [36m>[39m
            [36m<div[39m
              [33mclass[39m=[32m"flex items-center gap-1.5"[39m
            [36m>[39m
              [36m<button[39m
                [33mclass[39m=[32m"flex items-center gap-1 px-2 py-1 rounded-md border transition-all text-[9px] font-semibold uppercase tracking-wide
                                    bg-blue-500/15 border-blue-500/30 text-blue-300"[39m
                [33mdata-testid[39m=[32m"builder-btn"[39m
              [36m>[39m
                [36m<svg[39m
                  [33mdata-testid[39m=[32m"icon-MessageSquare"[39m
                  [33msize[39m=[32m"10"[39m
                [36m/>[39m
                [0m Builder[0m
              [36m</button>[39m
              [36m<button[39m
                [33mclass[39m=[32m"flex items-center gap-1 px-2 py-1 rounded-md border transition-all text-[9px] font-semibold uppercase tracking-wide
                                    bg-white/3 border-white/6 text-gray-500 hover:text-gray-300 hover:bg-white/6"[39m
              [36m>[39m
                [36m<svg[39m
                  [33mdata-testid[39m=[32m"icon-Sparkles"[39m
                  [33msize[39m=[32m"10"[39m
                [36m/>[39m
                [0m Brand[0m
              [36m</button>[39m
              [36m<button[39m
                [33mclass[39m=[32m"flex items-center gap-1 px-2 py-1 rounded-md border transition-all text-[9px] font-semibold uppercase tracking-wide
                                    bg-white/3 border-white/6 text-gray-500 hover:text-gray-300 hover:bg-white/6"[39m
              [36m>[39m
                [36m<svg[39m
                  [33mdata-testid[39m=[32m"icon-Clock"[39m
                  [33msize[39m=[32m"10"[39m
                [36m/>[39m
                [0m History[0m
              [36m</button>[39m
            [36m</div>[39m
            [36m<div[39m
              [33mclass[39m=[32m"h-3.5 w-px bg-white/8 mx-0.5"[39m
            [36m/>[39m
            [36m<button[39m
              [33mclass[39m=[32m"flex items-center gap-1 px-2 py-1 rounded-md border transition-all text-[9px] font-semibold uppercase tracking-wide
                            bg-white/3 border-white/6 text-gray-500 hover:text-gray-300 hover:bg-white/6"[39m
              [33mdata-testid[39m=[32m"settings-btn"[39m
            [36m>[39m
              [36m<svg[39m
                [33mdata-testid[39m=[32m"icon-Settings2"[39m
                [33msize[39m=[32m"10"[39m
              [36m/>[39m
              [36m<span[39m
                [33mclass[39m=[32m"hidden lg:inline"[39m
              [36m>[39m
                [0mSettings[0m
              [36m</span>[39m
            [36m</button>[39m
            [36m<button[39m
              [33mclass[39m=[32m"flex items-center gap-1.5 px-2.5 py-1 rounded-md border transition-all text-[10px] font-bold uppercase tracking-wider
                            bg-white/3 border-white/6 text-gray-500 hover:text-gray-300 hover:bg-white/6"[3...
 ❯ waitForWrapper node_modules/@testing-library/dom/dist/wait-for.js:163:27
 ❯ node_modules/@testing-library/dom/dist/query-helpers.js:86:33
 ❯ packages/renderer/src/modules/creative/components/CreativeDaisychain12.interaction.test.tsx:304:43
    302| 
    303|         // --- CLICK 5: Open Brand Category ---
    304|         const brandTrigger = await screen.findByTestId('category-Brand…
       |                                           ^
    305|         fireEvent.click(brandTrigger);
    306| 

⎯⎯⎯⎯⎯⎯⎯⎯⎯⎯⎯⎯⎯⎯⎯⎯⎯⎯⎯⎯⎯⎯⎯⎯[2/2]⎯


 Test Files  2 failed | 546 passed (548)
      Tests  2 failed | 3133 passed (3135)
   Start at  13:25:46
   Duration  189.14s (transform 53.10s, setup 123.44s, import 237.02s, tests 137.28s, environment 973.00s)


::error file=/Volumes/X SSD 2025/Users/narrowchannel/Desktop/indiiOS-Clean/packages/renderer/src/core/store/slices/Keeper_Persistence.test.ts,title=packages/renderer/src/core/store/slices/Keeper_Persistence.test.ts > 📚 Keeper%3A Persistence > should persist conversation history to SessionService when adding a message,line=61,column=5::Error: Test timed out in 5000ms.%0AIf this is a long-running test, pass a timeout value as the last argument or configure it globally with "testTimeout".%0A ❯ packages/renderer/src/core/store/slices/Keeper_Persistence.test.ts:61:5%0A%0A

::error file=/Volumes/X SSD 2025/Users/narrowchannel/Desktop/indiiOS-Clean/packages/renderer/src/modules/creative/components/CreativeDaisychain12.interaction.test.tsx,title=packages/renderer/src/modules/creative/components/CreativeDaisychain12.interaction.test.tsx > Creative Director 12-Click Daisychain > completes the 12-click journey%3A Gallery -> Canvas -> Refine -> Builder -> Tag -> Showroom -> Preset -> Product -> Generate -> Animate -> Canvas,line=304,column=43::TestingLibraryElementError: Found multiple elements by: [data-testid="category-Brand-trigger"]%0A%0AHere are the matching elements:%0A%0AIgnored nodes: comments, script, style%0A<button%0A  data-testid="category-Brand-trigger"%0A>%0A  Brand%0A</button>%0A%0AIgnored nodes: comments, script, style%0A<button%0A  data-testid="category-Brand-trigger"%0A>%0A  Brand%0A</button>%0A%0A(If this is intentional, then use the `*AllBy*` variant of the query (like `queryAllByText`, `getAllByText`, or `findAllByText`)).%0A%0AIgnored nodes: comments, script, style%0A<body>%0A  <div>%0A    <div>%0A      <div%0A        class="flex flex-col z-20 relative bg-[#060608]/90 backdrop-blur-xl border-b border-white/6 select-none "%0A      >%0A        <div%0A          class="flex items-center justify-between px-3 md:px-4 py-2 h-12 gap-2"%0A        >%0A          <div%0A            class="flex items-center gap-2 md:gap-3 min-w-0"%0A          >%0A            <div%0A              class="flex items-center gap-2 text-gray-400 shrink-0"%0A            >%0A              <svg%0A                class="text-purple-400"%0A                data-testid="icon-Palette"%0A                size="15"%0A              />%0A              <h1%0A                class="text-xs font-bold text-gray-300 tracking-tight hidden sm:block"%0A              >%0A                Creative Director%0A              </h1>%0A            </div>%0A            <div%0A              class="h-3.5 w-px bg-white/8 mx-0.5"%0A            />%0A            <div%0A              class="flex bg-white/4 p-0.5 rounded-lg border border-white/6 overflow-x-auto no-scrollbar"%0A            >%0A              <button%0A                class="flex items-center gap-1.5 px-2.5 py-1 rounded-md text-[10px] uppercase font-bold tracking-wider transition-all text-gray-500 hover:text-gray-300 hover:bg-white/4"%0A                data-testid="direct-view-btn"%0A              >%0A                <svg%0A                  class=""%0A                  data-testid="icon-Wand2"%0A                  size="11"%0A                />%0A                <span%0A                  class="hidden sm:inline"%0A                >%0A                  Generate%0A                </span>%0A              </button>%0A              <button%0A                class="flex items-center gap-1.5 px-2.5 py-1 rounded-md text-[10px] uppercase font-bold tracking-wider transition-all text-gray-500 hover:text-gray-300 hover:bg-white/4"%0A                data-testid="canvas-view-btn"%0A              >%0A                <svg%0A                  class=""%0A                  data-testid="icon-Image"%0A                  size="11"%0A                />%0A                <span%0A                  class="hidden sm:inline"%0A                >%0A                  Canvas%0A                </span>%0A              </button>%0A              <button%0A                class="flex items-center gap-1.5 px-2.5 py-1 rounded-md text-[10px] uppercase font-bold tracking-wider transition-all text-gray-500 hover:text-gray-300 hover:bg-white/4"%0A                data-testid="lab-view-btn"%0A              >%0A                <svg%0A                  class=""%0A                  data-testid="icon-FlaskConical"%0A                  size="11"%0A                />%0A                <span%0A                  class="hidden sm:inline"%0A                >%0A                  Keyframes%0A                </span>%0A              </button>%0A            </div>%0A          </div>%0A          <div%0A            class="hidden md:flex items-center gap-2"%0A          >%0A            <div%0A              class="flex items-center gap-1.5"%0A            >%0A              <button%0A                class="flex items-center gap-1 px-2 py-1 rounded-md border transition-all text-[9px] font-semibold uppercase tracking-wide%0A                                    bg-blue-500/15 border-blue-500/30 text-blue-300"%0A                data-testid="builder-btn"%0A              >%0A                <svg%0A                  data-testid="icon-MessageSquare"%0A                  size="10"%0A                />%0A                 Builder%0A              </button>%0A              <button%0A                class="flex items-center gap-1 px-2 py-1 rounded-md border transition-all text-[9px] font-semibold uppercase tracking-wide%0A                                    bg-white/3 border-white/6 text-gray-500 hover:text-gray-300 hover:bg-white/6"%0A              >%0A                <svg%0A                  data-testid="icon-Sparkles"%0A                  size="10"%0A                />%0A                 Brand%0A              </button>%0A              <button%0A                class="flex items-center gap-1 px-2 py-1 rounded-md border transition-all text-[9px] font-semibold uppercase tracking-wide%0A                                    bg-white/3 border-white/6 text-gray-500 hover:text-gray-300 hover:bg-white/6"%0A              >%0A                <svg%0A                  data-testid="icon-Clock"%0A                  size="10"%0A                />%0A                 History%0A              </button>%0A            </div>%0A            <div%0A              class="h-3.5 w-px bg-white/8 mx-0.5"%0A            />%0A            <button%0A              class="flex items-center gap-1 px-2 py-1 rounded-md border transition-all text-[9px] font-semibold uppercase tracking-wide%0A                            bg-white/3 border-white/6 text-gray-500 hover:text-gray-300 hover:bg-white/6"%0A              data-testid="settings-btn"%0A            >%0A              <svg%0A                data-testid="icon-Settings2"%0A                size="10"%0A              />%0A              <span%0A                class="hidden lg:inline"%0A              >%0A                Settings%0A              </span>%0A            </button>%0A            <button%0A              class="flex items-center gap-1.5 px-2.5 py-1 rounded-md border transition-all text-[10px] font-bold uppercase tracking-wider%0A                            bg-white/3 border-white/6 text-gray-500 hover:text-gray-300 hover:bg-white/6"...%0A%0AIgnored nodes: comments, script, style%0A<body>%0A  <div>%0A    <div>%0A      <div%0A        class="flex flex-col z-20 relative bg-[#060608]/90 backdrop-blur-xl border-b border-white/6 select-none "%0A      >%0A        <div%0A          class="flex items-center justify-between px-3 md:px-4 py-2 h-12 gap-2"%0A        >%0A          <div%0A            class="flex items-center gap-2 md:gap-3 min-w-0"%0A          >%0A            <div%0A              class="flex items-center gap-2 text-gray-400 shrink-0"%0A            >%0A              <svg%0A                class="text-purple-400"%0A                data-testid="icon-Palette"%0A                size="15"%0A              />%0A              <h1%0A                class="text-xs font-bold text-gray-300 tracking-tight hidden sm:block"%0A              >%0A                Creative Director%0A              </h1>%0A            </div>%0A            <div%0A              class="h-3.5 w-px bg-white/8 mx-0.5"%0A            />%0A            <div%0A              class="flex bg-white/4 p-0.5 rounded-lg border border-white/6 overflow-x-auto no-scrollbar"%0A            >%0A              <button%0A                class="flex items-center gap-1.5 px-2.5 py-1 rounded-md text-[10px] uppercase font-bold tracking-wider transition-all text-gray-500 hover:text-gray-300 hover:bg-white/4"%0A                data-testid="direct-view-btn"%0A              >%0A                <svg%0A                  class=""%0A                  data-testid="icon-Wand2"%0A                  size="11"%0A                />%0A                <span%0A                  class="hidden sm:inline"%0A                >%0A                  Generate%0A                </span>%0A              </button>%0A              <button%0A                class="flex items-center gap-1.5 px-2.5 py-1 rounded-md text-[10px] uppercase font-bold tracking-wider transition-all text-gray-500 hover:text-gray-300 hover:bg-white/4"%0A                data-testid="canvas-view-btn"%0A              >%0A                <svg%0A                  class=""%0A                  data-testid="icon-Image"%0A                  size="11"%0A                />%0A                <span%0A                  class="hidden sm:inline"%0A                >%0A                  Canvas%0A                </span>%0A              </button>%0A              <button%0A                class="flex items-center gap-1.5 px-2.5 py-1 rounded-md text-[10px] uppercase font-bold tracking-wider transition-all text-gray-500 hover:text-gray-300 hover:bg-white/4"%0A                data-testid="lab-view-btn"%0A              >%0A                <svg%0A                  class=""%0A                  data-testid="icon-FlaskConical"%0A                  size="11"%0A                />%0A                <span%0A                  class="hidden sm:inline"%0A                >%0A                  Keyframes%0A                </span>%0A              </button>%0A            </div>%0A          </div>%0A          <div%0A            class="hidden md:flex items-center gap-2"%0A          >%0A            <div%0A              class="flex items-center gap-1.5"%0A            >%0A              <button%0A                class="flex items-center gap-1 px-2 py-1 rounded-md border transition-all text-[9px] font-semibold uppercase tracking-wide%0A                                    bg-blue-500/15 border-blue-500/30 text-blue-300"%0A                data-testid="builder-btn"%0A              >%0A                <svg%0A                  data-testid="icon-MessageSquare"%0A                  size="10"%0A                />%0A                 Builder%0A              </button>%0A              <button%0A                class="flex items-center gap-1 px-2 py-1 rounded-md border transition-all text-[9px] font-semibold uppercase tracking-wide%0A                                    bg-white/3 border-white/6 text-gray-500 hover:text-gray-300 hover:bg-white/6"%0A              >%0A                <svg%0A                  data-testid="icon-Sparkles"%0A                  size="10"%0A                />%0A                 Brand%0A              </button>%0A              <button%0A                class="flex items-center gap-1 px-2 py-1 rounded-md border transition-all text-[9px] font-semibold uppercase tracking-wide%0A                                    bg-white/3 border-white/6 text-gray-500 hover:text-gray-300 hover:bg-white/6"%0A              >%0A                <svg%0A                  data-testid="icon-Clock"%0A                  size="10"%0A                />%0A                 History%0A              </button>%0A            </div>%0A            <div%0A              class="h-3.5 w-px bg-white/8 mx-0.5"%0A            />%0A            <button%0A              class="flex items-center gap-1 px-2 py-1 rounded-md border transition-all text-[9px] font-semibold uppercase tracking-wide%0A                            bg-white/3 border-white/6 text-gray-500 hover:text-gray-300 hover:bg-white/6"%0A              data-testid="settings-btn"%0A            >%0A              <svg%0A                data-testid="icon-Settings2"%0A                size="10"%0A              />%0A              <span%0A                class="hidden lg:inline"%0A              >%0A                Settings%0A              </span>%0A            </button>%0A            <button%0A              class="flex items-center gap-1.5 px-2.5 py-1 rounded-md border transition-all text-[10px] font-bold uppercase tracking-wider%0A                            bg-white/3 border-white/6 text-gray-500 hover:text-gray-300 hover:bg-white/6"...%0A ❯ waitForWrapper node_modules/@testing-library/dom/dist/wait-for.js:163:27%0A ❯ node_modules/@testing-library/dom/dist/query-helpers.js:86:33%0A ❯ packages/renderer/src/modules/creative/components/CreativeDaisychain12.interaction.test.tsx:304:43%0A%0A
